01:57 pass: 8 new games | wins CGt 4 c2tr 3 NMp44Tr 5 | flags 0
   115523591 chassis   Kaggriculture Agen step1 2623/0 live   +5009 | CGt   +2732 c2tr   +5006 NMp44Tr   +5006
   115524254 C2S3nm    hugghngkai         step1 964/0 live  -10165 | CGt  -10168 c2tr  -10168 NMp44Tr   -1611
   115524440 C2S3nm    shyjin             step1 960/0 live  -11298 | CGt  -11298 c2tr  -11298 NMp44Tr   -7504
   115520169 herdfirst syouya tobita      step1 555/5 live  -13573 | CGt  +64136 c2tr  -12229 NMp44Tr  +64136
   115519674 C2S3nm    Junliang Ye        step1 960/0 live   -9193 | CGt   -9193 c2tr   -9193 NMp44Tr   +2313
   115514731 other     daulettoibazar     step1 2492/0 live   -6278 | CGt   -6278 c2tr   -6278 NMp44Tr   -6278
   115513827 herdpoor  Capitaalgain       step1 30/4 live   +2990 | CGt   +2990 c2tr   +2990 NMp44Tr   +2990
   115451638 herdpoor  istinetz           step1 0/4 live   +1471 | CGt   +1471 c2tr   +1471 NMp44Tr   +1471
02:42 pass: 118 new games | wins CGt 68 c2tr 67 NMp44Tr 72 | flags 1
   115339671 chassis   QQ农场               step1 2853/0 live  +10674 | CGt   +8731 c2tr  +10737 NMp44Tr  +10737
   115336805 C2S3nm    pangzi233          step1 964/0 live  -10739 | CGt  -10732 c2tr  -10732 NMp44Tr   -6644
   115338309 C2S3nm    Siyuan Wang        step1 964/0 live  -23194 | CGt  -23196 c2tr  -23196 NMp44Tr  -19944
   115335380 C2S3nm    RS Turley          step1 964/0 live   -9887 | CGt   -9882 c2tr   -9882 NMp44Tr   -1913
   115333932 C2S3nm    Y & G              step1 960/0 live  -15600 | CGt  -15656 c2tr  -15656 NMp44Tr  -11592
   115334960 chassis   Subramanya N       step1 2864/0 live   +2505 | CGt   +1542 c2tr   +2248 NMp44Tr   +2248
   115332494 C2S3nm    azamat1ch          step1 964/0 live   +9401 | CGt   +9401 c2tr   +9401 NMp44Tr   +4464
   115331994 chassis   Tagir Analyzes     step1 2855/0 live  +17076 | CGt  +15645 c2tr  +17076 NMp44Tr  +17076
   115331478 chassis   l1aF               step1 2855/0 live   +4336 | CGt   +3839 c2tr   +4356 NMp44Tr   +4356
   115330934 chassis   HY ISHI            step1 2996/0 live   +7596 | CGt   +7919 c2tr   +7521 NMp44Tr   +7521
   115329433 chassis   MAT                step1 2855/0 live   +3462 | CGt   +5054 c2tr   +3462 NMp44Tr   +3462
   115327928 chassis   MISIS loss volos   step1 2843/0 live    +335 | CGt   +2061 c2tr    +335 NMp44Tr    +335
   115326538 chassis   NiA Farms          step1 2855/0 live   +4688 | CGt   +3307 c2tr   +4688 NMp44Tr   +4688
   115325142 chassis   nena               step1 2855/0 live   +5241 | CGt   +8663 c2tr  +10214 NMp44Tr  +10214
   115326381 chassis   SiLin “Can SiLin”  step1 2855/0 live   +8908 | CGt   +9368 c2tr   +8908 NMp44Tr   +8908
   115323755 chassis   Md Boktiar Mahbub  step1 2857/0 live   +2571 | CGt   +4142 c2tr   +2571 NMp44Tr   +2571
   115322362 chassis   Rajveer Singh Rajp step1 2854/0 live   +5091 | CGt   +1524 c2tr   +5091 NMp44Tr   +5091
   115320983 chassis   Yasin Mert Şahin   step1 2855/0 live    +889 | CGt   +2987 c2tr   +2334 NMp44Tr   +2334
   115319600 chassis   Mr.NoT_GaMeR       step1 2843/0 live  +11685 | CGt   +9881 c2tr  +11958 NMp44Tr  +11958
   115318762 chassis   ABHIRUP DAS        step1 3000/0 live   +6311 | CGt   +4886 c2tr   +6273 NMp44Tr   +6273
   115318202 chassis   janson             step1 2623/0 live  +20074 | CGt  +20779 c2tr  +23993 NMp44Tr  +23993
   115316813 chassis   bgaoi2             step1 2639/0 live  +11645 | CGt  +12389 c2tr  +11643 NMp44Tr  +11643
   115315457 chassis   zyvren             step1 2639/0 live  +11170 | CGt  +11003 c2tr  +11095 NMp44Tr  +11095
   115314069 other     [Deleted] 3d43f904 step1 2516/0 live  +42193 | CGt  +41988 c2tr  +41988 NMp44Tr  +41988
   115312744 herdpoor  SZ_00_zyz          step1 3/4 live  +40796 | CGt  +40797 c2tr  +40797 NMp44Tr  +40797
   115311370 chassis   5386               step1 2630/0 live  +42235 | CGt  +42744 c2tr  +42744 NMp44Tr  +42744
   115309989 herdfirst Abhijeetgg         step1 1509/4 live  +56661 | CGt  +68268 c2tr  +58608 NMp44Tr  +68268
   115309195 other     ArtFix             step1 1746/3 live  +65903 | CGt  +65903 c2tr  +65903 NMp44Tr  +65903
   115306945 chassis   offhand            step1 2990/0 live    -592 | CGt   +1828 c2tr    +238 NMp44Tr    +238
   115345249 C2S3nm    Tremble            step1 960/0 live   -7758 | CGt   -7758 c2tr   -7758 NMp44Tr  -12789
   115343876 chassis   lzeee              step1 2600/0 live  -11205 | CGt  -11205 c2tr  -11205 NMp44Tr  -11205
   115344778 herdfirst Roman Svet         step1 1362/4 live    +614 | CGt  +11112 c2tr   +1866 NMp44Tr  +11112
   115342484 majkel    mhiro2             step1 1816/5 live   +1003 | CGt    +733 c2tr    +733 NMp44Tr    +733
   115341093 chassis   wanzi              step1 2855/0 live   +2451 | CGt   +2773 c2tr   +2451 NMp44Tr   +2451
   115509682 C2S3nm    wally0593          step1 960/0 live    +391 | CGt    +196 c2tr    +196 NMp44Tr   -3547 FLAG:CGt-W/NMp44Tr-L FLAG:c2tr-W/NMp44Tr-L
   115503411 C2S3nm    3정훈                step1 967/0 live  +11330 | CGt  +11323 c2tr  +11323 NMp44Tr   +9479
   115498487 C2S3nm    Zhu Liang          step1 960/0 live  +13976 | CGt  +13976 c2tr  +13976 NMp44Tr  +62918
   115492330 C2S3nm    farm pt            step1 967/0 live   +3477 | CGt   +3477 c2tr   +3477 NMp44Tr   +9992
   115487363 C2S3nm    redblackbst        step1 960/0 live  -11669 | CGt  -11733 c2tr  -11733 NMp44Tr   -7006
   115481977 chassis   Andrew Reed        step1 2867/0 live   -8548 | CGt   -8552 c2tr   -8552 NMp44Tr   -8552
   115480729 C2S3nm    hugghngkai         step1 964/0 live   -3322 | CGt   -3444 c2tr   -3444 NMp44Tr   -6617
   115477523 C2S3      Yaroslav           step1 2460/0 live  -10927 | CGt  -10927 c2tr  -10927 NMp44Tr  -10927
   115475602 C2S3      Lam Dang           step1 2460/0 live   +8615 | CGt   +8593 c2tr   +8593 NMp44Tr   +8593
   115470822 other     daulettoibazar     step1 2492/0 live   -3880 | CGt   -3880 c2tr   -3880 NMp44Tr   -3880
   115470840 C2S3nm    Winter Lamb        step1 967/0 live   -3485 | CGt   -3485 c2tr   -3485 NMp44Tr   -2826
   115466001 C2S3      parv goyal2        step1 2460/0 live   +3441 | CGt   +4049 c2tr   +4049 NMp44Tr   +4049
   115464308 C2S3nm    Humanitis          step1 964/0 live   +2415 | CGt   +2415 c2tr   +2415 NMp44Tr   +8854
   115459768 herdfirst fasith 007         step1 2488/5 live  -18205 | CGt  -14482 c2tr  -18205 NMp44Tr  -14482
   115456360 other     Pico               step1 20/0 live  -10640 | CGt   -9826 c2tr   -9826 NMp44Tr   -9826
   115447086 herdpoor  THUNDER THUNDER    step1 134/4 live   -1055 | CGt   -1055 c2tr   -1055 NMp44Tr   -1055
   115444848 chassis   Andrew Reed        step1 2867/0 live  -14764 | CGt  -14799 c2tr  -14799 NMp44Tr  -14799
   115442427 C2S3      Navier-stokes      step1 2460/0 live   +9543 | CGt   +9543 c2tr   +9543 NMp44Tr   +9543
   115440802 chassis   Yvonne.            step1 2600/0 live  +10605 | CGt  +10605 c2tr  +10605 NMp44Tr  +10605
   115436356 herdfirst weense             step1 410/4 live  -19276 | CGt   -7479 c2tr  -19281 NMp44Tr   -7479
   115436328 chassis   yomogii            step1 2629/0 live   +4943 | CGt   +4514 c2tr   +4926 NMp44Tr   +4926
   115431938 herdpoor  mhw                step1 55/5 live   -6671 | CGt   -6839 c2tr   -6839 NMp44Tr   -6839
   115430442 C2S3      nmdcddwzml         step1 2460/0 live   -6879 | CGt   -6877 c2tr   -6877 NMp44Tr   -6877
   115427385 herdfirst chungkuangwen      step1 667/4 live  +10023 | CGt  +11256 c2tr  +10023 NMp44Tr  +11256
   115426481 herdfirst Saisree Dhanasekar step1 410/4 live  +17342 | CGt  +22884 c2tr  +19809 NMp44Tr  +22884
   115426724 other     Nakano             step1 2493/4 live   -4395 | CGt   -4395 c2tr   -4395 NMp44Tr   -4395
   115424297 C2S3      Xiangyu Liu        step1 2460/0 live   -5642 | CGt   -3330 c2tr   -3330 NMp44Tr   -3330
   115421982 C2S3      Hello San Francisc step1 2464/0 live   +3824 | CGt   +3766 c2tr   +3766 NMp44Tr   +3766
   115421079 C2S3nm    Lucien de Rubempre step1 960/0 live   +7875 | CGt   +7875 c2tr   +7875 NMp44Tr   +9285
   115416561 C2S3nm    Y & G              step1 960/0 live   -9248 | CGt   -8134 c2tr   -8134 NMp44Tr   -7297
   115413657 herdpoor  Tergel Munkhbat    step1 113/4 live   -7565 | CGt   -7171 c2tr   -7171 NMp44Tr   -7171
   115408764 C2S3nm    shyjin             step1 960/0 live   -2499 | CGt   -2499 c2tr   -2499 NMp44Tr   +5011
   115409067 herdpoor  Tergel Munkhbat    step1 113/4 live  +11276 | CGt  +11274 c2tr  +11274 NMp44Tr  +11274
   115404567 C2S3nm    RS Turley          step1 964/0 live   -1067 | CGt   -1218 c2tr   -1218 NMp44Tr  +82756
   115404090 herdfirst AkiraOnojp         step1 410/4 live  +29881 | CGt  +33347 c2tr  +29881 NMp44Tr  +33347
   115402555 C2S3nm    pangzi233          step1 964/0 live  -17886 | CGt  -17866 c2tr  -17866 NMp44Tr  -11322
   115400862 C2S3nm    farm pt            step1 967/0 live   -7977 | CGt   -7977 c2tr   -7977 NMp44Tr   -7705
   115401046 herdpoor  ActiveMusyoku      step1 118/5 live   +3883 | CGt   +3883 c2tr   +3883 NMp44Tr   +3883
   115399527 herdfirst darktetradgod      step1 449/5 live   -7876 | CGt   -4363 c2tr   -4739 NMp44Tr   -4363
   115397995 C2S3nm    pangzi233          step1 964/0 live  +13526 | CGt  +13672 c2tr  +13672 NMp44Tr  +16347
   115396466 herdfirst Excluding          step1 2338/5 live  -16827 | CGt   -1761 c2tr  -16828 NMp44Tr   -1761
   115394950 herdfirst Yannik Schiffner   step1 2338/5 live  -21008 | CGt  -12522 c2tr  -20885 NMp44Tr  -12522
   115395282 other     by                 step1 17/3 live   -5925 | CGt   -5925 c2tr   -5925 NMp44Tr   -5925
   115394664 C2S3      Xiangyu Liu        step1 2460/0 live   -7981 | CGt   -3532 c2tr   -3532 NMp44Tr   -3532
   115393465 herdpoor  fshindo            step1 107/4 live   -6891 | CGt   -6037 c2tr   -6037 NMp44Tr   -6037
   115391928 herdfirst clora              step1 410/4 live  +25603 | CGt  +19191 c2tr  +23513 NMp44Tr  +19191
   115390418 herdpoor  liminhai           step1 55/5 live   -5967 | CGt   -5967 c2tr   -5967 NMp44Tr   -5967
   115388674 herdpoor  liyupengli         step1 55/5 live    +357 | CGt    +357 c2tr    +357 NMp44Tr    +357
   115387350 herdfirst shivam kanojia     step1 2338/5 live  -15686 | CGt   -9268 c2tr  -13826 NMp44Tr   -9268
   115385839 C2S3      Vlas Veles         step1 2460/0 live   +2931 | CGt   +3036 c2tr   +3036 NMp44Tr   +3036
   115383896 C2S3nm    Arjun Vinod        step1 964/0 live   -9327 | CGt   -9328 c2tr   -9328 NMp44Tr   -1438
   115382790 C2S3nm    NSK_54             step1 967/0 live    -548 | CGt     -58 c2tr     -58 NMp44Tr   +1337
   115381263 herdpoor  kuengo             step1 55/5 live   +2320 | CGt   +2320 c2tr   +2320 NMp44Tr   +2320
   115381063 other     sekai013           step1 2492/0 live   -6367 | CGt    -742 c2tr    -742 NMp44Tr    -742
   115379727 C2S3nm    atsushi11o7        step1 960/0 live  -27550 | CGt  -27554 c2tr  -27554 NMp44Tr  +27369
   115378165 C2S3nm    fly                step1 960/0 live  -13850 | CGt  -13850 c2tr  -13850 NMp44Tr   -8599
   115376573 C2S3      Lam Dang           step1 2460/0 live  +10487 | CGt  +10465 c2tr  +10465 NMp44Tr  +10465
   115373396 C2S3nm    トゲアリトゲナシトゲトゲ       step1 960/0 live   +4374 | CGt   +4280 c2tr   +4280 NMp44Tr   +3447
   115374977 C2S3      Zain96             step1 2460/0 live  +20353 | CGt  +20353 c2tr  +20353 NMp44Tr  +20353
   115371790 C2S3      Navier-stokes      step1 2460/0 live   -7544 | CGt   -7544 c2tr   -7544 NMp44Tr   -7544
   115370179 C2S3nm    Aguacates          step1 964/0 live  +13306 | CGt  +13304 c2tr  +13304 NMp44Tr  +18770
   115367160 C2S3nm    Victor @ Tufa Labs step1 960/0 live  -24238 | CGt  -24330 c2tr  -24330 NMp44Tr  -20351
   115368691 other     marwar22           step1 2993/4 live   -5780 | CGt   -6289 c2tr   -6289 NMp44Tr   -6289
   115365698 herdpoor  liminhai           step1 55/5 live   +1514 | CGt   +1514 c2tr   +1514 NMp44Tr   +1514
   115364207 chassis   sunyuxiang136      step1 2852/0 live   +9425 | CGt  +16604 c2tr  +16471 NMp44Tr  +16471
   115361197 other     lingxiaojun        step1 37/3 live   +4676 | CGt   +4676 c2tr   +4676 NMp44Tr   +4676
   115362653 C2S3nm    kuro0315           step1 960/0 live   +4063 | CGt   +4052 c2tr   +4052 NMp44Tr  +73993
   115361263 C2S3nm    fly                step1 960/0 live   -1434 | CGt   -1436 c2tr   -1436 NMp44Tr   -5220
   115359663 C2S3      Black Mamba Farm   step1 2460/0 live   +4403 | CGt   +4422 c2tr   +4422 NMp44Tr   +4422
   115358869 C2S3nm    Azat Akhtyamov     step1 960/0 live  -24994 | CGt  -24994 c2tr  -24994 NMp44Tr  -19419
   115356647 C2S3nm    Attention Is All Y step1 967/0 live  -16024 | CGt  -16024 c2tr  -16024 NMp44Tr  -11334
   115358151 chassis   DASH村              step1 2867/0 live   +8659 | CGt   +8655 c2tr   +8655 NMp44Tr   +8655
   115355993 C2S3      Black Mamba Farm   step1 2460/0 live   -3673 | CGt   -3679 c2tr   -3679 NMp44Tr   -3679
   115355903 C2S3nm    redblackbst        step1 960/0 live   +1257 | CGt   +1251 c2tr   +1251 NMp44Tr  +11896
   115355270 C2S3nm    juliencst          step1 964/0 live   -7370 | CGt   -7370 c2tr   -7370 NMp44Tr  -12034
   115353737 C2S3nm    Siyuan Wang        step1 964/0 live   +9257 | CGt   +9257 c2tr   +9257 NMp44Tr  +11612
   115352344 herdpoor  Xuanhao Wang       step1 55/5 live   +1033 | CGt   +9384 c2tr   +9384 NMp44Tr   +9384
   115350942 C2S3nm    kuro0315           step1 960/0 live   -1071 | CGt   -1082 c2tr   -1082 NMp44Tr    -807
   115349530 chassis   loxigicck          step1 2854/0 live   +3734 | CGt   +3953 c2tr   +3733 NMp44Tr   +3733
   115348129 herdpoor  liminhai           step1 55/5 live   +5739 | CGt   +5739 c2tr   +5739 NMp44Tr   +5739
   115346744 chassis   Zyy7390            step1 3000/0 live   +2790 | CGt   +9925 c2tr   +7971 NMp44Tr   +7971
   115541838 C2S3nm    Aguacates          step1 964/0 live   -4786 | CGt   -5072 c2tr   -5072 NMp44Tr    +434
   115535610 herdfirst syouya tobita      step1 555/5 live  -13856 | CGt  +60264 c2tr  -13868 NMp44Tr  +60264
   115530618 C2S3      Black Mamba Farm   step1 2460/0 live   +8399 | CGt  +10915 c2tr  +10915 NMp44Tr  +10915
03:34 pass: 7 new games | wins CGt 6 c2tr 6 NMp44Tr 6 | flags 0
   115563461 herdpoor  BC+                step1 55/5 live    +530 | CGt    +530 c2tr    +530 NMp44Tr    +530
   115562211 chassis   JYShane            step1 2867/0 live  +13472 | CGt  +13472 c2tr  +13472 NMp44Tr  +13472
   115561276 C2S3nm    GPTatoes           step1 960/0 live   +8453 | CGt  +10903 c2tr  +10903 NMp44Tr  +10853
   115555792 chassis   QQ Farming         step1 3000/0 live   -8231 | CGt   -8298 c2tr   -8298 NMp44Tr   -8298
   115554060 chassis   JYShane            step1 2867/0 live  +15347 | CGt  +15346 c2tr  +15346 NMp44Tr  +15346
   115554559 other     elmo               step1 1464/0 live  -12664 | CGt  +14074 c2tr  +14074 NMp44Tr  +14074
   115548169 herdpoor  istinetz           step1 0/4 live  +12274 | CGt  +12274 c2tr  +12274 NMp44Tr  +12274
04:24 pass: 7 new games | wins CGt 3 c2tr 3 NMp44Tr 3 | flags 0
   115580206 C2S3nm    leave you          step1 960/0 live  -21048 | CGt  -20524 c2tr  -20524 NMp44Tr  -20770
   115576285 chassis   jjamppongmandu     step1 2867/0 live    -308 | CGt    -308 c2tr    -308 NMp44Tr    -308
   115575654 herdpoor  AI+Agriculture     step1 55/5 live   +7393 | CGt   +7393 c2tr   +7393 NMp44Tr   +7393
   115570288 chassis   Civitasmass        step1 2854/0 live  +15249 | CGt  +17825 c2tr  +15882 NMp44Tr  +15882
   115568773 herdfirst Excluding          step1 2338/5 live  -13697 | CGt   -5880 c2tr  -10744 NMp44Tr   -5880
   115565132 herdpoor  Mask Learning      step1 55/5 live   +4917 | CGt   +4917 c2tr   +4917 NMp44Tr   +4917
   115565286 C2S3nm    Yusuke Hayashi     step1 967/0 live   -4936 | CGt   -4976 c2tr   -4976 NMp44Tr   -5740
