Loading environment halite failed: No module named 'numpy'
Loading environment kore_fleets failed: No module named 'numpy'
Loading environment lux_ai_s3 failed: No module named 'numpy'
Loading environment open_spiel_env failed: No module named 'numpy'
Loading environment reinforce_tactics failed: No module named 'numpy'
Loading environment halite failed: No module named 'numpy'
Loading environment kore_fleets failed: No module named 'numpy'
Loading environment lux_ai_s3 failed: No module named 'numpy'
Loading environment open_spiel_env failed: No module named 'numpy'
Loading environment reinforce_tactics failed: No module named 'numpy'
Loading environment halite failed: No module named 'numpy'
Loading environment kore_fleets failed: No module named 'numpy'
Loading environment lux_ai_s3 failed: No module named 'numpy'
Loading environment open_spiel_env failed: No module named 'numpy'
Loading environment reinforce_tactics failed: No module named 'numpy'
Loading environment halite failed: No module named 'numpy'
Loading environment kore_fleets failed: No module named 'numpy'
Loading environment lux_ai_s3 failed: No module named 'numpy'
Loading environment open_spiel_env failed: No module named 'numpy'
Loading environment reinforce_tactics failed: No module named 'numpy'
Loading environment halite failed: No module named 'numpy'
Loading environment kore_fleets failed: No module named 'numpy'
Loading environment lux_ai_s3 failed: No module named 'numpy'
Loading environment open_spiel_env failed: No module named 'numpy'
Loading environment reinforce_tactics failed: No module named 'numpy'
Loading environment halite failed: No module named 'numpy'
Loading environment kore_fleets failed: No module named 'numpy'
Loading environment lux_ai_s3 failed: No module named 'numpy'
Loading environment open_spiel_env failed: No module named 'numpy'
Loading environment reinforce_tactics failed: No module named 'numpy'
pass done 8 games, flags 0
Loading environment halite failed: No module named 'numpy'
Loading environment kore_fleets failed: No module named 'numpy'
Loading environment lux_ai_s3 failed: No module named 'numpy'
Loading environment open_spiel_env failed: No module named 'numpy'
Loading environment reinforce_tactics failed: No module named 'numpy'
Loading environment halite failed: No module named 'numpy'
Loading environment kore_fleets failed: No module named 'numpy'
Loading environment lux_ai_s3 failed: No module named 'numpy'
Loading environment open_spiel_env failed: No module named 'numpy'
Loading environment reinforce_tactics failed: No module named 'numpy'
Loading environment halite failed: No module named 'numpy'
Loading environment kore_fleets failed: No module named 'numpy'
Loading environment lux_ai_s3 failed: No module named 'numpy'
Loading environment open_spiel_env failed: No module named 'numpy'
Loading environment reinforce_tactics failed: No module named 'numpy'
Loading environment halite failed: No module named 'numpy'
Loading environment kore_fleets failed: No module named 'numpy'
Loading environment lux_ai_s3 failed: No module named 'numpy'
Loading environment open_spiel_env failed: No module named 'numpy'
Loading environment reinforce_tactics failed: No module named 'numpy'
Loading environment halite failed: No module named 'numpy'
Loading environment kore_fleets failed: No module named 'numpy'
Loading environment lux_ai_s3 failed: No module named 'numpy'
Loading environment open_spiel_env failed: No module named 'numpy'
Loading environment reinforce_tactics failed: No module named 'numpy'
Loading environment halite failed: No module named 'numpy'
Loading environment kore_fleets failed: No module named 'numpy'
Loading environment lux_ai_s3 failed: No module named 'numpy'
Loading environment open_spiel_env failed: No module named 'numpy'
Loading environment reinforce_tactics failed: No module named 'numpy'
pass done 118 games, flags 1
Loading environment halite failed: No module named 'numpy'
Loading environment kore_fleets failed: No module named 'numpy'
Loading environment lux_ai_s3 failed: No module named 'numpy'
Loading environment open_spiel_env failed: No module named 'numpy'
Loading environment reinforce_tactics failed: No module named 'numpy'
Loading environment halite failed: No module named 'numpy'
Loading environment kore_fleets failed: No module named 'numpy'
Loading environment lux_ai_s3 failed: No module named 'numpy'
Loading environment open_spiel_env failed: No module named 'numpy'
Loading environment reinforce_tactics failed: No module named 'numpy'
Loading environment halite failed: No module named 'numpy'
Loading environment kore_fleets failed: No module named 'numpy'
Loading environment lux_ai_s3 failed: No module named 'numpy'
Loading environment open_spiel_env failed: No module named 'numpy'
Loading environment reinforce_tactics failed: No module named 'numpy'
Loading environment halite failed: No module named 'numpy'
Loading environment kore_fleets failed: No module named 'numpy'
Loading environment lux_ai_s3 failed: No module named 'numpy'
Loading environment open_spiel_env failed: No module named 'numpy'
Loading environment reinforce_tactics failed: No module named 'numpy'
Loading environment halite failed: No module named 'numpy'
Loading environment kore_fleets failed: No module named 'numpy'
Loading environment lux_ai_s3 failed: No module named 'numpy'
Loading environment open_spiel_env failed: No module named 'numpy'
Loading environment reinforce_tactics failed: No module named 'numpy'
Loading environment halite failed: No module named 'numpy'
Loading environment kore_fleets failed: No module named 'numpy'
Loading environment lux_ai_s3 failed: No module named 'numpy'
Loading environment open_spiel_env failed: No module named 'numpy'
Loading environment reinforce_tactics failed: No module named 'numpy'
pass done 7 games, flags 0
Loading environment halite failed: No module named 'numpy'
Loading environment kore_fleets failed: No module named 'numpy'
Loading environment lux_ai_s3 failed: No module named 'numpy'
Loading environment open_spiel_env failed: No module named 'numpy'
Loading environment reinforce_tactics failed: No module named 'numpy'
Loading environment halite failed: No module named 'numpy'
Loading environment kore_fleets failed: No module named 'numpy'
Loading environment lux_ai_s3 failed: No module named 'numpy'
Loading environment open_spiel_env failed: No module named 'numpy'
Loading environment reinforce_tactics failed: No module named 'numpy'
Loading environment halite failed: No module named 'numpy'
Loading environment kore_fleets failed: No module named 'numpy'
Loading environment lux_ai_s3 failed: No module named 'numpy'
Loading environment open_spiel_env failed: No module named 'numpy'
Loading environment reinforce_tactics failed: No module named 'numpy'
Loading environment halite failed: No module named 'numpy'
Loading environment kore_fleets failed: No module named 'numpy'
Loading environment lux_ai_s3 failed: No module named 'numpy'
Loading environment open_spiel_env failed: No module named 'numpy'
Loading environment reinforce_tactics failed: No module named 'numpy'
Loading environment halite failed: No module named 'numpy'
Loading environment kore_fleets failed: No module named 'numpy'
Loading environment lux_ai_s3 failed: No module named 'numpy'
Loading environment open_spiel_env failed: No module named 'numpy'
Loading environment reinforce_tactics failed: No module named 'numpy'
Loading environment halite failed: No module named 'numpy'
Loading environment kore_fleets failed: No module named 'numpy'
Loading environment lux_ai_s3 failed: No module named 'numpy'
Loading environment open_spiel_env failed: No module named 'numpy'
Loading environment reinforce_tactics failed: No module named 'numpy'
pass done 7 games, flags 0
