preinstalled kaggle-environments 1.29.3
   ━━━━━━━━━━━━━━━━━━━━━━━━━━━━━━━━━━━━━━━━ 60.7/60.7 MB 26.0 MB/s eta 0:00:00
OpenSpiel exception: Unknown game 'go_fish'. Available games are:
2048
add_noise
amazons
ant_foraging_arena
antichess
backgammon
backgammon_proxy
banqi
bargaining
battleship
blackjack
blotto
breakthrough
bridge
bridge_arena
bridge_uncontested_bidding
cached_tree
catch
checkers
chess
chinese_checkers
cliff_walking
clobber
clobber_proxy
coin_game
coin_game_arena
colored_trails
connect_four
coop_box_pushing
coop_to_1p
coordinated_mp
crazy_eights
crazyhouse
cribbage
cursor_go
dark_chess
dark_hex
dark_hex_ir
deep_sea
dots_and_boxes
dots_and_boxes_proxy
dou_dizhu
efg_game
einstein_wurfelt_nicht
euchre
first_sealed_auction
gin_rummy
gin_rummy_proxy
go
gomoku
goofspiel
hanabi
havannah
havannah_proxy
hearts
hex
hive
kriegspiel
kuhn_poker
laser_tag
latent_ttt
leduc_poker
lewis_signaling
liars_dice
liars_dice_ir
lines_of_action
lines_of_action_proxy
maedn
mancala
mancala_proxy
markov_soccer
matching_pennies_3p
matrix_bos
matrix_brps
matrix_cd
matrix_coordination
matrix_mp
matrix_pd
matrix_rps
matrix_rpsw
matrix_sh
matrix_shapleys_game
mfg_crowd_modelling
mfg_crowd_modelling_2d
mfg_dynamic_routing
mfg_garnet
misere
mnk
morpion_solitaire
negotiation
nfg_game
nim
nine_mens_morris
nine_mens_morris_proxy
normal_form_extensive_game
oh_hell
oshi_zumo
othello
oware
pathfinding
pentago
phantom_go
phantom_ttt
phantom_ttt_ir
pig
quoridor
rbc
repeated_game
repeated_leduc_poker
repeated_poker
restricted_nash_response
sheriff
shogi
shogi_proxy
skat
snake
solitaire
spades
start_at
stones_and_gems
tarok
tic_tac_toe
tiny_bridge_2p
tiny_bridge_4p
tiny_hanabi
trade_comm
turn_based_simultaneous_game
twixt
ultimate_tic_tac_toe
ultimate_tic_tac_toe_proxy
universal_poker
xiangqi
y
y_proxy
yacht
zerosum
OpenSpiel exception: Unknown game 'capture_the_flag'. Available games are:
2048
add_noise
amazons
amazons_proxy
ant_foraging_arena
antichess
backgammon
backgammon_proxy
banqi
bargaining
bargaining_proxy
battleship
blackjack
blotto
breakthrough
bridge
bridge_arena
bridge_uncontested_bidding
cached_tree
catch
checkers
chess
chinese_checkers
cliff_walking
clobber
clobber_proxy
coin_game
coin_game_arena
colored_trails
connect_four
coop_box_pushing
coop_to_1p
coordinated_mp
crazy_eights
crazyhouse
cribbage
cursor_go
dark_chess
dark_hex
dark_hex_ir
deep_sea
dots_and_boxes
dots_and_boxes_proxy
dou_dizhu
efg_game
einstein_wurfelt_nicht
euchre
first_sealed_auction
gin_rummy
gin_rummy_proxy
go
gomoku
goofspiel
hanabi
havannah
havannah_proxy
hearts
hex
hive
kriegspiel
kuhn_poker
laser_tag
latent_ttt
leduc_poker
lewis_signaling
liars_dice
liars_dice_ir
lines_of_action
lines_of_action_proxy
maedn
mancala
mancala_proxy
markov_soccer
matching_pennies_3p
matrix_bos
matrix_brps
matrix_cd
matrix_coordination
matrix_mp
matrix_pd
matrix_rps
matrix_rpsw
matrix_sh
matrix_shapleys_game
mfg_crowd_modelling
mfg_crowd_modelling_2d
mfg_dynamic_routing
mfg_garnet
misere
mnk
morpion_solitaire
negotiation
negotiation_proxy
nfg_game
nim
nine_mens_morris
nine_mens_morris_proxy
normal_form_extensive_game
oh_hell
oshi_zumo
oshi_zumo_proxy
othello
oware
pathfinding
pentago
phantom_go
phantom_ttt
phantom_ttt_ir
pig
quoridor
rbc
repeated_game
repeated_leduc_poker
repeated_poker
restricted_nash_response
sheriff
shogi
shogi_proxy
skat
snake
solitaire
spades
start_at
stones_and_gems
tarok
tic_tac_toe
tiny_bridge_2p
tiny_bridge_4p
tiny_hanabi
trade_comm
turn_based_simultaneous_game
twixt
ultimate_tic_tac_toe
ultimate_tic_tac_toe_proxy
universal_poker
xiangqi
y
y_proxy
yacht
zerosum
OpenSpiel exception: Unknown game 'capture_the_flag'. Available games are:
2048
add_noise
amazons
amazons_proxy
ant_foraging_arena
antichess
backgammon
backgammon_proxy
banqi
bargaining
bargaining_proxy
battleship
blackjack
blotto
breakthrough
breakthrough_proxy
bridge
bridge_arena
bridge_uncontested_bidding
cached_tree
catch
chat_game
checkers
checkers_proxy
chess
chinese_checkers
cliff_walking
clobber
clobber_proxy
coin_game
coin_game_arena
coin_game_proxy
colored_trails
connect_four
connect_four_proxy
coop_box_pushing
coop_to_1p
coordinated_mp
crazy_eights
crazyhouse
cribbage
cursor_go
dark_chess
dark_hex
dark_hex_ir
dark_hex_proxy
deep_sea
dots_and_boxes
dots_and_boxes_proxy
dou_dizhu
efg_game
einstein_wurfelt_nicht
euchre
first_sealed_auction
gin_rummy
gin_rummy_proxy
go
go_proxy
gomoku
goofspiel
hanabi
havannah
havannah_proxy
hearts
hex
hive
hive_proxy
kriegspiel
kuhn_poker
laser_tag
latent_ttt
leduc_poker
lewis_signaling
liars_dice
liars_dice_ir
lines_of_action
lines_of_action_proxy
maedn
mancala
mancala_proxy
markov_soccer
markov_soccer_proxy
matching_pennies_3p
matrix_bos
matrix_brps
matrix_cd
matrix_coordination
matrix_mp
matrix_pd
matrix_rps
matrix_rpsw
matrix_sh
matrix_shapleys_game
mfg_crowd_modelling
mfg_crowd_modelling_2d
mfg_dynamic_routing
mfg_garnet
misere
mnk
morpion_solitaire
negotiation
negotiation_proxy
nfg_game
nim
nine_mens_morris
nine_mens_morris_proxy
normal_form_extensive_game
oh_hell
oshi_zumo
oshi_zumo_proxy
othello
othello_proxy
oware
pathfinding
pentago
phantom_go
phantom_ttt
phantom_ttt_ir
pig
python_ant_foraging
python_ant_foraging_proxy
python_block_dominoes
python_dynamic_routing
python_hangman
python_iterated_prisoners_dilemma
python_kuhn_poker
python_liars_poker
python_pokerkit_wrapper
python_pokerkit_wrapper_acpc_style
python_repeated_pokerkit
python_team_dominoes
python_tic_tac_toe
quoridor
rbc
repeated_game
repeated_leduc_poker
repeated_poker
restricted_nash_response
sheriff
shogi
shogi_proxy
skat
snake
snake_proxy
solitaire
spades
start_at
stones_and_gems
tarok
tic_tac_toe
tiny_bridge_2p
tiny_bridge_4p
tiny_hanabi
trade_comm
turn_based_simultaneous_game
twixt
ultimate_tic_tac_toe
ultimate_tic_tac_toe_proxy
universal_poker
xiangqi
y
y_proxy
yacht
zerosum
OpenSpiel exception: Unknown game 'go_fish'. Available games are:
2048
add_noise
amazons
amazons_proxy
ant_foraging_arena
antichess
backgammon
backgammon_proxy
banqi
bargaining
bargaining_proxy
battleship
blackjack
blotto
breakthrough
breakthrough_proxy
bridge
bridge_arena
bridge_uncontested_bidding
cached_tree
catch
chat_game
checkers
checkers_proxy
chess
chinese_checkers
cliff_walking
clobber
clobber_proxy
coin_game
coin_game_arena
coin_game_proxy
colored_trails
connect_four
connect_four_proxy
coop_box_pushing
coop_to_1p
coordinated_mp
crazy_eights
crazyhouse
cribbage
cursor_go
dark_chess
dark_hex
dark_hex_ir
dark_hex_proxy
deep_sea
dots_and_boxes
dots_and_boxes_proxy
dou_dizhu
efg_game
einstein_wurfelt_nicht
euchre
first_sealed_auction
gin_rummy
gin_rummy_proxy
go
go_proxy
gomoku
goofspiel
hanabi
havannah
havannah_proxy
hearts
hex
hive
hive_proxy
kriegspiel
kuhn_poker
laser_tag
latent_ttt
leduc_poker
lewis_signaling
liars_dice
liars_dice_ir
lines_of_action
lines_of_action_proxy
maedn
mancala
mancala_proxy
markov_soccer
markov_soccer_proxy
matching_pennies_3p
matrix_bos
matrix_brps
matrix_cd
matrix_coordination
matrix_mp
matrix_pd
matrix_rps
matrix_rpsw
matrix_sh
matrix_shapleys_game
mfg_crowd_modelling
mfg_crowd_modelling_2d
mfg_dynamic_routing
mfg_garnet
misere
mnk
morpion_solitaire
negotiation
negotiation_proxy
nfg_game
nim
nine_mens_morris
nine_mens_morris_proxy
normal_form_extensive_game
oh_hell
oshi_zumo
oshi_zumo_proxy
othello
othello_proxy
oware
pathfinding
pentago
phantom_go
phantom_ttt
phantom_ttt_ir
pig
python_ant_foraging
python_ant_foraging_proxy
python_block_dominoes
python_dynamic_routing
python_hangman
python_iterated_prisoners_dilemma
python_kuhn_poker
python_liars_poker
python_pokerkit_wrapper
python_pokerkit_wrapper_acpc_style
python_repeated_pokerkit
python_team_dominoes
python_tic_tac_toe
quoridor
rbc
repeated_game
repeated_leduc_poker
repeated_poker
restricted_nash_response
sheriff
shogi
shogi_proxy
skat
snake
snake_proxy
solitaire
spades
start_at
stones_and_gems
tarok
tic_tac_toe
tiny_bridge_2p
tiny_bridge_4p
tiny_hanabi
trade_comm
turn_based_simultaneous_game
twixt
ultimate_tic_tac_toe
ultimate_tic_tac_toe_proxy
universal_poker
xiangqi
y
y_proxy
yacht
zerosum
replays 3192 with teachers 993 24 s
extracted 0 teacher seats 1 errors 0 33 s
extracted 50 teacher seats 54 errors 0 89 s
extracted 100 teacher seats 106 errors 0 146 s
extracted 150 teacher seats 158 errors 0 202 s
extracted 200 teacher seats 209 errors 0 264 s
extracted 250 teacher seats 263 errors 0 320 s
extracted 300 teacher seats 315 errors 0 374 s
extracted 350 teacher seats 368 errors 0 431 s
extracted 400 teacher seats 422 errors 0 489 s
extracted 450 teacher seats 474 errors 0 546 s
extracted 500 teacher seats 528 errors 0 601 s
extracted 550 teacher seats 579 errors 0 656 s
extracted 600 teacher seats 632 errors 0 714 s
extracted 650 teacher seats 685 errors 0 770 s
extracted 700 teacher seats 738 errors 0 825 s
extracted 750 teacher seats 789 errors 0 881 s
extracted 800 teacher seats 841 errors 0 939 s
extracted 850 teacher seats 895 errors 0 994 s
extracted 900 teacher seats 953 errors 0 1050 s
extracted 950 teacher seats 1007 errors 0 1106 s
teacher seats 1049 teams {'DSM': 705, 'Vadim Vasilenko': 344}
split by episode: train seats 999 val seats 50
train steps 718281 unit samples 7233910 val steps 35950
epoch 0 loss 2.6836 val class acc 0.784 full-command acc 0.7809 per-class {'WATER': 0.954, 'NORTH': 0.731, 'WEST': 0.741, 'EAST': 0.692, 'SOUTH': 0.61, 'HARVEST': 0.808, 'COLLECT_FERTILIZER': 0.826, 'CARE': 0.915, 'FEED': 0.92, 'FERTILIZE': 0.381, 'PLANT_WHEAT': 0.828, 'PICKUP_WHEAT': 0.843, 'PASS': 0.545, 'DROP': 0.886, 'PLANT_CARROT': 0.749, 'DEPOSIT_FERTILIZER': 0.934} 1248 s
   market nonzero precision/recall/exact: {'hires': (1.0, 0.98, 0.97, 2734), 'land': (0.94, 0.81, 0.81, 162), 'anim_GOOSE': (0.86, 0.48, 0.46, 185), 'anim_COW': (0.92, 0.64, 0.64, 490), 'anim_SHEEP': (0.98, 0.58, 0.58, 203), 'seed_WHEAT': (0.86, 0.78, 0.77, 8240), 'seed_CARROT': (0.73, 0.03, 0.03, 516), 'seed_TOMATO': (0.41, 0.05, 0.05, 541), 'seed_STRAWBERRY': (0.93, 0.23, 0.23, 1828), 'seed_MELON': (0.89, 0.66, 0.66, 533), 'buy_WHEAT': (0.93, 0.63, 0.59, 1433), 'buy_FERTILIZER': (0.0, 0.0, 0.0, 0), 'sell_WHEAT': (0.9, 0.5, 0.29, 3911), 'sell_CARROT': (0.81, 0.43, 0.41, 3423), 'sell_TOMATO': (0.86, 0.45, 0.44, 4505), 'sell_STRAWBERRY': (0.75, 0.38, 0.31, 5422), 'sell_MELON': (0.82, 0.42, 0.38, 3037), 'sell_EGG': (0.73, 0.31, 0.25, 4039), 'sell_MILK': (0.77, 0.33, 0.26, 4858), 'sell_WOOL': (0.71, 0.39, 0.34, 4265), 'sell_FERTILIZER': (0.85, 0.65, 0.45, 4409)}
epoch 1 loss 1.6543 val class acc 0.8265 full-command acc 0.8237 per-class {'WATER': 0.954, 'NORTH': 0.806, 'WEST': 0.763, 'EAST': 0.73, 'SOUTH': 0.731, 'HARVEST': 0.823, 'COLLECT_FERTILIZER': 0.891, 'CARE': 0.909, 'FEED': 0.938, 'FERTILIZE': 0.556, 'PLANT_WHEAT': 0.835, 'PICKUP_WHEAT': 0.859, 'PASS': 0.619, 'DROP': 0.927, 'PLANT_CARROT': 0.838, 'DEPOSIT_FERTILIZER': 0.977} 1338 s
   market nonzero precision/recall/exact: {'hires': (1.0, 0.98, 0.97, 2734), 'land': (0.98, 0.81, 0.81, 162), 'anim_GOOSE': (0.9, 0.62, 0.61, 185), 'anim_COW': (0.9, 0.79, 0.79, 490), 'anim_SHEEP': (0.98, 0.69, 0.69, 203), 'seed_WHEAT': (0.83, 0.87, 0.86, 8240), 'seed_CARROT': (0.62, 0.09, 0.09, 516), 'seed_TOMATO': (0.67, 0.08, 0.08, 541), 'seed_STRAWBERRY': (0.85, 0.63, 0.62, 1828), 'seed_MELON': (0.88, 0.91, 0.9, 533), 'buy_WHEAT': (0.89, 0.82, 0.75, 1433), 'buy_FERTILIZER': (0.0, 0.0, 0.0, 0), 'sell_WHEAT': (0.87, 0.7, 0.41, 3911), 'sell_CARROT': (0.81, 0.55, 0.5, 3423), 'sell_TOMATO': (0.86, 0.62, 0.59, 4505), 'sell_STRAWBERRY': (0.78, 0.49, 0.4, 5422), 'sell_MELON': (0.75, 0.64, 0.6, 3037), 'sell_EGG': (0.83, 0.48, 0.37, 4039), 'sell_MILK': (0.76, 0.47, 0.37, 4858), 'sell_WOOL': (0.76, 0.51, 0.46, 4265), 'sell_FERTILIZER': (0.95, 0.86, 0.69, 4409)}
epoch 2 loss 1.4114 val class acc 0.8441 full-command acc 0.8419 per-class {'WATER': 0.939, 'NORTH': 0.793, 'WEST': 0.797, 'EAST': 0.759, 'SOUTH': 0.772, 'HARVEST': 0.864, 'COLLECT_FERTILIZER': 0.91, 'CARE': 0.939, 'FEED': 0.936, 'FERTILIZE': 0.748, 'PLANT_WHEAT': 0.889, 'PICKUP_WHEAT': 0.868, 'PASS': 0.578, 'DROP': 0.878, 'PLANT_CARROT': 0.787, 'DEPOSIT_FERTILIZER': 0.984} 1427 s
   market nonzero precision/recall/exact: {'hires': (1.0, 0.99, 0.97, 2734), 'land': (0.96, 0.82, 0.82, 162), 'anim_GOOSE': (0.9, 0.69, 0.69, 185), 'anim_COW': (0.9, 0.81, 0.81, 490), 'anim_SHEEP': (0.95, 0.77, 0.77, 203), 'seed_WHEAT': (0.85, 0.89, 0.88, 8240), 'seed_CARROT': (0.59, 0.18, 0.17, 516), 'seed_TOMATO': (0.46, 0.4, 0.39, 541), 'seed_STRAWBERRY': (0.9, 0.69, 0.68, 1828), 'seed_MELON': (0.88, 0.9, 0.89, 533), 'buy_WHEAT': (0.91, 0.79, 0.72, 1433), 'buy_FERTILIZER': (0.0, 0.0, 0.0, 0), 'sell_WHEAT': (0.91, 0.65, 0.42, 3911), 'sell_CARROT': (0.82, 0.61, 0.55, 3423), 'sell_TOMATO': (0.78, 0.73, 0.68, 4505), 'sell_STRAWBERRY': (0.81, 0.49, 0.42, 5422), 'sell_MELON': (0.73, 0.68, 0.65, 3037), 'sell_EGG': (0.74, 0.64, 0.52, 4039), 'sell_MILK': (0.75, 0.56, 0.45, 4858), 'sell_WOOL': (0.7, 0.67, 0.6, 4265), 'sell_FERTILIZER': (0.97, 0.85, 0.73, 4409)}
epoch 3 loss 1.2915 val class acc 0.8528 full-command acc 0.8506 per-class {'WATER': 0.947, 'NORTH': 0.805, 'WEST': 0.812, 'EAST': 0.765, 'SOUTH': 0.771, 'HARVEST': 0.878, 'COLLECT_FERTILIZER': 0.898, 'CARE': 0.938, 'FEED': 0.951, 'FERTILIZE': 0.726, 'PLANT_WHEAT': 0.893, 'PICKUP_WHEAT': 0.891, 'PASS': 0.657, 'DROP': 0.932, 'PLANT_CARROT': 0.817, 'DEPOSIT_FERTILIZER': 0.983} 1517 s
   market nonzero precision/recall/exact: {'hires': (1.0, 0.98, 0.97, 2734), 'land': (1.0, 0.78, 0.78, 162), 'anim_GOOSE': (0.91, 0.75, 0.72, 185), 'anim_COW': (0.89, 0.84, 0.84, 490), 'anim_SHEEP': (0.92, 0.83, 0.82, 203), 'seed_WHEAT': (0.89, 0.86, 0.86, 8240), 'seed_CARROT': (0.87, 0.05, 0.05, 516), 'seed_TOMATO': (0.73, 0.12, 0.12, 541), 'seed_STRAWBERRY': (0.86, 0.77, 0.77, 1828), 'seed_MELON': (0.88, 0.94, 0.93, 533), 'buy_WHEAT': (0.94, 0.82, 0.75, 1433), 'buy_FERTILIZER': (0.0, 0.0, 0.0, 0), 'sell_WHEAT': (0.9, 0.76, 0.51, 3911), 'sell_CARROT': (0.78, 0.66, 0.61, 3423), 'sell_TOMATO': (0.77, 0.75, 0.7, 4505), 'sell_STRAWBERRY': (0.75, 0.61, 0.52, 5422), 'sell_MELON': (0.71, 0.75, 0.72, 3037), 'sell_EGG': (0.76, 0.6, 0.51, 4039), 'sell_MILK': (0.74, 0.56, 0.47, 4858), 'sell_WOOL': (0.74, 0.58, 0.55, 4265), 'sell_FERTILIZER': (0.95, 0.91, 0.8, 4409)}
epoch 4 loss 1.2158 val class acc 0.8578 full-command acc 0.8559 per-class {'WATER': 0.959, 'NORTH': 0.814, 'WEST': 0.824, 'EAST': 0.79, 'SOUTH': 0.759, 'HARVEST': 0.844, 'COLLECT_FERTILIZER': 0.905, 'CARE': 0.942, 'FEED': 0.957, 'FERTILIZE': 0.738, 'PLANT_WHEAT': 0.899, 'PICKUP_WHEAT': 0.924, 'PASS': 0.607, 'DROP': 0.915, 'PLANT_CARROT': 0.841, 'DEPOSIT_FERTILIZER': 0.993} 1606 s
   market nonzero precision/recall/exact: {'hires': (1.0, 0.98, 0.98, 2734), 'land': (0.99, 0.84, 0.84, 162), 'anim_GOOSE': (0.89, 0.76, 0.75, 185), 'anim_COW': (0.88, 0.9, 0.9, 490), 'anim_SHEEP': (0.88, 0.9, 0.89, 203), 'seed_WHEAT': (0.84, 0.93, 0.92, 8240), 'seed_CARROT': (0.77, 0.15, 0.13, 516), 'seed_TOMATO': (0.82, 0.13, 0.13, 541), 'seed_STRAWBERRY': (0.76, 0.85, 0.84, 1828), 'seed_MELON': (0.91, 0.94, 0.92, 533), 'buy_WHEAT': (0.9, 0.86, 0.8, 1433), 'buy_FERTILIZER': (0.0, 0.0, 0.0, 0), 'sell_WHEAT': (0.93, 0.74, 0.51, 3911), 'sell_CARROT': (0.73, 0.76, 0.7, 3423), 'sell_TOMATO': (0.73, 0.82, 0.77, 4505), 'sell_STRAWBERRY': (0.73, 0.68, 0.56, 5422), 'sell_MELON': (0.7, 0.85, 0.82, 3037), 'sell_EGG': (0.71, 0.75, 0.64, 4039), 'sell_MILK': (0.71, 0.7, 0.59, 4858), 'sell_WOOL': (0.71, 0.66, 0.62, 4265), 'sell_FERTILIZER': (0.97, 0.89, 0.8, 4409)}
epoch 5 loss 1.1595 val class acc 0.8603 full-command acc 0.8582 per-class {'WATER': 0.944, 'NORTH': 0.821, 'WEST': 0.805, 'EAST': 0.793, 'SOUTH': 0.778, 'HARVEST': 0.88, 'COLLECT_FERTILIZER': 0.91, 'CARE': 0.944, 'FEED': 0.955, 'FERTILIZE': 0.787, 'PLANT_WHEAT': 0.915, 'PICKUP_WHEAT': 0.875, 'PASS': 0.69, 'DROP': 0.955, 'PLANT_CARROT': 0.751, 'DEPOSIT_FERTILIZER': 0.984} 1695 s
   market nonzero precision/recall/exact: {'hires': (1.0, 0.99, 0.97, 2734), 'land': (0.98, 0.86, 0.86, 162), 'anim_GOOSE': (0.87, 0.88, 0.86, 185), 'anim_COW': (0.85, 0.88, 0.88, 490), 'anim_SHEEP': (0.92, 0.82, 0.81, 203), 'seed_WHEAT': (0.88, 0.91, 0.9, 8240), 'seed_CARROT': (0.76, 0.12, 0.11, 516), 'seed_TOMATO': (0.66, 0.3, 0.3, 541), 'seed_STRAWBERRY': (0.86, 0.84, 0.83, 1828), 'seed_MELON': (0.83, 0.98, 0.96, 533), 'buy_WHEAT': (0.9, 0.86, 0.78, 1433), 'buy_FERTILIZER': (0.0, 0.0, 0.0, 0), 'sell_WHEAT': (0.92, 0.76, 0.5, 3911), 'sell_CARROT': (0.83, 0.67, 0.6, 3423), 'sell_TOMATO': (0.87, 0.66, 0.61, 4505), 'sell_STRAWBERRY': (0.84, 0.58, 0.48, 5422), 'sell_MELON': (0.82, 0.62, 0.59, 3037), 'sell_EGG': (0.84, 0.61, 0.52, 4039), 'sell_MILK': (0.79, 0.58, 0.47, 4858), 'sell_WOOL': (0.83, 0.5, 0.46, 4265), 'sell_FERTILIZER': (0.96, 0.9, 0.81, 4409)}
epoch 6 loss 1.1177 val class acc 0.8636 full-command acc 0.8612 per-class {'WATER': 0.955, 'NORTH': 0.808, 'WEST': 0.809, 'EAST': 0.8, 'SOUTH': 0.783, 'HARVEST': 0.894, 'COLLECT_FERTILIZER': 0.913, 'CARE': 0.943, 'FEED': 0.956, 'FERTILIZE': 0.755, 'PLANT_WHEAT': 0.912, 'PICKUP_WHEAT': 0.929, 'PASS': 0.681, 'DROP': 0.9, 'PLANT_CARROT': 0.834, 'DEPOSIT_FERTILIZER': 0.994} 1784 s
   market nonzero precision/recall/exact: {'hires': (1.0, 0.99, 0.98, 2734), 'land': (0.99, 0.86, 0.86, 162), 'anim_GOOSE': (0.9, 0.87, 0.83, 185), 'anim_COW': (0.89, 0.92, 0.92, 490), 'anim_SHEEP': (0.94, 0.79, 0.79, 203), 'seed_WHEAT': (0.95, 0.82, 0.81, 8240), 'seed_CARROT': (0.82, 0.05, 0.05, 516), 'seed_TOMATO': (0.68, 0.2, 0.2, 541), 'seed_STRAWBERRY': (0.88, 0.81, 0.8, 1828), 'seed_MELON': (0.93, 0.96, 0.96, 533), 'buy_WHEAT': (0.96, 0.82, 0.75, 1433), 'buy_FERTILIZER': (0.0, 0.0, 0.0, 0), 'sell_WHEAT': (0.85, 0.83, 0.5, 3911), 'sell_CARROT': (0.76, 0.71, 0.66, 3423), 'sell_TOMATO': (0.76, 0.76, 0.72, 4505), 'sell_STRAWBERRY': (0.72, 0.76, 0.63, 5422), 'sell_MELON': (0.71, 0.76, 0.73, 3037), 'sell_EGG': (0.74, 0.68, 0.61, 4039), 'sell_MILK': (0.72, 0.73, 0.6, 4858), 'sell_WOOL': (0.7, 0.74, 0.67, 4265), 'sell_FERTILIZER': (0.95, 0.93, 0.85, 4409)}
epoch 7 loss 1.0805 val class acc 0.8675 full-command acc 0.8655 per-class {'WATER': 0.949, 'NORTH': 0.828, 'WEST': 0.808, 'EAST': 0.809, 'SOUTH': 0.805, 'HARVEST': 0.88, 'COLLECT_FERTILIZER': 0.909, 'CARE': 0.95, 'FEED': 0.962, 'FERTILIZE': 0.794, 'PLANT_WHEAT': 0.92, 'PICKUP_WHEAT': 0.896, 'PASS': 0.652, 'DROP': 0.942, 'PLANT_CARROT': 0.779, 'DEPOSIT_FERTILIZER': 0.99} 1873 s
   market nonzero precision/recall/exact: {'hires': (1.0, 0.99, 0.97, 2734), 'land': (0.98, 0.88, 0.88, 162), 'anim_GOOSE': (0.82, 0.89, 0.86, 185), 'anim_COW': (0.97, 0.79, 0.79, 490), 'anim_SHEEP': (0.98, 0.77, 0.77, 203), 'seed_WHEAT': (0.95, 0.84, 0.83, 8240), 'seed_CARROT': (0.5, 0.43, 0.41, 516), 'seed_TOMATO': (0.74, 0.26, 0.26, 541), 'seed_STRAWBERRY': (0.91, 0.76, 0.76, 1828), 'seed_MELON': (0.97, 0.93, 0.92, 533), 'buy_WHEAT': (0.93, 0.85, 0.78, 1433), 'buy_FERTILIZER': (0.0, 0.0, 0.0, 0), 'sell_WHEAT': (0.94, 0.75, 0.5, 3911), 'sell_CARROT': (0.75, 0.73, 0.67, 3423), 'sell_TOMATO': (0.8, 0.7, 0.65, 4505), 'sell_STRAWBERRY': (0.78, 0.67, 0.57, 5422), 'sell_MELON': (0.7, 0.81, 0.78, 3037), 'sell_EGG': (0.73, 0.7, 0.62, 4039), 'sell_MILK': (0.76, 0.68, 0.56, 4858), 'sell_WOOL': (0.73, 0.7, 0.64, 4265), 'sell_FERTILIZER': (0.96, 0.92, 0.85, 4409)}
epoch 8 loss 1.0502 val class acc 0.868 full-command acc 0.8657 per-class {'WATER': 0.942, 'NORTH': 0.821, 'WEST': 0.832, 'EAST': 0.805, 'SOUTH': 0.775, 'HARVEST': 0.897, 'COLLECT_FERTILIZER': 0.915, 'CARE': 0.955, 'FEED': 0.956, 'FERTILIZE': 0.792, 'PLANT_WHEAT': 0.927, 'PICKUP_WHEAT': 0.923, 'PASS': 0.695, 'DROP': 0.953, 'PLANT_CARROT': 0.798, 'DEPOSIT_FERTILIZER': 0.991} 1962 s
   market nonzero precision/recall/exact: {'hires': (0.99, 0.99, 0.98, 2734), 'land': (0.94, 0.89, 0.89, 162), 'anim_GOOSE': (0.95, 0.77, 0.73, 185), 'anim_COW': (0.96, 0.85, 0.84, 490), 'anim_SHEEP': (0.95, 0.86, 0.84, 203), 'seed_WHEAT': (0.94, 0.86, 0.86, 8240), 'seed_CARROT': (0.7, 0.33, 0.31, 516), 'seed_TOMATO': (0.56, 0.58, 0.58, 541), 'seed_STRAWBERRY': (0.94, 0.75, 0.75, 1828), 'seed_MELON': (0.98, 0.93, 0.92, 533), 'buy_WHEAT': (0.94, 0.85, 0.78, 1433), 'buy_FERTILIZER': (0.0, 0.0, 0.0, 0), 'sell_WHEAT': (0.92, 0.79, 0.54, 3911), 'sell_CARROT': (0.75, 0.73, 0.67, 3423), 'sell_TOMATO': (0.74, 0.77, 0.72, 4505), 'sell_STRAWBERRY': (0.78, 0.68, 0.57, 5422), 'sell_MELON': (0.71, 0.78, 0.75, 3037), 'sell_EGG': (0.75, 0.66, 0.58, 4039), 'sell_MILK': (0.78, 0.63, 0.52, 4858), 'sell_WOOL': (0.72, 0.74, 0.67, 4265), 'sell_FERTILIZER': (0.94, 0.94, 0.86, 4409)}
epoch 9 loss 1.024 val class acc 0.8708 full-command acc 0.8689 per-class {'WATER': 0.962, 'NORTH': 0.841, 'WEST': 0.829, 'EAST': 0.805, 'SOUTH': 0.757, 'HARVEST': 0.894, 'COLLECT_FERTILIZER': 0.924, 'CARE': 0.946, 'FEED': 0.963, 'FERTILIZE': 0.732, 'PLANT_WHEAT': 0.909, 'PICKUP_WHEAT': 0.901, 'PASS': 0.696, 'DROP': 0.936, 'PLANT_CARROT': 0.855, 'DEPOSIT_FERTILIZER': 0.991} 2052 s
   market nonzero precision/recall/exact: {'hires': (0.99, 0.99, 0.98, 2734), 'land': (0.97, 0.89, 0.89, 162), 'anim_GOOSE': (0.87, 0.89, 0.86, 185), 'anim_COW': (0.92, 0.8, 0.8, 490), 'anim_SHEEP': (0.94, 0.78, 0.77, 203), 'seed_WHEAT': (0.89, 0.92, 0.92, 8240), 'seed_CARROT': (0.74, 0.33, 0.31, 516), 'seed_TOMATO': (0.55, 0.62, 0.62, 541), 'seed_STRAWBERRY': (0.84, 0.85, 0.84, 1828), 'seed_MELON': (0.98, 0.92, 0.92, 533), 'buy_WHEAT': (0.91, 0.88, 0.82, 1433), 'buy_FERTILIZER': (0.0, 0.0, 0.0, 0), 'sell_WHEAT': (0.94, 0.78, 0.55, 3911), 'sell_CARROT': (0.72, 0.73, 0.67, 3423), 'sell_TOMATO': (0.71, 0.81, 0.75, 4505), 'sell_STRAWBERRY': (0.73, 0.76, 0.64, 5422), 'sell_MELON': (0.64, 0.84, 0.81, 3037), 'sell_EGG': (0.68, 0.78, 0.69, 4039), 'sell_MILK': (0.74, 0.69, 0.57, 4858), 'sell_WOOL': (0.72, 0.74, 0.67, 4265), 'sell_FERTILIZER': (0.95, 0.94, 0.88, 4409)}
epoch 10 loss 1.0018 val class acc 0.8726 full-command acc 0.8709 per-class {'WATER': 0.948, 'NORTH': 0.843, 'WEST': 0.822, 'EAST': 0.818, 'SOUTH': 0.792, 'HARVEST': 0.865, 'COLLECT_FERTILIZER': 0.921, 'CARE': 0.952, 'FEED': 0.953, 'FERTILIZE': 0.812, 'PLANT_WHEAT': 0.924, 'PICKUP_WHEAT': 0.89, 'PASS': 0.739, 'DROP': 0.954, 'PLANT_CARROT': 0.846, 'DEPOSIT_FERTILIZER': 0.99} 2141 s
   market nonzero precision/recall/exact: {'hires': (1.0, 0.99, 0.98, 2734), 'land': (0.94, 0.85, 0.85, 162), 'anim_GOOSE': (0.91, 0.85, 0.83, 185), 'anim_COW': (0.96, 0.81, 0.81, 490), 'anim_SHEEP': (0.89, 0.86, 0.86, 203), 'seed_WHEAT': (0.93, 0.9, 0.9, 8240), 'seed_CARROT': (0.69, 0.47, 0.44, 516), 'seed_TOMATO': (0.56, 0.65, 0.65, 541), 'seed_STRAWBERRY': (0.93, 0.76, 0.75, 1828), 'seed_MELON': (0.97, 0.94, 0.94, 533), 'buy_WHEAT': (0.92, 0.87, 0.8, 1433), 'buy_FERTILIZER': (0.0, 0.0, 0.0, 0), 'sell_WHEAT': (0.92, 0.81, 0.58, 3911), 'sell_CARROT': (0.78, 0.7, 0.63, 3423), 'sell_TOMATO': (0.79, 0.73, 0.67, 4505), 'sell_STRAWBERRY': (0.82, 0.66, 0.55, 5422), 'sell_MELON': (0.71, 0.77, 0.74, 3037), 'sell_EGG': (0.73, 0.75, 0.67, 4039), 'sell_MILK': (0.81, 0.63, 0.51, 4858), 'sell_WOOL': (0.81, 0.65, 0.59, 4265), 'sell_FERTILIZER': (0.94, 0.94, 0.88, 4409)}
epoch 11 loss 0.9827 val class acc 0.8728 full-command acc 0.8711 per-class {'WATER': 0.956, 'NORTH': 0.834, 'WEST': 0.836, 'EAST': 0.823, 'SOUTH': 0.779, 'HARVEST': 0.873, 'COLLECT_FERTILIZER': 0.91, 'CARE': 0.949, 'FEED': 0.961, 'FERTILIZE': 0.782, 'PLANT_WHEAT': 0.874, 'PICKUP_WHEAT': 0.896, 'PASS': 0.731, 'DROP': 0.952, 'PLANT_CARROT': 0.911, 'DEPOSIT_FERTILIZER': 0.99} 2230 s
   market nonzero precision/recall/exact: {'hires': (1.0, 0.99, 0.98, 2734), 'land': (0.95, 0.88, 0.88, 162), 'anim_GOOSE': (0.86, 0.9, 0.89, 185), 'anim_COW': (0.97, 0.79, 0.79, 490), 'anim_SHEEP': (0.93, 0.86, 0.85, 203), 'seed_WHEAT': (0.92, 0.92, 0.91, 8240), 'seed_CARROT': (0.62, 0.56, 0.52, 516), 'seed_TOMATO': (0.71, 0.48, 0.47, 541), 'seed_STRAWBERRY': (0.92, 0.81, 0.8, 1828), 'seed_MELON': (0.96, 0.98, 0.97, 533), 'buy_WHEAT': (0.95, 0.85, 0.79, 1433), 'buy_FERTILIZER': (0.0, 0.0, 0.0, 0), 'sell_WHEAT': (0.91, 0.82, 0.56, 3911), 'sell_CARROT': (0.84, 0.59, 0.51, 3423), 'sell_TOMATO': (0.82, 0.67, 0.62, 4505), 'sell_STRAWBERRY': (0.83, 0.63, 0.52, 5422), 'sell_MELON': (0.77, 0.65, 0.62, 3037), 'sell_EGG': (0.78, 0.62, 0.54, 4039), 'sell_MILK': (0.78, 0.69, 0.55, 4858), 'sell_WOOL': (0.82, 0.61, 0.55, 4265), 'sell_FERTILIZER': (0.95, 0.94, 0.87, 4409)}
saved 2230 s
/usr/local/lib/python3.12/dist-packages/mistune.py:435: SyntaxWarning: invalid escape sequence '\|'
  cells[i][c] = re.sub('\\\\\|', '|', cell)
/usr/local/lib/python3.12/dist-packages/nbconvert/filters/filter_links.py:36: SyntaxWarning: invalid escape sequence '\_'
  text = re.sub(r'_', '\_', text) # Escape underscores in display text
[NbConvertApp] Converting notebook __script__.ipynb to html
[NbConvertApp] Writing 502529 bytes to __results__.html
