   ━━━━━━━━━━━━━━━━━━━━━━━━━━━━━━━━━━━━━━━━ 60.7/60.7 MB 25.9 MB/s eta 0:00:00
tasks 1221 procs 2 setup 42 s
OpenSpiel exception: Unknown game 'go_fish'. Available games are:
2048
add_noise
amazons
ant_foraging_arena
antichess
backgammon
backgammon_proxy
banqi
bargaining
battleship
blackjack
blotto
breakthrough
bridge
bridge_arena
bridge_uncontested_bidding
cached_tree
catch
checkers
chess
chinese_checkers
cliff_walking
clobber
clobber_proxy
coin_game
coin_game_arena
colored_trails
connect_four
coop_box_pushing
coop_to_1p
coordinated_mp
crazy_eights
crazyhouse
cribbage
cursor_go
dark_chess
dark_hex
dark_hex_ir
deep_sea
dots_and_boxes
dots_and_boxes_proxy
dou_dizhu
efg_game
einstein_wurfelt_nicht
euchre
first_sealed_auction
gin_rummy
gin_rummy_proxy
go
gomoku
goofspiel
hanabi
havannah
havannah_proxy
hearts
hex
hive
kriegspiel
kuhn_poker
laser_tag
latent_ttt
leduc_poker
lewis_signaling
liars_dice
liars_dice_ir
lines_of_action
lines_of_action_proxy
maedn
mancala
mancala_proxy
markov_soccer
matching_pennies_3p
matrix_bos
matrix_brps
matrix_cd
matrix_coordination
matrix_mp
matrix_pd
matrix_rps
matrix_rpsw
matrix_sh
matrix_shapleys_game
mfg_crowd_modelling
mfg_crowd_modelling_2d
mfg_dynamic_routing
mfg_garnet
misere
mnk
morpion_solitaire
negotiation
nfg_game
nim
nine_mens_morris
nine_mens_morris_proxy
normal_form_extensive_game
oh_hell
oshi_zumo
othello
oware
pathfinding
pentago
phantom_go
phantom_ttt
phantom_ttt_ir
pig
quoridor
rbc
repeated_game
repeated_leduc_poker
repeated_poker
restricted_nash_response
sheriff
shogi
shogi_proxy
skat
snake
solitaire
spades
start_at
stones_and_gems
tarok
tic_tac_toe
tiny_bridge_2p
tiny_bridge_4p
tiny_hanabi
trade_comm
turn_based_simultaneous_game
twixt
ultimate_tic_tac_toe
ultimate_tic_tac_toe_proxy
universal_poker
xiangqi
y
y_proxy
yacht
zerosumOpenSpiel exception: 
Unknown game 'go_fish'. Available games are:
2048
add_noise
amazons
ant_foraging_arena
antichess
backgammon
backgammon_proxy
banqi
bargaining
battleship
blackjack
blotto
breakthrough
bridge
bridge_arena
bridge_uncontested_bidding
cached_tree
catch
checkers
chess
chinese_checkers
cliff_walking
clobber
clobber_proxy
coin_game
coin_game_arena
colored_trails
connect_four
coop_box_pushing
coop_to_1p
coordinated_mp
crazy_eights
crazyhouse
cribbage
cursor_go
dark_chess
dark_hex
dark_hex_ir
deep_sea
dots_and_boxes
dots_and_boxes_proxy
dou_dizhu
efg_game
einstein_wurfelt_nicht
euchre
first_sealed_auction
gin_rummy
gin_rummy_proxy
go
gomoku
goofspiel
hanabi
havannah
havannah_proxy
hearts
hex
hive
kriegspiel
kuhn_poker
laser_tag
latent_ttt
leduc_poker
lewis_signaling
liars_dice
liars_dice_ir
lines_of_action
lines_of_action_proxy
maedn
mancala
mancala_proxy
markov_soccer
matching_pennies_3p
matrix_bos
matrix_brps
matrix_cd
matrix_coordination
matrix_mp
matrix_pd
matrix_rps
matrix_rpsw
matrix_sh
matrix_shapleys_game
mfg_crowd_modelling
mfg_crowd_modelling_2d
mfg_dynamic_routing
mfg_garnet
misere
mnk
morpion_solitaire
negotiation
nfg_game
nim
nine_mens_morris
nine_mens_morris_proxy
normal_form_extensive_game
oh_hell
oshi_zumo
othello
oware
pathfinding
pentago
phantom_go
phantom_ttt
phantom_ttt_ir
pig
quoridor
rbc
repeated_game
repeated_leduc_poker
repeated_poker
restricted_nash_response
sheriff
shogi
shogi_proxy
skat
snake
solitaire
spades
start_at
stones_and_gems
tarok
tic_tac_toe
tiny_bridge_2p
tiny_bridge_4p
tiny_hanabi
trade_comm
turn_based_simultaneous_game
twixt
ultimate_tic_tac_toe
ultimate_tic_tac_toe_proxy
universal_poker
xiangqi
y
y_proxy
yacht
zerosum
OpenSpiel exception: OpenSpiel exception: Unknown game 'capture_the_flag'. Available games are:
2048
add_noise
amazons
amazons_proxy
ant_foraging_arena
antichess
backgammon
backgammon_proxy
banqi
bargaining
bargaining_proxy
battleship
blackjack
blotto
breakthrough
bridge
bridge_arena
bridge_uncontested_bidding
cached_tree
catch
checkers
chess
chinese_checkers
cliff_walking
clobber
clobber_proxy
coin_game
coin_game_arena
colored_trails
connect_four
coop_box_pushing
coop_to_1p
coordinated_mp
crazy_eights
crazyhouse
cribbage
cursor_go
dark_chess
dark_hex
dark_hex_ir
deep_sea
dots_and_boxes
dots_and_boxes_proxy
dou_dizhu
efg_game
einstein_wurfelt_nicht
euchre
first_sealed_auction
gin_rummy
gin_rummy_proxy
go
gomoku
goofspiel
hanabi
havannah
havannah_proxy
hearts
hex
hive
kriegspiel
kuhn_poker
laser_tag
latent_ttt
leduc_poker
lewis_signaling
liars_dice
liars_dice_ir
lines_of_action
lines_of_action_proxy
maedn
mancala
mancala_proxy
markov_soccer
matching_pennies_3p
matrix_bos
matrix_brps
matrix_cd
matrix_coordination
matrix_mp
matrix_pd
matrix_rps
matrix_rpsw
matrix_sh
matrix_shapleys_game
mfg_crowd_modelling
mfg_crowd_modelling_2d
mfg_dynamic_routing
mfg_garnet
misere
mnk
morpion_solitaire
negotiation
negotiation_proxy
nfg_game
nim
nine_mens_morris
nine_mens_morris_proxy
normal_form_extensive_game
oh_hell
oshi_zumo
oshi_zumo_proxy
othello
oware
pathfinding
pentago
phantom_go
phantom_ttt
phantom_ttt_ir
pig
quoridor
rbc
repeated_game
repeated_leduc_poker
repeated_poker
restricted_nash_response
sheriff
shogi
shogi_proxy
skat
snake
solitaire
spades
start_at
stones_and_gems
tarok
tic_tac_toe
tiny_bridge_2p
tiny_bridge_4p
tiny_hanabi
trade_comm
turn_based_simultaneous_game
twixt
ultimate_tic_tac_toe
ultimate_tic_tac_toe_proxy
universal_poker
xiangqi
y
y_proxy
yacht
zerosum
Unknown game 'capture_the_flag'. Available games are:
2048
add_noise
amazons
amazons_proxy
ant_foraging_arena
antichess
backgammon
backgammon_proxy
banqi
bargaining
bargaining_proxy
battleship
blackjack
blotto
breakthrough
bridge
bridge_arena
bridge_uncontested_bidding
cached_tree
catch
checkers
chess
chinese_checkers
cliff_walking
clobber
clobber_proxy
coin_game
coin_game_arena
colored_trails
connect_four
coop_box_pushing
coop_to_1p
coordinated_mp
crazy_eights
crazyhouse
cribbage
cursor_go
dark_chess
dark_hex
dark_hex_ir
deep_sea
dots_and_boxes
dots_and_boxes_proxy
dou_dizhu
efg_game
einstein_wurfelt_nicht
euchre
first_sealed_auction
gin_rummy
gin_rummy_proxy
go
gomoku
goofspiel
hanabi
havannah
havannah_proxy
hearts
hex
hive
kriegspiel
kuhn_poker
laser_tag
latent_ttt
leduc_poker
lewis_signaling
liars_dice
liars_dice_ir
lines_of_action
lines_of_action_proxy
maedn
mancala
mancala_proxy
markov_soccer
matching_pennies_3p
matrix_bos
matrix_brps
matrix_cd
matrix_coordination
matrix_mp
matrix_pd
matrix_rps
matrix_rpsw
matrix_sh
matrix_shapleys_game
mfg_crowd_modelling
mfg_crowd_modelling_2d
mfg_dynamic_routing
mfg_garnet
misere
mnk
morpion_solitaire
negotiation
negotiation_proxy
nfg_game
nim
nine_mens_morris
nine_mens_morris_proxy
normal_form_extensive_game
oh_hell
oshi_zumo
oshi_zumo_proxy
othello
oware
pathfinding
pentago
phantom_go
phantom_ttt
phantom_ttt_ir
pig
quoridor
rbc
repeated_game
repeated_leduc_poker
repeated_poker
restricted_nash_response
sheriff
shogi
shogi_proxy
skat
snake
solitaire
spades
start_at
stones_and_gems
tarok
tic_tac_toe
tiny_bridge_2p
tiny_bridge_4p
tiny_hanabi
trade_comm
turn_based_simultaneous_game
twixt
ultimate_tic_tac_toe
ultimate_tic_tac_toe_proxy
universal_poker
xiangqi
y
y_proxy
yacht
zerosum
OpenSpiel exception: Unknown game 'capture_the_flag'. Available games are:
2048
add_noise
amazons
amazons_proxy
ant_foraging_arena
antichess
backgammon
backgammon_proxy
banqi
bargaining
bargaining_proxy
battleship
blackjack
blotto
breakthrough
breakthrough_proxy
bridge
bridge_arena
bridge_uncontested_bidding
cached_tree
catch
chat_game
checkers
checkers_proxy
chess
chinese_checkers
cliff_walking
clobber
clobber_proxy
coin_game
coin_game_arena
coin_game_proxy
colored_trails
connect_four
connect_four_proxy
coop_box_pushing
coop_to_1p
coordinated_mp
crazy_eights
crazyhouse
cribbage
cursor_go
dark_chess
dark_hex
dark_hex_ir
dark_hex_proxy
deep_sea
dots_and_boxes
dots_and_boxes_proxy
dou_dizhu
efg_game
einstein_wurfelt_nicht
euchre
first_sealed_auction
gin_rummy
gin_rummy_proxy
go
go_proxy
gomoku
goofspiel
hanabi
havannah
havannah_proxy
hearts
hex
hive
hive_proxy
kriegspiel
kuhn_poker
laser_tag
latent_ttt
leduc_poker
lewis_signaling
liars_dice
liars_dice_ir
lines_of_action
lines_of_action_proxy
maedn
mancala
mancala_proxy
markov_soccer
markov_soccer_proxy
matching_pennies_3p
matrix_bos
matrix_brps
matrix_cd
matrix_coordination
matrix_mp
matrix_pd
matrix_rps
matrix_rpsw
matrix_sh
matrix_shapleys_game
mfg_crowd_modelling
mfg_crowd_modelling_2d
mfg_dynamic_routing
mfg_garnet
misere
mnk
morpion_solitaire
negotiation
negotiation_proxy
nfg_game
nim
nine_mens_morris
nine_mens_morris_proxy
normal_form_extensive_game
oh_hell
oshi_zumo
oshi_zumo_proxy
othello
othello_proxy
oware
pathfinding
pentago
phantom_go
phantom_ttt
phantom_ttt_ir
pig
python_ant_foraging
python_ant_foraging_proxy
python_block_dominoes
python_dynamic_routing
python_hangman
python_iterated_prisoners_dilemma
python_kuhn_poker
python_liars_poker
python_pokerkit_wrapper
python_pokerkit_wrapper_acpc_style
python_repeated_pokerkit
python_team_dominoes
python_tic_tac_toe
quoridor
rbc
repeated_game
repeated_leduc_poker
repeated_poker
restricted_nash_response
sheriff
shogi
shogi_proxy
skat
snake
snake_proxy
solitaire
spades
start_at
stones_and_gems
tarok
tic_tac_toe
tiny_bridge_2p
tiny_bridge_4p
tiny_hanabi
trade_comm
turn_based_simultaneous_game
twixt
ultimate_tic_tac_toe
ultimate_tic_tac_toe_proxy
universal_poker
xiangqi
y
y_proxy
yacht
zerosum
OpenSpiel exception: Unknown game 'capture_the_flag'. Available games are:
2048
add_noise
amazons
amazons_proxy
ant_foraging_arena
antichess
backgammon
backgammon_proxy
banqi
bargaining
bargaining_proxy
battleship
blackjack
blotto
breakthrough
breakthrough_proxy
bridge
bridge_arena
bridge_uncontested_bidding
cached_tree
catch
chat_game
checkers
checkers_proxy
chess
chinese_checkers
cliff_walking
clobber
clobber_proxy
coin_game
coin_game_arena
coin_game_proxy
colored_trails
connect_four
connect_four_proxy
coop_box_pushing
coop_to_1p
coordinated_mp
crazy_eights
crazyhouse
cribbage
cursor_go
dark_chess
dark_hex
dark_hex_ir
dark_hex_proxy
deep_sea
dots_and_boxes
dots_and_boxes_proxy
dou_dizhu
efg_game
einstein_wurfelt_nicht
euchre
first_sealed_auction
gin_rummy
gin_rummy_proxy
go
go_proxy
gomoku
goofspiel
hanabi
havannah
havannah_proxy
hearts
hex
hive
hive_proxy
kriegspiel
kuhn_poker
laser_tag
latent_ttt
leduc_poker
lewis_signaling
liars_dice
liars_dice_ir
lines_of_action
lines_of_action_proxy
maedn
mancala
mancala_proxy
markov_soccer
markov_soccer_proxy
matching_pennies_3p
matrix_bos
matrix_brps
matrix_cd
matrix_coordination
matrix_mp
matrix_pd
matrix_rps
matrix_rpsw
matrix_sh
matrix_shapleys_game
mfg_crowd_modelling
mfg_crowd_modelling_2d
mfg_dynamic_routing
mfg_garnet
misere
mnk
morpion_solitaire
negotiation
negotiation_proxy
nfg_game
nim
nine_mens_morris
nine_mens_morris_proxy
normal_form_extensive_game
oh_hell
oshi_zumo
oshi_zumo_proxy
othello
othello_proxy
oware
pathfinding
pentago
phantom_go
phantom_ttt
phantom_ttt_ir
pig
python_ant_foraging
python_ant_foraging_proxy
python_block_dominoes
python_dynamic_routing
python_hangman
python_iterated_prisoners_dilemma
python_kuhn_poker
python_liars_poker
python_pokerkit_wrapper
python_pokerkit_wrapper_acpc_style
python_repeated_pokerkit
python_team_dominoes
python_tic_tac_toe
quoridor
rbc
repeated_game
repeated_leduc_poker
repeated_poker
restricted_nash_response
sheriff
shogi
shogi_proxy
skat
snake
snake_proxy
solitaire
spades
start_at
stones_and_gems
tarok
tic_tac_toe
tiny_bridge_2p
tiny_bridge_4p
tiny_hanabi
trade_comm
turn_based_simultaneous_game
twixt
ultimate_tic_tac_toe
ultimate_tic_tac_toe_proxy
universal_poker
xiangqi
y
y_proxy
yacht
zerosum
OpenSpiel exception: Unknown game 'go_fish'. Available games are:
2048
add_noise
amazons
amazons_proxy
ant_foraging_arena
antichess
backgammon
backgammon_proxy
banqi
bargaining
bargaining_proxy
battleship
blackjack
blotto
breakthrough
breakthrough_proxy
bridge
bridge_arena
bridge_uncontested_bidding
cached_tree
catch
chat_game
checkers
checkers_proxy
chess
chinese_checkers
cliff_walking
clobber
clobber_proxy
coin_game
coin_game_arena
coin_game_proxy
colored_trails
connect_four
connect_four_proxy
coop_box_pushing
coop_to_1p
coordinated_mp
crazy_eights
crazyhouse
cribbage
cursor_go
dark_chess
dark_hex
dark_hex_ir
dark_hex_proxy
deep_sea
dots_and_boxes
dots_and_boxes_proxy
dou_dizhu
efg_game
einstein_wurfelt_nicht
euchre
first_sealed_auction
gin_rummy
gin_rummy_proxy
go
go_proxy
gomoku
goofspiel
hanabi
havannah
havannah_proxy
hearts
hex
hive
hive_proxy
kriegspiel
kuhn_poker
laser_tag
latent_ttt
leduc_poker
lewis_signaling
liars_dice
liars_dice_ir
lines_of_action
lines_of_action_proxy
maedn
mancala
mancala_proxy
markov_soccer
markov_soccer_proxy
matching_pennies_3p
matrix_bos
matrix_brps
matrix_cd
matrix_coordination
matrix_mp
matrix_pd
matrix_rps
matrix_rpsw
matrix_sh
matrix_shapleys_game
mfg_crowd_modelling
mfg_crowd_modelling_2d
mfg_dynamic_routing
mfg_garnet
misere
mnk
morpion_solitaire
negotiation
negotiation_proxy
nfg_game
nim
nine_mens_morris
nine_mens_morris_proxy
normal_form_extensive_game
oh_hell
oshi_zumo
oshi_zumo_proxy
othello
othello_proxy
oware
pathfinding
pentago
phantom_go
phantom_ttt
phantom_ttt_ir
pig
python_ant_foraging
python_ant_foraging_proxy
python_block_dominoes
python_dynamic_routing
python_hangman
python_iterated_prisoners_dilemma
python_kuhn_poker
python_liars_poker
python_pokerkit_wrapper
python_pokerkit_wrapper_acpc_style
python_repeated_pokerkit
python_team_dominoes
python_tic_tac_toe
quoridor
rbc
repeated_game
repeated_leduc_poker
repeated_poker
restricted_nash_response
sheriff
shogi
shogi_proxy
skat
snake
snake_proxy
solitaire
spades
start_at
stones_and_gems
tarok
tic_tac_toe
tiny_bridge_2p
tiny_bridge_4p
tiny_hanabi
trade_comm
turn_based_simultaneous_game
twixt
ultimate_tic_tac_toe
ultimate_tic_tac_toe_proxy
universal_poker
xiangqi
y
y_proxy
yacht
zerosum
OpenSpiel exception: Unknown game 'go_fish'. Available games are:
2048
add_noise
amazons
amazons_proxy
ant_foraging_arena
antichess
backgammon
backgammon_proxy
banqi
bargaining
bargaining_proxy
battleship
blackjack
blotto
breakthrough
breakthrough_proxy
bridge
bridge_arena
bridge_uncontested_bidding
cached_tree
catch
chat_game
checkers
checkers_proxy
chess
chinese_checkers
cliff_walking
clobber
clobber_proxy
coin_game
coin_game_arena
coin_game_proxy
colored_trails
connect_four
connect_four_proxy
coop_box_pushing
coop_to_1p
coordinated_mp
crazy_eights
crazyhouse
cribbage
cursor_go
dark_chess
dark_hex
dark_hex_ir
dark_hex_proxy
deep_sea
dots_and_boxes
dots_and_boxes_proxy
dou_dizhu
efg_game
einstein_wurfelt_nicht
euchre
first_sealed_auction
gin_rummy
gin_rummy_proxy
go
go_proxy
gomoku
goofspiel
hanabi
havannah
havannah_proxy
hearts
hex
hive
hive_proxy
kriegspiel
kuhn_poker
laser_tag
latent_ttt
leduc_poker
lewis_signaling
liars_dice
liars_dice_ir
lines_of_action
lines_of_action_proxy
maedn
mancala
mancala_proxy
markov_soccer
markov_soccer_proxy
matching_pennies_3p
matrix_bos
matrix_brps
matrix_cd
matrix_coordination
matrix_mp
matrix_pd
matrix_rps
matrix_rpsw
matrix_sh
matrix_shapleys_game
mfg_crowd_modelling
mfg_crowd_modelling_2d
mfg_dynamic_routing
mfg_garnet
misere
mnk
morpion_solitaire
negotiation
negotiation_proxy
nfg_game
nim
nine_mens_morris
nine_mens_morris_proxy
normal_form_extensive_game
oh_hell
oshi_zumo
oshi_zumo_proxy
othello
othello_proxy
oware
pathfinding
pentago
phantom_go
phantom_ttt
phantom_ttt_ir
pig
python_ant_foraging
python_ant_foraging_proxy
python_block_dominoes
python_dynamic_routing
python_hangman
python_iterated_prisoners_dilemma
python_kuhn_poker
python_liars_poker
python_pokerkit_wrapper
python_pokerkit_wrapper_acpc_style
python_repeated_pokerkit
python_team_dominoes
python_tic_tac_toe
quoridor
rbc
repeated_game
repeated_leduc_poker
repeated_poker
restricted_nash_response
sheriff
shogi
shogi_proxy
skat
snake
snake_proxy
solitaire
spades
start_at
stones_and_gems
tarok
tic_tac_toe
tiny_bridge_2p
tiny_bridge_4p
tiny_hanabi
trade_comm
turn_based_simultaneous_game
twixt
ultimate_tic_tac_toe
ultimate_tic_tac_toe_proxy
universal_poker
xiangqi
y
y_proxy
yacht
zerosum
done 200 / 1221 460 s
done 400 / 1221 829 s
done 600 / 1221 1222 s
done 800 / 1221 1582 s
done 1000 / 1221 1978 s
done 1200 / 1221 2367 s
done 1221 / 1221 2410 s
== goldg (base sf8: 111 rows, wins 41)
  a_care8                n  111      +13 +-   93  wins   41 ->   39 (+0/-2)
  a_d15                  n  111     -341 +-  170  wins   41 ->   35 (+1/-7)
  a_d18                  n  111     +212 +-  224  wins   41 ->   41 (+4/-4)
  a_dpoff                n  111    -1867 +-  206  wins   41 ->   33 (+1/-9)
  a_herdoff              n  111     -386 +-  150  wins   41 ->   41 (+0/-0)
  a_melonoff             n  111     -523 +-  161  wins   41 ->   37 (+0/-4)
  a_rw2                  n  111       +2 +-   87  wins   41 ->   41 (+1/-1)
  a_s2toff               n  111    -1129 +-  304  wins   41 ->   38 (+0/-3)
  a_tickoff              n  111      -61 +-   82  wins   41 ->   40 (+0/-1)
  c22                    n  111      -14 +-   26  wins   41 ->   41 (+0/-0)
errors 0 
elapsed 2410 s
/usr/local/lib/python3.12/dist-packages/mistune.py:435: SyntaxWarning: invalid escape sequence '\|'
  cells[i][c] = re.sub('\\\\\|', '|', cell)
/usr/local/lib/python3.12/dist-packages/nbconvert/filters/filter_links.py:36: SyntaxWarning: invalid escape sequence '\_'
  text = re.sub(r'_', '\_', text) # Escape underscores in display text
[NbConvertApp] Converting notebook __script__.ipynb to html
[NbConvertApp] Writing 348341 bytes to __results__.html
