2254 seats from 1294 games | bands {2400: 694, 2500: 767, 2600: 485, 2700: 191, 2800: 78, 2900: 36, 3000: 3} | teams 264
200 refs 427 s
400 refs 756 s
600 refs 1112 s
800 refs 1454 s
1000 refs 1754 s
1200 refs 2058 s
1400 refs 2250 s
1600 refs 2336 s
1800 refs 2419 s
2000 refs 2504 s
2200 refs 2587 s
Loading environment halite failed: No module named 'numpy'
Loading environment kore_fleets failed: No module named 'numpy'
Loading environment lux_ai_s3 failed: No module named 'numpy'
Loading environment open_spiel_env failed: No module named 'numpy'
Loading environment reinforce_tactics failed: No module named 'numpy'
Loading environment halite failed: No module named 'numpy'
Loading environment kore_fleets failed: No module named 'numpy'
Loading environment lux_ai_s3 failed: No module named 'numpy'
Loading environment open_spiel_env failed: No module named 'numpy'
Loading environment reinforce_tactics failed: No module named 'numpy'
Loading environment halite failed: No module named 'numpy'
Loading environment kore_fleets failed: No module named 'numpy'
Loading environment lux_ai_s3 failed: No module named 'numpy'
Loading environment open_spiel_env failed: No module named 'numpy'
Loading environment reinforce_tactics failed: No module named 'numpy'
Loading environment halite failed: No module named 'numpy'
Loading environment kore_fleets failed: No module named 'numpy'
Loading environment lux_ai_s3 failed: No module named 'numpy'
Loading environment open_spiel_env failed: No module named 'numpy'
Loading environment reinforce_tactics failed: No module named 'numpy'
Loading environment halite failed: No module named 'numpy'
Loading environment kore_fleets failed: No module named 'numpy'
Loading environment lux_ai_s3 failed: No module named 'numpy'
Loading environment open_spiel_env failed: No module named 'numpy'
Loading environment reinforce_tactics failed: No module named 'numpy'
Loading environment halite failed: No module named 'numpy'
Loading environment kore_fleets failed: No module named 'numpy'
Loading environment lux_ai_s3 failed: No module named 'numpy'
Loading environment open_spiel_env failed: No module named 'numpy'
Loading environment reinforce_tactics failed: No module named 'numpy'
done 2254 refs 2608 s
