2254 seats from 1294 games | bands {2400: 694, 2500: 767, 2600: 485, 2700: 191, 2800: 78, 2900: 36, 3000: 3} | teams 264
200 refs 221 s
400 refs 462 s
600 refs 648 s
800 refs 864 s
1000 refs 1067 s
1200 refs 1287 s
1400 refs 1470 s
1600 refs 1675 s
1800 refs 1876 s
2000 refs 2065 s
2200 refs 2256 s
Loading environment halite failed: No module named 'numpy'
Loading environment kore_fleets failed: No module named 'numpy'
Loading environment lux_ai_s3 failed: No module named 'numpy'
Loading environment open_spiel_env failed: No module named 'numpy'
Loading environment reinforce_tactics failed: No module named 'numpy'
Loading environment halite failed: No module named 'numpy'
Loading environment kore_fleets failed: No module named 'numpy'
Loading environment lux_ai_s3 failed: No module named 'numpy'
Loading environment open_spiel_env failed: No module named 'numpy'
Loading environment reinforce_tactics failed: No module named 'numpy'
Loading environment halite failed: No module named 'numpy'
Loading environment kore_fleets failed: No module named 'numpy'
Loading environment lux_ai_s3 failed: No module named 'numpy'
Loading environment open_spiel_env failed: No module named 'numpy'
Loading environment reinforce_tactics failed: No module named 'numpy'
Loading environment halite failed: No module named 'numpy'
Loading environment kore_fleets failed: No module named 'numpy'
Loading environment lux_ai_s3 failed: No module named 'numpy'
Loading environment open_spiel_env failed: No module named 'numpy'
Loading environment reinforce_tactics failed: No module named 'numpy'
Loading environment halite failed: No module named 'numpy'
Loading environment kore_fleets failed: No module named 'numpy'
Loading environment lux_ai_s3 failed: No module named 'numpy'
Loading environment open_spiel_env failed: No module named 'numpy'
Loading environment reinforce_tactics failed: No module named 'numpy'
Loading environment halite failed: No module named 'numpy'
Loading environment kore_fleets failed: No module named 'numpy'
Loading environment lux_ai_s3 failed: No module named 'numpy'
Loading environment open_spiel_env failed: No module named 'numpy'
Loading environment reinforce_tactics failed: No module named 'numpy'
Loading environment halite failed: No module named 'numpy'
Loading environment kore_fleets failed: No module named 'numpy'
Loading environment lux_ai_s3 failed: No module named 'numpy'
Loading environment open_spiel_env failed: No module named 'numpy'
Loading environment reinforce_tactics failed: No module named 'numpy'
Loading environment halite failed: No module named 'numpy'
Loading environment kore_fleets failed: No module named 'numpy'
Loading environment lux_ai_s3 failed: No module named 'numpy'
Loading environment open_spiel_env failed: No module named 'numpy'
Loading environment reinforce_tactics failed: No module named 'numpy'
Loading environment halite failed: No module named 'numpy'
Loading environment kore_fleets failed: No module named 'numpy'
Loading environment lux_ai_s3 failed: No module named 'numpy'
Loading environment open_spiel_env failed: No module named 'numpy'
Loading environment reinforce_tactics failed: No module named 'numpy'
Loading environment halite failed: No module named 'numpy'
Loading environment kore_fleets failed: No module named 'numpy'
Loading environment lux_ai_s3 failed: No module named 'numpy'
Loading environment open_spiel_env failed: No module named 'numpy'
Loading environment reinforce_tactics failed: No module named 'numpy'
done 2254 refs 2291 s
sorted 2254
