851 seats {'Majkel1337': 80, 'Unknown Mother-Goose': 80, 'Boey': 80, 'DSM': 80, 'DECEM': 80, 'Vadim Vasilenko': 80, 'Azat Akhtyamov': 80, 'Fourth Quadrant': 61, 'Victor @ Tufa Labs': 47, 'Anton Tikhonov': 43, 'KawattaTaido': 30, '🐚seek inspiration🐚': 25, 'akmr': 17, 'Gordeev Max': 16, 'mtmr_s1': 14, 'Yizhou': 14, 'yuto083': 13, 'My second life': 10, 'Kaggledew Valley 🏆': 1}
100 refs 41 s
200 refs 73 s
300 refs 113 s
400 refs 156 s
500 refs 191 s
600 refs 239 s
700 refs 287 s
800 refs 323 s
Loading environment halite failed: No module named 'numpy'
Loading environment kore_fleets failed: No module named 'numpy'
Loading environment lux_ai_s3 failed: No module named 'numpy'
Loading environment open_spiel_env failed: No module named 'numpy'
Loading environment reinforce_tactics failed: No module named 'numpy'
Loading environment halite failed: No module named 'numpy'
Loading environment kore_fleets failed: No module named 'numpy'
Loading environment lux_ai_s3 failed: No module named 'numpy'
Loading environment open_spiel_env failed: No module named 'numpy'
Loading environment reinforce_tactics failed: No module named 'numpy'
Loading environment halite failed: No module named 'numpy'
Loading environment kore_fleets failed: No module named 'numpy'
Loading environment lux_ai_s3 failed: No module named 'numpy'
Loading environment open_spiel_env failed: No module named 'numpy'
Loading environment reinforce_tactics failed: No module named 'numpy'
Loading environment halite failed: No module named 'numpy'
Loading environment kore_fleets failed: No module named 'numpy'
Loading environment lux_ai_s3 failed: No module named 'numpy'
Loading environment open_spiel_env failed: No module named 'numpy'
Loading environment reinforce_tactics failed: No module named 'numpy'
Loading environment halite failed: No module named 'numpy'
Loading environment kore_fleets failed: No module named 'numpy'
Loading environment lux_ai_s3 failed: No module named 'numpy'
Loading environment open_spiel_env failed: No module named 'numpy'
Loading environment reinforce_tactics failed: No module named 'numpy'
Loading environment halite failed: No module named 'numpy'
Loading environment kore_fleets failed: No module named 'numpy'
Loading environment lux_ai_s3 failed: No module named 'numpy'
Loading environment open_spiel_env failed: No module named 'numpy'
Loading environment reinforce_tactics failed: No module named 'numpy'
Loading environment halite failed: No module named 'numpy'
Loading environment kore_fleets failed: No module named 'numpy'
Loading environment lux_ai_s3 failed: No module named 'numpy'
Loading environment open_spiel_env failed: No module named 'numpy'
Loading environment reinforce_tactics failed: No module named 'numpy'
Loading environment halite failed: No module named 'numpy'
Loading environment kore_fleets failed: No module named 'numpy'
Loading environment lux_ai_s3 failed: No module named 'numpy'
Loading environment open_spiel_env failed: No module named 'numpy'
Loading environment reinforce_tactics failed: No module named 'numpy'
Loading environment halite failed: No module named 'numpy'
Loading environment kore_fleets failed: No module named 'numpy'
Loading environment lux_ai_s3 failed: No module named 'numpy'
Loading environment open_spiel_env failed: No module named 'numpy'
Loading environment reinforce_tactics failed: No module named 'numpy'
Loading environment halite failed: No module named 'numpy'
Loading environment kore_fleets failed: No module named 'numpy'
Loading environment lux_ai_s3 failed: No module named 'numpy'
Loading environment open_spiel_env failed: No module named 'numpy'
Loading environment reinforce_tactics failed: No module named 'numpy'
Loading environment halite failed: No module named 'numpy'
Loading environment kore_fleets failed: No module named 'numpy'
Loading environment lux_ai_s3 failed: No module named 'numpy'
Loading environment open_spiel_env failed: No module named 'numpy'
Loading environment reinforce_tactics failed: No module named 'numpy'
Loading environment halite failed: No module named 'numpy'
Loading environment kore_fleets failed: No module named 'numpy'
Loading environment lux_ai_s3 failed: No module named 'numpy'
Loading environment open_spiel_env failed: No module named 'numpy'
Loading environment reinforce_tactics failed: No module named 'numpy'
done 851 refs 340 s
