吃白饭的大肥鱼: 63 seats, picked 20
THIRD FARM CLUB: 36 seats, picked 20
mtmr_s1: 31 seats, picked 20
Kaggledew Valley 🏆: 30 seats, picked 20
TheEggman: 15 seats, picked 15
Yizhou: 16 seats, picked 16
Loading environment halite failed: No module named 'numpy'
Loading environment kore_fleets failed: No module named 'numpy'
Loading environment lux_ai_s3 failed: No module named 'numpy'
Loading environment open_spiel_env failed: No module named 'numpy'
Loading environment reinforce_tactics failed: No module named 'numpy'
Loading environment halite failed: No module named 'numpy'
Loading environment kore_fleets failed: No module named 'numpy'
Loading environment lux_ai_s3 failed: No module named 'numpy'
Loading environment open_spiel_env failed: No module named 'numpy'
Loading environment reinforce_tactics failed: No module named 'numpy'
Loading environment halite failed: No module named 'numpy'
Loading environment kore_fleets failed: No module named 'numpy'
Loading environment lux_ai_s3 failed: No module named 'numpy'
Loading environment open_spiel_env failed: No module named 'numpy'
Loading environment reinforce_tactics failed: No module named 'numpy'
Loading environment halite failed: No module named 'numpy'
Loading environment kore_fleets failed: No module named 'numpy'
Loading environment lux_ai_s3 failed: No module named 'numpy'
Loading environment open_spiel_env failed: No module named 'numpy'
Loading environment reinforce_tactics failed: No module named 'numpy'
seats 111 reproduced 111 games 110
