games 249 jobs 249 done 0
112495873 chungkuangwen nds/lean_sf8_nextleak.py m -2832.0 tmax 0.4358 fire 321 [1/249 15s]
112328984 chocolat nds/lean_sf8_nextleak.py m 15701.0 tmax 0.8912 fire 167 [2/249 17s]
112300737 mikelou1 nds/lean_sf8_nextleak.py m 14463.0 tmax 0.6163 fire 370 [3/249 17s]
112289388 mikelou1 nds/lean_sf8_nextleak.py m 5108.0 tmax 0.7071 fire 83 [4/249 31s]
112261816 Shawn404 nds/lean_sf8_nextleak.py m -1188.0 tmax 0.4848 fire 72 [5/249 33s]
112288303 QQ农场 nds/lean_sf8_nextleak.py m 14685.0 tmax 1.0158 fire 404 [6/249 36s]
112233724 Omar Althobaiti nds/lean_sf8_nextleak.py m 14671.0 tmax 0.8146 fire 387 [7/249 52s]
112226919 Dieter nds/lean_sf8_nextleak.py m -1191.0 tmax 0.9533 fire 358 [8/249 53s]
112202146 Evil Mango nds/lean_sf8_nextleak.py m -1572.0 tmax 0.5108 fire 28 [9/249 54s]
112196622 Fateyongheng nds/lean_sf8_nextleak.py m 3177.0 tmax 0.591 fire 91 [10/249 72s]
112190830 Driz Lo nds/lean_sf8_nextleak.py m 4745.0 tmax 1.3308 fire 137 [11/249 75s]
112190362 RangerSnow nds/lean_sf8_nextleak.py m 1537.0 tmax 1.5019 fire 273 [12/249 77s]
112184604 Bohann Wang nds/lean_sf8_nextleak.py m 2430.0 tmax 0.5766 fire 107 [13/249 90s]
112178518 QQ农场 nds/lean_sf8_nextleak.py m 1451.0 tmax 0.5647 fire 46 [14/249 92s]
112171237 摆烂小分队 🏆 nds/lean_sf8_nextleak.py m 51.0 tmax 1.2135 fire 131 [15/249 97s]
112168268 Shawn404 nds/lean_sf8_nextleak.py m 8601.0 tmax 0.9925 fire 540 [16/249 109s]
112167210 chungkuangwen nds/lean_sf8_nextleak.py m 2366.0 tmax 0.833 fire 308 [17/249 109s]
112161810 Sida Zuo nds/lean_sf8_nextleak.py m -8702.0 tmax 0.5607 fire 292 [18/249 114s]
112159545 Sida Zuo nds/lean_sf8_nextleak.py m -2530.0 tmax 0.5907 fire 320 [19/249 127s]
112158294 Sida Zuo nds/lean_sf8_nextleak.py m -54.0 tmax 0.624 fire 368 [20/249 127s]
112147754 Sida Zuo nds/lean_sf8_nextleak.py m -1365.0 tmax 1.0357 fire 379 [21/249 135s]
112138739 HowardLeeTW nds/lean_sf8_nextleak.py m 3387.0 tmax 0.6662 fire 236 [22/249 142s]
112138698 DeeperNet nds/lean_sf8_nextleak.py m -8984.0 tmax 0.7515 fire 280 [23/249 144s]
112131689 ShunkiKyoya nds/lean_sf8_nextleak.py m 2416.0 tmax 0.6011 fire 387 [24/249 150s]
112117621 RS Turley nds/lean_sf8_nextleak.py m -13905.0 tmax 0.6278 fire 337 [25/249 159s]
112110886 Planned Economy nds/lean_sf8_nextleak.py m 3983.0 tmax 0.5734 fire 396 [26/249 161s]
112108639 🐚seek inspiration🐚 nds/lean_sf8_nextleak.py m 2744.0 tmax 0.5515 fire 422 [27/249 167s]
112101868 🐚seek inspiration🐚 nds/lean_sf8_nextleak.py m 6078.0 tmax 1.054 fire 383 [28/249 178s]
112092277 URAD nds/lean_sf8_nextleak.py m 1082.0 tmax 0.8852 fire 208 [29/249 178s]
112065345 Alperen Aydın nds/lean_sf8_nextleak.py m 1506.0 tmax 0.5263 fire 46 [30/249 185s]
112057430 Yannik Schiffner nds/lean_sf8_nextleak.py m -11517.0 tmax 0.5417 fire 340 [31/249 194s]
112057415 KouFu nds/lean_sf8_nextleak.py m 8900.0 tmax 1.3511 fire 94 [32/249 198s]
112048732 sAIzeria Harness nds/lean_sf8_nextleak.py m 4142.0 tmax 0.5631 fire 124 [33/249 202s]
112028173 TheEggman nds/lean_sf8_nextleak.py m -8977.0 tmax 0.6699 fire 338 [34/249 212s]
112023613 Ryo Hasegawa nds/lean_sf8_nextleak.py m 11430.0 tmax 0.774 fire 332 [35/249 218s]
112024748 Ryo Hasegawa nds/lean_sf8_nextleak.py m -5497.0 tmax 0.5633 fire 161 [36/249 219s]
112021364 lingxiaojun nds/lean_sf8_nextleak.py m -8505.0 tmax 0.5638 fire 345 [37/249 228s]
112022496 吃白饭的大肥鱼 nds/lean_sf8_nextleak.py m -16611.0 tmax 0.6525 fire 221 [38/249 235s]
112019113 Omar Althobaiti nds/lean_sf8_nextleak.py m 410.0 tmax 0.8497 fire 98 [39/249 238s]
112017974 tw1nstar nds/lean_sf8_nextleak.py m 560.0 tmax 0.5043 fire 42 [40/249 245s]
112015706 kwa nds/lean_sf8_nextleak.py m -1339.0 tmax 0.8413 fire 329 [41/249 253s]
112014576 tetsuya & yuanzhe & guoqi nds/lean_sf8_nextleak.py m -16181.0 tmax 0.693 fire 429 [42/249 256s]
112013523 Excluding nds/lean_sf8_nextleak.py m -8683.0 tmax 0.527 fire 334 [43/249 260s]
112012297 Mohamed Salah nds/lean_sf8_nextleak.py m 8901.0 tmax 1.1354 fire 216 [44/249 271s]
112011157 Ad Space Available nds/lean_sf8_nextleak.py m -5281.0 tmax 0.5947 fire 394 [45/249 271s]
112010028 feel the agi nds/lean_sf8_nextleak.py m -8067.0 tmax 0.8682 fire 57 [46/249 278s]
112007872 Excluding nds/lean_sf8_nextleak.py m -14920.0 tmax 0.6574 fire 344 [47/249 287s]
112007752 Mohamed Salah nds/lean_sf8_nextleak.py m 10290.0 tmax 0.9826 fire 402 [48/249 288s]
112006618 ShunkiKyoya nds/lean_sf8_nextleak.py m 29353.0 tmax 0.6016 fire 369 [49/249 294s]
112005498 ShunkiKyoya nds/lean_sf8_nextleak.py m 8483.0 tmax 0.6322 fire 312 [50/249 300s]
112000958 SpaTaro nds/lean_sf8_nextleak.py m 163.0 tmax 0.438 fire 408 [51/249 302s]
112003221 Roxy nds/lean_sf8_nextleak.py m 16147.0 tmax 0.9533 fire 378 [52/249 310s]
112003820 RangerSnow nds/lean_sf8_nextleak.py m 3774.0 tmax 0.4747 fire 105 [53/249 314s]
111997584 Ziad EL ARARI nds/lean_sf8_nextleak.py m 4032.0 tmax 0.6906 fire 136 [54/249 317s]
112323195 AI是我的豆包 nds/lean_sf8_nextleak.py m 12308.0 tmax 0.8267 fire 338 [55/249 325s]
112316135 Sida Zuo nds/lean_sf8_nextleak.py m -8255.0 tmax 0.7122 fire 352 [56/249 329s]
112312308 URAD nds/lean_sf8_nextleak.py m 3006.0 tmax 0.4926 fire 118 [57/249 331s]
112308883 Ghost Rule nds/lean_sf8_nextleak.py m 5553.0 tmax 0.601 fire 203 [58/249 339s]
112304274 🐚seek inspiration🐚 nds/lean_sf8_nextleak.py m -6290.0 tmax 0.5611 fire 224 [59/249 343s]
112288318 tw1nstar nds/lean_sf8_nextleak.py m 4215.0 tmax 0.444 fire 101 [60/249 345s]
112286779 Crop Dustas nds/lean_sf8_nextleak.py m 5251.0 tmax 0.4901 fire 452 [61/249 353s]
112279120 Azat Akhtyamov nds/lean_sf8_nextleak.py m 534.0 tmax 0.501 fire 420 [62/249 358s]
112275631 Excluding nds/lean_sf8_nextleak.py m -6001.0 tmax 0.5364 fire 298 [63/249 359s]
112271009 KouFu nds/lean_sf8_nextleak.py m 2842.0 tmax 0.5802 fire 68 [64/249 368s]
112257944 URAD nds/lean_sf8_nextleak.py m 1737.0 tmax 0.4758 fire 60 [65/249 372s]
112253496 Densike nds/lean_sf8_nextleak.py m 2942.0 tmax 0.4551 fire 260 [66/249 373s]
112251252 RangerSnow nds/lean_sf8_nextleak.py m 9661.0 tmax 0.9432 fire 167 [67/249 385s]
112239192 Driz Lo nds/lean_sf8_nextleak.py m 1580.0 tmax 0.4345 fire 28 [68/249 387s]
112228347 chungkuangwen nds/lean_sf8_nextleak.py m -1168.0 tmax 0.5147 fire 202 [69/249 387s]
112209692 Azat Akhtyamov nds/lean_sf8_nextleak.py m 25699.0 tmax 0.4725 fire 339 [70/249 399s]
112194915 kwa nds/lean_sf8_nextleak.py m -2639.0 tmax 0.5895 fire 361 [71/249 401s]
112193586 keiz nds/lean_sf8_nextleak.py m 3049.0 tmax 0.394 fire 66 [72/249 401s]
112184788 DeeperNet nds/lean_sf8_nextleak.py m -1378.0 tmax 0.4619 fire 240 [73/249 412s]
112182267 Fateyongheng nds/lean_sf8_nextleak.py m 5918.0 tmax 0.511 fire 19 [74/249 414s]
112168840 forever young nds/lean_sf8_nextleak.py m 674.0 tmax 0.4163 fire 127 [75/249 414s]
112151650 摆烂小分队 🏆 nds/lean_sf8_nextleak.py m 16446.0 tmax 0.717 fire 413 [76/249 427s]
112132559 c0nrad nds/lean_sf8_nextleak.py m 74.0 tmax 0.449 fire 403 [77/249 427s]
112138798 chungkuangwen nds/lean_sf8_nextleak.py m 10719.0 tmax 0.5531 fire 435 [78/249 427s]
112129321 HowardLeeTW nds/lean_sf8_nextleak.py m -5152.0 tmax 0.6365 fire 257 [79/249 438s]
112130482 feel the agi nds/lean_sf8_nextleak.py m -3107.0 tmax 0.4892 fire 406 [80/249 439s]
112108476 ShunkiKyoya nds/lean_sf8_nextleak.py m -434.0 tmax 0.3301 fire 380 [81/249 440s]
112099195 Justin Yang nds/lean_sf8_nextleak.py m 27116.0 tmax 0.3203 fire 127 [82/249 449s]
112099020 Yannik Schiffner nds/lean_sf8_nextleak.py m -5362.0 tmax 0.4839 fire 304 [83/249 451s]
112091361 M & M & P & Q nds/lean_sf8_nextleak.py m -8770.0 tmax 0.4687 fire 443 [84/249 452s]
112089086 M & M & P & Q nds/lean_sf8_nextleak.py m 9757.0 tmax 0.2939 fire 437 [85/249 459s]
112086187 by nds/lean_sf8_nextleak.py m 11412.0 tmax 0.4682 fire 484 [86/249 461s]
112071367 KouFu nds/lean_sf8_nextleak.py m 3143.0 tmax 0.4692 fire 64 [87/249 462s]
112062179 SpaTaro nds/lean_sf8_nextleak.py m 304.0 tmax 0.3019 fire 461 [88/249 468s]
112064245 Yannik Schiffner nds/lean_sf8_nextleak.py m -13981.0 tmax 0.3846 fire 317 [89/249 471s]
112061257 Driz Lo nds/lean_sf8_nextleak.py m 486.0 tmax 0.2613 fire 192 [90/249 471s]
112054375 Chris Deotte nds/lean_sf8_nextleak.py m 1119.0 tmax 0.2366 fire 126 [91/249 476s]
112041588 吃白饭的大肥鱼 nds/lean_sf8_nextleak.py m -16001.0 tmax 0.3678 fire 391 [92/249 480s]
112039727 Planned Economy nds/lean_sf8_nextleak.py m -5296.0 tmax 0.3264 fire 308 [93/249 480s]
112027927 mtmr_s1 nds/lean_sf8_nextleak.py m -18487.0 tmax 0.3653 fire 330 [94/249 486s]
112009465 fuxi nds/lean_sf8_nextleak.py m -1936.0 tmax 0.2458 fire 323 [95/249 488s]
112000290 kwa nds/lean_sf8_nextleak.py m 4217.0 tmax 0.297 fire 430 [96/249 489s]
111993506 Ebi nds/lean_sf8_nextleak.py m -927.0 tmax 0.7729 fire 431 [97/249 499s]
111972195 アルモンド nds/lean_sf8_nextleak.py m 15144.0 tmax 0.98 fire 192 [98/249 503s]
111970990 Driz Lo nds/lean_sf8_nextleak.py m -606.0 tmax 0.4904 fire 29 [99/249 503s]
111969841 Agricola nds/lean_sf8_nextleak.py m 22454.0 tmax 0.9973 fire 425 [100/249 516s]
111960746 URAD nds/lean_sf8_nextleak.py m 3144.0 tmax 0.4942 fire 84 [101/249 518s]
111967561 RangerSnow nds/lean_sf8_nextleak.py m 764.0 tmax 0.4854 fire 76 [102/249 518s]
111958469 Ryo Hasegawa nds/lean_sf8_nextleak.py m -1219.0 tmax 0.5346 fire 370 [103/249 531s]
111953920 forever young nds/lean_sf8_nextleak.py m 2554.0 tmax 0.6498 fire 134 [104/249 534s]
111958963 forever young nds/lean_sf8_nextleak.py m 4467.0 tmax 0.5106 fire 329 [105/249 534s]
111949385 Andrej Angelovski nds/lean_sf8_nextleak.py m 288.0 tmax 0.6173 fire 49 [106/249 545s]
111890242 lingxiaojun nds/lean_sf8_nextleak.py m 9194.0 tmax 0.5583 fire 296 [107/249 548s]
111935193 QQ农场 nds/lean_sf8_nextleak.py m 2603.0 tmax 0.9189 fire 187 [108/249 550s]
111871922 Dmitriy Ulybin nds/lean_sf8_nextleak.py m 9699.0 tmax 1.1613 fire 133 [109/249 562s]
111861155 motono0223 nds/lean_sf8_nextleak.py m 12961.0 tmax 0.9864 fire 78 [110/249 564s]
111848680 Roxy nds/lean_sf8_nextleak.py m 2049.0 tmax 0.4349 fire 81 [111/249 565s]
111843006 Agricola nds/lean_sf8_nextleak.py m 3222.0 tmax 0.7313 fire 122 [112/249 577s]
111835444 mikelou1 nds/lean_sf8_nextleak.py m 270.0 tmax 0.4927 fire 9 [113/249 579s]
111826070 Rudra nds/lean_sf8_nextleak.py m 1966.0 tmax 0.518 fire 141 [114/249 580s]
111820488 Matsu nds/lean_sf8_nextleak.py m 2654.0 tmax 0.4177 fire 90 [115/249 592s]
111799350 Gleb Tumanov nds/lean_sf8_nextleak.py m 2033.0 tmax 0.9294 fire 187 [116/249 595s]
111809393 Matsu nds/lean_sf8_nextleak.py m 3565.0 tmax 0.9171 fire 118 [117/249 595s]
111794602 Ziad EL ARARI nds/lean_sf8_nextleak.py m -1610.0 tmax 0.4428 fire 183 [118/249 607s]
111788029 xi luo nds/lean_sf8_nextleak.py m 3413.0 tmax 0.5259 fire 118 [119/249 610s]
111792060 chocolat nds/lean_sf8_nextleak.py m 3665.0 tmax 0.832 fire 125 [120/249 611s]
111777154 kyy666 nds/lean_sf8_nextleak.py m 4191.0 tmax 0.8369 fire 179 [121/249 623s]
111772109 in blue nds/lean_sf8_nextleak.py m 3327.0 tmax 0.4841 fire 183 [122/249 625s]
111769097 Kaggriculture Agent nds/lean_sf8_nextleak.py m 6854.0 tmax 1.0956 fire 187 [123/249 628s]
111749735 Ziad EL ARARI nds/lean_sf8_nextleak.py m -19.0 tmax 0.4097 fire 63 [124/249 639s]
111752423 open5 nds/lean_sf8_nextleak.py m 35109.0 tmax 0.9236 fire 386 [125/249 640s]
111737421 Capitaalgain nds/lean_sf8_nextleak.py m 640.0 tmax 0.9273 fire 129 [126/249 644s]
111734247 kyy666 nds/lean_sf8_nextleak.py m 19937.0 tmax 0.9234 fire 164 [127/249 656s]
111733115 Vaibhav Gupta nds/lean_sf8_nextleak.py m 31032.0 tmax 0.9296 fire 414 [128/249 656s]
111732000 Zyy7390 nds/lean_sf8_nextleak.py m 6520.0 tmax 0.5532 fire 150 [129/249 659s]
111719670 Evil Mango nds/lean_sf8_nextleak.py m 5709.0 tmax 0.9621 fire 257 [130/249 674s]
111721280 Ryo Hasegawa nds/lean_sf8_nextleak.py m 18246.0 tmax 1.0853 fire 381 [131/249 674s]
112090712 Roxy nds/lean_sf8_nextleak.py m 3554.0 tmax 0.8543 fire 181 [132/249 676s]
112041955 URAD nds/lean_sf8_nextleak.py m 3597.0 tmax 0.4043 fire 85 [133/249 689s]
112032710 Ziad EL ARARI nds/lean_sf8_nextleak.py m 22422.0 tmax 1.1128 fire 473 [134/249 694s]
112030438 A. R. SEKKAT nds/lean_sf8_nextleak.py m 2976.0 tmax 0.7106 fire 136 [135/249 694s]
112027040 Yeswanthperni nds/lean_sf8_nextleak.py m 2513.0 tmax 0.6856 fire 123 [136/249 705s]
112013431 tw1nstar nds/lean_sf8_nextleak.py m 297.0 tmax 0.3594 fire 20 [137/249 707s]
112008898 Chris Deotte nds/lean_sf8_nextleak.py m 1862.0 tmax 0.9954 fire 92 [138/249 710s]
112079112 Dmitriy Ulybin nds/lean_sf8_nextleak.py m 3788.0 tmax 0.399 fire 151 [139/249 720s]
112098426 Chris Deotte nds/lean_sf8_nextleak.py m 12265.0 tmax 0.8156 fire 487 [140/249 720s]
112047339 Ryuichi nds/lean_sf8_nextleak.py m 4339.0 tmax 1.0308 fire 160 [141/249 726s]
111991165 arutyunoff nds/lean_sf8_nextleak.py m 6737.0 tmax 0.4142 fire 126 [142/249 734s]
111983533 asteriam nds/lean_sf8_nextleak.py m 3462.0 tmax 0.4941 fire 69 [143/249 735s]
111973434 我小栗帽要娶藤正进行曲！！！💍 nds/lean_sf8_nextleak.py m 24884.0 tmax 0.7424 fire 345 [144/249 742s]
111968698 easygame nds/lean_sf8_nextleak.py m 2558.0 tmax 0.6743 fire 59 [145/249 751s]
111966411 sAIzeria Harness nds/lean_sf8_nextleak.py m 6406.0 tmax 0.9478 fire 458 [146/249 753s]
111963013 Grim Reaper nds/lean_sf8_nextleak.py m 1155.0 tmax 0.371 fire 19 [147/249 758s]
111948251 yomogii nds/lean_sf8_nextleak.py m 2997.0 tmax 0.3716 fire 82 [148/249 766s]
111952785 Grim Reaper nds/lean_sf8_nextleak.py m 7330.0 tmax 0.872 fire 185 [149/249 766s]
JOB FAILED JSONDecodeError("Expecting ',' delimiter: line 1 column 54 (char 53)")
JOB FAILED JSONDecodeError("Expecting ',' delimiter: line 1 column 54 (char 53)")
JOB FAILED JSONDecodeError("Expecting ',' delimiter: line 1 column 54 (char 53)")
JOB FAILED JSONDecodeError("Expecting ',' delimiter: line 1 column 55 (char 54)")
JOB FAILED JSONDecodeError("Expecting ',' delimiter: line 1 column 51 (char 50)")
JOB FAILED JSONDecodeError("Expecting ',' delimiter: line 1 column 54 (char 53)")
JOB FAILED JSONDecodeError("Expecting ',' delimiter: line 1 column 70 (char 69)")
JOB FAILED JSONDecodeError("Expecting ',' delimiter: line 1 column 55 (char 54)")
JOB FAILED JSONDecodeError("Expecting ',' delimiter: line 1 column 55 (char 54)")
JOB FAILED JSONDecodeError("Expecting ',' delimiter: line 1 column 61 (char 60)")
JOB FAILED JSONDecodeError("Expecting ',' delimiter: line 1 column 54 (char 53)")
JOB FAILED JSONDecodeError("Expecting ',' delimiter: line 1 column 55 (char 54)")
JOB FAILED JSONDecodeError("Expecting ',' delimiter: line 1 column 54 (char 53)")
JOB FAILED JSONDecodeError("Expecting ',' delimiter: line 1 column 54 (char 53)")
JOB FAILED JSONDecodeError("Expecting ',' delimiter: line 1 column 54 (char 53)")
JOB FAILED JSONDecodeError("Expecting ',' delimiter: line 1 column 58 (char 57)")
JOB FAILED JSONDecodeError("Expecting ',' delimiter: line 1 column 57 (char 56)")
JOB FAILED JSONDecodeError("Expecting ',' delimiter: line 1 column 56 (char 55)")
JOB FAILED JSONDecodeError("Expecting ',' delimiter: line 1 column 54 (char 53)")
JOB FAILED JSONDecodeError("Expecting ',' delimiter: line 1 column 54 (char 53)")
JOB FAILED JSONDecodeError("Expecting ',' delimiter: line 1 column 54 (char 53)")
JOB FAILED JSONDecodeError("Expecting ',' delimiter: line 1 column 54 (char 53)")
JOB FAILED JSONDecodeError("Expecting ',' delimiter: line 1 column 54 (char 53)")
JOB FAILED JSONDecodeError("Expecting ',' delimiter: line 1 column 54 (char 53)")
JOB FAILED JSONDecodeError("Expecting ',' delimiter: line 1 column 54 (char 53)")
JOB FAILED JSONDecodeError("Expecting ',' delimiter: line 1 column 54 (char 53)")
JOB FAILED JSONDecodeError("Expecting ',' delimiter: line 1 column 63 (char 62)")
JOB FAILED JSONDecodeError("Expecting ',' delimiter: line 1 column 56 (char 55)")
JOB FAILED JSONDecodeError("Expecting ',' delimiter: line 1 column 54 (char 53)")
JOB FAILED JSONDecodeError("Expecting ',' delimiter: line 1 column 57 (char 56)")
JOB FAILED JSONDecodeError("Expecting ',' delimiter: line 1 column 54 (char 53)")
JOB FAILED JSONDecodeError("Expecting ',' delimiter: line 1 column 60 (char 59)")
JOB FAILED JSONDecodeError("Expecting ',' delimiter: line 1 column 58 (char 57)")
JOB FAILED JSONDecodeError("Expecting ',' delimiter: line 1 column 55 (char 54)")
JOB FAILED JSONDecodeError("Expecting ',' delimiter: line 1 column 54 (char 53)")
JOB FAILED JSONDecodeError("Expecting ',' delimiter: line 1 column 56 (char 55)")
JOB FAILED JSONDecodeError("Expecting ',' delimiter: line 1 column 54 (char 53)")
JOB FAILED JSONDecodeError("Expecting ',' delimiter: line 1 column 56 (char 55)")
JOB FAILED JSONDecodeError("Expecting ',' delimiter: line 1 column 54 (char 53)")
JOB FAILED JSONDecodeError("Expecting ',' delimiter: line 1 column 54 (char 53)")
JOB FAILED JSONDecodeError("Expecting ',' delimiter: line 1 column 66 (char 65)")
JOB FAILED JSONDecodeError("Expecting ',' delimiter: line 1 column 65 (char 64)")
JOB FAILED JSONDecodeError("Expecting ',' delimiter: line 1 column 54 (char 53)")
JOB FAILED JSONDecodeError("Expecting ',' delimiter: line 1 column 63 (char 62)")
JOB FAILED JSONDecodeError("Expecting ',' delimiter: line 1 column 54 (char 53)")
JOB FAILED JSONDecodeError("Expecting ',' delimiter: line 1 column 54 (char 53)")
112268137 xi luo nds/lean_sf8_nextleak.py m 1389.0 tmax 0.6621 fire 107 [150/249 1083s]
112268617 Shawn404 nds/lean_sf8_nextleak.py m 2519.0 tmax 0.5966 fire 33 [151/249 1088s]
112219935 Batuhan Ustun nds/lean_sf8_nextleak.py m 4763.0 tmax 1.0959 fire 105 [152/249 1105s]
112213769 HD h Joratos nds/lean_sf8_nextleak.py m 2354.0 tmax 0.6456 fire 87 [153/249 1108s]
112178512 Sirui Zeng nds/lean_sf8_nextleak.py m 3043.0 tmax 1.1465 fire 156 [154/249 1113s]
112143149 TheEggman nds/lean_sf8_nextleak.py m -11378.0 tmax 0.6325 fire 384 [155/249 1133s]
112166470 Bohann Wang nds/lean_sf8_nextleak.py m 4614.0 tmax 1.4304 fire 44 [156/249 1136s]
112132265 open5 nds/lean_sf8_nextleak.py m -309.0 tmax 1.8574 fire 97 [157/249 1144s]
112231156 Artem The Farmer 🍅 nds/lean_sf8_nextleak.py m -645.0 tmax 0.8631 fire 338 [158/249 1162s]
112215497 forever young nds/lean_sf8_nextleak.py m 1203.0 tmax 0.6359 fire 46 [159/249 1162s]
112172969 sonny_01 nds/lean_sf8_nextleak.py m 10088.0 tmax 1.6289 fire 180 [160/249 1176s]
112153774 MiMi nds/lean_sf8_nextleak.py m 2350.0 tmax 0.7327 fire 33 [161/249 1188s]
112159851 Rio nds/lean_sf8_nextleak.py m 4722.0 tmax 2.0521 fire 179 [162/249 1188s]
112144925 Chris Deotte nds/lean_sf8_nextleak.py m 4918.0 tmax 1.3218 fire 106 [163/249 1204s]
JOB FAILED JSONDecodeError("Expecting ',' delimiter: line 1 column 58 (char 57)")
112115278 Fateyongheng nds/lean_sf8_nextleak.py m 2438.0 tmax 1.7996 fire 100 [164/249 1219s]
JOB FAILED JSONDecodeError("Expecting ',' delimiter: line 1 column 54 (char 53)")
JOB FAILED JSONDecodeError("Expecting ',' delimiter: line 1 column 56 (char 55)")
JOB FAILED JSONDecodeError("Expecting ',' delimiter: line 1 column 54 (char 53)")
JOB FAILED JSONDecodeError("Expecting ',' delimiter: line 1 column 54 (char 53)")
JOB FAILED JSONDecodeError("Expecting ',' delimiter: line 1 column 59 (char 58)")
JOB FAILED JSONDecodeError("Expecting ',' delimiter: line 1 column 54 (char 53)")
JOB FAILED JSONDecodeError("Expecting ',' delimiter: line 1 column 60 (char 59)")
JOB FAILED JSONDecodeError("Expecting ',' delimiter: line 1 column 62 (char 61)")
112540435 S. B. nds/lean_sf8_nextleak.py m 6074.0 tmax 0.7163 fire 395 [165/249 1298s]
112685061 kitton nds/lean_sf8_nextleak.py m 8658.0 tmax 1.1282 fire 75 [166/249 1308s]
112593640 umair zia nds/lean_sf8_nextleak.py m 1469.0 tmax 0.5424 fire 61 [167/249 1319s]
112607858 Have a nice trip in USST nds/lean_sf8_nextleak.py m 3219.0 tmax 1.047 fire 116 [168/249 1322s]
112636816 xxxx0314 nds/lean_sf8_nextleak.py m 779.0 tmax 0.6549 fire 63 [169/249 1330s]
JOB FAILED JSONDecodeError("Expecting ',' delimiter: line 1 column 56 (char 55)")
JOB FAILED JSONDecodeError("Expecting ',' delimiter: line 1 column 54 (char 53)")
JOB FAILED JSONDecodeError("Expecting ',' delimiter: line 1 column 54 (char 53)")
JOB FAILED JSONDecodeError("Expecting ',' delimiter: line 1 column 59 (char 58)")
JOB FAILED JSONDecodeError("Expecting ',' delimiter: line 1 column 66 (char 65)")
JOB FAILED JSONDecodeError("Expecting ',' delimiter: line 1 column 54 (char 53)")
JOB FAILED JSONDecodeError("Expecting ',' delimiter: line 1 column 54 (char 53)")
JOB FAILED JSONDecodeError("Expecting ',' delimiter: line 1 column 54 (char 53)")
JOB FAILED JSONDecodeError("Expecting ',' delimiter: line 1 column 51 (char 50)")
JOB FAILED JSONDecodeError("Expecting ',' delimiter: line 1 column 53 (char 52)")
JOB FAILED JSONDecodeError("Expecting ',' delimiter: line 1 column 57 (char 56)")
JOB FAILED JSONDecodeError("Expecting ',' delimiter: line 1 column 62 (char 61)")
JOB FAILED JSONDecodeError("Expecting ',' delimiter: line 1 column 54 (char 53)")
JOB FAILED JSONDecodeError("Expecting ',' delimiter: line 1 column 54 (char 53)")
JOB FAILED JSONDecodeError("Expecting ',' delimiter: line 1 column 54 (char 53)")
JOB FAILED JSONDecodeError("Expecting ',' delimiter: line 1 column 53 (char 52)")
JOB FAILED JSONDecodeError("Expecting ',' delimiter: line 1 column 54 (char 53)")
JOB FAILED JSONDecodeError("Expecting ',' delimiter: line 1 column 54 (char 53)")
111866635 Roman Katasonov nds/lean_sf8_nextleak.py m 2440.0 tmax 1.2398 fire 121 [170/249 1483s]
111878856 Rudra nds/lean_sf8_nextleak.py m 9489.0 tmax 1.7693 fire 64 [171/249 1485s]
111854479 A. R. SEKKAT nds/lean_sf8_nextleak.py m 3193.0 tmax 2.556 fire 378 [172/249 1491s]
111841012 asteriam nds/lean_sf8_nextleak.py m 5366.0 tmax 2.0604 fire 170 [173/249 1517s]
111804023 Le Viet nds/lean_sf8_nextleak.py m 2371.0 tmax 0.8925 fire 113 [174/249 1522s]
111814942 yoshino nds/lean_sf8_nextleak.py m 14006.0 tmax 1.7548 fire 46 [175/249 1524s]
111777918 kou nds/lean_sf8_nextleak.py m 24222.0 tmax 1.4431 fire 165 [176/249 1546s]
