games 249 jobs 73 done 176
111958035 Lebansty Valan nds/lean_sf8_nextleak.py m 83790.0 tmax 1.688 fire 395 [1/73 46s]
111956944 zhenglu wen nds/lean_sf8_nextleak.py m 69402.0 tmax 0.8785 fire 315 [2/73 46s]
111959188 Praise the SHOVEL nds/lean_sf8_nextleak.py m 95038.0 tmax 1.0269 fire 397 [3/73 48s]
111960270 Jia Chen nds/lean_sf8_nextleak.py m 53808.0 tmax 0.6581 fire 512 [4/73 67s]
111961381 Amon nds/lean_sf8_nextleak.py m 52388.0 tmax 1.487 fire 380 [5/73 70s]
111962497 VN-Orion nds/lean_sf8_nextleak.py m 70130.0 tmax 1.0856 fire 176 [6/73 74s]
111963610 Prashanth Reddy Biyyani nds/lean_sf8_nextleak.py m 25436.0 tmax 1.3099 fire 349 [7/73 96s]
111964708 Cary Jin nds/lean_sf8_nextleak.py m 18480.0 tmax 1.2137 fire 64 [8/73 104s]
111965813 tomo0608 nds/lean_sf8_nextleak.py m 9385.0 tmax 1.372 fire 194 [9/73 108s]
111966938 Shardul Gharat nds/lean_sf8_nextleak.py m 9594.0 tmax 1.074 fire 268 [10/73 123s]
111968053 GzmCR632 nds/lean_sf8_nextleak.py m 18978.0 tmax 2.5979 fire 512 [11/73 133s]
111969164 JetJetGo nds/lean_sf8_nextleak.py m 16246.0 tmax 1.4583 fire 341 [12/73 150s]
111969172 Qx_qingxi nds/lean_sf8_nextleak.py m 31026.0 tmax 1.3154 fire 416 [13/73 161s]
111969256 Freddy nds/lean_sf8_nextleak.py m 8395.0 tmax 1.1912 fire 53 [14/73 165s]
111970284 inny nds/lean_sf8_nextleak.py m 5786.0 tmax 2.9177 fire 109 [15/73 194s]
111972555 hisatarosu nds/lean_sf8_nextleak.py m 4712.0 tmax 1.5332 fire 34 [16/73 201s]
111971401 RuggedBones nds/lean_sf8_nextleak.py m 9025.0 tmax 2.9701 fire 195 [17/73 204s]
111973722 Rita-1021 nds/lean_sf8_nextleak.py m 8075.0 tmax 0.95 fire 41 [18/73 220s]
111973847 F.A.Nina nds/lean_sf8_nextleak.py m 18861.0 tmax 1.0098 fire 121 [19/73 238s]
111974892 Lester Leong nds/lean_sf8_nextleak.py m 2396.0 tmax 1.51 fire 36 [20/73 245s]
111976053 PavelLiashkov nds/lean_sf8_nextleak.py m 15725.0 tmax 1.0517 fire 47 [21/73 249s]
111977209 skomuro nds/lean_sf8_nextleak.py m 4929.0 tmax 2.4604 fire 141 [22/73 279s]
111979463 Takahiro Katsumata (tkatsuma) nds/lean_sf8_nextleak.py m 28109.0 tmax 0.7366 fire 76 [23/73 287s]
111978334 dauriel nds/lean_sf8_nextleak.py m 30915.0 tmax 3.1496 fire 170 [24/73 291s]
111980610 T0m0t0m0 W nds/lean_sf8_nextleak.py m 21013.0 tmax 1.6673 fire 53 [25/73 310s]
111981745 T0m0t0m0 W nds/lean_sf8_nextleak.py m 33636.0 tmax 1.3195 fire 333 [26/73 317s]
111982853 GURU Prasaatha S nds/lean_sf8_nextleak.py m 20097.0 tmax 1.4675 fire 380 [27/73 325s]
111983990 lihaha.36 nds/lean_sf8_nextleak.py m 2787.0 tmax 0.9974 fire 122 [28/73 350s]
111985132 Ne ML Clan nds/lean_sf8_nextleak.py m 31787.0 tmax 1.6535 fire 413 [29/73 355s]
111986258 Yaojinming nds/lean_sf8_nextleak.py m 4594.0 tmax 2.0917 fire 127 [30/73 368s]
111987393 Randy nds/lean_sf8_nextleak.py m 22352.0 tmax 0.8731 fire 16 [31/73 379s]
111988517 JuliaGastellu nds/lean_sf8_nextleak.py m 16921.0 tmax 1.0682 fire 140 [32/73 387s]
111988532 Shiji Zheng nds/lean_sf8_nextleak.py m 456.0 tmax 0.6906 fire 62 [33/73 393s]
111989654 Kurokawa nds/lean_sf8_nextleak.py m 33446.0 tmax 2.0644 fire 126 [34/73 407s]
111990785 Riva Kajangu nds/lean_sf8_nextleak.py m 2115.0 tmax 1.0638 fire 109 [35/73 420s]
111991904 John Doge nds/lean_sf8_nextleak.py m 29482.0 tmax 1.6315 fire 381 [36/73 420s]
111992626 Andrej Angelovski nds/lean_sf8_nextleak.py m 6036.0 tmax 1.2404 fire 25 [37/73 430s]
111994169 DL Julius nds/lean_sf8_nextleak.py m 27505.0 tmax 1.5586 fire 136 [38/73 456s]
111993045 jojo nds/lean_sf8_nextleak.py m 5461.0 tmax 3.1708 fire 210 [39/73 459s]
111994912 Gabriel nds/lean_sf8_nextleak.py m 4014.0 tmax 2.9231 fire 206 [40/73 464s]
111996454 Alperen Aydın nds/lean_sf8_nextleak.py m 12983.0 tmax 3.0958 fire 166 [41/73 492s]
111995301 JOSHNA ACSHA S 21CS nds/lean_sf8_nextleak.py m 17554.0 tmax 1.2692 fire 53 [42/73 508s]
111998709 LagrangianLocomotive nds/lean_sf8_nextleak.py m 2301.0 tmax 2.0616 fire 131 [43/73 523s]
111999836 sAIzeria Harness nds/lean_sf8_nextleak.py m 2253.0 tmax 2.4757 fire 137 [44/73 531s]
112002110 yomogii nds/lean_sf8_nextleak.py m 3906.0 tmax 1.0335 fire 105 [45/73 547s]
112004362 HD h Joratos nds/lean_sf8_nextleak.py m 43580.0 tmax 2.3153 fire 314 [46/73 557s]
111955061 Crop Dustas nds/lean_sf8_nextleak.py m 5300.0 tmax 1.3524 fire 408 [47/73 567s]
111956205 Ziad EL ARARI nds/lean_sf8_nextleak.py m 2323.0 tmax 2.3493 fire 91 [48/73 591s]
111942559 TheEggman nds/lean_sf8_nextleak.py m -4966.0 tmax 1.827 fire 374 [49/73 595s]
111950661 mikelou1 nds/lean_sf8_nextleak.py m 1118.0 tmax 3.3075 fire 74 [50/73 628s]
111951755 lingxiaojun nds/lean_sf8_nextleak.py m -702.0 tmax 3.4614 fire 424 [51/73 634s]
111952915 Ryo Hasegawa nds/lean_sf8_nextleak.py m 2421.0 tmax 2.8314 fire 384 [52/73 643s]
112020241 Emile Andrieu nds/lean_sf8_nextleak.py m 11495.0 tmax 3.1571 fire 451 [53/73 691s]
112025898 Omar Althobaiti nds/lean_sf8_nextleak.py m 4383.0 tmax 3.1055 fire 45 [54/73 700s]
111955172 RangerSnow nds/lean_sf8_nextleak.py m 1341.0 tmax 2.6679 fire 42 [55/73 713s]
111932416 fuxi nds/lean_sf8_nextleak.py m -3704.0 tmax 0.7018 fire 309 [56/73 721s]
111930108 TheEggman nds/lean_sf8_nextleak.py m -5136.0 tmax 1.7739 fire 375 [57/73 730s]
111933554 Ugnė Miklovaitė nds/lean_sf8_nextleak.py m 2487.0 tmax 2.7637 fire 68 [58/73 743s]
111925495 feel the agi nds/lean_sf8_nextleak.py m 755.0 tmax 0.8577 fire 462 [59/73 753s]
111929294 Kaggriculture Agent nds/lean_sf8_nextleak.py m 1567.0 tmax 1.8895 fire 36 [60/73 771s]
111934786 shyjin nds/lean_sf8_nextleak.py m 1846.0 tmax 0.8099 fire 52 [61/73 778s]
111937040 KouFu nds/lean_sf8_nextleak.py m 4314.0 tmax 1.0342 fire 165 [62/73 786s]
111924594 jojo nds/lean_sf8_nextleak.py m 2821.0 tmax 0.8473 fire 142 [63/73 807s]
111940338 URAD nds/lean_sf8_nextleak.py m 577.0 tmax 1.5032 fire 95 [64/73 811s]
111932532 kyy666 nds/lean_sf8_nextleak.py m 10969.0 tmax 1.5857 fire 383 [65/73 824s]
111930252 Sirui Zeng nds/lean_sf8_nextleak.py m 5610.0 tmax 3.3965 fire 112 [66/73 844s]
111921215 Hack2Publish nds/lean_sf8_nextleak.py m 6218.0 tmax 1.1932 fire 246 [67/73 864s]
111935939 carlos-tagosaku nds/lean_sf8_nextleak.py m 1268.0 tmax 3.2625 fire 74 [68/73 867s]
111939686 tmcoder nds/lean_sf8_nextleak.py m 2031.0 tmax 0.5532 fire 151 [69/73 867s]
111939206 arar tawil nds/lean_sf8_nextleak.py m 10679.0 tmax 1.0843 fire 136 [70/73 900s]
111940253 Borrun nds/lean_sf8_nextleak.py m 1154.0 tmax 1.1508 fire 105 [71/73 900s]
111935835 kanno nds/lean_sf8_nextleak.py m 3716.0 tmax 2.3476 fire 150 [72/73 903s]
111931168 Vishwamitra Mishra nds/lean_sf8_nextleak.py m 5142.0 tmax 1.8689 fire 208 [73/73 928s]
