games 249  done 0  jobs 249  NPROC 3
112495873 chungkuangwen lean_sf8_shed.py m -3699.0 tmax 0.580 [1/249 35s]
112300737 mikelou1 lean_sf8_shed.py m 11772.0 tmax 1.452 [2/249 42s]
112328984 chocolat lean_sf8_shed.py m 14810.0 tmax 2.186 [3/249 43s]
112289388 mikelou1 lean_sf8_shed.py m 6190.0 tmax 0.864 [4/249 57s]
112288303 QQ农场 lean_sf8_shed.py m 15433.0 tmax 1.010 [5/249 64s]
112261816 Shawn404 lean_sf8_shed.py m -1096.0 tmax 0.702 [6/249 68s]
112233724 Omar Althobaiti lean_sf8_shed.py m 14678.0 tmax 1.425 [7/249 87s]
112226919 Dieter lean_sf8_shed.py m -249.0 tmax 0.859 [8/249 87s]
112202146 Evil Mango lean_sf8_shed.py m -1377.0 tmax 1.001 [9/249 89s]
112190830 Driz Lo lean_sf8_shed.py m 4990.0 tmax 1.223 [10/249 109s]
112196622 Fateyongheng lean_sf8_shed.py m 3704.0 tmax 0.702 [11/249 110s]
112190362 RangerSnow lean_sf8_shed.py m 4303.0 tmax 1.277 [12/249 112s]
112184604 Bohann Wang lean_sf8_shed.py m 2307.0 tmax 0.605 [13/249 128s]
112171237 摆烂小分队 🏆 lean_sf8_shed.py m -566.0 tmax 1.310 [14/249 135s]
112178518 QQ农场 lean_sf8_shed.py m 914.0 tmax 0.619 [15/249 136s]
112168268 Shawn404 lean_sf8_shed.py m 5051.0 tmax 1.025 [16/249 156s]
112161810 Sida Zuo lean_sf8_shed.py m -8730.0 tmax 0.595 [17/249 158s]
112167210 chungkuangwen lean_sf8_shed.py m 5731.0 tmax 0.843 [18/249 159s]
112158294 Sida Zuo lean_sf8_shed.py m -2605.0 tmax 0.681 [19/249 177s]
112159545 Sida Zuo lean_sf8_shed.py m -4417.0 tmax 0.722 [20/249 180s]
112147754 Sida Zuo lean_sf8_shed.py m -2653.0 tmax 1.027 [21/249 182s]
112138739 HowardLeeTW lean_sf8_shed.py m 3978.0 tmax 0.989 [22/249 196s]
112138698 DeeperNet lean_sf8_shed.py m -10996.0 tmax 0.714 [23/249 200s]
112131689 ShunkiKyoya lean_sf8_shed.py m -118.0 tmax 1.119 [24/249 204s]
112117621 RS Turley lean_sf8_shed.py m -12834.0 tmax 0.744 [25/249 218s]
112110886 Planned Economy lean_sf8_shed.py m 5293.0 tmax 0.577 [26/249 220s]
112108639 🐚seek inspiration🐚 lean_sf8_shed.py m 2592.0 tmax 0.542 [27/249 223s]
112101868 🐚seek inspiration🐚 lean_sf8_shed.py m 6146.0 tmax 1.057 [28/249 241s]
112092277 URAD lean_sf8_shed.py m 2733.0 tmax 1.663 [29/249 244s]
112065345 Alperen Aydın lean_sf8_shed.py m 1523.0 tmax 0.832 [30/249 246s]
112057430 Yannik Schiffner lean_sf8_shed.py m -9310.0 tmax 0.721 [31/249 260s]
112048732 sAIzeria Harness lean_sf8_shed.py m 3874.0 tmax 0.677 [32/249 268s]
112057415 KouFu lean_sf8_shed.py m 8864.0 tmax 1.249 [33/249 268s]
112028173 TheEggman lean_sf8_shed.py m -8042.0 tmax 0.474 [34/249 278s]
112024748 Ryo Hasegawa lean_sf8_shed.py m -5743.0 tmax 0.529 [35/249 286s]
112023613 Ryo Hasegawa lean_sf8_shed.py m 11737.0 tmax 0.946 [36/249 293s]
112021364 lingxiaojun lean_sf8_shed.py m -7637.0 tmax 0.639 [37/249 296s]
112022496 吃白饭的大肥鱼 lean_sf8_shed.py m -15514.0 tmax 0.665 [38/249 307s]
112019113 Omar Althobaiti lean_sf8_shed.py m 652.0 tmax 1.002 [39/249 315s]
112017974 tw1nstar lean_sf8_shed.py m 1208.0 tmax 0.560 [40/249 315s]
112015706 kwa lean_sf8_shed.py m -3598.0 tmax 0.825 [41/249 327s]
112013523 Excluding lean_sf8_shed.py m -8149.0 tmax 0.613 [42/249 333s]
112014576 tetsuya & yuanzhe & guoqi lean_sf8_shed.py m -14923.0 tmax 0.768 [43/249 334s]
112012297 Mohamed Salah lean_sf8_shed.py m 9554.0 tmax 1.208 [44/249 348s]
112011157 Ad Space Available lean_sf8_shed.py m -4670.0 tmax 0.700 [45/249 352s]
112010028 feel the agi lean_sf8_shed.py m -7266.0 tmax 1.059 [46/249 354s]
112007752 Mohamed Salah lean_sf8_shed.py m 11585.0 tmax 1.188 [47/249 371s]
112007872 Excluding lean_sf8_shed.py m -16401.0 tmax 0.685 [48/249 373s]
112006618 ShunkiKyoya lean_sf8_shed.py m 27874.0 tmax 0.755 [49/249 376s]
112005498 ShunkiKyoya lean_sf8_shed.py m 7425.0 tmax 0.901 [50/249 391s]
112000958 SpaTaro lean_sf8_shed.py m 110.0 tmax 0.554 [51/249 396s]
112003221 Roxy lean_sf8_shed.py m 17537.0 tmax 1.123 [52/249 403s]
112003820 RangerSnow lean_sf8_shed.py m 3540.0 tmax 0.788 [53/249 425s]
111997584 Ziad EL ARARI lean_sf8_shed.py m 5268.0 tmax 1.744 [54/249 430s]
112323195 AI是我的豆包 lean_sf8_shed.py m 11766.0 tmax 1.224 [55/249 437s]
112312308 URAD lean_sf8_shed.py m 3296.0 tmax 0.475 [56/249 448s]
112316135 Sida Zuo lean_sf8_shed.py m -7153.0 tmax 1.143 [57/249 460s]
112308883 Ghost Rule lean_sf8_shed.py m 4115.0 tmax 0.845 [58/249 462s]
112304274 🐚seek inspiration🐚 lean_sf8_shed.py m -5097.0 tmax 0.740 [59/249 468s]
112288318 tw1nstar lean_sf8_shed.py m 3831.0 tmax 0.763 [60/249 479s]
112286779 Crop Dustas lean_sf8_shed.py m 3783.0 tmax 0.698 [61/249 482s]
112279120 Azat Akhtyamov lean_sf8_shed.py m -1481.0 tmax 0.754 [62/249 489s]
112275631 Excluding lean_sf8_shed.py m -6174.0 tmax 0.694 [63/249 501s]
112271009 KouFu lean_sf8_shed.py m 2313.0 tmax 0.697 [64/249 501s]
112257944 URAD lean_sf8_shed.py m 2136.0 tmax 0.617 [65/249 512s]
112251252 RangerSnow lean_sf8_shed.py m 8592.0 tmax 1.953 [66/249 528s]
112253496 Densike lean_sf8_shed.py m 2542.0 tmax 1.049 [67/249 529s]
112239192 Driz Lo lean_sf8_shed.py m 1687.0 tmax 0.974 [68/249 538s]
112228347 chungkuangwen lean_sf8_shed.py m -2424.0 tmax 0.741 [69/249 547s]
112209692 Azat Akhtyamov lean_sf8_shed.py m 22790.0 tmax 2.017 [70/249 554s]
112194915 kwa lean_sf8_shed.py m -5498.0 tmax 0.820 [71/249 563s]
112193586 keiz lean_sf8_shed.py m 3085.0 tmax 0.585 [72/249 570s]
112184788 DeeperNet lean_sf8_shed.py m -2146.0 tmax 0.884 [73/249 582s]
112182267 Fateyongheng lean_sf8_shed.py m 5815.0 tmax 0.764 [74/249 585s]
112168840 forever young lean_sf8_shed.py m -854.0 tmax 0.629 [75/249 599s]
112138798 chungkuangwen lean_sf8_shed.py m 7611.0 tmax 0.972 [76/249 609s]
112132559 c0nrad lean_sf8_shed.py m -1005.0 tmax 0.720 [77/249 617s]
112151650 摆烂小分队 🏆 lean_sf8_shed.py m 17887.0 tmax 2.410 [78/249 620s]
112130482 feel the agi lean_sf8_shed.py m -6299.0 tmax 0.869 [79/249 637s]
112108476 ShunkiKyoya lean_sf8_shed.py m 3054.0 tmax 0.994 [80/249 647s]
112129321 HowardLeeTW lean_sf8_shed.py m -4934.0 tmax 1.722 [81/249 654s]
112099020 Yannik Schiffner lean_sf8_shed.py m -5477.0 tmax 2.272 [82/249 664s]
112099195 Justin Yang lean_sf8_shed.py m 26497.0 tmax 0.616 [83/249 668s]
112091361 M & M & P & Q lean_sf8_shed.py m -10693.0 tmax 1.067 [84/249 687s]
112086187 by lean_sf8_shed.py m 9280.0 tmax 1.035 [85/249 697s]
112089086 M & M & P & Q lean_sf8_shed.py m 10448.0 tmax 0.696 [86/249 699s]
112062179 SpaTaro lean_sf8_shed.py m -425.0 tmax 0.567 [87/249 716s]
112071367 KouFu lean_sf8_shed.py m 3653.0 tmax 1.779 [88/249 722s]
112064245 Yannik Schiffner lean_sf8_shed.py m -14978.0 tmax 2.314 [89/249 738s]
112054375 Chris Deotte lean_sf8_shed.py m 1561.0 tmax 0.563 [90/249 744s]
112061257 Driz Lo lean_sf8_shed.py m 730.0 tmax 0.540 [91/249 745s]
112039727 Planned Economy lean_sf8_shed.py m -5521.0 tmax 1.561 [92/249 770s]
112041588 吃白饭的大肥鱼 lean_sf8_shed.py m -17173.0 tmax 1.072 [93/249 777s]
112027927 mtmr_s1 lean_sf8_shed.py m -20178.0 tmax 1.250 [94/249 785s]
112009465 fuxi lean_sf8_shed.py m -6243.0 tmax 1.504 [95/249 805s]
112000290 kwa lean_sf8_shed.py m 4786.0 tmax 0.952 [96/249 813s]
111993506 Ebi lean_sf8_shed.py m -3320.0 tmax 1.526 [97/249 820s]
111970990 Driz Lo lean_sf8_shed.py m -305.0 tmax 1.865 [98/249 838s]
111969841 Agricola lean_sf8_shed.py m 22824.0 tmax 0.881 [99/249 843s]
111972195 アルモンド lean_sf8_shed.py m 15697.0 tmax 3.122 [100/249 847s]
111967561 RangerSnow lean_sf8_shed.py m 531.0 tmax 1.311 [101/249 861s]
111960746 URAD lean_sf8_shed.py m 2996.0 tmax 0.755 [102/249 870s]
111958469 Ryo Hasegawa lean_sf8_shed.py m 2115.0 tmax 1.673 [103/249 881s]
111953920 forever young lean_sf8_shed.py m 1757.0 tmax 0.823 [104/249 892s]
111958963 forever young lean_sf8_shed.py m 4535.0 tmax 1.629 [105/249 896s]
111949385 Andrej Angelovski lean_sf8_shed.py m 168.0 tmax 0.887 [106/249 914s]
111935193 QQ农场 lean_sf8_shed.py m 1077.0 tmax 1.799 [107/249 918s]
111890242 lingxiaojun lean_sf8_shed.py m 9633.0 tmax 1.090 [108/249 919s]
111848680 Roxy lean_sf8_shed.py m 2483.0 tmax 1.243 [109/249 946s]
111861155 motono0223 lean_sf8_shed.py m 13140.0 tmax 1.270 [110/249 949s]
111871922 Dmitriy Ulybin lean_sf8_shed.py m 8949.0 tmax 2.229 [111/249 952s]
111843006 Agricola lean_sf8_shed.py m 1616.0 tmax 0.924 [112/249 972s]
111835444 mikelou1 lean_sf8_shed.py m 174.0 tmax 0.777 [113/249 977s]
111826070 Rudra lean_sf8_shed.py m 2029.0 tmax 0.826 [114/249 987s]
111820488 Matsu lean_sf8_shed.py m 2281.0 tmax 0.496 [115/249 995s]
111809393 Matsu lean_sf8_shed.py m 5740.0 tmax 2.624 [116/249 1026s]
111794602 Ziad EL ARARI lean_sf8_shed.py m -2286.0 tmax 2.256 [117/249 1029s]
111799350 Gleb Tumanov lean_sf8_shed.py m 2378.0 tmax 2.584 [118/249 1030s]
111792060 chocolat lean_sf8_shed.py m 4806.0 tmax 2.813 [119/249 1058s]
111777154 kyy666 lean_sf8_shed.py m 3759.0 tmax 1.093 [120/249 1073s]
111788029 xi luo lean_sf8_shed.py m 3002.0 tmax 2.692 [121/249 1073s]
111772109 in blue lean_sf8_shed.py m 3231.0 tmax 1.780 [122/249 1100s]
111769097 Kaggriculture Agent lean_sf8_shed.py m 7719.0 tmax 1.512 [123/249 1110s]
111752423 open5 lean_sf8_shed.py m 34035.0 tmax 1.584 [124/249 1114s]
111749735 Ziad EL ARARI lean_sf8_shed.py m -908.0 tmax 1.906 [125/249 1150s]
111734247 kyy666 lean_sf8_shed.py m 17483.0 tmax 5.640 [126/249 1163s]
111737421 Capitaalgain lean_sf8_shed.py m 2993.0 tmax 8.191 [127/249 1181s]
111733115 Vaibhav Gupta lean_sf8_shed.py m 32036.0 tmax 5.242 [128/249 1200s]
111732000 Zyy7390 lean_sf8_shed.py m 4465.0 tmax 0.626 [129/249 1220s]
111721280 Ryo Hasegawa lean_sf8_shed.py m 16407.0 tmax 2.025 [130/249 1221s]
111719670 Evil Mango lean_sf8_shed.py m 5826.0 tmax 1.514 [131/249 1233s]
112041955 URAD lean_sf8_shed.py m 2977.0 tmax 0.459 [132/249 1239s]
112090712 Roxy lean_sf8_shed.py m 2951.0 tmax 1.766 [133/249 1242s]
112032710 Ziad EL ARARI lean_sf8_shed.py m 21113.0 tmax 1.215 [134/249 1261s]
112027040 Yeswanthperni lean_sf8_shed.py m 3963.0 tmax 1.107 [135/249 1264s]
112030438 A. R. SEKKAT lean_sf8_shed.py m 3135.0 tmax 1.714 [136/249 1271s]
112013431 tw1nstar lean_sf8_shed.py m 1927.0 tmax 1.064 [137/249 1289s]
112008898 Chris Deotte lean_sf8_shed.py m 4531.0 tmax 1.472 [138/249 1297s]
112098426 Chris Deotte lean_sf8_shed.py m 10476.0 tmax 2.793 [139/249 1316s]
112079112 Dmitriy Ulybin lean_sf8_shed.py m 3520.0 tmax 1.695 [140/249 1329s]
112047339 Ryuichi lean_sf8_shed.py m 3629.0 tmax 2.571 [141/249 1334s]
111991165 arutyunoff lean_sf8_shed.py m 6533.0 tmax 1.088 [142/249 1349s]
111983533 asteriam lean_sf8_shed.py m 3585.0 tmax 1.799 [143/249 1364s]
111973434 我小栗帽要娶藤正进行曲！！！💍 lean_sf8_shed.py m 27128.0 tmax 0.894 [144/249 1365s]
111968698 easygame lean_sf8_shed.py m 2008.0 tmax 1.037 [145/249 1389s]
111966411 sAIzeria Harness lean_sf8_shed.py m 4104.0 tmax 1.202 [146/249 1390s]
111963013 Grim Reaper lean_sf8_shed.py m 1313.0 tmax 1.604 [147/249 1400s]
111948251 yomogii lean_sf8_shed.py m 189.0 tmax 0.768 [148/249 1417s]
111952785 Grim Reaper lean_sf8_shed.py m 7049.0 tmax 1.141 [149/249 1423s]
111956944 zhenglu wen lean_sf8_shed.py m 66356.0 tmax 0.981 [150/249 1425s]
111958035 Lebansty Valan lean_sf8_shed.py m 86883.0 tmax 1.392 [151/249 1438s]
111960270 Jia Chen lean_sf8_shed.py m 51163.0 tmax 1.076 [152/249 1445s]
111959188 Praise the SHOVEL lean_sf8_shed.py m 96306.0 tmax 0.787 [153/249 1449s]
111961381 Amon lean_sf8_shed.py m 52246.0 tmax 0.887 [154/249 1462s]
111962497 VN-Orion lean_sf8_shed.py m 78024.0 tmax 1.123 [155/249 1469s]
111963610 Prashanth Reddy Biyyani lean_sf8_shed.py m 32058.0 tmax 1.168 [156/249 1472s]
111964708 Cary Jin lean_sf8_shed.py m 18316.0 tmax 0.533 [157/249 1480s]
111965813 tomo0608 lean_sf8_shed.py m 8750.0 tmax 0.664 [158/249 1491s]
111966938 Shardul Gharat lean_sf8_shed.py m 10345.0 tmax 0.765 [159/249 1492s]
111968053 GzmCR632 lean_sf8_shed.py m 21351.0 tmax 1.032 [160/249 1503s]
111969164 JetJetGo lean_sf8_shed.py m 16607.0 tmax 0.885 [161/249 1512s]
111969256 Freddy lean_sf8_shed.py m 8253.0 tmax 1.015 [162/249 1525s]
111969172 Qx_qingxi lean_sf8_shed.py m 35405.0 tmax 2.303 [163/249 1528s]
111970284 inny lean_sf8_shed.py m 6006.0 tmax 1.298 [164/249 1532s]
111973722 Rita-1021 lean_sf8_shed.py m 9011.0 tmax 1.181 [165/249 1552s]
111971401 RuggedBones lean_sf8_shed.py m 9903.0 tmax 2.504 [166/249 1554s]
111972555 hisatarosu lean_sf8_shed.py m 4577.0 tmax 0.736 [167/249 1555s]
111974892 Lester Leong lean_sf8_shed.py m 2539.0 tmax 0.711 [168/249 1577s]
111973847 F.A.Nina lean_sf8_shed.py m 17642.0 tmax 1.693 [169/249 1579s]
111976053 PavelLiashkov lean_sf8_shed.py m 15616.0 tmax 0.752 [170/249 1580s]
111979463 Takahiro Katsumata (tkatsuma) lean_sf8_shed.py m 28627.0 tmax 1.377 [171/249 1599s]
111978334 dauriel lean_sf8_shed.py m 29449.0 tmax 1.251 [172/249 1600s]
111977209 skomuro lean_sf8_shed.py m 6343.0 tmax 1.317 [173/249 1601s]
111980610 T0m0t0m0 W lean_sf8_shed.py m 21146.0 tmax 0.814 [174/249 1619s]
111981745 T0m0t0m0 W lean_sf8_shed.py m 36983.0 tmax 1.185 [175/249 1623s]
111982853 GURU Prasaatha S lean_sf8_shed.py m 19107.0 tmax 1.825 [176/249 1627s]
111983990 lihaha.36 lean_sf8_shed.py m 2117.0 tmax 0.887 [177/249 1642s]
111985132 Ne ML Clan lean_sf8_shed.py m 28585.0 tmax 1.341 [178/249 1647s]
111986258 Yaojinming lean_sf8_shed.py m 6208.0 tmax 0.686 [179/249 1652s]
111987393 Randy lean_sf8_shed.py m 22543.0 tmax 0.897 [180/249 1666s]
111988517 JuliaGastellu lean_sf8_shed.py m 16064.0 tmax 0.513 [181/249 1670s]
111988532 Shiji Zheng lean_sf8_shed.py m 319.0 tmax 1.121 [182/249 1683s]
111991904 John Doge lean_sf8_shed.py m 28663.0 tmax 1.319 [183/249 1704s]
111989654 Kurokawa lean_sf8_shed.py m 33354.0 tmax 2.993 [184/249 1710s]
111990785 Riva Kajangu lean_sf8_shed.py m 2925.0 tmax 1.045 [185/249 1714s]
111992626 Andrej Angelovski lean_sf8_shed.py m 5805.0 tmax 0.949 [186/249 1729s]
111994169 DL Julius lean_sf8_shed.py m 27464.0 tmax 1.988 [187/249 1738s]
111993045 jojo lean_sf8_shed.py m 3905.0 tmax 1.160 [188/249 1739s]
111996454 Alperen Aydın lean_sf8_shed.py m 11739.0 tmax 0.903 [189/249 1757s]
111994912 Gabriel lean_sf8_shed.py m 4241.0 tmax 2.336 [190/249 1763s]
111995301 JOSHNA ACSHA S 21CS lean_sf8_shed.py m 16488.0 tmax 0.934 [191/249 1769s]
111998709 LagrangianLocomotive lean_sf8_shed.py m 2152.0 tmax 1.123 [192/249 1783s]
111999836 sAIzeria Harness lean_sf8_shed.py m 2264.0 tmax 0.633 [193/249 1789s]
112002110 yomogii lean_sf8_shed.py m 3456.0 tmax 0.624 [194/249 1796s]
112004362 HD h Joratos lean_sf8_shed.py m 42814.0 tmax 2.225 [195/249 1808s]
112268617 Shawn404 lean_sf8_shed.py m 2490.0 tmax 1.388 [196/249 1817s]
112268137 xi luo lean_sf8_shed.py m 2002.0 tmax 1.205 [197/249 1819s]
112219935 Batuhan Ustun lean_sf8_shed.py m 5209.0 tmax 1.117 [198/249 1835s]
112178512 Sirui Zeng lean_sf8_shed.py m 3149.0 tmax 1.385 [199/249 1840s]
112213769 HD h Joratos lean_sf8_shed.py m 2301.0 tmax 0.860 [200/249 1850s]
112166470 Bohann Wang lean_sf8_shed.py m 3265.0 tmax 0.810 [201/249 1858s]
112143149 TheEggman lean_sf8_shed.py m -10670.0 tmax 0.651 [202/249 1859s]
112132265 open5 lean_sf8_shed.py m -827.0 tmax 1.905 [203/249 1877s]
112231156 Artem The Farmer 🍅 lean_sf8_shed.py m 155.0 tmax 1.636 [204/249 1886s]
112215497 forever young lean_sf8_shed.py m 848.0 tmax 1.361 [205/249 1887s]
112172969 sonny_01 lean_sf8_shed.py m 10058.0 tmax 1.045 [206/249 1905s]
112153774 MiMi lean_sf8_shed.py m 2536.0 tmax 0.629 [207/249 1914s]
112159851 Rio lean_sf8_shed.py m 5008.0 tmax 2.459 [208/249 1914s]
112144925 Chris Deotte lean_sf8_shed.py m 3182.0 tmax 1.896 [209/249 1937s]
111955061 Crop Dustas lean_sf8_shed.py m 4632.0 tmax 1.300 [210/249 1941s]
112115278 Fateyongheng lean_sf8_shed.py m 3628.0 tmax 2.189 [211/249 1951s]
111956205 Ziad EL ARARI lean_sf8_shed.py m 2310.0 tmax 0.862 [212/249 1965s]
111942559 TheEggman lean_sf8_shed.py m -5673.0 tmax 1.827 [213/249 1968s]
111950661 mikelou1 lean_sf8_shed.py m 1184.0 tmax 0.804 [214/249 1978s]
111951755 lingxiaojun lean_sf8_shed.py m 1017.0 tmax 0.786 [215/249 1988s]
111952915 Ryo Hasegawa lean_sf8_shed.py m 3801.0 tmax 0.858 [216/249 1999s]
111955172 RangerSnow lean_sf8_shed.py m 1856.0 tmax 1.249 [217/249 2001s]
112020241 Emile Andrieu lean_sf8_shed.py m 15584.0 tmax 1.046 [218/249 2012s]
112540435 S. B. lean_sf8_shed.py m 3861.0 tmax 0.934 [219/249 2023s]
112025898 Omar Althobaiti lean_sf8_shed.py m 4181.0 tmax 1.157 [220/249 2027s]
112685061 kitton lean_sf8_shed.py m 9212.0 tmax 1.891 [221/249 2034s]
112593640 umair zia lean_sf8_shed.py m 2645.0 tmax 0.546 [222/249 2042s]
112636816 xxxx0314 lean_sf8_shed.py m 854.0 tmax 0.647 [223/249 2052s]
112607858 Have a nice trip in USST lean_sf8_shed.py m 3454.0 tmax 1.922 [224/249 2057s]
111932416 fuxi lean_sf8_shed.py m -5213.0 tmax 0.724 [225/249 2071s]
111930108 TheEggman lean_sf8_shed.py m -7735.0 tmax 1.595 [226/249 2071s]
111933554 Ugnė Miklovaitė lean_sf8_shed.py m 2789.0 tmax 1.653 [227/249 2088s]
111925495 feel the agi lean_sf8_shed.py m -2715.0 tmax 1.571 [228/249 2105s]
111929294 Kaggriculture Agent lean_sf8_shed.py m 1500.0 tmax 1.309 [229/249 2111s]
111934786 shyjin lean_sf8_shed.py m 1966.0 tmax 0.919 [230/249 2117s]
111940338 URAD lean_sf8_shed.py m -52.0 tmax 0.505 [231/249 2131s]
111924594 jojo lean_sf8_shed.py m 2828.0 tmax 1.053 [232/249 2146s]
111937040 KouFu lean_sf8_shed.py m 3080.0 tmax 2.227 [233/249 2146s]
111932532 kyy666 lean_sf8_shed.py m 8485.0 tmax 1.135 [234/249 2157s]
111930252 Sirui Zeng lean_sf8_shed.py m 6163.0 tmax 1.122 [235/249 2172s]
111935939 carlos-tagosaku lean_sf8_shed.py m 1775.0 tmax 1.316 [236/249 2178s]
111939686 tmcoder lean_sf8_shed.py m 2128.0 tmax 0.566 [237/249 2194s]
111921215 Hack2Publish lean_sf8_shed.py m 4770.0 tmax 2.394 [238/249 2196s]
111935835 kanno lean_sf8_shed.py m 2708.0 tmax 1.060 [239/249 2204s]
111939206 arar tawil lean_sf8_shed.py m 10644.0 tmax 1.304 [240/249 2219s]
111940253 Borrun lean_sf8_shed.py m 963.0 tmax 1.137 [241/249 2220s]
111931168 Vishwamitra Mishra lean_sf8_shed.py m 4162.0 tmax 2.669 [242/249 2236s]
111878856 Rudra lean_sf8_shed.py m 8541.0 tmax 1.328 [243/249 2244s]
111866635 Roman Katasonov lean_sf8_shed.py m 2060.0 tmax 1.031 [244/249 2245s]
111854479 A. R. SEKKAT lean_sf8_shed.py m 1924.0 tmax 1.942 [245/249 2267s]
111841012 asteriam lean_sf8_shed.py m 4427.0 tmax 1.007 [246/249 2269s]
111814942 yoshino lean_sf8_shed.py m 13337.0 tmax 1.774 [247/249 2278s]
111804023 Le Viet lean_sf8_shed.py m 2275.0 tmax 0.491 [248/249 2289s]
111777918 kou lean_sf8_shed.py m 23950.0 tmax 2.084 [249/249 2302s]
done 2303s
