games 39  done 0  jobs 156  NPROC 3
113633403 d_tree_love lean_shed_v1.py m -5280.0 tmax 1.115 [1/156 42s]
113633403 d_tree_love lean_shed_v2.py m -5992.0 tmax 1.276 [2/156 47s]
113633403 d_tree_love lean_shed_v3.py m -5525.0 tmax 1.315 [3/156 51s]
113633403 d_tree_love lean_shed_v4.py m -5526.0 tmax 1.265 [4/156 70s]
113638947 Pico lean_shed_v1.py m -14469.0 tmax 1.079 [5/156 71s]
113638947 Pico lean_shed_v2.py m -11490.0 tmax 1.247 [6/156 77s]
113638947 Pico lean_shed_v4.py m -13869.0 tmax 0.652 [7/156 89s]
113638947 Pico lean_shed_v3.py m -12217.0 tmax 0.662 [8/156 90s]
113649337 in blue lean_shed_v1.py m 1135.0 tmax 0.471 [9/156 96s]
113649337 in blue lean_shed_v2.py m 1247.0 tmax 0.497 [10/156 104s]
113649337 in blue lean_shed_v3.py m 1133.0 tmax 0.515 [11/156 106s]
113649337 in blue lean_shed_v4.py m 1168.0 tmax 0.697 [12/156 115s]
113708805 ActiveMusyoku lean_shed_v2.py m -1749.0 tmax 0.788 [13/156 125s]
113708805 ActiveMusyoku lean_shed_v1.py m -2951.0 tmax 1.252 [14/156 130s]
113708805 ActiveMusyoku lean_shed_v3.py m -909.0 tmax 1.033 [15/156 141s]
113708805 ActiveMusyoku lean_shed_v4.py m -2437.0 tmax 1.231 [16/156 151s]
113745971 emreaydin lean_shed_v1.py m -1575.0 tmax 0.716 [17/156 157s]
113745971 emreaydin lean_shed_v2.py m -1427.0 tmax 1.176 [18/156 173s]
113745971 emreaydin lean_shed_v3.py m -2514.0 tmax 0.896 [19/156 176s]
113745971 emreaydin lean_shed_v4.py m -3004.0 tmax 1.008 [20/156 180s]
113770998 Lucien de Rubempre lean_shed_v2.py m -228.0 tmax 1.675 [21/156 204s]
113770998 Lucien de Rubempre lean_shed_v1.py m -894.0 tmax 1.211 [22/156 205s]
113770998 Lucien de Rubempre lean_shed_v3.py m -2990.0 tmax 1.271 [23/156 211s]
113596171 suminshim lean_shed_v1.py m 41957.0 tmax 0.535 [24/156 220s]
113770998 Lucien de Rubempre lean_shed_v4.py m -1473.0 tmax 1.554 [25/156 237s]
113596171 suminshim lean_shed_v2.py m 41780.0 tmax 1.126 [26/156 238s]
113596171 suminshim lean_shed_v3.py m 43670.0 tmax 1.119 [27/156 244s]
113600807 Jaivardhan Raahi lean_shed_v1.py m 27748.0 tmax 0.720 [28/156 259s]
113596171 suminshim lean_shed_v4.py m 40282.0 tmax 1.247 [29/156 260s]
113600807 Jaivardhan Raahi lean_shed_v2.py m 26858.0 tmax 1.196 [30/156 269s]
113600807 Jaivardhan Raahi lean_shed_v3.py m 28006.0 tmax 0.666 [31/156 282s]
113600807 Jaivardhan Raahi lean_shed_v4.py m 27559.0 tmax 0.767 [32/156 283s]
113605451 Tian hao Qing Nano7ko lean_shed_v1.py m 11614.0 tmax 2.142 [33/156 296s]
113605451 Tian hao Qing Nano7ko lean_shed_v3.py m 10578.0 tmax 2.172 [34/156 308s]
113605451 Tian hao Qing Nano7ko lean_shed_v2.py m 11614.0 tmax 1.222 [35/156 310s]
113605451 Tian hao Qing Nano7ko lean_shed_v4.py m 10280.0 tmax 1.752 [36/156 322s]
113610121 htech5 lean_shed_v1.py m 22391.0 tmax 1.128 [37/156 339s]
113610121 htech5 lean_shed_v2.py m 23460.0 tmax 1.223 [38/156 340s]
113610121 htech5 lean_shed_v3.py m 22135.0 tmax 1.206 [39/156 347s]
113610121 htech5 lean_shed_v4.py m 21322.0 tmax 0.934 [40/156 363s]
113616014 uns.t lean_shed_v1.py m 2658.0 tmax 1.325 [41/156 363s]
113616014 uns.t lean_shed_v2.py m 3470.0 tmax 1.379 [42/156 372s]
113616014 uns.t lean_shed_v3.py m 2542.0 tmax 1.596 [43/156 387s]
113616014 uns.t lean_shed_v4.py m 1905.0 tmax 0.938 [44/156 390s]
113620462 Seyit kaan Gunes lean_shed_v1.py m 3722.0 tmax 1.479 [45/156 396s]
113620462 Seyit kaan Gunes lean_shed_v2.py m 4901.0 tmax 2.857 [46/156 422s]
113620462 Seyit kaan Gunes lean_shed_v3.py m 4754.0 tmax 1.620 [47/156 422s]
113620462 Seyit kaan Gunes lean_shed_v4.py m 5744.0 tmax 2.049 [48/156 427s]
113623571 shikaikaikaikai lean_shed_v1.py m 2430.0 tmax 0.683 [49/156 449s]
113623571 shikaikaikaikai lean_shed_v3.py m 1994.0 tmax 1.533 [50/156 460s]
113623571 shikaikaikaikai lean_shed_v2.py m 1625.0 tmax 1.677 [51/156 463s]
113623571 shikaikaikaikai lean_shed_v4.py m 2097.0 tmax 0.559 [52/156 482s]
113628315 sdy623 lean_shed_v1.py m 2210.0 tmax 0.815 [53/156 487s]
113628315 sdy623 lean_shed_v2.py m 2127.0 tmax 1.273 [54/156 503s]
113628315 sdy623 lean_shed_v4.py m 2127.0 tmax 0.890 [55/156 512s]
113628315 sdy623 lean_shed_v3.py m 2127.0 tmax 0.920 [56/156 516s]
113644871 Bohann Wang lean_shed_v2.py m 6018.0 tmax 1.868 [57/156 533s]
113644871 Bohann Wang lean_shed_v1.py m 7209.0 tmax 1.784 [58/156 535s]
113644871 Bohann Wang lean_shed_v3.py m 5769.0 tmax 1.597 [59/156 541s]
113644871 Bohann Wang lean_shed_v4.py m 6672.0 tmax 1.506 [60/156 564s]
113655516 d_tree_love lean_shed_v1.py m 1334.0 tmax 1.582 [61/156 565s]
113655516 d_tree_love lean_shed_v2.py m 2682.0 tmax 1.542 [62/156 572s]
113655516 d_tree_love lean_shed_v3.py m 1795.0 tmax 1.103 [63/156 591s]
113655516 d_tree_love lean_shed_v4.py m 1161.0 tmax 1.150 [64/156 594s]
113674419 mikelou1 lean_shed_v1.py m 2482.0 tmax 1.327 [65/156 596s]
113674419 mikelou1 lean_shed_v4.py m 1639.0 tmax 0.557 [66/156 616s]
113674419 mikelou1 lean_shed_v2.py m 1060.0 tmax 1.346 [67/156 616s]
113674419 mikelou1 lean_shed_v3.py m 1639.0 tmax 1.171 [68/156 625s]
113676743 Matt Motoki lean_shed_v1.py m 2095.0 tmax 0.856 [69/156 646s]
113676743 Matt Motoki lean_shed_v2.py m 1901.0 tmax 1.421 [70/156 647s]
113676743 Matt Motoki lean_shed_v3.py m 2346.0 tmax 1.857 [71/156 662s]
113676743 Matt Motoki lean_shed_v4.py m 1488.0 tmax 1.199 [72/156 676s]
113679102 loxigicck lean_shed_v1.py m 7014.0 tmax 2.051 [73/156 676s]
113679102 loxigicck lean_shed_v2.py m 8399.0 tmax 0.897 [74/156 689s]
113679102 loxigicck lean_shed_v4.py m 8027.0 tmax 1.307 [75/156 710s]
113679102 loxigicck lean_shed_v3.py m 8634.0 tmax 2.119 [76/156 711s]
113696377 unreal lean_shed_v1.py m -8133.0 tmax 1.667 [77/156 718s]
113696377 unreal lean_shed_v2.py m -5794.0 tmax 1.822 [78/156 741s]
113696377 unreal lean_shed_v3.py m -9076.0 tmax 1.573 [79/156 741s]
113696377 unreal lean_shed_v4.py m -8297.0 tmax 1.808 [80/156 749s]
113663377 levr hang lean_shed_v1.py m 84782.0 tmax 0.654 [81/156 761s]
113663377 levr hang lean_shed_v2.py m 84134.0 tmax 0.891 [82/156 766s]
113663377 levr hang lean_shed_v3.py m 84157.0 tmax 1.033 [83/156 772s]
113663377 levr hang lean_shed_v4.py m 83745.0 tmax 0.632 [84/156 784s]
113666897 炫酷的小克里斯 lean_shed_v2.py m 27375.0 tmax 0.545 [85/156 793s]
113666897 炫酷的小克里斯 lean_shed_v1.py m 28574.0 tmax 0.953 [86/156 794s]
113666897 炫酷的小克里斯 lean_shed_v4.py m 25840.0 tmax 0.564 [87/156 808s]
113669130 kaneko takafumi lean_shed_v1.py m 29204.0 tmax 0.587 [88/156 814s]
113666897 炫酷的小克里斯 lean_shed_v3.py m 26588.0 tmax 1.295 [89/156 816s]
113669130 kaneko takafumi lean_shed_v3.py m 28592.0 tmax 0.636 [90/156 835s]
113669130 kaneko takafumi lean_shed_v2.py m 30219.0 tmax 1.075 [91/156 836s]
113669130 kaneko takafumi lean_shed_v4.py m 31405.0 tmax 1.120 [92/156 841s]
113671458 ChrisXie lean_shed_v1.py m 24672.0 tmax 1.394 [93/156 861s]
113671458 ChrisXie lean_shed_v2.py m 23494.0 tmax 1.462 [94/156 863s]
113671458 ChrisXie lean_shed_v3.py m 25061.0 tmax 1.082 [95/156 865s]
113671458 ChrisXie lean_shed_v4.py m 24269.0 tmax 0.804 [96/156 881s]
113682140 minoneru lean_shed_v1.py m 4315.0 tmax 0.821 [97/156 883s]
113682140 minoneru lean_shed_v2.py m 2882.0 tmax 0.843 [98/156 889s]
113682140 minoneru lean_shed_v3.py m 3217.0 tmax 0.748 [99/156 899s]
113682140 minoneru lean_shed_v4.py m 3217.0 tmax 0.583 [100/156 903s]
113685763 KoshinM lean_shed_v1.py m 3097.0 tmax 0.763 [101/156 910s]
113685763 KoshinM lean_shed_v2.py m 2479.0 tmax 0.647 [102/156 918s]
113685763 KoshinM lean_shed_v3.py m 2741.0 tmax 0.815 [103/156 925s]
113685763 KoshinM lean_shed_v4.py m 2697.0 tmax 1.481 [104/156 938s]
113688090 Kashyapsinh gohil lean_shed_v2.py m 14703.0 tmax 0.681 [105/156 943s]
113688090 Kashyapsinh gohil lean_shed_v1.py m 15251.0 tmax 0.724 [106/156 946s]
113688090 Kashyapsinh gohil lean_shed_v3.py m 15644.0 tmax 0.569 [107/156 958s]
113688090 Kashyapsinh gohil lean_shed_v4.py m 15644.0 tmax 0.475 [108/156 960s]
113692826 IamDiganta.7 lean_shed_v1.py m 660.0 tmax 0.546 [109/156 965s]
113692826 IamDiganta.7 lean_shed_v2.py m 621.0 tmax 0.566 [110/156 976s]
113692826 IamDiganta.7 lean_shed_v3.py m 964.0 tmax 0.548 [111/156 978s]
113692826 IamDiganta.7 lean_shed_v4.py m 734.0 tmax 0.597 [112/156 984s]
113699895 We Forgot To Water lean_shed_v2.py m 7103.0 tmax 0.757 [113/156 998s]
113699895 We Forgot To Water lean_shed_v1.py m 7602.0 tmax 1.568 [114/156 1005s]
113699895 We Forgot To Water lean_shed_v3.py m 6942.0 tmax 0.691 [115/156 1009s]
113699895 We Forgot To Water lean_shed_v4.py m 6892.0 tmax 0.769 [116/156 1024s]
113702310 Inzilbêth lean_shed_v1.py m 50502.0 tmax 1.154 [117/156 1031s]
113702310 Inzilbêth lean_shed_v2.py m 49303.0 tmax 1.208 [118/156 1037s]
113702310 Inzilbêth lean_shed_v3.py m 50356.0 tmax 1.125 [119/156 1052s]
113704678 wuyan-nox lean_shed_v1.py m 20450.0 tmax 1.836 [120/156 1059s]
113702310 Inzilbêth lean_shed_v4.py m 49390.0 tmax 1.302 [121/156 1061s]
113704678 wuyan-nox lean_shed_v2.py m 19742.0 tmax 0.879 [122/156 1076s]
113704678 wuyan-nox lean_shed_v4.py m 21262.0 tmax 0.911 [123/156 1084s]
113704678 wuyan-nox lean_shed_v3.py m 21262.0 tmax 0.886 [124/156 1087s]
113714206 MKhlystun lean_shed_v2.py m 8036.0 tmax 1.182 [125/156 1107s]
113714206 MKhlystun lean_shed_v1.py m 9214.0 tmax 1.427 [126/156 1113s]
113714206 MKhlystun lean_shed_v3.py m 9449.0 tmax 1.995 [127/156 1116s]
113714206 MKhlystun lean_shed_v4.py m 8658.0 tmax 1.354 [128/156 1131s]
113720132 kirito83 lean_shed_v2.py m 24372.0 tmax 0.616 [129/156 1134s]
113720132 kirito83 lean_shed_v1.py m 24331.0 tmax 0.783 [130/156 1139s]
113720132 kirito83 lean_shed_v3.py m 24409.0 tmax 0.553 [131/156 1151s]
113720132 kirito83 lean_shed_v4.py m 24871.0 tmax 0.625 [132/156 1155s]
113723682 Kyle lean_shed_v1.py m 884.0 tmax 0.768 [133/156 1165s]
113723682 Kyle lean_shed_v3.py m 1452.0 tmax 0.682 [134/156 1174s]
113723682 Kyle lean_shed_v2.py m 1319.0 tmax 1.027 [135/156 1174s]
113723682 Kyle lean_shed_v4.py m 1061.0 tmax 0.492 [136/156 1186s]
113727264 Hozuma ITOBAYASHI lean_shed_v2.py m 3084.0 tmax 1.008 [137/156 1195s]
113727264 Hozuma ITOBAYASHI lean_shed_v1.py m 3304.0 tmax 1.185 [138/156 1200s]
113727264 Hozuma ITOBAYASHI lean_shed_v3.py m 2889.0 tmax 0.815 [139/156 1205s]
113727264 Hozuma ITOBAYASHI lean_shed_v4.py m 3303.0 tmax 1.087 [140/156 1214s]
113729658 HUNGRED XYIS lean_shed_v1.py m 3573.0 tmax 1.002 [141/156 1218s]
113729658 HUNGRED XYIS lean_shed_v2.py m 5288.0 tmax 0.947 [142/156 1223s]
113729658 HUNGRED XYIS lean_shed_v3.py m 6938.0 tmax 1.137 [143/156 1235s]
113729658 HUNGRED XYIS lean_shed_v4.py m 6558.0 tmax 1.091 [144/156 1239s]
113738657 Hawksartelier lean_shed_v1.py m 21602.0 tmax 0.931 [145/156 1245s]
113738657 Hawksartelier lean_shed_v3.py m 22235.0 tmax 0.949 [146/156 1261s]
113738657 Hawksartelier lean_shed_v2.py m 22132.0 tmax 0.988 [147/156 1263s]
113738657 Hawksartelier lean_shed_v4.py m 20794.0 tmax 0.959 [148/156 1268s]
113749810  Master Bob111 lean_shed_v1.py m 3041.0 tmax 0.853 [149/156 1279s]
113749810  Master Bob111 lean_shed_v3.py m 2725.0 tmax 0.598 [150/156 1285s]
113749810  Master Bob111 lean_shed_v2.py m 2519.0 tmax 0.838 [151/156 1286s]
113749810  Master Bob111 lean_shed_v4.py m 2936.0 tmax 0.716 [152/156 1299s]
113759237 BAHUMANYA R G lean_shed_v2.py m 2334.0 tmax 0.633 [153/156 1306s]
113759237 BAHUMANYA R G lean_shed_v1.py m 2578.0 tmax 0.986 [154/156 1307s]
113759237 BAHUMANYA R G lean_shed_v3.py m 2735.0 tmax 0.763 [155/156 1321s]
113759237 BAHUMANYA R G lean_shed_v4.py m 2735.0 tmax 0.783 [156/156 1326s]
done 1327s
