games 39  done 156  jobs 156  NPROC 3
113633403 d_tree_love lean_shed_w1.py m -4290.0 tmax 1.160 [1/156 37s]
113633403 d_tree_love lean_shed_w2.py m -3958.0 tmax 1.663 [2/156 39s]
113633403 d_tree_love lean_shed_w3.py m -8702.0 tmax 1.066 [3/156 41s]
113638947 Pico lean_shed_w2.py m -12230.0 tmax 0.894 [4/156 61s]
113638947 Pico lean_shed_w1.py m -11524.0 tmax 0.812 [5/156 62s]
113633403 d_tree_love lean_shed_w4.py m -4278.0 tmax 1.743 [6/156 64s]
113638947 Pico lean_shed_w3.py m -12230.0 tmax 0.593 [7/156 80s]
113649337 in blue lean_shed_w1.py m 975.0 tmax 0.544 [8/156 83s]
113638947 Pico lean_shed_w4.py m -11524.0 tmax 0.795 [9/156 84s]
113649337 in blue lean_shed_w2.py m 975.0 tmax 0.503 [10/156 96s]
113649337 in blue lean_shed_w4.py m 975.0 tmax 0.438 [11/156 100s]
113649337 in blue lean_shed_w3.py m 975.0 tmax 0.464 [12/156 101s]
113708805 ActiveMusyoku lean_shed_w1.py m -1404.0 tmax 0.656 [13/156 112s]
113708805 ActiveMusyoku lean_shed_w2.py m -662.0 tmax 0.781 [14/156 116s]
113708805 ActiveMusyoku lean_shed_w3.py m -1533.0 tmax 0.783 [15/156 116s]
113708805 ActiveMusyoku lean_shed_w4.py m -1404.0 tmax 0.724 [16/156 134s]
113745971 emreaydin lean_shed_w1.py m -1863.0 tmax 0.895 [17/156 136s]
113745971 emreaydin lean_shed_w2.py m -1863.0 tmax 0.828 [18/156 142s]
113745971 emreaydin lean_shed_w3.py m -2863.0 tmax 0.947 [19/156 153s]
113745971 emreaydin lean_shed_w4.py m -1863.0 tmax 0.899 [20/156 161s]
113770998 Lucien de Rubempre lean_shed_w1.py m 1201.0 tmax 1.139 [21/156 169s]
113770998 Lucien de Rubempre lean_shed_w2.py m 1410.0 tmax 0.793 [22/156 171s]
113770998 Lucien de Rubempre lean_shed_w3.py m 1374.0 tmax 1.220 [23/156 184s]
113596171 suminshim lean_shed_w1.py m 39728.0 tmax 0.686 [24/156 189s]
113770998 Lucien de Rubempre lean_shed_w4.py m 1591.0 tmax 0.753 [25/156 191s]
113596171 suminshim lean_shed_w2.py m 42277.0 tmax 0.589 [26/156 202s]
113596171 suminshim lean_shed_w3.py m 41965.0 tmax 0.520 [27/156 204s]
113596171 suminshim lean_shed_w4.py m 39728.0 tmax 0.948 [28/156 212s]
113600807 Jaivardhan Raahi lean_shed_w2.py m 27904.0 tmax 0.809 [29/156 222s]
113600807 Jaivardhan Raahi lean_shed_w1.py m 27890.0 tmax 0.711 [30/156 222s]
113600807 Jaivardhan Raahi lean_shed_w3.py m 27917.0 tmax 0.631 [31/156 230s]
113600807 Jaivardhan Raahi lean_shed_w4.py m 27890.0 tmax 0.534 [32/156 240s]
113605451 Tian hao Qing Nano7ko lean_shed_w1.py m 10299.0 tmax 1.473 [33/156 246s]
113605451 Tian hao Qing Nano7ko lean_shed_w2.py m 10243.0 tmax 1.136 [34/156 250s]
113605451 Tian hao Qing Nano7ko lean_shed_w3.py m 12853.0 tmax 1.096 [35/156 259s]
113605451 Tian hao Qing Nano7ko lean_shed_w4.py m 10299.0 tmax 1.133 [36/156 265s]
113610121 htech5 lean_shed_w1.py m 22963.0 tmax 0.983 [37/156 269s]
113610121 htech5 lean_shed_w2.py m 22631.0 tmax 1.048 [38/156 278s]
113610121 htech5 lean_shed_w3.py m 21497.0 tmax 0.907 [39/156 285s]
113610121 htech5 lean_shed_w4.py m 22963.0 tmax 0.958 [40/156 289s]
113616014 uns.t lean_shed_w1.py m 1756.0 tmax 0.781 [41/156 296s]
113616014 uns.t lean_shed_w2.py m 1664.0 tmax 0.766 [42/156 303s]
113616014 uns.t lean_shed_w3.py m 1794.0 tmax 0.817 [43/156 307s]
113616014 uns.t lean_shed_w4.py m 1756.0 tmax 1.112 [44/156 315s]
113620462 Seyit kaan Gunes lean_shed_w1.py m 5849.0 tmax 1.559 [45/156 325s]
113620462 Seyit kaan Gunes lean_shed_w2.py m 5863.0 tmax 2.364 [46/156 335s]
113620462 Seyit kaan Gunes lean_shed_w3.py m 5597.0 tmax 1.482 [47/156 343s]
113620462 Seyit kaan Gunes lean_shed_w4.py m 5849.0 tmax 1.345 [48/156 356s]
113623571 shikaikaikaikai lean_shed_w2.py m 2314.0 tmax 0.549 [49/156 358s]
113623571 shikaikaikaikai lean_shed_w1.py m 2314.0 tmax 0.796 [50/156 364s]
113623571 shikaikaikaikai lean_shed_w4.py m 2314.0 tmax 0.689 [51/156 387s]
113623571 shikaikaikaikai lean_shed_w3.py m 2732.0 tmax 1.272 [52/156 387s]
113628315 sdy623 lean_shed_w1.py m 2127.0 tmax 1.358 [53/156 396s]
113628315 sdy623 lean_shed_w2.py m 2153.0 tmax 0.749 [54/156 406s]
113628315 sdy623 lean_shed_w3.py m 2153.0 tmax 0.705 [55/156 413s]
113628315 sdy623 lean_shed_w4.py m 2127.0 tmax 0.771 [56/156 420s]
113644871 Bohann Wang lean_shed_w1.py m 7605.0 tmax 1.252 [57/156 434s]
113644871 Bohann Wang lean_shed_w2.py m 6915.0 tmax 1.313 [58/156 441s]
113644871 Bohann Wang lean_shed_w3.py m 6806.0 tmax 0.960 [59/156 441s]
113644871 Bohann Wang lean_shed_w4.py m 7605.0 tmax 1.032 [60/156 458s]
113655516 d_tree_love lean_shed_w1.py m 741.0 tmax 1.836 [61/156 465s]
113655516 d_tree_love lean_shed_w2.py m 575.0 tmax 2.584 [62/156 477s]
113655516 d_tree_love lean_shed_w3.py m 1778.0 tmax 1.200 [63/156 485s]
113655516 d_tree_love lean_shed_w4.py m 741.0 tmax 2.107 [64/156 493s]
113674419 mikelou1 lean_shed_w1.py m 1652.0 tmax 0.986 [65/156 504s]
113674419 mikelou1 lean_shed_w2.py m 1882.0 tmax 0.976 [66/156 507s]
113674419 mikelou1 lean_shed_w3.py m 1705.0 tmax 0.577 [67/156 518s]
113674419 mikelou1 lean_shed_w4.py m 1652.0 tmax 1.011 [68/156 530s]
113676743 Matt Motoki lean_shed_w1.py m 3308.0 tmax 1.355 [69/156 538s]
113676743 Matt Motoki lean_shed_w2.py m 3370.0 tmax 1.007 [70/156 546s]
113676743 Matt Motoki lean_shed_w3.py m 1308.0 tmax 0.876 [71/156 552s]
113679102 loxigicck lean_shed_w1.py m 7413.0 tmax 0.862 [72/156 566s]
113676743 Matt Motoki lean_shed_w4.py m 3393.0 tmax 1.923 [73/156 570s]
113679102 loxigicck lean_shed_w2.py m 7413.0 tmax 1.175 [74/156 580s]
113679102 loxigicck lean_shed_w3.py m 6886.0 tmax 0.906 [75/156 591s]
113679102 loxigicck lean_shed_w4.py m 7413.0 tmax 1.486 [76/156 593s]
113696377 unreal lean_shed_w1.py m -5693.0 tmax 0.806 [77/156 604s]
113696377 unreal lean_shed_w2.py m -4585.0 tmax 1.377 [78/156 618s]
113696377 unreal lean_shed_w3.py m -5874.0 tmax 1.568 [79/156 624s]
113696377 unreal lean_shed_w4.py m -4463.0 tmax 0.938 [80/156 632s]
113663377 levr hang lean_shed_w1.py m 84931.0 tmax 0.768 [81/156 635s]
113663377 levr hang lean_shed_w2.py m 84931.0 tmax 0.626 [82/156 641s]
113663377 levr hang lean_shed_w3.py m 84455.0 tmax 0.555 [83/156 648s]
113663377 levr hang lean_shed_w4.py m 84931.0 tmax 0.584 [84/156 652s]
113666897 炫酷的小克里斯 lean_shed_w1.py m 27595.0 tmax 0.518 [85/156 660s]
113666897 炫酷的小克里斯 lean_shed_w2.py m 28127.0 tmax 0.540 [86/156 668s]
113666897 炫酷的小克里斯 lean_shed_w3.py m 28030.0 tmax 0.492 [87/156 669s]
113666897 炫酷的小克里斯 lean_shed_w4.py m 27595.0 tmax 0.536 [88/156 677s]
113669130 kaneko takafumi lean_shed_w1.py m 29405.0 tmax 0.515 [89/156 684s]
113669130 kaneko takafumi lean_shed_w2.py m 29995.0 tmax 0.553 [90/156 685s]
113669130 kaneko takafumi lean_shed_w3.py m 29995.0 tmax 0.495 [91/156 692s]
113669130 kaneko takafumi lean_shed_w4.py m 29405.0 tmax 0.618 [92/156 700s]
113671458 ChrisXie lean_shed_w1.py m 24478.0 tmax 0.813 [93/156 702s]
113671458 ChrisXie lean_shed_w2.py m 24445.0 tmax 0.832 [94/156 709s]
113671458 ChrisXie lean_shed_w3.py m 24445.0 tmax 0.703 [95/156 717s]
113671458 ChrisXie lean_shed_w4.py m 24478.0 tmax 0.814 [96/156 719s]
113682140 minoneru lean_shed_w1.py m 3015.0 tmax 0.526 [97/156 726s]
113682140 minoneru lean_shed_w2.py m 3015.0 tmax 0.493 [98/156 733s]
113682140 minoneru lean_shed_w3.py m 2756.0 tmax 0.467 [99/156 735s]
113682140 minoneru lean_shed_w4.py m 3015.0 tmax 0.531 [100/156 742s]
113685763 KoshinM lean_shed_w1.py m 2479.0 tmax 0.453 [101/156 750s]
113685763 KoshinM lean_shed_w2.py m 2479.0 tmax 0.451 [102/156 751s]
113685763 KoshinM lean_shed_w3.py m 2479.0 tmax 0.489 [103/156 759s]
113685763 KoshinM lean_shed_w4.py m 2479.0 tmax 0.525 [104/156 767s]
113688090 Kashyapsinh gohil lean_shed_w1.py m 14703.0 tmax 0.608 [105/156 768s]
113688090 Kashyapsinh gohil lean_shed_w2.py m 14703.0 tmax 0.484 [106/156 776s]
113688090 Kashyapsinh gohil lean_shed_w3.py m 14703.0 tmax 0.472 [107/156 784s]
113688090 Kashyapsinh gohil lean_shed_w4.py m 14703.0 tmax 0.720 [108/156 785s]
113692826 IamDiganta.7 lean_shed_w1.py m 615.0 tmax 0.580 [109/156 792s]
113692826 IamDiganta.7 lean_shed_w2.py m 615.0 tmax 0.503 [110/156 800s]
113692826 IamDiganta.7 lean_shed_w3.py m 138.0 tmax 0.443 [111/156 801s]
113692826 IamDiganta.7 lean_shed_w4.py m 615.0 tmax 0.526 [112/156 808s]
113699895 We Forgot To Water lean_shed_w1.py m 7359.0 tmax 0.715 [113/156 818s]
113699895 We Forgot To Water lean_shed_w2.py m 7359.0 tmax 0.720 [114/156 819s]
113699895 We Forgot To Water lean_shed_w3.py m 7103.0 tmax 1.040 [115/156 827s]
113699895 We Forgot To Water lean_shed_w4.py m 7359.0 tmax 0.732 [116/156 837s]
113702310 Inzilbêth lean_shed_w1.py m 51141.0 tmax 1.116 [117/156 840s]
113702310 Inzilbêth lean_shed_w2.py m 50505.0 tmax 1.114 [118/156 847s]
113702310 Inzilbêth lean_shed_w3.py m 44866.0 tmax 1.130 [119/156 856s]
113702310 Inzilbêth lean_shed_w4.py m 49835.0 tmax 1.190 [120/156 859s]
113704678 wuyan-nox lean_shed_w1.py m 21262.0 tmax 0.859 [121/156 864s]
113704678 wuyan-nox lean_shed_w2.py m 21060.0 tmax 0.882 [122/156 873s]
113704678 wuyan-nox lean_shed_w3.py m 20047.0 tmax 0.841 [123/156 876s]
113704678 wuyan-nox lean_shed_w4.py m 21262.0 tmax 0.851 [124/156 882s]
113714206 MKhlystun lean_shed_w1.py m 5994.0 tmax 1.054 [125/156 892s]
113714206 MKhlystun lean_shed_w2.py m 6500.0 tmax 1.060 [126/156 895s]
113714206 MKhlystun lean_shed_w3.py m 6551.0 tmax 0.952 [127/156 900s]
113714206 MKhlystun lean_shed_w4.py m 7074.0 tmax 0.918 [128/156 909s]
113720132 kirito83 lean_shed_w1.py m 23796.0 tmax 0.460 [129/156 909s]
113720132 kirito83 lean_shed_w2.py m 23835.0 tmax 0.571 [130/156 914s]
113720132 kirito83 lean_shed_w3.py m 23835.0 tmax 0.462 [131/156 922s]
113720132 kirito83 lean_shed_w4.py m 23796.0 tmax 0.478 [132/156 922s]
113723682 Kyle lean_shed_w1.py m 1319.0 tmax 0.416 [133/156 927s]
113723682 Kyle lean_shed_w3.py m 1048.0 tmax 0.406 [134/156 935s]
113723682 Kyle lean_shed_w2.py m 1048.0 tmax 0.406 [135/156 936s]
113723682 Kyle lean_shed_w4.py m 1319.0 tmax 0.416 [136/156 940s]
113727264 Hozuma ITOBAYASHI lean_shed_w2.py m 3146.0 tmax 0.844 [137/156 951s]
113727264 Hozuma ITOBAYASHI lean_shed_w1.py m 3146.0 tmax 0.859 [138/156 951s]
113727264 Hozuma ITOBAYASHI lean_shed_w3.py m 2655.0 tmax 0.783 [139/156 956s]
113727264 Hozuma ITOBAYASHI lean_shed_w4.py m 3146.0 tmax 0.922 [140/156 967s]
113729658 HUNGRED XYIS lean_shed_w1.py m 7437.0 tmax 0.954 [141/156 967s]
113729658 HUNGRED XYIS lean_shed_w2.py m 7999.0 tmax 0.963 [142/156 973s]
113729658 HUNGRED XYIS lean_shed_w3.py m 7110.0 tmax 0.854 [143/156 984s]
113729658 HUNGRED XYIS lean_shed_w4.py m 6558.0 tmax 0.834 [144/156 984s]
113738657 Hawksartelier lean_shed_w1.py m 21362.0 tmax 0.732 [145/156 990s]
113738657 Hawksartelier lean_shed_w2.py m 21994.0 tmax 0.716 [146/156 1000s]
113738657 Hawksartelier lean_shed_w3.py m 21920.0 tmax 0.701 [147/156 1001s]
113738657 Hawksartelier lean_shed_w4.py m 21362.0 tmax 0.727 [148/156 1006s]
113749810  Master Bob111 lean_shed_w1.py m 2916.0 tmax 0.472 [149/156 1014s]
113749810  Master Bob111 lean_shed_w2.py m 2921.0 tmax 0.470 [150/156 1014s]
113749810  Master Bob111 lean_shed_w3.py m 1656.0 tmax 0.425 [151/156 1020s]
113759237 BAHUMANYA R G lean_shed_w1.py m 2550.0 tmax 0.466 [152/156 1028s]
113749810  Master Bob111 lean_shed_w4.py m 2916.0 tmax 0.453 [153/156 1028s]
113759237 BAHUMANYA R G lean_shed_w2.py m 2550.0 tmax 0.448 [154/156 1033s]
113759237 BAHUMANYA R G lean_shed_w4.py m 2550.0 tmax 0.466 [155/156 1041s]
113759237 BAHUMANYA R G lean_shed_w3.py m 1947.0 tmax 0.438 [156/156 1041s]
done 1041s
