games 39  done 312  jobs 39  NPROC 3
113638947 Pico lean_shed_x1.py m -11524.0 tmax 0.536 [1/39 19s]
113649337 in blue lean_shed_x1.py m 975.0 tmax 0.562 [2/39 19s]
113633403 d_tree_love lean_shed_x1.py m -4290.0 tmax 1.211 [3/39 22s]
113708805 ActiveMusyoku lean_shed_x1.py m -1404.0 tmax 0.649 [4/39 36s]
113745971 emreaydin lean_shed_x1.py m -1863.0 tmax 0.534 [5/39 36s]
113770998 Lucien de Rubempre lean_shed_x1.py m 1201.0 tmax 0.776 [6/39 40s]
113600807 Jaivardhan Raahi lean_shed_x1.py m 27890.0 tmax 0.541 [7/39 51s]
113596171 suminshim lean_shed_x1.py m 39728.0 tmax 0.684 [8/39 52s]
113605451 Tian hao Qing Nano7ko lean_shed_x1.py m 10299.0 tmax 1.197 [9/39 58s]
113610121 htech5 lean_shed_x1.py m 22963.0 tmax 1.019 [10/39 70s]
113616014 uns.t lean_shed_x1.py m 1756.0 tmax 0.793 [11/39 70s]
113620462 Seyit kaan Gunes lean_shed_x1.py m 5849.0 tmax 0.993 [12/39 76s]
113628315 sdy623 lean_shed_x1.py m 2127.0 tmax 0.469 [13/39 85s]
113623571 shikaikaikaikai lean_shed_x1.py m 2314.0 tmax 0.580 [14/39 86s]
113644871 Bohann Wang lean_shed_x1.py m 7605.0 tmax 0.839 [15/39 94s]
113674419 mikelou1 lean_shed_x1.py m 1652.0 tmax 0.511 [16/39 101s]
113655516 d_tree_love lean_shed_x1.py m 741.0 tmax 1.029 [17/39 104s]
113676743 Matt Motoki lean_shed_x1.py m 3308.0 tmax 0.714 [18/39 112s]
113679102 loxigicck lean_shed_x1.py m 7413.0 tmax 0.755 [19/39 118s]
113696377 unreal lean_shed_x1.py m -5693.0 tmax 0.596 [20/39 120s]
113663377 levr hang lean_shed_x1.py m 84931.0 tmax 0.576 [21/39 124s]
113666897 炫酷的小克里斯 lean_shed_x1.py m 27595.0 tmax 0.498 [22/39 133s]
113669130 kaneko takafumi lean_shed_x1.py m 29405.0 tmax 0.491 [23/39 135s]
113671458 ChrisXie lean_shed_x1.py m 24478.0 tmax 0.748 [24/39 141s]
113682140 minoneru lean_shed_x1.py m 3015.0 tmax 0.445 [25/39 149s]
113685763 KoshinM lean_shed_x1.py m 2479.0 tmax 0.483 [26/39 152s]
113688090 Kashyapsinh gohil lean_shed_x1.py m 14703.0 tmax 0.414 [27/39 155s]
113692826 IamDiganta.7 lean_shed_x1.py m 615.0 tmax 0.484 [28/39 165s]
113699895 We Forgot To Water lean_shed_x1.py m 7359.0 tmax 0.698 [29/39 168s]
113702310 Inzilbêth lean_shed_x1.py m 51141.0 tmax 1.196 [30/39 174s]
113704678 wuyan-nox lean_shed_x1.py m 21262.0 tmax 0.835 [31/39 182s]
113714206 MKhlystun lean_shed_x1.py m 5994.0 tmax 1.143 [32/39 188s]
113720132 kirito83 lean_shed_x1.py m 23796.0 tmax 0.522 [33/39 190s]
113723682 Kyle lean_shed_x1.py m 1319.0 tmax 0.493 [34/39 197s]
113727264 Hozuma ITOBAYASHI lean_shed_x1.py m 3146.0 tmax 1.029 [35/39 205s]
113729658 HUNGRED XYIS lean_shed_x1.py m 7437.0 tmax 0.939 [36/39 208s]
113738657 Hawksartelier lean_shed_x1.py m 21362.0 tmax 0.825 [37/39 215s]
113749810  Master Bob111 lean_shed_x1.py m 2916.0 tmax 0.496 [38/39 220s]
113759237 BAHUMANYA R G lean_shed_x1.py m 2550.0 tmax 0.397 [39/39 222s]
done 223s
