done -1
done 1
done 2
done 3
done 4
done 5
done 6
done 7
done 8
done 9
done 10
done 11
done 12
done 13
done 14
done 15
done 16
done 17
done 18
done 19
done 20
done 21
done 22
done 23
done 24
done 25
done 26
done 27
done 28
done 29
done 30
done 31
done 32
done 33
done 34
done 35
done 36
done 37
done 38
done 39
done 40
done 41
done 42
done 43
done 44
done 45
done 46
done 47
done 48
done 49
done 50
done 51
done 52
done 53
layer  1 lines   854-  871 (  18): DEAD on the set
layer  2 lines   872-  990 ( 119): ERR NameError("name '_UPGRADE_STATS' is not defined")
layer  3 lines   991- 1030 (  40): ERR NameError("name '_ROOM_STATS' is not defined")
layer  4 lines  1031- 1041 (  11): DEAD on the set
layer  5 lines  1042- 1341 ( 300): ERR NameError("name '_V219_REPORT' is not defined")
layer  6 lines  1342- 1364 (  23): alive
layer  7 lines  1365- 1400 (  36): alive
layer  8 lines  1401- 1415 (  15): DEAD on the set
layer  9 lines  1416- 1529 ( 114): ERR NameError("name '_V231_REPORT' is not defined")
layer 10 lines  1530- 1615 (  86): ERR NameError("name '_R36_SALE_REPORT' is not defined")
layer 11 lines  1616- 1785 ( 170): ERR NameError("name '_R37_REPORT' is not defined")
layer 12 lines  1786- 1806 (  21): ERR NameError("name '_RELEASE_REPORT' is not defined")
layer 13 lines  1807- 2042 ( 236): ERR NameError("name '_v233_request' is not defined")
layer 14 lines  2043- 2064 (  22): ERR NameError("name '_R46_REPORT' is not defined")
layer 15 lines  2065- 2276 ( 212): ERR NameError("name '_R51_INPUT_REPORT' is not defined")
layer 16 lines  2277- 2361 (  85): ERR NameError("name '_R51_WAREHOUSE_REPORT' is not defined")
layer 17 lines  2362- 2414 (  53): alive
layer 18 lines  2415- 2543 ( 129): ERR NameError("name '_R70_REPORT' is not defined")
layer 19 lines  2544- 2688 ( 145): ERR NameError("name '_R85_REPORT' is not defined")
layer 20 lines  2689- 2829 ( 141): ERR NameError("name '_R95_REPORT' is not defined")
layer 21 lines  2830- 3003 ( 174): ERR NameError("name '_R97_REPORT' is not defined")
layer 22 lines  3004- 3113 ( 110): ERR NameError("name '_V9_COURIER_REPORT' is not defined")
layer 23 lines  3114- 3199 (  86): ERR NameError("name '_V9_CARROT_REPORT' is not defined")
layer 24 lines  3200- 3279 (  80): ERR NameError("name '_V9_HERD_REPORT' is not defined")
layer 25 lines  3280- 3343 (  64): ERR NameError("name '_V9_FERT_REPORT' is not defined")
layer 26 lines  3344- 3371 (  28): alive
layer 27 lines  3372- 3518 ( 147): ERR NameError("name '_V92_P_REPORT' is not defined")
layer 28 lines  3519- 3656 ( 138): ERR NameError("name '_V92_Q_REPORT' is not defined")
layer 29 lines  3657- 3746 (  90): ERR NameError("name '_V9_RACE_REPORT' is not defined")
layer 30 lines  3747- 3794 (  48): ERR NameError("name '_v9_racepx_report' is not defined")
layer 31 lines  3795- 3867 (  73): ERR NameError("name '_v9_racegate_report' is not defined")
layer 32 lines  3868- 3908 (  41): ERR NameError("name '_CT_REPORT' is not defined")
layer 33 lines  3909- 3976 (  68): ERR NameError("name '_OV_REPORT' is not defined")
layer 34 lines  3977- 4425 ( 449): ERR NameError("name '_CA_REPORT' is not defined")
layer 35 lines  4426- 4645 ( 220): ERR NameError("name '_OR2_REPORT' is not defined")
layer 36 lines  4646- 4782 ( 137): ERR NameError("name '_CH_REPORT' is not defined")
layer 37 lines  4783- 4885 ( 103): ERR NameError("name '_SR_REPORT' is not defined")
layer 38 lines  4886- 5129 ( 244): ERR NameError("name '_HD2_REPORT' is not defined")
layer 39 lines  5130- 5346 ( 217): ERR NameError("name '_CS_REPORT' is not defined")
layer 40 lines  5347- 5484 ( 138): ERR NameError("name '_RACE_REPORT' is not defined")
layer 41 lines  5485- 5609 ( 125): ERR NameError("name '_R127_REPORT' is not defined")
layer 42 lines  5610- 6145 ( 536): ERR NameError("name '_V11_ENTRY' is not defined")
layer 43 lines  6146- 6180 (  35): ERR NameError("name '_V13V_REPORT' is not defined")
layer 44 lines  6181- 6302 ( 122): ERR NameError("name '_ALT_REPORT' is not defined")
layer 45 lines  6303- 6342 (  40): ERR NameError("name '_CL_REPORT' is not defined")
layer 46 lines  6343- 6364 (  22): alive
layer 47 lines  6365- 6391 (  27): DEAD on the set
layer 48 lines  6392- 6687 ( 296): DEAD on the set
layer 49 lines  6688- 6796 ( 109): ERR NameError("name '_WRT_REPORT' is not defined")
layer 50 lines  6797- 6955 ( 159): ERR NameError("name '_SLOT_REPORT' is not defined")
layer 51 lines  6956- 7057 ( 102): ERR NameError("name '_FG_REPORT' is not defined")
layer 52 lines  7058- 7134 (  77): ERR NameError("name '_WF_REPORT' is not defined")
layer 53 lines  7135- 7201 (  67): ERR NameError("name '_AD_REPORT' is not defined")
dead layers: [1, 4, 8, 47, 48] lines: 367
