seed 6001 identical ([113408.0, 115243.0])
seed 6002 identical ([97483.0, 97492.0])
seed 6003 identical ([81257.0, 81371.0])
seed 6004 identical ([66249.0, 66206.0])
seed 6005 identical ([115749.0, 115553.0])
seed 6006 identical ([64746.0, 64758.0])
seed 6007 identical ([75756.0, 76059.0])
seed 6008 identical ([131534.0, 131534.0])
seed 6009 identical ([134876.0, 135155.0])
seed 6010 identical ([116514.0, 117124.0])
seed 6012 identical ([117902.0, 117902.0])
seed 6013 identical ([126830.0, 126850.0])
seed 6014 identical ([71057.0, 71033.0])
seed 6015 identical ([124422.0, 124315.0])
seed 6016 identical ([80561.0, 80704.0])
seed 6017 identical ([96003.0, 95883.0])
elite Sida Zuo seat 0: identical ([93885.0, 85322.0])
elite Sida Zuo seat 1: identical ([80554.0, 85045.0])
elite Majkel1337 seat 1: identical ([110284.0, 108147.0])
elite Majkel1337 seat 0: identical ([134973.0, 135765.0])
elite Majkel1337 seat 0: identical ([72880.0, 66475.0])
elite Yannik Schiffner seat 1: identical ([108818.0, 110814.0])
elite Sida Zuo seat 1: identical ([122900.0, 112068.0])
elite Sida Zuo seat 1: identical ([135335.0, 135277.0])
elite DSM seat 0: identical ([77941.0, 73737.0])
elite Sida Zuo seat 1: identical ([84423.0, 83929.0])
elite DSM seat 0: identical ([99008.0, 89198.0])
elite DSM seat 0: identical ([128618.0, 129766.0])
elite Majkel1337 seat 0: identical ([150090.0, 160224.0])
elite Sida Zuo seat 1: identical ([172406.0, 97177.0])
elite DSM seat 0: identical ([84113.0, 75382.0])
elite Majkel1337 seat 0: identical ([82512.0, 82317.0])
elite QQ seat 1: identical ([68619.0, 68264.0])
elite DSM seat 1: identical ([83972.0, 108451.0])
elite Sida Zuo seat 0: identical ([122525.0, 112750.0])
elite Sida Zuo seat 0: identical ([121962.0, 120767.0])
elite Sida Zuo seat 1: identical ([128604.0, 129853.0])
elite Unknown Mother-Goose seat 0: identical ([83913.0, 90060.0])
elite Unknown Mother-Goose seat 0: identical ([98992.0, 96635.0])
elite Yannik Schiffner seat 0: identical ([97734.0, 87671.0])
elite M & M & P & Q seat 1: identical ([72918.0, 80046.0])
elite Unknown Mother-Goose seat 1: identical ([67825.0, 80138.0])
elite Yannik Schiffner seat 0: identical ([84446.0, 80626.0])
elite M & M & P & Q seat 0: identical ([76169.0, 83026.0])
elite M & M & P & Q seat 0: identical ([109978.0, 121913.0])
elite M & M & P & Q seat 1: identical ([105304.0, 110741.0])
RESULT IDENTICAL
