runs 5400 wall 3995
default         84-51  margin    +3916 us   102877 them    98962
skip_V219       72-63  margin    +2433 us   102004 them    99572
skip_ORDER      84-51  margin    +3903 us   102867 them    98964
skip_V231       79-56  margin    +3618 us   102872 them    99254
skip_R36_SALE   70-65  margin    +3736 us   103253 them    99517
skip_R37        84-51  margin    +3915 us   102876 them    98961
skip_RELEASE    84-51  margin    +3916 us   102877 them    98962
skip_V233       81-54  margin    +3057 us   102665 them    99608
skip_R51_INPUT  72-63  margin    +3364 us   102373 them    99009
skip_R51_WAREHOUSE  84-51  margin    +3910 us   102874 them    98964
skip_R53_LABOR  84-51  margin    +3916 us   102877 them    98962
skip_R70        71-64  margin    +2244 us   101577 them    99333
skip_R85        61-74  margin    +2719 us   101107 them    98388
skip_R95        84-51  margin    +3920 us   102883 them    98964
skip_R97        84-51  margin    +3695 us   102735 them    99039
skip_V9_COURIER  75-60  margin    +3716 us   102817 them    99100
skip_V9_CARROT  84-51  margin    +3918 us   102881 them    98963
skip_V9_HERD    83-52  margin    +3908 us   102863 them    98955
skip_V9_FERT    82-53  margin    +3762 us   102709 them    98947
skip_V92_P      79-56  margin    +3848 us   102963 them    99116
skip_V92_Q      84-51  margin    +3916 us   102877 them    98962
skip_V9_RACE    83-52  margin    +3948 us   103144 them    99196
skip_V9_RACEPX  84-51  margin    +3916 us   102877 them    98962
skip_V9_RACEGATE  76-59  margin    +3726 us   102721 them    98995
skip_CA         74-61  margin    +3468 us   102596 them    99127
skip_OR2        72-63  margin    +3562 us   102708 them    99146
skip_CH         80-55  margin    +3649 us   102609 them    98960
skip_SR         86-49  margin    +3879 us   102861 them    98982
skip_HD2        84-51  margin    +3922 us   102906 them    98983
skip_CS         81-54  margin    +3811 us   102661 them    98850
skip_RACE       84-51  margin    +3916 us   102877 them    98962
skip_R127       79-56  margin    +3824 us   102828 them    99004
skip_V13V       84-51  margin    +3916 us   102877 them    98962
skip_ALT        84-51  margin    +3916 us   102877 them    98962
skip_CL         84-51  margin    +3916 us   102877 them    98962
skip_PE         80-55  margin    +3740 us   102836 them    99096
skip_FD         77-58  margin    +3718 us   102692 them    98974
skip_WRT        83-52  margin    +3658 us   102758 them    99100
skip_SLOT       85-50  margin    +3893 us   102867 them    98974
skip_FG         83-52  margin    +3739 us   102817 them    99078
