45 to fetch
ok 112057430 ['Yannik Schiffner', 'offhand'] [102933.0, 92768.0]
ok 112057415 ['offhand', 'KouFu'] [89604.0, 91746.0]
ok 112048732 ['sAIzeria Harness', 'offhand'] [124246.0, 123947.0]
ok 112041955 ['URAD', 'offhand'] [60718.0, 60670.0]
ok 112032710 ['Ziad EL ARARI', 'offhand'] [115037.0, 118331.0]
ok 112030438 ['A. R. SEKKAT', 'offhand'] [102647.0, 103722.0]
ok 112028173 ['offhand', 'TheEggman'] [96862.0, 110868.0]
ok 112027040 ['Yeswanthperni', 'offhand'] [100618.0, 101173.0]
ok 112023613 ['Ryo Hasegawa', 'offhand'] [108088.0, 109028.0]
ok 112017974 ['offhand', 'tw1nstar'] [127072.0, 126848.0]
ok 112013431 ['tw1nstar', 'offhand'] [83503.0, 84002.0]
ok 112012297 ['offhand', 'Mohamed Salah'] [104516.0, 104324.0]
ok 112008898 ['offhand', 'Chris Deotte'] [80377.0, 80238.0]
ok 112007752 ['Mohamed Salah', 'offhand'] [135534.0, 136708.0]
ok 112099020 ['Yannik Schiffner', 'offhand'] [100022.0, 98528.0]
ok 112099195 ['offhand', 'Justin Yang'] [115116.0, 93647.0]
ok 112098426 ['offhand', 'Chris Deotte'] [133854.0, 134747.0]
ok 112091361 ['M & M & P & Q', 'offhand'] [143275.0, 114974.0]
ok 112089086 ['offhand', 'M & M & P & Q'] [115219.0, 122120.0]
ok 112086187 ['offhand', 'by'] [115643.0, 125594.0]
ok 112079112 ['offhand', 'Dmitriy Ulybin'] [98729.0, 97297.0]
ok 112071367 ['offhand', 'KouFu'] [72527.0, 70822.0]
ok 112062179 ['SpaTaro', 'offhand'] [83261.0, 79965.0]
ok 112064245 ['offhand', 'Yannik Schiffner'] [113445.0, 135515.0]
ok 112061257 ['Driz Lo', 'offhand'] [91498.0, 91579.0]
ok 112054375 ['offhand', 'Chris Deotte'] [97374.0, 95827.0]
ok 112047339 ['offhand', 'Ryuichi'] [102522.0, 101773.0]
ok 112041588 ['吃白饭的大肥鱼', 'offhand'] [135300.0, 110301.0]
ok 112039727 ['Planned Economy', 'offhand'] [73336.0, 64300.0]
ok 112027927 ['offhand', 'mtmr_s1'] [79636.0, 108232.0]
ok 111991165 ['arutyunoff', 'offhand'] [147937.0, 150156.0]
ok 111983533 ['offhand', 'asteriam'] [74901.0, 73908.0]
ok 111973434 ['我小栗帽要娶藤正进行曲！！！💍', 'offhand'] [107687.0, 125813.0]
ok 111972195 ['offhand', 'アルモンド'] [115944.0, 122238.0]
ok 111970990 ['Driz Lo', 'offhand'] [68404.0, 67169.0]
ok 111969841 ['offhand', 'Agricola'] [117393.0, 113694.0]
ok 111968698 ['easygame', 'offhand'] [120284.0, 120325.0]
ok 111967561 ['RangerSnow', 'offhand'] [95511.0, 95902.0]
ok 111966411 ['offhand', 'sAIzeria Harness'] [105058.0, 105934.0]
ok 111963013 ['offhand', 'Grim Reaper'] [93701.0, 92764.0]
ok 111960746 ['offhand', 'URAD'] [107140.0, 106615.0]
ok 111958469 ['Ryo Hasegawa', 'offhand'] [80348.0, 75877.0]
ok 111958963 ['offhand', 'forever young'] [95651.0, 97374.0]
ok 111952785 ['offhand', 'Grim Reaper'] [83764.0, 82185.0]
ok 111948251 ['yomogii', 'offhand'] [65911.0, 66058.0]
