35 to fetch
ok 111890242 ['offhand', 'lingxiaojun'] [96507.0, 96168.0]
ok 111878856 ['offhand', 'Rudra'] [74758.0, 75579.0]
ok 111871922 ['offhand', 'Dmitriy Ulybin'] [103313.0, 96906.0]
ok 111866635 ['Roman Katasonov', 'offhand'] [99961.0, 101198.0]
ok 111861155 ['motono0223', 'offhand'] [75434.0, 84856.0]
ok 111854479 ['A. R. SEKKAT', 'offhand'] [128705.0, 128507.0]
ok 111848680 ['offhand', 'Roxy'] [83655.0, 85863.0]
ok 111843006 ['Agricola', 'offhand'] [101560.0, 96419.0]
ok 111841012 ['offhand', 'asteriam'] [92436.0, 92906.0]
ok 111835444 ['offhand', 'mikelou1'] [86216.0, 87131.0]
ok 111826070 ['Rudra', 'offhand'] [134715.0, 134681.0]
ok 111820488 ['offhand', 'Matsu'] [88243.0, 88430.0]
ok 111814942 ['yoshino', 'offhand'] [80318.0, 93294.0]
ok 111809393 ['offhand', 'Matsu'] [87757.0, 87982.0]
ok 111804023 ['Le Viet', 'offhand'] [82313.0, 82249.0]
ok 111799350 ['offhand', 'Gleb Tumanov'] [131230.0, 131697.0]
ok 111794602 ['Ziad EL ARARI', 'offhand'] [89131.0, 84376.0]
ok 111792060 ['offhand', 'chocolat'] [123177.0, 124190.0]
ok 111788029 ['offhand', 'xi luo'] [118969.0, 118588.0]
ok 111777918 ['offhand', 'kou'] [128713.0, 108537.0]
ok 111777154 ['offhand', 'kyy666'] [123783.0, 123171.0]
