51 to fetch
ok 112261816 ['offhand', 'Shawn404'] [62744.0, 66099.0]
ok 112233724 ['Omar Althobaiti', 'offhand'] [148418.0, 142601.0]
ok 112226919 ['Dieter', 'offhand'] [100178.0, 98174.0]
ok 112219935 ['offhand', 'Batuhan Ustun'] [75551.0, 76035.0]
ok 112213769 ['HD h Joratos', 'offhand'] [94143.0, 92837.0]
ok 112202146 ['Evil Mango', 'offhand'] [65266.0, 63779.0]
ok 112196622 ['Fateyongheng', 'offhand'] [99499.0, 98912.0]
ok 112190830 ['Driz Lo', 'offhand'] [94623.0, 91874.0]
ok 112184604 ['Bohann Wang', 'offhand'] [129275.0, 128667.0]
ok 112178518 ['QQ农场', 'offhand'] [66746.0, 64407.0]
ok 112178512 ['Sirui Zeng', 'offhand'] [105051.0, 104704.0]
ok 112171237 ['摆烂小分队 🏆', 'offhand'] [146302.0, 136065.0]
ok 112168268 ['offhand', 'Shawn404'] [119503.0, 119783.0]
ok 112166470 ['offhand', 'Bohann Wang'] [81065.0, 83220.0]
ok 112167210 ['chungkuangwen', 'offhand'] [90729.0, 88659.0]
ok 112161810 ['Sida Zuo', 'offhand'] [71989.0, 63728.0]
ok 112159545 ['Sida Zuo', 'offhand'] [110026.0, 103063.0]
ok 112158294 ['Sida Zuo', 'offhand'] [85664.0, 79892.0]
ok 112147754 ['offhand', 'Sida Zuo'] [155551.0, 173051.0]
ok 112143149 ['TheEggman', 'offhand'] [76008.0, 60594.0]
ok 112138739 ['offhand', 'HowardLeeTW'] [89179.0, 93459.0]
ok 112138698 ['offhand', 'DeeperNet'] [77638.0, 89900.0]
ok 112132265 ['offhand', 'open5'] [99797.0, 100192.0]
ok 112131689 ['offhand', 'ShunkiKyoya'] [63207.0, 80380.0]
ok 112117621 ['RS Turley', 'offhand'] [120887.0, 99018.0]
ok 112110886 ['Planned Economy', 'offhand'] [113873.0, 110609.0]
ok 112108639 ['🐚seek inspiration🐚', 'offhand'] [105288.0, 101787.0]
ok 112101868 ['🐚seek inspiration🐚', 'offhand'] [130397.0, 126374.0]
ok 112279120 ['Azat Akhtyamov', 'offhand'] [132958.0, 126823.0]
ok 112275631 ['offhand', 'Excluding'] [81869.0, 94799.0]
ok 112271009 ['offhand', 'KouFu'] [117669.0, 119819.0]
ok 112257944 ['offhand', 'URAD'] [73305.0, 73953.0]
ok 112253496 ['Densike', 'offhand'] [68621.0, 65808.0]
ok 112251252 ['offhand', 'RangerSnow'] [108699.0, 112779.0]
ok 112239192 ['Driz Lo', 'offhand'] [78289.0, 77144.0]
ok 112231156 ['offhand', 'Artem The Farmer 🍅'] [114192.0, 127649.0]
ok 112228347 ['offhand', 'chungkuangwen'] [61412.0, 73782.0]
ok 112215497 ['forever young', 'offhand'] [66753.0, 65335.0]
ok 112194915 ['offhand', 'kwa'] [131579.0, 141822.0]
ok 112184788 ['offhand', 'DeeperNet'] [73018.0, 80128.0]
ok 112172969 ['sonny_01', 'offhand'] [121939.0, 121853.0]
ok 112168840 ['forever young', 'offhand'] [88701.0, 87900.0]
ok 112159851 ['offhand', 'Rio'] [121996.0, 122570.0]
ok 112153774 ['MiMi', 'offhand'] [74616.0, 73778.0]
ok 112151650 ['offhand', '摆烂小分队 🏆'] [130146.0, 146444.0]
ok 112144925 ['Chris Deotte', 'offhand'] [81625.0, 81482.0]
ok 112132559 ['offhand', 'c0nrad'] [88121.0, 94280.0]
ok 112130482 ['offhand', 'feel the agi'] [70770.0, 82401.0]
ok 112129321 ['HowardLeeTW', 'offhand'] [88788.0, 76124.0]
ok 112115278 ['Fateyongheng', 'offhand'] [66636.0, 65205.0]
ok 112108476 ['offhand', 'ShunkiKyoya'] [101534.0, 114157.0]
