38 to fetch
ok 112264727 ['Driz Lo', 'lingxiaojun'] [66923.0, 74177.0]
ok 112263483 ['lingxiaojun', 'fufufukakaka'] [137161.0, 117236.0]
ok 112201841 ['kwa', 'Dmitriy Ulybin'] [97993.0, 92076.0]
ok 112194915 ['offhand', 'kwa'] [131579.0, 141822.0]
ok 112274633 ['YumeNeko', 'Excluding'] [116446.0, 125441.0]
ok 112272038 ['Excluding', 'c0nrad'] [98436.0, 92703.0]
ok 112272314 ['Agricola', 'feel the agi'] [87670.0, 102653.0]
ok 112259906 ['Gleb Tumanov', 'feel the agi'] [96153.0, 101366.0]
ok 112274660 ['ShunkiKyoya', 'Evil Mango'] [112461.0, 109211.0]
ok 112264775 ['Chris Deotte', 'ShunkiKyoya'] [107842.0, 112555.0]
ok 112272040 ['Planned Economy', 'SpaTaro'] [85448.0, 87943.0]
ok 112264806 ['Excluding', 'SpaTaro'] [101643.0, 118772.0]
ok 112276923 ['Dieter', 'by'] [102850.0, 118390.0]
ok 112272065 ['by', 'Justin Yang'] [115517.0, 110171.0]
ok 112252019 ['Shawn404', 'Driz Lo'] [98747.0, 100375.0]
ok 112236442 ['Evil Mango', 'Driz Lo'] [133965.0, 134290.0]
ok 112262121 ['🐚seek inspiration🐚', '吃白饭的大肥鱼'] [112292.0, 128473.0]
ok 112251240 ['吃白饭的大肥鱼', 'Otter Vibe'] [150517.0, 143821.0]
ok 112277192 ['Planned Economy', 'Ebi'] [73955.0, 72020.0]
ok 112266574 ['UjjwalPardeshi', 'Planned Economy'] [101435.0, 104644.0]
ok 112272011 ['mtmr_s1', '吃白饭的大肥鱼'] [123002.0, 121701.0]
ok 112264746 ['mtmr_s1', 'tetsuya & yuanzhe & guoqi'] [148677.0, 138923.0]
