      MIR      +0 ±   0 dW  +0 | DIV      +0 ±   0 dW  +0
skip_SQ                                      MIR      +0 ±   0 dW  +0 | DIV      +0 ±   0 dW  +0
skip_V13V                                    MIR      +0 ±   0 dW  +0 | DIV      +0 ±   0 dW  +0
skip_V92_Q                                   MIR      +0 ±   0 dW  +0 | DIV      +0 ±   0 dW  +0
skip_V9_OPENING                              MIR      +0 ±   0 dW  +0 | DIV      +0 ±   0 dW  +0
skip_V9_RACEPX                               MIR      +0 ±   0 dW  +0 | DIV      +0 ±   0 dW  +0
skip_WF                                      MIR      +0 ±   0 dW  +0 | DIV      +0 ±   0 dW  +0
skip_R37                                     MIR      +0 ±   0 dW  +0 | DIV      -1 ±   1 dW  +0
skip_R51_WAREHOUSE                           MIR      -0 ±   0 dW  +0 | DIV      -3 ±   3 dW  +0
skip_SLOT                                    MIR     -46 ±  13 dW  -1 | DIV      -7 ±   7 dW  +0
skip_CS                                      MIR     -76 ±  66 dW  +0 | DIV     -12 ± 141 dW  +0
skip_R127                                    MIR    -150 ±  26 dW  -1 | DIV     +33 ±  21 dW  +0
skip_SR                                      MIR     -95 ±  30 dW  -1 | DIV     -62 ±  35 dW  +0
skip_PE                                      MIR    -186 ±  43 dW  +0 | DIV     +13 ±  41 dW  +0
skip_V9_COURIER                              MIR    -203 ±  44 dW  -1 | DIV      +3 ±  40 dW  +0
skip_R97                                     MIR    -217 ± 117 dW  -1 | DIV     -39 ±  30 dW  +0
skip_V9_FERT                                 MIR    -186 ±  35 dW  +1 | DIV    -143 ±  32 dW  -1
skip_FD                                      MIR    -217 ±  30 dW  -3 | DIV    -124 ±  39 dW  +0
skip_FG                                      MIR    -178 ±  35 dW  -2 | DIV    -165 ±  42 dW  +0
skip_V9_RACEGATE                             MIR    -199 ±  41 dW  -1 | DIV    -173 ±  41 dW  -1
skip_CH                                      MIR    -221 ±  38 dW  -3 | DIV    -270 ±  45 dW  +0
skip_WRT                                     MIR    -469 ± 283 dW  -3 | DIV     -38 ±  55 dW  +0
skip_V231                                    MIR    -265 ± 127 dW  -5 | DIV    -353 ± 152 dW  +0
skip_OR2                                     MIR    -473 ±  55 dW  -5 | DIV    -154 ±  52 dW  +0
skip_V233                                    MIR    -777 ± 397 dW  +0 | DIV    -457 ± 306 dW  -1
skip_CA                                      MIR    -692 ± 147 dW  -6 | DIV    -601 ± 165 dW  -1
skip_R51_INPUT                               MIR    -789 ±  63 dW  -8 | DIV    -593 ±  83 dW  -1
skip_V219                                    MIR   -1972 ± 699 dW  -1 | DIV    -188 ± 240 dW  +0
skip_R85                                     MIR   -1108 ± 100 dW -11 | DIV   -1229 ± 111 dW  -2
skip_R70                                     MIR   -1360 ± 457 dW  -1 | DIV   -1060 ± 415 dW  +0
elapsed 610
[NbConvertApp] Converting notebook __script__.ipynb to html
[NbConvertApp] Writing 1349147 bytes to __results__.html

