games 188 variants 23
runs 4324 wall 3476
_HD2_CARE=0.6                                n=188 wins  92 dWin  -1 dMargin    +107 ±  86  z= +1.2
_HD2_CARE=0.7                                n=188 wins  93 dWin  +0 dMargin     +38 ±  38  z= +1.0
_CA_MARGIN=-3.0                              n=188 wins  93 dWin  +0 dMargin     +15 ±  30  z= +0.5
_K_R68_A=1.2                                 n=188 wins  92 dWin  -1 dMargin     +12 ±  14  z= +0.9
_K_R68_B=50.0                                n=188 wins  93 dWin  +0 dMargin     +12 ±  16  z= +0.8
_SR_MARGIN=24                                n=188 wins  97 dWin  +4 dMargin     +12 ±   7  z= +1.7
_OR2_SLOT_H=8                                n=188 wins  94 dWin  +1 dMargin      +7 ±   6  z= +1.1
_SR_MARGIN=18                                n=188 wins  95 dWin  +2 dMargin      +6 ±   5  z= +1.2
_CA_BUFFER=9                                 n=188 wins  96 dWin  +3 dMargin      +1 ±   3  z= +0.4
_OR2_SLOT_H=7                                n=188 wins  93 dWin  +0 dMargin      +1 ±   2  z= +0.3
base                                         n=188 wins  93 dWin  +0 dMargin      +0 ±   0  z= +0.0
_SR_MARGIN=11                                n=188 wins  92 dWin  -1 dMargin      -0 ±   6  z= -0.0
_CA_MARGIN=-7.0                              n=188 wins  94 dWin  +1 dMargin      -3 ±  26  z= -0.1
_CA_BUFFER=7                                 n=188 wins  91 dWin  -2 dMargin      -6 ±   4  z= -1.8
_V92_P_H=36                                  n=188 wins  93 dWin  +0 dMargin      -6 ±   9  z= -0.7
_GLUTH_H=7                                   n=188 wins  93 dWin  +0 dMargin     -32 ±  13  z= -2.5
_K_R68_A=1.3                                 n=188 wins  94 dWin  +1 dMargin     -37 ±  14  z= -2.6
_GLUTH_H=6                                   n=188 wins  94 dWin  +1 dMargin     -46 ±  22  z= -2.1
_OR2_SLOT_H=5                                n=188 wins  91 dWin  -2 dMargin     -54 ±  10  z= -5.3
_K_R68_B=90.0                                n=188 wins  93 dWin  +0 dMargin     -57 ±  15  z= -3.8
_HD2_CARE=0.5                                n=188 wins  87 dWin  -6 dMargin     -62 ± 130  z= -0.5
_GLUTH_H=9                                   n=188 wins  95 dWin  +2 dMargin     -64 ±  13  z= -4.8
_GLUTH_H=10                                  n=188 wins  95 dWin  +2 dMargin     -67 ±  19  z= -3.5
