games 47 variants 78
runs 3666 wall 3554
_CS_FROM=168                                 n= 47 wins  21 dWin  +0 dMargin     +94 ± 150  z= +0.6
_CA_MARGIN=0.0                               n= 47 wins  19 dWin  -2 dMargin     +83 ± 117  z= +0.7
_GLUTH_H=8                                   n= 47 wins  21 dWin  +0 dMargin     +35 ±  49  z= +0.7
_HD2_CARE=0.6                                n= 47 wins  21 dWin  +0 dMargin     +32 ± 121  z= +0.3
_K_R68_B=0.0                                 n= 47 wins  20 dWin  -1 dMargin     +29 ± 133  z= +0.2
_V92_P_H=24                                  n= 47 wins  20 dWin  -1 dMargin     +11 ±  41  z= +0.3
_SR_MARGIN=14                                n= 47 wins  21 dWin  +0 dMargin     +11 ±   5  z= +2.2
_Y_MARGIN=-12                                n= 47 wins  21 dWin  +0 dMargin      +3 ±   1  z= +2.3
_FD_FLUSH=717                                n= 47 wins  21 dWin  +0 dMargin      +1 ±   1  z= +1.6
_OR2_SLOT_MARGIN=10.0                        n= 47 wins  21 dWin  +0 dMargin      +1 ±   7  z= +0.2
_OR2_SLOT_MARGIN=35.0                        n= 47 wins  21 dWin  +0 dMargin      +0 ±   9  z= +0.1
_R37_HINGE_GAIN=14.0                         n= 47 wins  21 dWin  +0 dMargin      +0 ±   0  z= +1.0
_FD_FLUSH=714                                n= 47 wins  21 dWin  +0 dMargin      +0 ±   0  z= +1.0
base                                         n= 47 wins  21 dWin  +0 dMargin      +0 ±   0  z= +0.0
_Y_MARGIN=0                                  n= 47 wins  21 dWin  +0 dMargin      +0 ±   0  z= +0.0
_WRT_CFG=same,3                              n= 47 wins  21 dWin  +0 dMargin      +0 ±   0  z= +0.0
_WF_CFG=5                                    n= 47 wins  21 dWin  +0 dMargin      +0 ±   0  z= +0.0
_WF_CFG=2                                    n= 47 wins  21 dWin  +0 dMargin      +0 ±   0  z= +0.0
_V92_Q_PM=0.7                                n= 47 wins  21 dWin  +0 dMargin      +0 ±   0  z= +0.0
_V92_Q_PM=0.3                                n= 47 wins  21 dWin  +0 dMargin      +0 ±   0  z= +0.0
_V92_Q_PF=1.2                                n= 47 wins  21 dWin  +0 dMargin      +0 ±   0  z= +0.0
_V92_Q_PF=0.8                                n= 47 wins  21 dWin  +0 dMargin      +0 ±   0  z= +0.0
_V92_Q_H=72                                  n= 47 wins  21 dWin  +0 dMargin      +0 ±   0  z= +0.0
_V92_Q_H=24                                  n= 47 wins  21 dWin  +0 dMargin      +0 ±   0  z= +0.0
_V92_P_H=72                                  n= 47 wins  21 dWin  +0 dMargin      +0 ±   0  z= +0.0
_V231_CAP=5                                  n= 47 wins  21 dWin  +0 dMargin      +0 ±   0  z= +0.0
_V231_CAP=3                                  n= 47 wins  21 dWin  +0 dMargin      +0 ±   0  z= +0.0
_RACE_HORIZON_MIRROR=36                      n= 47 wins  21 dWin  +0 dMargin      +0 ±   0  z= +0.0
_RACE_HORIZON_MIRROR=16                      n= 47 wins  21 dWin  +0 dMargin      +0 ±   0  z= +0.0
_RACE_HORIZON_ESCALATED=36                   n= 47 wins  21 dWin  +0 dMargin      +0 ±   0  z= +0.0
_RACE_HORIZON_ESCALATED=16                   n= 47 wins  21 dWin  +0 dMargin      +0 ±   0  z= +0.0
_RACE_HORIZON_CLONE=6                        n= 47 wins  21 dWin  +0 dMargin      +0 ±   0  z= +0.0
_RACE_HORIZON_CLONE=12                       n= 47 wins  21 dWin  +0 dMargin      +0 ±   0  z= +0.0
_R51_INPUT_MAX_WORKERS=4                     n= 47 wins  21 dWin  +0 dMargin      +0 ±   0  z= +0.0
_R51_INPUT_MAX_WORKERS=2                     n= 47 wins  21 dWin  +0 dMargin      +0 ±   0  z= +0.0
_OR2_SN_H=36                                 n= 47 wins  21 dWin  +0 dMargin      +0 ±   0  z= +0.0
_OR2_SN_H=12                                 n= 47 wins  21 dWin  +0 dMargin      +0 ±   0  z= +0.0
_K_R68_RES=5000                              n= 47 wins  21 dWin  +0 dMargin      +0 ±   0  z= +0.0
_K_R68_RES=1500                              n= 47 wins  21 dWin  +0 dMargin      +0 ±   0  z= +0.0
_HD2_TO=408                                  n= 47 wins  21 dWin  +0 dMargin      +0 ±   0  z= +0.0
_HD2_TO=312                                  n= 47 wins  21 dWin  +0 dMargin      +0 ±   0  z= +0.0
_HD2_RATIO=1.6                               n= 47 wins  21 dWin  +0 dMargin      +0 ±   0  z= +0.0
_HD2_RATIO=1.1                               n= 47 wins  21 dWin  +0 dMargin      +0 ±   0  z= +0.0
_HD2_MIN_GAIN=300.0                          n= 47 wins  21 dWin  +0 dMargin      +0 ±   0  z= +0.0
_HD2_MIN_GAIN=1000.0                         n= 47 wins  21 dWin  +0 dMargin      +0 ±   0  z= +0.0
_HD2_FROM=216                                n= 47 wins  21 dWin  +0 dMargin      +0 ±   0  z= +0.0
_HD2_FROM=168                                n= 47 wins  21 dWin  +0 dMargin      +0 ±   0  z= +0.0
_HD2_CARE=1.0                                n= 47 wins  21 dWin  +0 dMargin      +0 ±   0  z= +0.0
_CS_TO=216                                   n= 47 wins  21 dWin  +0 dMargin      +0 ±   0  z= +0.0
_CS_TO=168                                   n= 47 wins  21 dWin  +0 dMargin      +0 ±   0  z= +0.0
_CS_RATIO=1.6                                n= 47 wins  21 dWin  +0 dMargin      +0 ±   0  z= +0.0
_CS_RATIO=1.1                                n= 47 wins  21 dWin  +0 dMargin      +0 ±   0  z= +0.0
_CS_MIN_GAIN=300.0                           n= 47 wins  21 dWin  +0 dMargin      +0 ±   0  z= +0.0
_CS_MIN_GAIN=1000.0                          n= 47 wins  21 dWin  +0 dMargin      +0 ±   0  z= +0.0
_CS_FROM=120                                 n= 47 wins  21 dWin  +0 dMargin      +0 ±   0  z= +0.0
_CA_FROM=6                                   n= 47 wins  21 dWin  +0 dMargin      +0 ±   0  z= +0.0
_CA_FROM=4                                   n= 47 wins  21 dWin  +0 dMargin      +0 ±   0  z= +0.0
_CA_CASH=400                                 n= 47 wins  21 dWin  +0 dMargin      +0 ±   0  z= +0.0
_CA_CASH=1500                                n= 47 wins  21 dWin  +0 dMargin      +0 ±   0  z= +0.0
_K_R68_A=1.15                                n= 47 wins  22 dWin  +1 dMargin      -1 ±  34  z= -0.0
_R37_HINGE_GAIN=4.0                          n= 47 wins  21 dWin  +0 dMargin      -2 ±   2  z= -0.9
_K_R68_A=1.0                                 n= 47 wins  19 dWin  -2 dMargin      -7 ± 142  z= -0.0
_GLUTH_H=6                                   n= 47 wins  22 dWin  +1 dMargin      -9 ±  72  z= -0.1
_K_R68_A=1.1                                 n= 47 wins  21 dWin  +0 dMargin     -12 ±  38  z= -0.3
_CA_BUFFER=12                                n= 47 wins  21 dWin  +0 dMargin     -14 ±   5  z= -2.8
_WRT_CFG=same,1                              n= 47 wins  21 dWin  +0 dMargin     -16 ±  16  z= -0.9
_GLUTH_H=14                                  n= 47 wins  23 dWin  +2 dMargin     -16 ±  52  z= -0.3
_OR2_SLOT_H=10                               n= 47 wins  20 dWin  -1 dMargin     -19 ±  20  z= -0.9
_K_R68_B=30.0                                n= 47 wins  21 dWin  +0 dMargin     -20 ±  39  z= -0.5
_SR_MARGIN=4                                 n= 47 wins  21 dWin  +0 dMargin     -25 ±  13  z= -2.0
_CA_BUFFER=4                                 n= 47 wins  20 dWin  -1 dMargin     -31 ±  15  z= -2.1
_CA_MARGIN=-10.0                             n= 47 wins  20 dWin  -1 dMargin     -54 ±  88  z= -0.6
_CA_TO=28                                    n= 47 wins  20 dWin  -1 dMargin     -63 ±  13  z= -4.9
_K_R68_A=1.35                                n= 47 wins  22 dWin  +1 dMargin     -77 ±  34  z= -2.3
_OR2_SLOT_H=4                                n= 47 wins  21 dWin  +0 dMargin     -87 ±  27  z= -3.2
_CA_TO=26                                    n= 47 wins  20 dWin  -1 dMargin     -97 ±  24  z= -4.0
_K_R68_B=120.0                               n= 47 wins  23 dWin  +2 dMargin    -139 ±  38  z= -3.7
_K_R68_A=1.5                                 n= 47 wins  22 dWin  +1 dMargin    -187 ±  42  z= -4.5
