built 24 variants on full_v29fc_FW.py
herdbig    n 40   5- 2  mean   +108 +-  100  errs 0  (13:57)
arb        n 40   9-15  mean   -865 +-  332  errs 0  (13:57)
arbc       n 40  14-15  mean   -811 +-  325  errs 0  (13:57)
herddeny   n 40   6- 3  mean   +236 +-  238  errs 0  (13:57)
herdsheep  n 40   5- 2  mean   +108 +-  100  errs 0  (13:57)
wfert10    n 40  17-14  mean     +4 +-  163  errs 0  (14:02)
ferth0     n 40  20-18  mean   -141 +-  138  errs 0  (14:02)
fertidle   n 40   9- 7  mean   +105 +-  100  errs 0  (14:02)
race       n 40  23-17  mean   +213 +-  200  errs 0  (14:02)
lateplan   n 40   9-31  mean  -1141 +-  289  errs 0  (14:02)
digglut    n 40   7-22  mean   -936 +-  348  errs 0  (14:08)
dpcap30    n 40   5-35  mean   -631 +-  150  errs 0  (14:08)
dpper9     n 40  10- 6  mean   +118 +-  103  errs 0  (14:08)
animfwd1   n 40  19-20  mean   -457 +-  308  errs 0  (14:09)
animfwd2   n 40  13-27  mean   -723 +-  296  errs 0  (14:09)
tickdefer  n 40   4-36  mean   -476 +-  153  errs 0  (14:16)
slots1     n 40   5- 3  mean    +94 +-  101  errs 0  (14:16)
dpdue      n 40  14-21  mean    +75 +-  146  errs 0  (14:16)
strawfc    n 40   5- 2  mean   +108 +-  100  errs 0  (14:16)
lastplant  n 40   6-34  mean  -2018 +-  378  errs 0  (14:16)
strawfc19  n 40   5- 2  mean   +108 +-  100  errs 0  (14:20)
hands17    n 40   6- 7  mean    -86 +-  134  errs 0  (14:20)
nofloor    n 40  12-26  mean    -88 +-   98  errs 0  (14:20)
wfloor     n 40   5- 2  mean   +108 +-  100  errs 0  (14:20)
late search done 14:20
