60 seats {'吃白饭的大肥鱼': 10, 'THIRD FARM CLUB': 10, 'mtmr_s1': 10, 'Kaggledew Valley 🏆': 10, 'TheEggman': 10, 'Yizhou': 10}
0 吃白饭的大肥鱼 113065970 1 m -4978.0 wall 16.6 T 24
1 吃白饭的大肥鱼 113079212 0 m 9840.0 wall 17.0 T 25
2 吃白饭的大肥鱼 113091953 0 m -6791.0 wall 16.8 T 41
3 吃白饭的大肥鱼 113093088 1 m 4238.0 wall 17.4 T 42
4 吃白饭的大肥鱼 113103588 1 m -13618.0 wall 15.4 T 56
5 吃白饭的大肥鱼 113125645 1 m 3777.0 wall 14.0 T 56
6 吃白饭的大肥鱼 113138587 0 m -7152.0 wall 14.4 T 71
7 吃白饭的大肥鱼 113175616 1 m -24578.0 wall 16.9 T 73
8 吃白饭的大肥鱼 113184088 0 m 3636.0 wall 15.2 T 86
9 吃白饭的大肥鱼 113188236 0 m 4648.0 wall 16.6 T 90
10 THIRD FARM CLUB 113079221 1 m 1980.0 wall 14.2 T 100
11 THIRD FARM CLUB 113097920 1 m 5332.0 wall 15.6 T 106
12 THIRD FARM CLUB 113168578 1 m 282.0 wall 14.6 T 115
13 THIRD FARM CLUB 113193141 0 m -4237.0 wall 16.9 T 123
14 THIRD FARM CLUB 113203809 0 m -3770.0 wall 16.3 T 131
15 THIRD FARM CLUB 113215092 1 m 21658.0 wall 14.1 T 137
16 THIRD FARM CLUB 113216231 0 m -5383.0 wall 13.4 T 144
17 THIRD FARM CLUB 113229034 0 m 7542.0 wall 13.3 T 150
18 THIRD FARM CLUB 113236533 1 m -2920.0 wall 14.2 T 158
19 THIRD FARM CLUB 113252618 0 m -4006.0 wall 15.7 T 166
20 mtmr_s1 113065954 0 m -12163.0 wall 16.2 T 175
21 mtmr_s1 113073288 0 m -10688.0 wall 17.2 T 183
22 mtmr_s1 113080405 0 m 317.0 wall 13.7 T 189
23 mtmr_s1 113093036 0 m -8135.0 wall 13.5 T 196
24 mtmr_s1 113103617 1 m -8255.0 wall 17.1 T 206
25 mtmr_s1 113112818 1 m 20335.0 wall 18.5 T 215
26 mtmr_s1 113125640 1 m 10965.0 wall 16.5 T 222
27 mtmr_s1 113132789 0 m -2638.0 wall 16.2 T 231
28 mtmr_s1 113153647 1 m -3122.0 wall 17.6 T 240
29 mtmr_s1 113175616 0 m -10710.0 wall 13.5 T 245
30 Kaggledew Valley 🏆 113073284 1 m -222.0 wall 15.5 T 255
31 Kaggledew Valley 🏆 113074365 0 m 9546.0 wall 14.3 T 259
32 Kaggledew Valley 🏆 113087145 0 m 7375.0 wall 13.4 T 269
33 Kaggledew Valley 🏆 113104360 0 m 2978.0 wall 16.0 T 275
34 Kaggledew Valley 🏆 113135074 1 m 1244.0 wall 17.3 T 286
35 Kaggledew Valley 🏆 113139777 1 m -4349.0 wall 16.7 T 292
36 Kaggledew Valley 🏆 113146625 1 m 5654.0 wall 24.1 T 310
37 Kaggledew Valley 🏆 113160477 0 m -5620.0 wall 14.3 T 310
38 Kaggledew Valley 🏆 113180524 0 m -4842.0 wall 20.0 T 327
39 Kaggledew Valley 🏆 113197807 0 m -1320.0 wall 15.6 T 327
40 TheEggman 113118870 1 m 25221.0 wall 21.0 T 347
41 TheEggman 113142011 1 m 1128.0 wall 21.3 T 348
42 TheEggman 113216186 1 m 73.0 wall 17.2 T 364
43 TheEggman 113333423 1 m 3007.0 wall 16.3 T 364
44 TheEggman 113380121 1 m 15383.0 wall 16.2 T 380
45 TheEggman 113389473 1 m 2330.0 wall 16.2 T 381
46 TheEggman 113390437 0 m 3646.0 wall 17.8 T 398
47 TheEggman 113395632 0 m 9715.0 wall 14.0 T 398
48 TheEggman 113492530 1 m 1502.0 wall 19.2 T 414
49 TheEggman 113537111 0 m -6407.0 wall 18.7 T 417
50 Yizhou 113709444 1 m 473.0 wall 15.8 T 430
51 Yizhou 113740423 0 m -3863.0 wall 17.4 T 434
52 Yizhou 113773025 1 m -1418.0 wall 15.1 T 445
53 Yizhou 113781287 1 m 24012.0 wall 19.1 T 453
54 Yizhou 113787172 1 m 3959.0 wall 15.8 T 461
55 Yizhou 113788337 0 m 23088.0 wall 22.7 T 476
56 Yizhou 113790698 0 m -6090.0 wall 21.6 T 482
57 Yizhou 113803750 0 m -7392.0 wall 16.7 T 493
58 Yizhou 113820729 0 m -7136.0 wall 27.2 T 509
59 Yizhou 113830726 1 m -9252.0 wall 23.6 T 516
72 seats {'DSM': 8, 'Boey': 8, 'Vadim Vasilenko': 8, 'M & M & P & Q': 8, 'Majkel1337': 8, 'DECEM': 8, 'Unknown Mother-Goose': 8, 'Fourth Quadrant': 8, 'Azat Akhtyamov': 8}
0 DSM 113067521 1 m 19956.0 wall 18.1 T 54
1 DSM 113097911 0 m -14505.0 wall 25.8 T 64
2 DSM 113125644 1 m -15806.0 wall 17.8 T 72
3 DSM 113224254 1 m -17.0 wall 22.5 T 87
4 DSM 113236034 0 m 44549.0 wall 19.3 T 91
5 DSM 113247647 1 m -5439.0 wall 25.9 T 113
6 DSM 113273596 1 m -10915.0 wall 19.4 T 113
7 DSM 113333418 0 m -12545.0 wall 17.2 T 128
8 Boey 113065954 1 m -2155.0 wall 19.3 T 132
9 Boey 113087145 1 m -18278.0 wall 22.2 T 150
10 Boey 113112822 0 m -24982.0 wall 23.3 T 155
11 Boey 113132794 1 m -12263.0 wall 20.9 T 171
12 Boey 113153433 1 m -14055.0 wall 24.6 T 180
13 Boey 113179000 1 m -18522.0 wall 29.5 T 200
14 Boey 113207353 0 m -10935.0 wall 19.7 T 200
15 Boey 113236034 1 m -18364.0 wall 17.6 T 217
16 Vadim Vasilenko 113067522 1 m 8837.0 wall 19.6 T 220
17 Vadim Vasilenko 113096241 1 m -11478.0 wall 22.0 T 239
18 Vadim Vasilenko 113109182 1 m -7876.0 wall 24.7 T 245
19 Vadim Vasilenko 113132795 1 m 3233.0 wall 24.6 T 264
20 Vadim Vasilenko 113159429 0 m -9327.0 wall 22.1 T 267
21 Vadim Vasilenko 113180209 0 m 41921.0 wall 23.3 T 287
22 Vadim Vasilenko 113207284 1 m 5222.0 wall 23.9 T 291
23 Vadim Vasilenko 113233703 0 m -6373.0 wall 19.9 T 307
24 M & M & P & Q 113067524 1 m 4101.0 wall 21.9 T 313
25 M & M & P & Q 113109182 0 m -2061.0 wall 24.3 T 332
26 M & M & P & Q 113153431 0 m -15954.0 wall 19.3 T 333
27 M & M & P & Q 113195165 1 m -8590.0 wall 22.3 T 354
28 M & M & P & Q 113229596 0 m -5487.0 wall 29.4 T 362
29 M & M & P & Q 113284191 1 m 4345.0 wall 21.3 T 375
30 M & M & P & Q 113308626 0 m -4847.0 wall 23.5 T 386
31 M & M & P & Q 113342744 0 m 9315.0 wall 18.9 T 394
32 Majkel1337 113067522 0 m -11732.0 wall 23.2 T 409
33 Majkel1337 113092068 1 m -8201.0 wall 17.8 T 412
34 Majkel1337 113097421 1 m -8586.0 wall 18.5 T 428
35 Majkel1337 113183530 0 m -8.0 wall 17.6 T 430
36 Majkel1337 113189343 1 m 3305.0 wall 13.2 T 441
37 Majkel1337 113196323 1 m -8836.0 wall 14.2 T 444
38 Majkel1337 113202318 0 m -11912.0 wall 14.0 T 455
39 Majkel1337 113214242 0 m 9990.0 wall 13.8 T 458
40 DECEM 113067521 0 m -11387.0 wall 16.7 T 472
41 DECEM 113083668 1 m 8007.0 wall 17.9 T 476
42 DECEM 113097923 1 m 8503.0 wall 16.2 T 488
43 DECEM 113118870 0 m -3038.0 wall 16.1 T 492
44 DECEM 113145342 0 m 32057.0 wall 16.7 T 505
45 DECEM 113168728 1 m -2543.0 wall 15.3 T 507
46 DECEM 113221279 0 m -9679.0 wall 15.2 T 520
47 DECEM 113246820 0 m -5124.0 wall 15.8 T 523
48 Unknown Mother-Goose 113066303 1 m -10751.0 wall 14.6 T 535
49 Unknown Mother-Goose 113083668 0 m -16289.0 wall 17.5 T 541
50 Unknown Mother-Goose 113104649 1 m -15354.0 wall 15.2 T 550
51 Unknown Mother-Goose 113118872 1 m 6606.0 wall 16.8 T 557
52 Unknown Mother-Goose 113146627 1 m 14621.0 wall 16.4 T 566
53 Unknown Mother-Goose 113181583 1 m 6195.0 wall 14.5 T 572
54 Unknown Mother-Goose 113215092 0 m 6027.0 wall 15.0 T 581
55 Unknown Mother-Goose 113237239 1 m 1167.0 wall 15.3 T 587
56 Fourth Quadrant 113095439 0 m -11277.0 wall 16.1 T 597
57 Fourth Quadrant 113124487 0 m -21819.0 wall 16.8 T 604
58 Fourth Quadrant 113153445 1 m -9207.0 wall 15.0 T 612
59 Fourth Quadrant 113180379 1 m -14223.0 wall 14.0 T 618
60 Fourth Quadrant 113214242 1 m -3667.0 wall 14.5 T 627
61 Fourth Quadrant 113237685 1 m -8149.0 wall 16.9 T 635
62 Fourth Quadrant 113257456 0 m -9204.0 wall 15.1 T 642
63 Fourth Quadrant 113276019 0 m -8601.0 wall 13.6 T 649
64 Azat Akhtyamov 113532009 1 m 1456.0 wall 16.5 T 659
65 Azat Akhtyamov 113537115 1 m -5985.0 wall 14.8 T 664
66 Azat Akhtyamov 113543206 1 m -3125.0 wall 14.5 T 673
67 Azat Akhtyamov 113543803 0 m -12516.0 wall 14.5 T 678
68 Azat Akhtyamov 113547380 1 m -5015.0 wall 15.4 T 689
69 Azat Akhtyamov 113549871 0 m -5805.0 wall 13.9 T 692
70 Azat Akhtyamov 113563715 1 m -2878.0 wall 15.8 T 704
71 Azat Akhtyamov 113577176 1 m -701.0 wall 14.1 T 706
ALLDONE
