111 seats {'吃白饭的大肥鱼': 20, 'THIRD FARM CLUB': 20, 'mtmr_s1': 20, 'Kaggledew Valley 🏆': 20, 'TheEggman': 15, 'Yizhou': 16}
0 吃白饭的大肥鱼 113065970 1 m -12182.0 wall 31.2 T 57
1 吃白饭的大肥鱼 113079212 0 m 7105.0 wall 32.1 T 61
2 吃白饭的大肥鱼 113091953 0 m -7718.0 wall 32.8 T 89
3 吃白饭的大肥鱼 113093088 1 m 4428.0 wall 13.9 T 89
4 吃白饭的大肥鱼 113103588 1 m -17449.0 wall 16.3 T 91
5 吃白饭的大肥鱼 113125645 1 m 1379.0 wall 13.2 T 103
6 吃白饭的大肥鱼 113138587 0 m -12235.0 wall 28.6 T 120
7 吃白饭的大肥鱼 113175616 1 m -25384.0 wall 19.7 T 122
8 吃白饭的大肥鱼 113184088 0 m -416.0 wall 27.9 T 148
9 吃白饭的大肥鱼 113188236 0 m 2019.0 wall 26.5 T 149
10 吃白饭的大肥鱼 113190850 0 m -3501.0 wall 13.6 T 161
11 吃白饭的大肥鱼 113202318 1 m -17089.0 wall 23.8 T 173
12 吃白饭的大肥鱼 113222145 0 m -15582.0 wall 31.5 T 193
13 吃白饭的大肥鱼 113242018 1 m -7030.0 wall 34.4 T 207
14 吃白饭的大肥鱼 113251560 1 m -4120.0 wall 24.7 T 218
15 吃白饭的大肥鱼 113270086 1 m -1396.0 wall 24.3 T 231
16 吃白饭的大肥鱼 113316958 1 m 4383.0 wall 18.8 T 237
17 吃白饭的大肥鱼 113352054 0 m -9151.0 wall 15.7 T 247
18 吃白饭的大肥鱼 113513519 1 m 4578.0 wall 31.7 T 268
19 吃白饭的大肥鱼 113658239 1 m 9830.0 wall 19.3 T 268
20 THIRD FARM CLUB 113079221 1 m -1977.0 wall 15.8 T 284
21 THIRD FARM CLUB 113097920 1 m 1731.0 wall 13.4 T 284
22 THIRD FARM CLUB 113168578 1 m 458.0 wall 21.4 T 303
23 THIRD FARM CLUB 113193141 0 m -8268.0 wall 24.6 T 307
24 THIRD FARM CLUB 113203809 0 m -6870.0 wall 20.6 T 324
25 THIRD FARM CLUB 113215092 1 m 17496.0 wall 18.6 T 326
26 THIRD FARM CLUB 113216231 0 m -10566.0 wall 18.9 T 343
27 THIRD FARM CLUB 113229034 0 m 3942.0 wall 19.4 T 345
28 THIRD FARM CLUB 113236533 1 m -7011.0 wall 14.8 T 358
29 THIRD FARM CLUB 113252618 0 m -9596.0 wall 20.4 T 366
30 THIRD FARM CLUB 113262156 1 m -3941.0 wall 22.0 T 380
31 THIRD FARM CLUB 113276020 0 m 2385.0 wall 14.7 T 381
32 THIRD FARM CLUB 113413677 1 m -17576.0 wall 15.5 T 395
33 THIRD FARM CLUB 113503361 0 m 16051.0 wall 13.8 T 395
34 THIRD FARM CLUB 113586122 0 m 10071.0 wall 29.0 T 423
35 THIRD FARM CLUB 113593090 1 m -5086.0 wall 29.9 T 425
36 THIRD FARM CLUB 113598248 0 m -2030.0 wall 24.9 T 448
37 THIRD FARM CLUB 113621652 0 m -6105.0 wall 30.7 T 456
38 THIRD FARM CLUB 113684025 0 m -7568.0 wall 22.0 T 471
39 THIRD FARM CLUB 113748445 1 m -3518.0 wall 28.6 T 485
40 mtmr_s1 113065954 0 m -13625.0 wall 25.0 T 496
41 mtmr_s1 113073288 0 m -16067.0 wall 47.7 T 533
42 mtmr_s1 113080405 0 m 90.0 wall 21.2 T 533
43 mtmr_s1 113093036 0 m -9532.0 wall 27.8 T 545
44 mtmr_s1 113103617 1 m -8393.0 wall 14.2 T 547
45 mtmr_s1 113112818 1 m 17610.0 wall 68.6 T 614
46 mtmr_s1 113125640 1 m 8710.0 wall 20.9 T 614
47 mtmr_s1 113132789 0 m -5366.0 wall 34.5 T 614
48 mtmr_s1 113153647 1 m -6272.0 wall 36.4 T 639
49 mtmr_s1 113175616 0 m -11502.0 wall 46.3 T 660
50 mtmr_s1 113230536 1 m 1812.0 wall 30.2 T 669
51 mtmr_s1 113243276 0 m -1808.0 wall 19.0 T 679
52 mtmr_s1 113246496 0 m -11549.0 wall 29.3 T 699
53 mtmr_s1 113292327 1 m -6881.0 wall 16.8 T 699
54 mtmr_s1 113316908 0 m 15361.0 wall 27.8 T 724
55 mtmr_s1 113342748 0 m 625.0 wall 27.5 T 726
56 mtmr_s1 113352049 0 m 12667.0 wall 22.4 T 747
57 mtmr_s1 113422367 0 m -7444.0 wall 14.9 T 747
58 mtmr_s1 113498333 0 m -7165.0 wall 25.0 T 766
59 mtmr_s1 113564886 0 m -13643.0 wall 19.4 T 766
60 Kaggledew Valley 🏆 113073284 1 m -5947.0 wall 23.0 T 789
61 Kaggledew Valley 🏆 113074365 0 m 3909.0 wall 17.5 T 789
62 Kaggledew Valley 🏆 113087145 0 m 5504.0 wall 28.3 T 812
63 Kaggledew Valley 🏆 113104360 0 m 3498.0 wall 16.3 T 812
64 Kaggledew Valley 🏆 113135074 1 m -1635.0 wall 17.9 T 823
65 Kaggledew Valley 🏆 113139777 1 m -5389.0 wall 25.5 T 837
66 Kaggledew Valley 🏆 113146625 1 m 5464.0 wall 29.1 T 852
67 Kaggledew Valley 🏆 113160477 0 m -7479.0 wall 24.1 T 862
68 Kaggledew Valley 🏆 113180524 0 m -6067.0 wall 16.0 T 868
69 Kaggledew Valley 🏆 113197807 0 m -3913.0 wall 18.0 T 880
70 Kaggledew Valley 🏆 113217709 0 m -4414.0 wall 15.9 T 884
71 Kaggledew Valley 🏆 113228378 0 m -9079.0 wall 17.1 T 897
72 Kaggledew Valley 🏆 113252616 0 m -8858.0 wall 14.3 T 899
73 Kaggledew Valley 🏆 113276016 1 m 7909.0 wall 13.1 T 910
74 Kaggledew Valley 🏆 113352081 1 m -4659.0 wall 12.7 T 911
75 Kaggledew Valley 🏆 113390589 1 m -6448.0 wall 18.5 T 929
76 Kaggledew Valley 🏆 113428049 1 m -21210.0 wall 17.2 T 929
77 Kaggledew Valley 🏆 113428053 1 m -2135.0 wall 14.7 T 943
78 Kaggledew Valley 🏆 113430817 1 m -10564.0 wall 16.4 T 945
79 Kaggledew Valley 🏆 113439537 1 m -4129.0 wall 11.8 T 955
80 TheEggman 113118870 1 m 23120.0 wall 15.6 T 961
81 TheEggman 113142011 1 m 642.0 wall 14.1 T 969
82 TheEggman 113216186 1 m -2065.0 wall 18.0 T 979
83 TheEggman 113333423 1 m 1582.0 wall 19.9 T 989
84 TheEggman 113380121 1 m 12627.0 wall 16.9 T 996
85 TheEggman 113389473 1 m 1799.0 wall 18.2 T 1007
86 TheEggman 113390437 0 m 3773.0 wall 20.5 T 1016
87 TheEggman 113395632 0 m 10717.0 wall 17.1 T 1025
88 TheEggman 113492530 1 m 2250.0 wall 18.4 T 1035
89 TheEggman 113537111 0 m -5834.0 wall 16.0 T 1041
90 TheEggman 113548978 1 m 19084.0 wall 12.9 T 1048
91 TheEggman 113573160 1 m -20423.0 wall 15.7 T 1056
92 TheEggman 113579388 1 m 24608.0 wall 13.2 T 1061
93 TheEggman 113709674 0 m -11420.0 wall 15.1 T 1072
94 TheEggman 113899592 0 m -7820.0 wall 17.9 T 1079
95 Yizhou 113709444 1 m -878.0 wall 19.7 T 1091
96 Yizhou 113740423 0 m -5604.0 wall 16.6 T 1095
97 Yizhou 113773025 1 m -3057.0 wall 19.1 T 1110
98 Yizhou 113781287 1 m 22731.0 wall 13.4 T 1110
99 Yizhou 113787172 1 m 1855.0 wall 14.7 T 1124
100 Yizhou 113788337 0 m 19955.0 wall 27.5 T 1139
101 Yizhou 113790698 0 m -8587.0 wall 21.5 T 1145
102 Yizhou 113803750 0 m -7548.0 wall 28.8 T 1167
103 Yizhou 113820729 0 m -7000.0 wall 32.1 T 1177
104 Yizhou 113830726 1 m -13955.0 wall 32.6 T 1200
105 Yizhou 113855986 0 m -5802.0 wall 31.6 T 1209
106 Yizhou 113856065 1 m -7902.0 wall 29.8 T 1230
107 Yizhou 113888267 0 m -7839.0 wall 24.7 T 1234
108 Yizhou 113889526 0 m 7015.0 wall 27.5 T 1257
109 Yizhou 113902053 1 m -15877.0 wall 22.3 T 1258
110 Yizhou 113905606 1 m 3338.0 wall 13.7 T 1270
90 seats {'DSM': 10, 'Boey': 10, 'Vadim Vasilenko': 10, 'M & M & P & Q': 10, 'Majkel1337': 10, 'DECEM': 10, 'Unknown Mother-Goose': 10, 'Fourth Quadrant': 10, 'Azat Akhtyamov': 10}
0 DSM 113067521 1 m 16812.0 wall 18.9 T 47
1 DSM 113097911 0 m -16568.0 wall 29.7 T 55
2 DSM 113125644 1 m -14729.0 wall 22.7 T 70
3 DSM 113224254 1 m -3783.0 wall 20.6 T 75
4 DSM 113236034 0 m 37674.0 wall 22.2 T 92
5 DSM 113247647 1 m -6823.0 wall 13.3 T 92
6 DSM 113273596 1 m -12227.0 wall 29.6 T 118
7 DSM 113333418 0 m -14691.0 wall 17.2 T 118
8 DSM 113395629 1 m -22332.0 wall 31.0 T 140
9 DSM 113445183 1 m -18330.0 wall 11.8 T 140
10 Boey 113065954 1 m -2261.0 wall 16.7 T 147
11 Boey 113087145 1 m -20782.0 wall 26.0 T 166
12 Boey 113112822 0 m -29759.0 wall 26.8 T 174
13 Boey 113132794 1 m -15717.0 wall 19.2 T 186
14 Boey 113153433 1 m -15817.0 wall 18.8 T 193
15 Boey 113179000 1 m -16322.0 wall 20.1 T 206
16 Boey 113207353 0 m -14055.0 wall 25.9 T 219
17 Boey 113236034 1 m -19014.0 wall 16.0 T 223
18 Boey 113254907 1 m 1017.0 wall 17.3 T 236
19 Boey 113292331 0 m -13765.0 wall 21.5 T 244
20 Vadim Vasilenko 113067522 1 m 4375.0 wall 18.1 T 254
21 Vadim Vasilenko 113096241 1 m -11040.0 wall 20.1 T 264
22 Vadim Vasilenko 113109182 1 m -9299.0 wall 26.6 T 281
23 Vadim Vasilenko 113132795 1 m 836.0 wall 22.3 T 287
24 Vadim Vasilenko 113159429 0 m -12871.0 wall 21.0 T 302
25 Vadim Vasilenko 113180209 0 m 39687.0 wall 12.9 T 302
26 Vadim Vasilenko 113207284 1 m 4466.0 wall 18.6 T 318
27 Vadim Vasilenko 113233703 0 m -9325.0 wall 21.8 T 324
28 Vadim Vasilenko 113259814 1 m 16387.0 wall 16.5 T 335
29 Vadim Vasilenko 113300601 1 m -15235.0 wall 21.6 T 345
30 M & M & P & Q 113067524 1 m 3372.0 wall 13.7 T 348
31 M & M & P & Q 113109182 0 m -1731.0 wall 22.9 T 368
32 M & M & P & Q 113153431 0 m -15123.0 wall 24.4 T 373
33 M & M & P & Q 113195165 1 m -5450.0 wall 22.7 T 391
34 M & M & P & Q 113229596 0 m -14707.0 wall 20.9 T 394
35 M & M & P & Q 113284191 1 m -1804.0 wall 23.6 T 415
36 M & M & P & Q 113308626 0 m -7394.0 wall 17.0 T 415
37 M & M & P & Q 113342744 0 m 7109.0 wall 14.2 T 425
38 M & M & P & Q 113409195 1 m -10713.0 wall 17.0 T 432
39 M & M & P & Q 113422375 0 m -13229.0 wall 14.7 T 440
40 Majkel1337 113067522 0 m -11195.0 wall 15.9 T 448
41 Majkel1337 113092068 1 m -9095.0 wall 17.8 T 457
42 Majkel1337 113097421 1 m -10720.0 wall 16.8 T 465
43 Majkel1337 113183530 0 m -630.0 wall 15.7 T 473
44 Majkel1337 113189343 1 m 281.0 wall 13.9 T 478
45 Majkel1337 113196323 1 m -11229.0 wall 16.7 T 490
46 Majkel1337 113202318 0 m -15071.0 wall 16.0 T 494
47 Majkel1337 113214242 0 m 11374.0 wall 14.7 T 505
48 Majkel1337 113236533 0 m -15175.0 wall 12.9 T 507
49 Majkel1337 113262156 0 m -5012.0 wall 16.1 T 521
50 DECEM 113067521 0 m -11816.0 wall 13.9 T 521
51 DECEM 113083668 1 m 5784.0 wall 15.4 T 536
52 DECEM 113097923 1 m 7819.0 wall 12.0 T 536
53 DECEM 113118870 0 m -3269.0 wall 12.7 T 546
54 DECEM 113145342 0 m 31241.0 wall 14.7 T 551
55 DECEM 113168728 1 m -5715.0 wall 12.7 T 559
56 DECEM 113221279 0 m -11518.0 wall 13.0 T 564
57 DECEM 113246820 0 m -4240.0 wall 12.3 T 571
58 DECEM 113273596 0 m -12828.0 wall 12.6 T 577
59 DECEM 113300589 0 m -9464.0 wall 12.1 T 583
60 Unknown Mother-Goose 113066303 1 m -12157.0 wall 12.1 T 589
61 Unknown Mother-Goose 113083668 0 m -19374.0 wall 15.3 T 598
62 Unknown Mother-Goose 113104649 1 m -15254.0 wall 11.8 T 601
63 Unknown Mother-Goose 113118872 1 m 2454.0 wall 11.8 T 610
64 Unknown Mother-Goose 113146627 1 m 13581.0 wall 13.3 T 614
65 Unknown Mother-Goose 113181583 1 m 4244.0 wall 10.9 T 621
66 Unknown Mother-Goose 113215092 0 m 2804.0 wall 11.6 T 626
67 Unknown Mother-Goose 113237239 1 m 996.0 wall 12.2 T 633
68 Unknown Mother-Goose 113252618 1 m -30318.0 wall 13.1 T 639
69 Unknown Mother-Goose 113288902 1 m -6574.0 wall 11.8 T 645
70 Fourth Quadrant 113095439 0 m -14010.0 wall 11.3 T 650
71 Fourth Quadrant 113124487 0 m -24104.0 wall 12.2 T 658
72 Fourth Quadrant 113153445 1 m -11156.0 wall 9.7 T 660
73 Fourth Quadrant 113180379 1 m -11991.0 wall 9.8 T 667
74 Fourth Quadrant 113214242 1 m -4134.0 wall 9.5 T 669
75 Fourth Quadrant 113237685 1 m -9326.0 wall 9.4 T 677
76 Fourth Quadrant 113257456 0 m -10608.0 wall 9.2 T 679
77 Fourth Quadrant 113276019 0 m -11723.0 wall 9.2 T 686
78 Fourth Quadrant 113316908 1 m -6815.0 wall 9.5 T 688
79 Fourth Quadrant 113329732 0 m -8274.0 wall 9.1 T 695
80 Azat Akhtyamov 113532009 1 m 121.0 wall 10.3 T 698
81 Azat Akhtyamov 113537115 1 m -8951.0 wall 9.2 T 705
82 Azat Akhtyamov 113543206 1 m -4298.0 wall 9.9 T 708
83 Azat Akhtyamov 113543803 0 m -17920.0 wall 9.5 T 714
84 Azat Akhtyamov 113547380 1 m -5358.0 wall 10.4 T 719
85 Azat Akhtyamov 113549871 0 m -5817.0 wall 9.4 T 723
86 Azat Akhtyamov 113563715 1 m -5610.0 wall 10.2 T 729
87 Azat Akhtyamov 113577176 1 m -2491.0 wall 9.0 T 732
88 Azat Akhtyamov 113609850 0 m -3992.0 wall 8.2 T 737
89 Azat Akhtyamov 113623209 1 m 2934.0 wall 9.1 T 742
