60 seats {'吃白饭的大肥鱼': 10, 'THIRD FARM CLUB': 10, 'mtmr_s1': 10, 'Kaggledew Valley 🏆': 10, 'TheEggman': 10, 'Yizhou': 10} D 16
0 吃白饭的大肥鱼 113065970 1 m -6754.0 wall 15.3 T 23
1 吃白饭的大肥鱼 113079212 0 m -1466.0 wall 14.5 T 23
2 吃白饭的大肥鱼 113091953 0 m -2576.0 wall 12.4 T 35
3 吃白饭的大肥鱼 113093088 1 m 4918.0 wall 18.7 T 42
4 吃白饭的大肥鱼 113103588 1 m -1211.0 wall 13.6 T 49
5 吃白饭的大肥鱼 113125645 1 m -3414.0 wall 13.2 T 55
6 吃白饭的大肥鱼 113138587 0 m 255.0 wall 15.4 T 64
7 吃白饭的大肥鱼 113175616 1 m -2230.0 wall 20.9 T 76
8 吃白饭的大肥鱼 113184088 0 m 45521.0 wall 12.2 T 77
9 吃白饭的大肥鱼 113188236 0 m 11426.0 wall 18.5 T 95
10 THIRD FARM CLUB 113079221 1 m 3712.0 wall 13.3 T 95
11 THIRD FARM CLUB 113097920 1 m 16167.0 wall 17.8 T 108
12 THIRD FARM CLUB 113168578 1 m 8162.0 wall 20.9 T 116
13 THIRD FARM CLUB 113193141 0 m 9168.0 wall 16.5 T 125
14 THIRD FARM CLUB 113203809 0 m -1008.0 wall 21.0 T 137
15 THIRD FARM CLUB 113215092 1 m 4159.0 wall 22.4 T 147
16 THIRD FARM CLUB 113216231 0 m 7228.0 wall 20.4 T 158
17 THIRD FARM CLUB 113229034 0 m 6558.0 wall 18.2 T 166
18 THIRD FARM CLUB 113236533 1 m -6278.0 wall 11.8 T 170
19 THIRD FARM CLUB 113252618 0 m 836.0 wall 16.0 T 182
20 mtmr_s1 113065954 0 m -14352.0 wall 22.0 T 192
21 mtmr_s1 113073288 0 m -1373.0 wall 21.6 T 204
22 mtmr_s1 113080405 0 m -16507.0 wall 22.0 T 214
23 mtmr_s1 113093036 0 m -21242.0 wall 25.4 T 229
24 mtmr_s1 113103617 1 m -9713.0 wall 21.1 T 235
25 mtmr_s1 113112818 1 m -11354.0 wall 19.6 T 249
26 mtmr_s1 113125640 1 m -4977.0 wall 16.9 T 252
27 mtmr_s1 113132789 0 m -13618.0 wall 14.8 T 264
28 mtmr_s1 113153647 1 m -19561.0 wall 15.0 T 267
29 mtmr_s1 113175616 0 m -11116.0 wall 16.0 T 280
30 Kaggledew Valley 🏆 113073284 1 m 301.0 wall 10.6 T 280
31 Kaggledew Valley 🏆 113074365 0 m 12017.0 wall 11.1 T 289
32 Kaggledew Valley 🏆 113087145 0 m 9189.0 wall 11.2 T 291
33 Kaggledew Valley 🏆 113104360 0 m 870.0 wall 12.2 T 302
34 Kaggledew Valley 🏆 113135074 1 m 4936.0 wall 10.8 T 302
35 Kaggledew Valley 🏆 113139777 1 m 4219.0 wall 11.2 T 313
36 Kaggledew Valley 🏆 113146625 1 m 4665.0 wall 12.1 T 314
37 Kaggledew Valley 🏆 113160477 0 m -6775.0 wall 13.3 T 326
38 Kaggledew Valley 🏆 113180524 0 m -4520.0 wall 13.7 T 328
39 Kaggledew Valley 🏆 113197807 0 m 577.0 wall 11.9 T 338
40 TheEggman 113118870 1 m 22412.0 wall 14.0 T 342
41 TheEggman 113142011 1 m 1142.0 wall 20.7 T 359
42 TheEggman 113216186 1 m 5355.0 wall 18.6 T 361
43 TheEggman 113333423 1 m -2416.0 wall 14.1 T 373
44 TheEggman 113380121 1 m 12454.0 wall 12.5 T 374
45 TheEggman 113389473 1 m -422.0 wall 20.6 T 394
46 TheEggman 113390437 0 m -475.0 wall 17.8 T 394
47 TheEggman 113395632 0 m -4099.0 wall 36.6 T 429
48 TheEggman 113492530 1 m 932.0 wall 20.2 T 429
49 TheEggman 113537111 0 m 1640.0 wall 26.1 T 441
50 Yizhou 113709444 1 m 13566.0 wall 21.4 T 450
51 Yizhou 113740423 0 m -4475.0 wall 16.1 T 457
52 Yizhou 113773025 1 m -10265.0 wall 17.7 T 468
53 Yizhou 113781287 1 m 33678.0 wall 14.9 T 472
54 Yizhou 113787172 1 m -2414.0 wall 15.9 T 484
55 Yizhou 113788337 0 m 26974.0 wall 10.0 T 484
56 Yizhou 113790698 0 m -2304.0 wall 11.6 T 494
57 Yizhou 113803750 0 m -1726.0 wall 16.2 T 500
58 Yizhou 113820729 0 m -10697.0 wall 23.3 T 518
59 Yizhou 113830726 1 m 22659.0 wall 15.8 T 518
72 seats {'DSM': 8, 'Boey': 8, 'Vadim Vasilenko': 8, 'M & M & P & Q': 8, 'Majkel1337': 8, 'DECEM': 8, 'Unknown Mother-Goose': 8, 'Fourth Quadrant': 8, 'Azat Akhtyamov': 8} D 16
0 DSM 113067521 1 m -18908.0 wall 16.9 T 41
1 DSM 113097911 0 m -4403.0 wall 26.5 T 50
2 DSM 113125644 1 m -17920.0 wall 18.4 T 60
3 DSM 113224254 1 m -18202.0 wall 28.6 T 78
4 DSM 113236034 0 m -14571.0 wall 21.2 T 81
5 DSM 113247647 1 m -22818.0 wall 19.1 T 98
6 DSM 113273596 1 m -13970.0 wall 16.6 T 98
7 DSM 113333418 0 m -20875.0 wall 20.0 T 118
8 Boey 113065954 1 m 36843.0 wall 17.3 T 118
9 Boey 113087145 1 m -3083.0 wall 15.5 T 131
10 Boey 113112822 0 m -5988.0 wall 11.1 T 131
11 Boey 113132794 1 m -3601.0 wall 17.8 T 147
12 Boey 113153433 1 m -1097.0 wall 19.7 T 151
13 Boey 113179000 1 m -9628.0 wall 11.5 T 159
14 Boey 113207353 0 m 819.0 wall 16.4 T 168
15 Boey 113236034 1 m 3200.0 wall 16.1 T 176
16 Vadim Vasilenko 113067522 1 m 14600.0 wall 28.5 T 196
17 Vadim Vasilenko 113096241 1 m -11710.0 wall 33.3 T 209
18 Vadim Vasilenko 113109182 1 m -5004.0 wall 22.9 T 219
19 Vadim Vasilenko 113132795 1 m -6420.0 wall 33.4 T 243
20 Vadim Vasilenko 113159429 0 m -12404.0 wall 24.7 T 244
21 Vadim Vasilenko 113180209 0 m -9811.0 wall 20.6 T 264
22 Vadim Vasilenko 113207284 1 m 17583.0 wall 14.7 T 264
23 Vadim Vasilenko 113233703 0 m -5270.0 wall 25.3 T 285
24 M & M & P & Q 113067524 1 m -3357.0 wall 19.5 T 285
25 M & M & P & Q 113109182 0 m -3517.0 wall 17.8 T 301
26 M & M & P & Q 113153431 0 m 25735.0 wall 13.5 T 301
27 M & M & P & Q 113195165 1 m -6645.0 wall 25.5 T 324
28 M & M & P & Q 113229596 0 m -14070.0 wall 24.4 T 326
29 M & M & P & Q 113284191 1 m 11437.0 wall 17.7 T 342
30 M & M & P & Q 113308626 0 m -1297.0 wall 11.8 T 342
31 M & M & P & Q 113342744 0 m 22351.0 wall 10.9 T 349
32 Majkel1337 113067522 0 m -5569.0 wall 19.6 T 361
33 Majkel1337 113092068 1 m -216.0 wall 11.2 T 361
34 Majkel1337 113097421 1 m -5852.0 wall 13.1 T 373
35 Majkel1337 113183530 0 m -1230.0 wall 15.8 T 377
36 Majkel1337 113189343 1 m 3847.0 wall 14.3 T 388
37 Majkel1337 113196323 1 m -1854.0 wall 21.7 T 399
38 Majkel1337 113202318 0 m -5677.0 wall 13.6 T 401
39 Majkel1337 113214242 0 m -1545.0 wall 13.0 T 412
40 DECEM 113067521 0 m -17685.0 wall 19.6 T 421
41 DECEM 113083668 1 m 10306.0 wall 27.2 T 440
42 DECEM 113097923 1 m -7710.0 wall 21.3 T 443
43 DECEM 113118870 0 m -9699.0 wall 17.9 T 458
44 DECEM 113145342 0 m 34201.0 wall 11.3 T 458
45 DECEM 113168728 1 m -8199.0 wall 27.7 T 482
46 DECEM 113221279 0 m -3071.0 wall 14.4 T 482
47 DECEM 113246820 0 m -8622.0 wall 22.4 T 495
48 Unknown Mother-Goose 113066303 1 m -12433.0 wall 24.0 T 507
49 Unknown Mother-Goose 113083668 0 m -7127.0 wall 22.0 T 517
50 Unknown Mother-Goose 113104649 1 m -16123.0 wall 22.9 T 530
51 Unknown Mother-Goose 113118872 1 m -14140.0 wall 21.0 T 538
52 Unknown Mother-Goose 113146627 1 m 10896.0 wall 19.7 T 549
53 Unknown Mother-Goose 113181583 1 m 5480.0 wall 18.6 T 557
54 Unknown Mother-Goose 113215092 0 m -10501.0 wall 23.4 T 573
55 Unknown Mother-Goose 113237239 1 m -12948.0 wall 15.2 T 573
56 Fourth Quadrant 113095439 0 m 2628.0 wall 16.1 T 589
57 Fourth Quadrant 113124487 0 m -6634.0 wall 32.1 T 605
58 Fourth Quadrant 113153445 1 m -10910.0 wall 20.9 T 610
59 Fourth Quadrant 113180379 1 m -11453.0 wall 18.9 T 625
60 Fourth Quadrant 113214242 1 m 5595.0 wall 27.3 T 638
61 Fourth Quadrant 113237685 1 m 68104.0 wall 10.7 T 638
62 Fourth Quadrant 113257456 0 m -10173.0 wall 15.4 T 651
63 Fourth Quadrant 113276019 0 m 5681.0 wall 37.6 T 676
64 Azat Akhtyamov 113532009 1 m 4564.0 wall 15.7 T 676
65 Azat Akhtyamov 113537115 1 m -11459.0 wall 18.9 T 686
66 Azat Akhtyamov 113543206 1 m -4484.0 wall 13.7 T 690
67 Azat Akhtyamov 113543803 0 m -8796.0 wall 12.8 T 699
68 Azat Akhtyamov 113547380 1 m -14024.0 wall 18.1 T 708
69 Azat Akhtyamov 113549871 0 m -3139.0 wall 19.4 T 719
70 Azat Akhtyamov 113563715 1 m -8478.0 wall 20.1 T 729
71 Azat Akhtyamov 113577176 1 m 4306.0 wall 11.9 T 731
60 seats {'吃白饭的大肥鱼': 10, 'THIRD FARM CLUB': 10, 'mtmr_s1': 10, 'Kaggledew Valley 🏆': 10, 'TheEggman': 10, 'Yizhou': 10} D 22
0 吃白饭的大肥鱼 113065970 1 m -5359.0 wall 14.4 T 41
1 吃白饭的大肥鱼 113079212 0 m -9011.0 wall 10.9 T 42
2 吃白饭的大肥鱼 113091953 0 m -8208.0 wall 18.6 T 60
3 吃白饭的大肥鱼 113093088 1 m 7090.0 wall 16.1 T 60
4 吃白饭的大肥鱼 113103588 1 m -4652.0 wall 15.9 T 74
5 吃白饭的大肥鱼 113125645 1 m -3490.0 wall 18.9 T 79
6 吃白饭的大肥鱼 113138587 0 m 4984.0 wall 15.7 T 90
7 吃白饭的大肥鱼 113175616 1 m -3001.0 wall 20.8 T 100
8 吃白饭的大肥鱼 113184088 0 m 14934.0 wall 13.9 T 104
9 吃白饭的大肥鱼 113188236 0 m 7777.0 wall 11.5 T 112
10 THIRD FARM CLUB 113079221 1 m 3541.0 wall 14.4 T 119
11 THIRD FARM CLUB 113097920 1 m 5267.0 wall 16.1 T 128
12 THIRD FARM CLUB 113168578 1 m 2715.0 wall 15.1 T 134
13 THIRD FARM CLUB 113193141 0 m 3669.0 wall 16.0 T 144
14 THIRD FARM CLUB 113203809 0 m 1861.0 wall 13.8 T 148
15 THIRD FARM CLUB 113215092 1 m 6793.0 wall 9.7 T 154
16 THIRD FARM CLUB 113216231 0 m 6703.0 wall 16.5 T 165
17 THIRD FARM CLUB 113229034 0 m 1316.0 wall 17.1 T 171
18 THIRD FARM CLUB 113236533 1 m -2372.0 wall 10.3 T 175
19 THIRD FARM CLUB 113252618 0 m 9341.0 wall 14.8 T 186
20 mtmr_s1 113065954 0 m -4840.0 wall 13.6 T 189
21 mtmr_s1 113073288 0 m -2852.0 wall 25.6 T 213
22 mtmr_s1 113080405 0 m -5854.0 wall 25.4 T 215
23 mtmr_s1 113093036 0 m -12659.0 wall 15.6 T 228
24 mtmr_s1 113103617 1 m -7877.0 wall 11.0 T 228
25 mtmr_s1 113112818 1 m -3226.0 wall 24.5 T 251
26 mtmr_s1 113125640 1 m -904.0 wall 22.0 T 251
27 mtmr_s1 113132789 0 m -8859.0 wall 18.9 T 269
28 mtmr_s1 113153647 1 m -15401.0 wall 16.8 T 269
29 mtmr_s1 113175616 0 m -9865.0 wall 15.7 T 284
30 Kaggledew Valley 🏆 113073284 1 m -472.0 wall 14.4 T 284
31 Kaggledew Valley 🏆 113074365 0 m 6025.0 wall 10.6 T 294
32 Kaggledew Valley 🏆 113087145 0 m 7327.0 wall 10.0 T 294
33 Kaggledew Valley 🏆 113104360 0 m 637.0 wall 18.0 T 312
34 Kaggledew Valley 🏆 113135074 1 m 5822.0 wall 9.6 T 312
35 Kaggledew Valley 🏆 113139777 1 m -133.0 wall 9.6 T 314
36 Kaggledew Valley 🏆 113146625 1 m 6296.0 wall 10.2 T 322
37 Kaggledew Valley 🏆 113160477 0 m -7809.0 wall 8.6 T 323
38 Kaggledew Valley 🏆 113180524 0 m -5357.0 wall 14.7 T 337
39 Kaggledew Valley 🏆 113197807 0 m 670.0 wall 11.8 T 337
40 TheEggman 113118870 1 m 12688.0 wall 11.9 T 347
41 TheEggman 113142011 1 m -2537.0 wall 25.2 T 363
42 TheEggman 113216186 1 m 186.0 wall 18.2 T 366
43 TheEggman 113333423 1 m -3245.0 wall 22.2 T 385
44 TheEggman 113380121 1 m 7808.0 wall 9.3 T 385
45 TheEggman 113389473 1 m -33.0 wall 11.4 T 386
46 TheEggman 113390437 0 m -2946.0 wall 11.0 T 396
47 TheEggman 113395632 0 m -2854.0 wall 30.3 T 417
48 TheEggman 113492530 1 m 1540.0 wall 11.8 T 417
49 TheEggman 113537111 0 m -3625.0 wall 13.8 T 422
50 Yizhou 113709444 1 m 5845.0 wall 12.1 T 429
51 Yizhou 113740423 0 m -4394.0 wall 13.7 T 436
52 Yizhou 113773025 1 m -4203.0 wall 15.2 T 445
53 Yizhou 113781287 1 m 12404.0 wall 14.6 T 451
54 Yizhou 113787172 1 m -3350.0 wall 13.9 T 459
55 Yizhou 113788337 0 m 5526.0 wall 14.9 T 466
56 Yizhou 113790698 0 m -3722.0 wall 16.9 T 476
57 Yizhou 113803750 0 m -131.0 wall 12.7 T 479
58 Yizhou 113820729 0 m -3110.0 wall 12.8 T 489
59 Yizhou 113830726 1 m 12850.0 wall 17.5 T 496
72 seats {'DSM': 8, 'Boey': 8, 'Vadim Vasilenko': 8, 'M & M & P & Q': 8, 'Majkel1337': 8, 'DECEM': 8, 'Unknown Mother-Goose': 8, 'Fourth Quadrant': 8, 'Azat Akhtyamov': 8} D 22
0 DSM 113067521 1 m -5390.0 wall 12.4 T 47
1 DSM 113097911 0 m -944.0 wall 15.6 T 51
2 DSM 113125644 1 m -10948.0 wall 19.2 T 67
3 DSM 113224254 1 m -10716.0 wall 20.2 T 72
4 DSM 113236034 0 m -4818.0 wall 23.0 T 90
5 DSM 113247647 1 m -7286.0 wall 24.3 T 96
6 DSM 113273596 1 m -5794.0 wall 25.2 T 115
7 DSM 113333418 0 m -12708.0 wall 27.0 T 123
8 Boey 113065954 1 m 9072.0 wall 12.6 T 128
9 Boey 113087145 1 m -3197.0 wall 11.2 T 134
10 Boey 113112822 0 m -3081.0 wall 23.9 T 152
11 Boey 113132794 1 m -505.0 wall 18.5 T 153
12 Boey 113153433 1 m 3248.0 wall 24.0 T 177
13 Boey 113179000 1 m -10225.0 wall 12.5 T 177
14 Boey 113207353 0 m 417.0 wall 19.0 T 185
15 Boey 113236034 1 m -2124.0 wall 16.7 T 194
16 Vadim Vasilenko 113067522 1 m 8750.0 wall 15.0 T 201
17 Vadim Vasilenko 113096241 1 m -2347.0 wall 18.8 T 213
18 Vadim Vasilenko 113109182 1 m -6770.0 wall 34.1 T 235
19 Vadim Vasilenko 113132795 1 m -4783.0 wall 16.4 T 235
20 Vadim Vasilenko 113159429 0 m -5347.0 wall 27.3 T 257
21 Vadim Vasilenko 113180209 0 m -3763.0 wall 19.8 T 257
22 Vadim Vasilenko 113207284 1 m 10831.0 wall 15.9 T 271
23 Vadim Vasilenko 113233703 0 m -7314.0 wall 28.8 T 286
24 M & M & P & Q 113067524 1 m -6452.0 wall 17.3 T 289
25 M & M & P & Q 113109182 0 m -4915.0 wall 13.6 T 300
26 M & M & P & Q 113153431 0 m 8654.0 wall 9.2 T 300
27 M & M & P & Q 113195165 1 m -1644.0 wall 18.6 T 317
28 M & M & P & Q 113229596 0 m -10771.0 wall 24.5 T 324
29 M & M & P & Q 113284191 1 m 1386.0 wall 24.5 T 341
30 M & M & P & Q 113308626 0 m -2881.0 wall 12.1 T 341
31 M & M & P & Q 113342744 0 m -3858.0 wall 17.0 T 354
32 Majkel1337 113067522 0 m -754.0 wall 16.0 T 358
33 Majkel1337 113092068 1 m 2904.0 wall 10.7 T 365
34 Majkel1337 113097421 1 m -7528.0 wall 9.5 T 367
35 Majkel1337 113183530 0 m -865.0 wall 12.0 T 377
36 Majkel1337 113189343 1 m 6260.0 wall 10.2 T 378
37 Majkel1337 113196323 1 m 610.0 wall 14.6 T 392
38 Majkel1337 113202318 0 m -1765.0 wall 17.2 T 395
39 Majkel1337 113214242 0 m 2794.0 wall 8.4 T 400
40 DECEM 113067521 0 m -3090.0 wall 11.8 T 407
41 DECEM 113083668 1 m 4929.0 wall 11.5 T 412
42 DECEM 113097923 1 m 1510.0 wall 18.3 T 425
43 DECEM 113118870 0 m -9217.0 wall 14.0 T 426
44 DECEM 113145342 0 m 14294.0 wall 14.0 T 440
45 DECEM 113168728 1 m -4412.0 wall 17.5 T 444
46 DECEM 113221279 0 m -2760.0 wall 13.4 T 453
47 DECEM 113246820 0 m -5022.0 wall 13.0 T 457
48 Unknown Mother-Goose 113066303 1 m -7143.0 wall 20.8 T 474
49 Unknown Mother-Goose 113083668 0 m -5460.0 wall 17.0 T 474
50 Unknown Mother-Goose 113104649 1 m -5763.0 wall 14.6 T 489
51 Unknown Mother-Goose 113118872 1 m -8769.0 wall 12.0 T 489
52 Unknown Mother-Goose 113146627 1 m 6463.0 wall 13.9 T 501
53 Unknown Mother-Goose 113181583 1 m 7050.0 wall 9.2 T 501
54 Unknown Mother-Goose 113215092 0 m -3843.0 wall 16.6 T 515
55 Unknown Mother-Goose 113237239 1 m -6316.0 wall 14.0 T 515
56 Fourth Quadrant 113095439 0 m -3936.0 wall 13.0 T 528
57 Fourth Quadrant 113124487 0 m -258.0 wall 20.4 T 536
58 Fourth Quadrant 113153445 1 m -4947.0 wall 15.4 T 544
59 Fourth Quadrant 113180379 1 m -5251.0 wall 15.7 T 552
60 Fourth Quadrant 113214242 1 m -168.0 wall 14.7 T 559
61 Fourth Quadrant 113237685 1 m 19040.0 wall 6.8 T 559
62 Fourth Quadrant 113257456 0 m -4068.0 wall 14.5 T 573
63 Fourth Quadrant 113276019 0 m -3819.0 wall 12.4 T 573
64 Azat Akhtyamov 113532009 1 m 8202.0 wall 10.8 T 582
65 Azat Akhtyamov 113537115 1 m -5093.0 wall 12.3 T 586
66 Azat Akhtyamov 113543206 1 m -938.0 wall 9.3 T 592
67 Azat Akhtyamov 113543803 0 m -4698.0 wall 10.5 T 596
68 Azat Akhtyamov 113547380 1 m -6575.0 wall 11.4 T 603
69 Azat Akhtyamov 113549871 0 m -1817.0 wall 10.3 T 607
70 Azat Akhtyamov 113563715 1 m -7863.0 wall 12.1 T 615
71 Azat Akhtyamov 113577176 1 m 3820.0 wall 8.4 T 615
ALLDONE
