60 seats {'吃白饭的大肥鱼': 10, 'THIRD FARM CLUB': 10, 'mtmr_s1': 10, 'Kaggledew Valley 🏆': 10, 'TheEggman': 10, 'Yizhou': 10}
0 吃白饭的大肥鱼 113065970 1 m -4978.0 wall 16.8 T 21
1 吃白饭的大肥鱼 113079212 0 m 9840.0 wall 16.7 T 21
2 吃白饭的大肥鱼 113091953 0 m -6904.0 wall 18.5 T 39
3 吃白饭的大肥鱼 113093088 1 m 4210.0 wall 14.0 T 39
4 吃白饭的大肥鱼 113103588 1 m -13512.0 wall 15.3 T 50
5 吃白饭的大肥鱼 113125645 1 m 3905.0 wall 15.7 T 55
6 吃白饭的大肥鱼 113138587 0 m -6962.0 wall 14.2 T 65
7 吃白饭的大肥鱼 113175616 1 m -24164.0 wall 15.1 T 70
8 吃白饭的大肥鱼 113184088 0 m -36.0 wall 13.1 T 78
9 吃白饭的大肥鱼 113188236 0 m 4648.0 wall 15.6 T 86
10 THIRD FARM CLUB 113079221 1 m 1995.0 wall 12.7 T 91
11 THIRD FARM CLUB 113097920 1 m 5332.0 wall 13.4 T 99
12 THIRD FARM CLUB 113168578 1 m 1057.0 wall 14.7 T 105
13 THIRD FARM CLUB 113193141 0 m -4183.0 wall 16.6 T 116
14 THIRD FARM CLUB 113203809 0 m -3241.0 wall 14.0 T 119
15 THIRD FARM CLUB 113215092 1 m 21647.0 wall 13.1 T 129
16 THIRD FARM CLUB 113216231 0 m -5352.0 wall 13.9 T 133
17 THIRD FARM CLUB 113229034 0 m 7542.0 wall 12.2 T 141
18 THIRD FARM CLUB 113236533 1 m -2920.0 wall 13.1 T 146
19 THIRD FARM CLUB 113252618 0 m -4679.0 wall 13.7 T 155
20 mtmr_s1 113065954 0 m -12163.0 wall 15.4 T 162
21 mtmr_s1 113073288 0 m -10688.0 wall 15.0 T 170
22 mtmr_s1 113080405 0 m 497.0 wall 12.7 T 175
23 mtmr_s1 113093036 0 m -8281.0 wall 13.9 T 184
24 mtmr_s1 113103617 1 m -8281.0 wall 12.8 T 187
25 mtmr_s1 113112818 1 m 20335.0 wall 15.4 T 199
26 mtmr_s1 113125640 1 m 11015.0 wall 13.3 T 201
27 mtmr_s1 113132789 0 m -2165.0 wall 15.1 T 215
28 mtmr_s1 113153647 1 m -2624.0 wall 15.6 T 216
29 mtmr_s1 113175616 0 m -10751.0 wall 14.4 T 229
30 Kaggledew Valley 🏆 113073284 1 m -222.0 wall 16.1 T 232
31 Kaggledew Valley 🏆 113074365 0 m 6262.0 wall 16.6 T 246
32 Kaggledew Valley 🏆 113087145 0 m 7859.0 wall 14.4 T 247
33 Kaggledew Valley 🏆 113104360 0 m 2973.0 wall 13.6 T 259
34 Kaggledew Valley 🏆 113135074 1 m 1237.0 wall 13.9 T 261
35 Kaggledew Valley 🏆 113139777 1 m -4349.0 wall 16.6 T 276
36 Kaggledew Valley 🏆 113146625 1 m 5635.0 wall 16.0 T 277
37 Kaggledew Valley 🏆 113160477 0 m -5620.0 wall 17.4 T 293
38 Kaggledew Valley 🏆 113180524 0 m -5506.0 wall 16.2 T 293
39 Kaggledew Valley 🏆 113197807 0 m 196.0 wall 16.7 T 310
40 TheEggman 113118870 1 m 25413.0 wall 16.7 T 310
41 TheEggman 113142011 1 m 1145.0 wall 16.9 T 327
42 TheEggman 113216186 1 m 73.0 wall 18.6 T 329
43 TheEggman 113333423 1 m 3731.0 wall 17.8 T 345
44 TheEggman 113380121 1 m 15450.0 wall 18.1 T 347
45 TheEggman 113389473 1 m 2297.0 wall 18.9 T 363
46 TheEggman 113390437 0 m 4711.0 wall 20.6 T 367
47 TheEggman 113395632 0 m 10098.0 wall 16.1 T 380
48 TheEggman 113492530 1 m 1693.0 wall 19.8 T 387
49 TheEggman 113537111 0 m -5802.0 wall 15.8 T 395
50 Yizhou 113709444 1 m 836.0 wall 17.9 T 405
51 Yizhou 113740423 0 m -3887.0 wall 17.9 T 413
52 Yizhou 113773025 1 m -1609.0 wall 16.7 T 422
53 Yizhou 113781287 1 m 24033.0 wall 19.0 T 432
54 Yizhou 113787172 1 m 4081.0 wall 17.9 T 440
55 Yizhou 113788337 0 m 22968.0 wall 18.0 T 450
56 Yizhou 113790698 0 m -6042.0 wall 16.3 T 456
57 Yizhou 113803750 0 m -5249.0 wall 17.2 T 468
58 Yizhou 113820729 0 m -7146.0 wall 17.4 T 474
59 Yizhou 113830726 1 m -9252.0 wall 16.6 T 484
72 seats {'DSM': 8, 'Boey': 8, 'Vadim Vasilenko': 8, 'M & M & P & Q': 8, 'Majkel1337': 8, 'DECEM': 8, 'Unknown Mother-Goose': 8, 'Fourth Quadrant': 8, 'Azat Akhtyamov': 8}
0 DSM 113067521 1 m 20099.0 wall 21.2 T 34
1 DSM 113097911 0 m -14599.0 wall 20.7 T 34
2 DSM 113125644 1 m -15806.0 wall 24.6 T 58
3 DSM 113224254 1 m 129.0 wall 20.8 T 58
4 DSM 113236034 0 m 44180.0 wall 19.8 T 75
5 DSM 113247647 1 m -5891.0 wall 20.8 T 79
6 DSM 113273596 1 m -10493.0 wall 19.8 T 95
7 DSM 113333418 0 m -12510.0 wall 20.0 T 99
8 Boey 113065954 1 m -2155.0 wall 23.3 T 118
9 Boey 113087145 1 m -18218.0 wall 19.5 T 119
10 Boey 113112822 0 m -26189.0 wall 17.8 T 136
11 Boey 113132794 1 m -11657.0 wall 17.2 T 136
12 Boey 113153433 1 m -14016.0 wall 17.3 T 153
13 Boey 113179000 1 m -18623.0 wall 18.4 T 155
14 Boey 113207353 0 m -10767.0 wall 16.6 T 170
15 Boey 113236034 1 m -17538.0 wall 18.5 T 173
16 Vadim Vasilenko 113067522 1 m 8728.0 wall 15.1 T 185
17 Vadim Vasilenko 113096241 1 m -10308.0 wall 16.6 T 190
18 Vadim Vasilenko 113109182 1 m -7876.0 wall 19.6 T 205
19 Vadim Vasilenko 113132795 1 m 3217.0 wall 15.5 T 205
20 Vadim Vasilenko 113159429 0 m -9212.0 wall 18.5 T 223
21 Vadim Vasilenko 113180209 0 m 41670.0 wall 16.0 T 223
22 Vadim Vasilenko 113207284 1 m 5660.0 wall 19.1 T 241
23 Vadim Vasilenko 113233703 0 m -6459.0 wall 18.0 T 241
24 M & M & P & Q 113067524 1 m 3914.0 wall 18.2 T 259
25 M & M & P & Q 113109182 0 m -2061.0 wall 20.6 T 262
26 M & M & P & Q 113153431 0 m -15916.0 wall 20.6 T 279
27 M & M & P & Q 113195165 1 m -8597.0 wall 16.8 T 279
28 M & M & P & Q 113229596 0 m -5078.0 wall 18.7 T 298
29 M & M & P & Q 113284191 1 m 4345.0 wall 17.5 T 298
30 M & M & P & Q 113308626 0 m -4847.0 wall 18.2 T 315
31 M & M & P & Q 113342744 0 m 9285.0 wall 14.9 T 315
32 Majkel1337 113067522 0 m -10081.0 wall 17.3 T 330
33 Majkel1337 113092068 1 m -7352.0 wall 13.8 T 330
34 Majkel1337 113097421 1 m -8496.0 wall 16.3 T 346
35 Majkel1337 113183530 0 m 180.0 wall 15.6 T 346
36 Majkel1337 113189343 1 m 3312.0 wall 14.6 T 360
37 Majkel1337 113196323 1 m -8836.0 wall 15.8 T 362
38 Majkel1337 113202318 0 m -11912.0 wall 18.4 T 379
39 Majkel1337 113214242 0 m 10179.0 wall 14.4 T 379
40 DECEM 113067521 0 m -10725.0 wall 15.7 T 392
41 DECEM 113083668 1 m 8004.0 wall 17.0 T 396
42 DECEM 113097923 1 m 8503.0 wall 15.5 T 407
43 DECEM 113118870 0 m -3012.0 wall 16.1 T 412
44 DECEM 113145342 0 m 32057.0 wall 16.2 T 423
45 DECEM 113168728 1 m -2355.0 wall 16.2 T 428
46 DECEM 113221279 0 m -9897.0 wall 15.8 T 439
47 DECEM 113246820 0 m -5039.0 wall 17.8 T 446
48 Unknown Mother-Goose 113066303 1 m -10768.0 wall 17.5 T 457
49 Unknown Mother-Goose 113083668 0 m -16289.0 wall 20.0 T 466
50 Unknown Mother-Goose 113104649 1 m -15367.0 wall 19.9 T 477
51 Unknown Mother-Goose 113118872 1 m 8033.0 wall 18.9 T 485
52 Unknown Mother-Goose 113146627 1 m 14621.0 wall 18.8 T 496
53 Unknown Mother-Goose 113181583 1 m 5724.0 wall 16.2 T 501
54 Unknown Mother-Goose 113215092 0 m 5611.0 wall 18.4 T 514
55 Unknown Mother-Goose 113237239 1 m 1269.0 wall 16.5 T 518
56 Fourth Quadrant 113095439 0 m -10218.0 wall 20.2 T 534
57 Fourth Quadrant 113124487 0 m -21785.0 wall 25.9 T 544
58 Fourth Quadrant 113153445 1 m -9190.0 wall 19.6 T 554
59 Fourth Quadrant 113180379 1 m -13256.0 wall 15.0 T 559
60 Fourth Quadrant 113214242 1 m -3773.0 wall 20.2 T 574
61 Fourth Quadrant 113237685 1 m -8325.0 wall 18.3 T 577
62 Fourth Quadrant 113257456 0 m -8931.0 wall 19.8 T 594
63 Fourth Quadrant 113276019 0 m -8401.0 wall 19.4 T 597
64 Azat Akhtyamov 113532009 1 m 1456.0 wall 17.1 T 611
65 Azat Akhtyamov 113537115 1 m -5985.0 wall 20.7 T 617
66 Azat Akhtyamov 113543206 1 m -2042.0 wall 22.0 T 633
67 Azat Akhtyamov 113543803 0 m -12280.0 wall 24.2 T 642
68 Azat Akhtyamov 113547380 1 m -4978.0 wall 24.1 T 657
69 Azat Akhtyamov 113549871 0 m -5944.0 wall 20.8 T 662
70 Azat Akhtyamov 113563715 1 m -3248.0 wall 20.3 T 678
71 Azat Akhtyamov 113577176 1 m -701.0 wall 17.7 T 680
ALLDONE
