   ━━━━━━━━━━━━━━━━━━━━━━━━━━━━━━━━━━━━━━━━ 60.7/60.7 MB 28.3 MB/s eta 0:00:00
OpenSpiel exception: Unknown game 'go_fish'. Available games are:
2048
add_noise
amazons
ant_foraging_arena
antichess
backgammon
backgammon_proxy
banqi
bargaining
battleship
blackjack
blotto
breakthrough
bridge
bridge_arena
bridge_uncontested_bidding
cached_tree
catch
checkers
chess
chinese_checkers
cliff_walking
clobber
clobber_proxy
coin_game
coin_game_arena
colored_trails
connect_four
coop_box_pushing
coop_to_1p
coordinated_mp
crazy_eights
crazyhouse
cribbage
cursor_go
dark_chess
dark_hex
dark_hex_ir
deep_sea
dots_and_boxes
dots_and_boxes_proxy
dou_dizhu
efg_game
einstein_wurfelt_nicht
euchre
first_sealed_auction
gin_rummy
gin_rummy_proxy
go
gomoku
goofspiel
hanabi
havannah
havannah_proxy
hearts
hex
hive
kriegspiel
kuhn_poker
laser_tag
latent_ttt
leduc_poker
lewis_signaling
liars_dice
liars_dice_ir
lines_of_action
lines_of_action_proxy
maedn
mancala
mancala_proxy
markov_soccer
matching_pennies_3p
matrix_bos
matrix_brps
matrix_cd
matrix_coordination
matrix_mp
matrix_pd
matrix_rps
matrix_rpsw
matrix_sh
matrix_shapleys_game
mfg_crowd_modelling
mfg_crowd_modelling_2d
mfg_dynamic_routing
mfg_garnet
misere
mnk
morpion_solitaire
negotiation
nfg_game
nim
nine_mens_morris
nine_mens_morris_proxy
normal_form_extensive_game
oh_hell
oshi_zumo
othello
oware
pathfinding
pentago
phantom_go
phantom_ttt
phantom_ttt_ir
pig
quoridor
rbc
repeated_game
repeated_leduc_poker
repeated_poker
restricted_nash_response
sheriff
shogi
shogi_proxy
skat
snake
solitaire
spades
start_at
stones_and_gems
tarok
tic_tac_toe
tiny_bridge_2p
tiny_bridge_4p
tiny_hanabi
trade_comm
turn_based_simultaneous_game
twixt
ultimate_tic_tac_toe
ultimate_tic_tac_toe_proxy
universal_poker
xiangqi
y
y_proxy
yacht
zerosum
OpenSpiel exception: OpenSpiel exception: Unknown game 'go_fish'. Available games are:
2048
add_noise
amazons
ant_foraging_arena
antichess
backgammon
backgammon_proxy
banqi
bargaining
battleship
blackjack
blotto
breakthrough
bridge
bridge_arena
bridge_uncontested_bidding
cached_tree
catch
checkers
chess
chinese_checkers
cliff_walking
clobber
clobber_proxy
coin_game
coin_game_arena
colored_trails
connect_four
coop_box_pushing
coop_to_1p
coordinated_mp
crazy_eights
crazyhouse
cribbage
cursor_go
dark_chess
dark_hex
dark_hex_ir
deep_sea
dots_and_boxes
dots_and_boxes_proxy
dou_dizhu
efg_game
einstein_wurfelt_nicht
euchre
first_sealed_auction
gin_rummy
gin_rummy_proxy
go
gomoku
goofspiel
hanabi
havannah
havannah_proxy
hearts
hex
hive
kriegspiel
kuhn_poker
laser_tag
latent_ttt
leduc_poker
lewis_signaling
liars_dice
liars_dice_ir
lines_of_action
lines_of_action_proxy
maedn
mancala
mancala_proxy
markov_soccer
matching_pennies_3p
matrix_bos
matrix_brps
matrix_cd
matrix_coordination
matrix_mp
matrix_pd
matrix_rps
matrix_rpsw
matrix_sh
matrix_shapleys_game
mfg_crowd_modelling
mfg_crowd_modelling_2d
mfg_dynamic_routing
mfg_garnet
misere
mnk
morpion_solitaire
negotiation
nfg_game
nim
nine_mens_morris
nine_mens_morris_proxy
normal_form_extensive_game
oh_hell
oshi_zumo
othello
oware
pathfinding
pentago
phantom_go
phantom_ttt
phantom_ttt_ir
pig
quoridor
rbc
repeated_game
repeated_leduc_poker
repeated_poker
restricted_nash_response
sheriff
shogi
shogi_proxy
skat
snake
solitaire
spades
start_at
stones_and_gems
tarok
tic_tac_toe
tiny_bridge_2p
tiny_bridge_4p
tiny_hanabi
trade_comm
turn_based_simultaneous_game
twixt
ultimate_tic_tac_toe
ultimate_tic_tac_toe_proxy
universal_poker
xiangqi
y
y_proxy
yacht
zerosumUnknown game 'go_fish'. Available games are:
2048
add_noise
amazons
ant_foraging_arena
antichess
backgammon
backgammon_proxy
banqi
bargaining
battleship
blackjack
blotto
breakthrough
bridge
bridge_arena
bridge_uncontested_bidding
cached_tree
catch
checkers
chess
chinese_checkers
cliff_walking
clobber
clobber_proxy
coin_game
coin_game_arena
colored_trails
connect_four
coop_box_pushing
coop_to_1p
coordinated_mp
crazy_eights
crazyhouse
cribbage
cursor_go
dark_chess
dark_hex
dark_hex_ir
deep_sea
dots_and_boxes
dots_and_boxes_proxy
dou_dizhu
efg_game
einstein_wurfelt_nicht
euchre
first_sealed_auction
gin_rummy
gin_rummy_proxy
go
gomoku
goofspiel
hanabi
havannah
havannah_proxy
hearts
hex
hive
kriegspiel
kuhn_poker
laser_tag
latent_ttt
leduc_poker
lewis_signaling
liars_dice
liars_dice_ir
lines_of_action
lines_of_action_proxy
maedn
mancala
mancala_proxy
markov_soccer
matching_pennies_3p
matrix_bos
matrix_brps
matrix_cd
matrix_coordination
matrix_mp
matrix_pd
matrix_rps
matrix_rpsw
matrix_sh
matrix_shapleys_game
mfg_crowd_modelling
mfg_crowd_modelling_2d
mfg_dynamic_routing
mfg_garnet
misere
mnk
morpion_solitaire
negotiation
nfg_game
nim
nine_mens_morris
nine_mens_morris_proxy
normal_form_extensive_game
oh_hell
oshi_zumo
othello
oware
pathfinding
pentago
phantom_go
phantom_ttt
phantom_ttt_ir
pig
quoridor
rbc
repeated_game
repeated_leduc_poker
repeated_poker
restricted_nash_response
sheriff
shogi
shogi_proxy
skat
snake
solitaire
spades
start_at
stones_and_gems
tarok
tic_tac_toe
tiny_bridge_2p
tiny_bridge_4p
tiny_hanabi
trade_comm
turn_based_simultaneous_game
twixt
ultimate_tic_tac_toe
ultimate_tic_tac_toe_proxy
universal_poker
xiangqi
y
y_proxy
yacht
zerosum

OpenSpiel exception: Unknown game 'go_fish'. Available games are:
2048
add_noise
amazons
ant_foraging_arena
antichess
backgammon
backgammon_proxy
banqi
bargaining
battleship
blackjack
blotto
breakthrough
bridge
bridge_arena
bridge_uncontested_bidding
cached_tree
catch
checkers
chess
chinese_checkers
cliff_walking
clobber
clobber_proxy
coin_game
coin_game_arena
colored_trails
connect_four
coop_box_pushing
coop_to_1p
coordinated_mp
crazy_eights
crazyhouse
cribbage
cursor_go
dark_chess
dark_hex
dark_hex_ir
deep_sea
dots_and_boxes
dots_and_boxes_proxy
dou_dizhu
efg_game
einstein_wurfelt_nicht
euchre
first_sealed_auction
gin_rummy
gin_rummy_proxy
go
gomoku
goofspiel
hanabi
havannah
havannah_proxy
hearts
hex
hive
kriegspiel
kuhn_poker
laser_tag
latent_ttt
leduc_poker
lewis_signaling
liars_dice
liars_dice_ir
lines_of_action
lines_of_action_proxy
maedn
mancala
mancala_proxy
markov_soccer
matching_pennies_3p
matrix_bos
matrix_brps
matrix_cd
matrix_coordination
matrix_mp
matrix_pd
matrix_rps
matrix_rpsw
matrix_sh
matrix_shapleys_game
mfg_crowd_modelling
mfg_crowd_modelling_2d
mfg_dynamic_routing
mfg_garnet
misere
mnk
morpion_solitaire
negotiation
nfg_game
nim
nine_mens_morris
nine_mens_morris_proxy
normal_form_extensive_game
oh_hell
oshi_zumo
othello
oware
pathfinding
pentago
phantom_go
phantom_ttt
phantom_ttt_ir
pig
quoridor
rbc
repeated_game
repeated_leduc_poker
repeated_poker
restricted_nash_response
sheriff
shogi
shogi_proxy
skat
snake
solitaire
spades
start_at
stones_and_gems
tarok
tic_tac_toe
tiny_bridge_2p
tiny_bridge_4p
tiny_hanabi
trade_comm
turn_based_simultaneous_game
twixt
ultimate_tic_tac_toe
ultimate_tic_tac_toe_proxy
universal_poker
xiangqi
y
y_proxy
yacht
zerosum
OpenSpiel exception: OpenSpiel exception: Unknown game 'capture_the_flag'. Available games are:
2048
add_noise
amazons
amazons_proxy
ant_foraging_arena
antichess
backgammon
backgammon_proxy
banqi
bargaining
bargaining_proxy
battleship
blackjack
blotto
breakthrough
bridge
bridge_arena
bridge_uncontested_bidding
cached_tree
catch
checkers
chess
chinese_checkers
cliff_walking
clobber
clobber_proxy
coin_game
coin_game_arena
colored_trails
connect_four
coop_box_pushing
coop_to_1p
coordinated_mp
crazy_eights
crazyhouse
cribbage
cursor_go
dark_chess
dark_hex
dark_hex_ir
deep_sea
dots_and_boxes
dots_and_boxes_proxy
dou_dizhu
efg_game
einstein_wurfelt_nicht
euchre
first_sealed_auction
gin_rummy
gin_rummy_proxy
go
gomoku
goofspiel
hanabi
havannah
havannah_proxy
hearts
hex
hive
kriegspiel
kuhn_poker
laser_tag
latent_ttt
leduc_poker
lewis_signaling
liars_dice
liars_dice_ir
lines_of_action
lines_of_action_proxy
maedn
mancala
mancala_proxy
markov_soccer
matching_pennies_3p
matrix_bos
matrix_brps
matrix_cd
matrix_coordination
matrix_mp
matrix_pd
matrix_rps
matrix_rpsw
matrix_sh
matrix_shapleys_game
mfg_crowd_modelling
mfg_crowd_modelling_2d
mfg_dynamic_routing
mfg_garnet
misere
mnk
morpion_solitaire
negotiation
negotiation_proxy
nfg_game
nim
nine_mens_morris
nine_mens_morris_proxy
normal_form_extensive_game
oh_hell
oshi_zumo
oshi_zumo_proxy
othello
oware
pathfinding
pentago
phantom_go
phantom_ttt
phantom_ttt_ir
pig
quoridor
rbc
repeated_game
repeated_leduc_poker
repeated_poker
restricted_nash_response
sheriff
shogi
shogi_proxy
skat
snake
solitaire
spades
start_at
stones_and_gems
tarok
tic_tac_toe
tiny_bridge_2p
tiny_bridge_4p
tiny_hanabi
trade_comm
turn_based_simultaneous_game
twixt
ultimate_tic_tac_toe
ultimate_tic_tac_toe_proxy
universal_poker
xiangqi
y
y_proxy
yacht
zerosum
Unknown game 'capture_the_flag'. Available games are:
2048
add_noise
amazons
amazons_proxy
ant_foraging_arena
antichess
backgammon
backgammon_proxy
banqi
bargaining
bargaining_proxy
battleship
blackjack
blotto
breakthrough
bridge
bridge_arena
bridge_uncontested_bidding
cached_tree
catch
checkers
chess
chinese_checkers
cliff_walking
clobber
clobber_proxy
coin_game
coin_game_arena
colored_trails
connect_four
coop_box_pushing
coop_to_1p
coordinated_mp
crazy_eights
crazyhouse
cribbage
cursor_go
dark_chess
dark_hex
dark_hex_ir
deep_sea
dots_and_boxes
dots_and_boxes_proxy
dou_dizhu
efg_game
einstein_wurfelt_nicht
euchre
first_sealed_auction
gin_rummy
gin_rummy_proxy
go
gomoku
goofspiel
hanabi
havannah
havannah_proxy
hearts
hex
hive
kriegspiel
kuhn_poker
laser_tag
latent_ttt
leduc_poker
lewis_signaling
liars_dice
liars_dice_ir
lines_of_action
lines_of_action_proxy
maedn
mancala
mancala_proxy
markov_soccer
matching_pennies_3p
matrix_bos
matrix_brps
matrix_cd
matrix_coordination
matrix_mp
matrix_pd
matrix_rps
matrix_rpsw
matrix_sh
matrix_shapleys_game
mfg_crowd_modelling
mfg_crowd_modelling_2d
mfg_dynamic_routing
mfg_garnet
misere
mnk
morpion_solitaire
negotiation
negotiation_proxy
nfg_game
nim
nine_mens_morris
nine_mens_morris_proxy
normal_form_extensive_game
oh_hell
oshi_zumo
oshi_zumo_proxy
othello
oware
pathfinding
pentago
phantom_go
phantom_ttt
phantom_ttt_ir
pig
quoridor
rbc
repeated_game
repeated_leduc_poker
repeated_poker
restricted_nash_response
sheriff
shogi
shogi_proxy
skat
snake
solitaire
spades
start_at
stones_and_gems
tarok
tic_tac_toe
tiny_bridge_2p
tiny_bridge_4p
tiny_hanabi
trade_comm
turn_based_simultaneous_game
twixt
ultimate_tic_tac_toe
ultimate_tic_tac_toe_proxy
universal_poker
xiangqi
y
y_proxy
yacht
zerosum
OpenSpiel exception: Unknown game 'capture_the_flag'. Available games are:
2048
add_noise
amazons
amazons_proxy
ant_foraging_arena
antichess
backgammon
backgammon_proxy
banqi
bargaining
bargaining_proxy
battleship
blackjack
blotto
breakthrough
bridge
bridge_arena
bridge_uncontested_bidding
cached_tree
catch
checkers
chess
chinese_checkers
cliff_walking
clobber
clobber_proxy
coin_game
coin_game_arena
colored_trails
connect_four
coop_box_pushing
coop_to_1p
coordinated_mp
crazy_eights
crazyhouse
cribbage
cursor_go
dark_chess
dark_hex
dark_hex_ir
deep_sea
dots_and_boxes
dots_and_boxes_proxy
dou_dizhu
efg_game
einstein_wurfelt_nicht
euchre
first_sealed_auction
gin_rummy
gin_rummy_proxy
go
gomoku
goofspiel
hanabi
havannah
havannah_proxy
hearts
hex
hive
kriegspiel
kuhn_poker
laser_tag
latent_ttt
leduc_poker
lewis_signaling
liars_dice
liars_dice_ir
lines_of_action
lines_of_action_proxy
maedn
mancala
mancala_proxy
markov_soccer
matching_pennies_3p
matrix_bos
matrix_brps
matrix_cd
matrix_coordination
matrix_mp
matrix_pd
matrix_rps
matrix_rpsw
matrix_sh
matrix_shapleys_game
mfg_crowd_modelling
mfg_crowd_modelling_2d
mfg_dynamic_routing
mfg_garnet
misere
mnk
morpion_solitaire
negotiation
negotiation_proxy
nfg_game
nim
nine_mens_morris
nine_mens_morris_proxy
normal_form_extensive_game
oh_hell
oshi_zumo
oshi_zumo_proxy
othello
oware
pathfinding
pentago
phantom_go
phantom_ttt
phantom_ttt_ir
pig
quoridor
rbc
repeated_game
repeated_leduc_poker
repeated_poker
restricted_nash_response
sheriff
shogi
shogi_proxy
skat
snake
solitaire
spades
start_at
stones_and_gems
tarok
tic_tac_toe
tiny_bridge_2p
tiny_bridge_4p
tiny_hanabi
trade_comm
turn_based_simultaneous_game
twixt
ultimate_tic_tac_toe
ultimate_tic_tac_toe_proxy
universal_poker
xiangqi
y
y_proxy
yacht
zerosum
OpenSpiel exception: Unknown game 'capture_the_flag'. Available games are:
2048
add_noise
amazons
amazons_proxy
ant_foraging_arena
antichess
backgammon
backgammon_proxy
banqi
bargaining
bargaining_proxy
battleship
blackjack
blotto
breakthrough
bridge
bridge_arena
bridge_uncontested_bidding
cached_tree
catch
checkers
chess
chinese_checkers
cliff_walking
clobber
clobber_proxy
coin_game
coin_game_arena
colored_trails
connect_four
coop_box_pushing
coop_to_1p
coordinated_mp
crazy_eights
crazyhouse
cribbage
cursor_go
dark_chess
dark_hex
dark_hex_ir
deep_sea
dots_and_boxes
dots_and_boxes_proxy
dou_dizhu
efg_game
einstein_wurfelt_nicht
euchre
first_sealed_auction
gin_rummy
gin_rummy_proxy
go
gomoku
goofspiel
hanabi
havannah
havannah_proxy
hearts
hex
hive
kriegspiel
kuhn_poker
laser_tag
latent_ttt
leduc_poker
lewis_signaling
liars_dice
liars_dice_ir
lines_of_action
lines_of_action_proxy
maedn
mancala
mancala_proxy
markov_soccer
matching_pennies_3p
matrix_bos
matrix_brps
matrix_cd
matrix_coordination
matrix_mp
matrix_pd
matrix_rps
matrix_rpsw
matrix_sh
matrix_shapleys_game
mfg_crowd_modelling
mfg_crowd_modelling_2d
mfg_dynamic_routing
mfg_garnet
misere
mnk
morpion_solitaire
negotiation
negotiation_proxy
nfg_game
nim
nine_mens_morris
nine_mens_morris_proxy
normal_form_extensive_game
oh_hell
oshi_zumo
oshi_zumo_proxy
othello
oware
pathfinding
pentago
phantom_go
phantom_ttt
phantom_ttt_ir
pig
quoridor
rbc
repeated_game
repeated_leduc_poker
repeated_poker
restricted_nash_response
sheriff
shogi
shogi_proxy
skat
snake
solitaire
spades
start_at
stones_and_gems
tarok
tic_tac_toe
tiny_bridge_2p
tiny_bridge_4p
tiny_hanabi
trade_comm
turn_based_simultaneous_game
twixt
ultimate_tic_tac_toe
ultimate_tic_tac_toe_proxy
universal_poker
xiangqi
y
y_proxy
yacht
zerosum
OpenSpiel exception: Unknown game 'capture_the_flag'. Available games are:
2048
add_noise
amazons
amazons_proxy
ant_foraging_arena
antichess
backgammon
backgammon_proxy
banqi
bargaining
bargaining_proxy
battleship
blackjack
blotto
breakthrough
breakthrough_proxy
bridge
bridge_arena
bridge_uncontested_bidding
cached_tree
catch
chat_game
checkers
checkers_proxy
chess
chinese_checkers
cliff_walking
clobber
clobber_proxy
coin_game
coin_game_arena
coin_game_proxy
colored_trails
connect_four
connect_four_proxy
coop_box_pushing
coop_to_1p
coordinated_mp
crazy_eights
crazyhouse
cribbage
cursor_go
dark_chess
dark_hex
dark_hex_ir
dark_hex_proxy
deep_sea
dots_and_boxes
dots_and_boxes_proxy
dou_dizhu
efg_game
einstein_wurfelt_nicht
euchre
first_sealed_auction
gin_rummy
gin_rummy_proxy
go
go_proxy
gomoku
goofspiel
hanabi
havannah
havannah_proxy
hearts
hex
hive
hive_proxy
kriegspiel
kuhn_poker
laser_tag
latent_ttt
leduc_poker
lewis_signaling
liars_dice
liars_dice_ir
lines_of_action
lines_of_action_proxy
maedn
mancala
mancala_proxy
markov_soccer
markov_soccer_proxy
matching_pennies_3p
matrix_bos
matrix_brps
matrix_cd
matrix_coordination
matrix_mp
matrix_pd
matrix_rps
matrix_rpsw
matrix_sh
matrix_shapleys_game
mfg_crowd_modelling
mfg_crowd_modelling_2d
mfg_dynamic_routing
mfg_garnet
misere
mnk
morpion_solitaire
negotiation
negotiation_proxy
nfg_game
nim
nine_mens_morris
nine_mens_morris_proxy
normal_form_extensive_game
oh_hell
oshi_zumo
oshi_zumo_proxy
othello
othello_proxy
oware
pathfinding
pentago
phantom_go
phantom_ttt
phantom_ttt_ir
pig
python_ant_foraging
python_ant_foraging_proxy
python_block_dominoes
python_dynamic_routing
python_hangman
python_iterated_prisoners_dilemma
python_kuhn_poker
python_liars_poker
python_pokerkit_wrapper
python_pokerkit_wrapper_acpc_style
python_repeated_pokerkit
python_team_dominoes
python_tic_tac_toe
quoridor
rbc
repeated_game
repeated_leduc_poker
repeated_poker
restricted_nash_response
sheriff
shogi
shogi_proxy
skat
snake
snake_proxy
solitaire
spades
start_at
stones_and_gems
tarok
tic_tac_toe
tiny_bridge_2p
tiny_bridge_4p
tiny_hanabi
trade_comm
turn_based_simultaneous_game
twixt
ultimate_tic_tac_toe
ultimate_tic_tac_toe_proxy
universal_poker
xiangqi
y
y_proxy
yacht
zerosum
OpenSpiel exception: Unknown game 'capture_the_flag'. Available games are:
2048
add_noise
amazons
amazons_proxy
ant_foraging_arena
antichess
backgammon
backgammon_proxy
banqi
bargaining
bargaining_proxy
battleship
blackjack
blotto
breakthrough
breakthrough_proxy
bridge
bridge_arena
bridge_uncontested_bidding
cached_tree
catch
chat_game
checkers
checkers_proxy
chess
chinese_checkers
cliff_walking
clobber
clobber_proxy
coin_game
coin_game_arena
coin_game_proxy
colored_trails
connect_four
connect_four_proxy
coop_box_pushing
coop_to_1p
coordinated_mp
crazy_eights
crazyhouse
cribbage
cursor_go
dark_chess
dark_hex
dark_hex_ir
dark_hex_proxy
deep_sea
dots_and_boxes
dots_and_boxes_proxy
dou_dizhu
efg_game
einstein_wurfelt_nicht
euchre
first_sealed_auction
gin_rummy
gin_rummy_proxy
go
go_proxy
gomoku
goofspiel
hanabi
havannah
havannah_proxy
hearts
hex
hive
hive_proxy
kriegspiel
kuhn_poker
laser_tag
latent_ttt
leduc_poker
lewis_signaling
liars_dice
liars_dice_ir
lines_of_action
lines_of_action_proxy
maedn
mancala
mancala_proxy
markov_soccer
markov_soccer_proxy
matching_pennies_3p
matrix_bos
matrix_brps
matrix_cd
matrix_coordination
matrix_mp
matrix_pd
matrix_rps
matrix_rpsw
matrix_sh
matrix_shapleys_game
mfg_crowd_modelling
mfg_crowd_modelling_2d
mfg_dynamic_routing
mfg_garnet
misere
mnk
morpion_solitaire
negotiation
negotiation_proxy
nfg_game
nim
nine_mens_morris
nine_mens_morris_proxy
normal_form_extensive_game
oh_hell
oshi_zumo
oshi_zumo_proxy
othello
othello_proxy
oware
pathfinding
pentago
phantom_go
phantom_ttt
phantom_ttt_ir
pig
python_ant_foraging
python_ant_foraging_proxy
python_block_dominoes
python_dynamic_routing
python_hangman
python_iterated_prisoners_dilemma
python_kuhn_poker
python_liars_poker
python_pokerkit_wrapper
python_pokerkit_wrapper_acpc_style
python_repeated_pokerkit
python_team_dominoes
python_tic_tac_toe
quoridor
rbc
repeated_game
repeated_leduc_poker
repeated_poker
restricted_nash_response
sheriff
shogi
shogi_proxy
skat
snake
snake_proxy
solitaire
spades
start_at
stones_and_gems
tarok
tic_tac_toe
tiny_bridge_2p
tiny_bridge_4p
tiny_hanabi
trade_comm
turn_based_simultaneous_game
twixt
ultimate_tic_tac_toe
ultimate_tic_tac_toe_proxy
universal_poker
xiangqi
y
y_proxy
yacht
zerosum
OpenSpiel exception: Unknown game 'capture_the_flag'. Available games are:
2048
add_noise
amazons
amazons_proxy
ant_foraging_arena
antichess
backgammon
backgammon_proxy
banqi
bargaining
bargaining_proxy
battleship
blackjack
blotto
breakthrough
breakthrough_proxy
bridge
bridge_arena
bridge_uncontested_bidding
cached_tree
catch
chat_game
checkers
checkers_proxy
chess
chinese_checkers
cliff_walking
clobber
clobber_proxy
coin_game
coin_game_arena
coin_game_proxy
colored_trails
connect_four
connect_four_proxy
coop_box_pushing
coop_to_1p
coordinated_mp
crazy_eights
crazyhouse
cribbage
cursor_go
dark_chess
dark_hex
dark_hex_ir
dark_hex_proxy
deep_sea
dots_and_boxes
dots_and_boxes_proxy
dou_dizhu
efg_game
einstein_wurfelt_nicht
euchre
first_sealed_auction
gin_rummy
gin_rummy_proxy
go
go_proxy
gomoku
goofspiel
hanabi
havannah
havannah_proxy
hearts
hex
hive
hive_proxy
kriegspiel
kuhn_poker
laser_tag
latent_ttt
leduc_poker
lewis_signaling
liars_dice
liars_dice_ir
lines_of_action
lines_of_action_proxy
maedn
mancala
mancala_proxy
markov_soccer
markov_soccer_proxy
matching_pennies_3p
matrix_bos
matrix_brps
matrix_cd
matrix_coordination
matrix_mp
matrix_pd
matrix_rps
matrix_rpsw
matrix_sh
matrix_shapleys_game
mfg_crowd_modelling
mfg_crowd_modelling_2d
mfg_dynamic_routing
mfg_garnet
misere
mnk
morpion_solitaire
negotiation
negotiation_proxy
nfg_game
nim
nine_mens_morris
nine_mens_morris_proxy
normal_form_extensive_game
oh_hell
oshi_zumo
oshi_zumo_proxy
othello
othello_proxy
oware
pathfinding
pentago
phantom_go
phantom_ttt
phantom_ttt_ir
pig
python_ant_foraging
python_ant_foraging_proxy
python_block_dominoes
python_dynamic_routing
python_hangman
python_iterated_prisoners_dilemma
python_kuhn_poker
python_liars_poker
python_pokerkit_wrapper
python_pokerkit_wrapper_acpc_style
python_repeated_pokerkit
python_team_dominoes
python_tic_tac_toe
quoridor
rbc
repeated_game
repeated_leduc_poker
repeated_poker
restricted_nash_response
sheriff
shogi
shogi_proxy
skat
snake
snake_proxy
solitaire
spades
start_at
stones_and_gems
tarok
tic_tac_toe
tiny_bridge_2p
tiny_bridge_4p
tiny_hanabi
trade_comm
turn_based_simultaneous_game
twixt
ultimate_tic_tac_toe
ultimate_tic_tac_toe_proxy
universal_poker
xiangqi
y
y_proxy
yacht
zerosum
OpenSpiel exception: Unknown game 'capture_the_flag'. Available games are:
2048
add_noise
amazons
amazons_proxy
ant_foraging_arena
antichess
backgammon
backgammon_proxy
banqi
bargaining
bargaining_proxy
battleship
blackjack
blotto
breakthrough
breakthrough_proxy
bridge
bridge_arena
bridge_uncontested_bidding
cached_tree
catch
chat_game
checkers
checkers_proxy
chess
chinese_checkers
cliff_walking
clobber
clobber_proxy
coin_game
coin_game_arena
coin_game_proxy
colored_trails
connect_four
connect_four_proxy
coop_box_pushing
coop_to_1p
coordinated_mp
crazy_eights
crazyhouse
cribbage
cursor_go
dark_chess
dark_hex
dark_hex_ir
dark_hex_proxy
deep_sea
dots_and_boxes
dots_and_boxes_proxy
dou_dizhu
efg_game
einstein_wurfelt_nicht
euchre
first_sealed_auction
gin_rummy
gin_rummy_proxy
go
go_proxy
gomoku
goofspiel
hanabi
havannah
havannah_proxy
hearts
hex
hive
hive_proxy
kriegspiel
kuhn_poker
laser_tag
latent_ttt
leduc_poker
lewis_signaling
liars_dice
liars_dice_ir
lines_of_action
lines_of_action_proxy
maedn
mancala
mancala_proxy
markov_soccer
markov_soccer_proxy
matching_pennies_3p
matrix_bos
matrix_brps
matrix_cd
matrix_coordination
matrix_mp
matrix_pd
matrix_rps
matrix_rpsw
matrix_sh
matrix_shapleys_game
mfg_crowd_modelling
mfg_crowd_modelling_2d
mfg_dynamic_routing
mfg_garnet
misere
mnk
morpion_solitaire
negotiation
negotiation_proxy
nfg_game
nim
nine_mens_morris
nine_mens_morris_proxy
normal_form_extensive_game
oh_hell
oshi_zumo
oshi_zumo_proxy
othello
othello_proxy
oware
pathfinding
pentago
phantom_go
phantom_ttt
phantom_ttt_ir
pig
python_ant_foraging
python_ant_foraging_proxy
python_block_dominoes
python_dynamic_routing
python_hangman
python_iterated_prisoners_dilemma
python_kuhn_poker
python_liars_poker
python_pokerkit_wrapper
python_pokerkit_wrapper_acpc_style
python_repeated_pokerkit
python_team_dominoes
python_tic_tac_toe
quoridor
rbc
repeated_game
repeated_leduc_poker
repeated_poker
restricted_nash_response
sheriff
shogi
shogi_proxy
skat
snake
snake_proxy
solitaire
spades
start_at
stones_and_gems
tarok
tic_tac_toe
tiny_bridge_2p
tiny_bridge_4p
tiny_hanabi
trade_comm
turn_based_simultaneous_game
twixt
ultimate_tic_tac_toe
ultimate_tic_tac_toe_proxy
universal_poker
xiangqi
y
y_proxy
yacht
zerosum
OpenSpiel exception: Unknown game 'go_fish'. Available games are:
2048
add_noise
amazons
amazons_proxy
ant_foraging_arena
antichess
backgammon
backgammon_proxy
banqi
bargaining
bargaining_proxy
battleship
blackjack
blotto
breakthrough
breakthrough_proxy
bridge
bridge_arena
bridge_uncontested_bidding
cached_tree
catch
chat_game
checkers
checkers_proxy
chess
chinese_checkers
cliff_walking
clobber
clobber_proxy
coin_game
coin_game_arena
coin_game_proxy
colored_trails
connect_four
connect_four_proxy
coop_box_pushing
coop_to_1p
coordinated_mp
crazy_eights
crazyhouse
cribbage
cursor_go
dark_chess
dark_hex
dark_hex_ir
dark_hex_proxy
deep_sea
dots_and_boxes
dots_and_boxes_proxy
dou_dizhu
efg_game
einstein_wurfelt_nicht
euchre
first_sealed_auction
gin_rummy
gin_rummy_proxy
go
go_proxy
gomoku
goofspiel
hanabi
havannah
havannah_proxy
hearts
hex
hive
hive_proxy
kriegspiel
kuhn_poker
laser_tag
latent_ttt
leduc_poker
lewis_signaling
liars_dice
liars_dice_ir
lines_of_action
lines_of_action_proxy
maedn
mancala
mancala_proxy
markov_soccer
markov_soccer_proxy
matching_pennies_3p
matrix_bos
matrix_brps
matrix_cd
matrix_coordination
matrix_mp
matrix_pd
matrix_rps
matrix_rpsw
matrix_sh
matrix_shapleys_game
mfg_crowd_modelling
mfg_crowd_modelling_2d
mfg_dynamic_routing
mfg_garnet
misere
mnk
morpion_solitaire
negotiation
negotiation_proxy
nfg_game
nim
nine_mens_morris
nine_mens_morris_proxy
normal_form_extensive_game
oh_hell
oshi_zumo
oshi_zumo_proxy
othello
othello_proxy
oware
pathfinding
pentago
phantom_go
phantom_ttt
phantom_ttt_ir
pig
python_ant_foraging
python_ant_foraging_proxy
python_block_dominoes
python_dynamic_routing
python_hangman
python_iterated_prisoners_dilemma
python_kuhn_poker
python_liars_poker
python_pokerkit_wrapper
python_pokerkit_wrapper_acpc_style
python_repeated_pokerkit
python_team_dominoes
python_tic_tac_toe
quoridor
rbc
repeated_game
repeated_leduc_poker
repeated_poker
restricted_nash_response
sheriff
shogi
shogi_proxy
skat
snake
snake_proxy
solitaire
spades
start_at
stones_and_gems
tarok
tic_tac_toe
tiny_bridge_2p
tiny_bridge_4p
tiny_hanabi
trade_comm
turn_based_simultaneous_game
twixt
ultimate_tic_tac_toe
ultimate_tic_tac_toe_proxy
universal_poker
xiangqi
y
y_proxy
yacht
zerosum
OpenSpiel exception: Unknown game 'go_fish'. Available games are:
2048
add_noise
amazons
amazons_proxy
ant_foraging_arena
antichess
backgammon
backgammon_proxy
banqi
bargaining
bargaining_proxy
battleship
blackjack
blotto
breakthrough
breakthrough_proxy
bridge
bridge_arena
bridge_uncontested_bidding
cached_tree
catch
chat_game
checkers
checkers_proxy
chess
chinese_checkers
cliff_walking
clobber
clobber_proxy
coin_game
coin_game_arena
coin_game_proxy
colored_trails
connect_four
connect_four_proxy
coop_box_pushing
coop_to_1p
coordinated_mp
crazy_eights
crazyhouse
cribbage
cursor_go
dark_chess
dark_hex
dark_hex_ir
dark_hex_proxy
deep_sea
dots_and_boxes
dots_and_boxes_proxy
dou_dizhu
efg_game
einstein_wurfelt_nicht
euchre
first_sealed_auction
gin_rummy
gin_rummy_proxy
go
go_proxy
gomoku
goofspiel
hanabi
havannah
havannah_proxy
hearts
hex
hive
hive_proxy
kriegspiel
kuhn_poker
laser_tag
latent_ttt
leduc_poker
lewis_signaling
liars_dice
liars_dice_ir
lines_of_action
lines_of_action_proxy
maedn
mancala
mancala_proxy
markov_soccer
markov_soccer_proxy
matching_pennies_3p
matrix_bos
matrix_brps
matrix_cd
matrix_coordination
matrix_mp
matrix_pd
matrix_rps
matrix_rpsw
matrix_sh
matrix_shapleys_game
mfg_crowd_modelling
mfg_crowd_modelling_2d
mfg_dynamic_routing
mfg_garnet
misere
mnk
morpion_solitaire
negotiation
negotiation_proxy
nfg_game
nim
nine_mens_morris
nine_mens_morris_proxy
normal_form_extensive_game
oh_hell
oshi_zumo
oshi_zumo_proxy
othello
othello_proxy
oware
pathfinding
pentago
phantom_go
phantom_ttt
phantom_ttt_ir
pig
python_ant_foraging
python_ant_foraging_proxy
python_block_dominoes
python_dynamic_routing
python_hangman
python_iterated_prisoners_dilemma
python_kuhn_poker
python_liars_poker
python_pokerkit_wrapper
python_pokerkit_wrapper_acpc_style
python_repeated_pokerkit
python_team_dominoes
python_tic_tac_toe
quoridor
rbc
repeated_game
repeated_leduc_poker
repeated_poker
restricted_nash_response
sheriff
shogi
shogi_proxy
skat
snake
snake_proxy
solitaire
spades
start_at
stones_and_gems
tarok
tic_tac_toe
tiny_bridge_2p
tiny_bridge_4p
tiny_hanabi
trade_comm
turn_based_simultaneous_game
twixt
ultimate_tic_tac_toe
ultimate_tic_tac_toe_proxy
universal_poker
xiangqi
y
y_proxy
yacht
zerosum
OpenSpiel exception: Unknown game 'go_fish'. Available games are:
2048
add_noise
amazons
amazons_proxy
ant_foraging_arena
antichess
backgammon
backgammon_proxy
banqi
bargaining
bargaining_proxy
battleship
blackjack
blotto
breakthrough
breakthrough_proxy
bridge
bridge_arena
bridge_uncontested_bidding
cached_tree
catch
chat_game
checkers
checkers_proxy
chess
chinese_checkers
cliff_walking
clobber
clobber_proxy
coin_game
coin_game_arena
coin_game_proxy
colored_trails
connect_four
connect_four_proxy
coop_box_pushing
coop_to_1p
coordinated_mp
crazy_eights
crazyhouse
cribbage
cursor_go
dark_chess
dark_hex
dark_hex_ir
dark_hex_proxy
deep_sea
dots_and_boxes
dots_and_boxes_proxy
dou_dizhu
efg_game
einstein_wurfelt_nicht
euchre
first_sealed_auction
gin_rummy
gin_rummy_proxy
go
go_proxy
gomoku
goofspiel
hanabi
havannah
havannah_proxy
hearts
hex
hive
hive_proxy
kriegspiel
kuhn_poker
laser_tag
latent_ttt
leduc_poker
lewis_signaling
liars_dice
liars_dice_ir
lines_of_action
lines_of_action_proxy
maedn
mancala
mancala_proxy
markov_soccer
markov_soccer_proxy
matching_pennies_3p
matrix_bos
matrix_brps
matrix_cd
matrix_coordination
matrix_mp
matrix_pd
matrix_rps
matrix_rpsw
matrix_sh
matrix_shapleys_game
mfg_crowd_modelling
mfg_crowd_modelling_2d
mfg_dynamic_routing
mfg_garnet
misere
mnk
morpion_solitaire
negotiation
negotiation_proxy
nfg_game
nim
nine_mens_morris
nine_mens_morris_proxy
normal_form_extensive_game
oh_hell
oshi_zumo
oshi_zumo_proxy
othello
othello_proxy
oware
pathfinding
pentago
phantom_go
phantom_ttt
phantom_ttt_ir
pig
python_ant_foraging
python_ant_foraging_proxy
python_block_dominoes
python_dynamic_routing
python_hangman
python_iterated_prisoners_dilemma
python_kuhn_poker
python_liars_poker
python_pokerkit_wrapper
python_pokerkit_wrapper_acpc_style
python_repeated_pokerkit
python_team_dominoes
python_tic_tac_toe
quoridor
rbc
repeated_game
repeated_leduc_poker
repeated_poker
restricted_nash_response
sheriff
shogi
shogi_proxy
skat
snake
snake_proxy
solitaire
spades
start_at
stones_and_gems
tarok
tic_tac_toe
tiny_bridge_2p
tiny_bridge_4p
tiny_hanabi
trade_comm
turn_based_simultaneous_game
twixt
ultimate_tic_tac_toe
ultimate_tic_tac_toe_proxy
universal_poker
xiangqi
y
y_proxy
yacht
zerosum
OpenSpiel exception: Unknown game 'go_fish'. Available games are:
2048
add_noise
amazons
amazons_proxy
ant_foraging_arena
antichess
backgammon
backgammon_proxy
banqi
bargaining
bargaining_proxy
battleship
blackjack
blotto
breakthrough
breakthrough_proxy
bridge
bridge_arena
bridge_uncontested_bidding
cached_tree
catch
chat_game
checkers
checkers_proxy
chess
chinese_checkers
cliff_walking
clobber
clobber_proxy
coin_game
coin_game_arena
coin_game_proxy
colored_trails
connect_four
connect_four_proxy
coop_box_pushing
coop_to_1p
coordinated_mp
crazy_eights
crazyhouse
cribbage
cursor_go
dark_chess
dark_hex
dark_hex_ir
dark_hex_proxy
deep_sea
dots_and_boxes
dots_and_boxes_proxy
dou_dizhu
efg_game
einstein_wurfelt_nicht
euchre
first_sealed_auction
gin_rummy
gin_rummy_proxy
go
go_proxy
gomoku
goofspiel
hanabi
havannah
havannah_proxy
hearts
hex
hive
hive_proxy
kriegspiel
kuhn_poker
laser_tag
latent_ttt
leduc_poker
lewis_signaling
liars_dice
liars_dice_ir
lines_of_action
lines_of_action_proxy
maedn
mancala
mancala_proxy
markov_soccer
markov_soccer_proxy
matching_pennies_3p
matrix_bos
matrix_brps
matrix_cd
matrix_coordination
matrix_mp
matrix_pd
matrix_rps
matrix_rpsw
matrix_sh
matrix_shapleys_game
mfg_crowd_modelling
mfg_crowd_modelling_2d
mfg_dynamic_routing
mfg_garnet
misere
mnk
morpion_solitaire
negotiation
negotiation_proxy
nfg_game
nim
nine_mens_morris
nine_mens_morris_proxy
normal_form_extensive_game
oh_hell
oshi_zumo
oshi_zumo_proxy
othello
othello_proxy
oware
pathfinding
pentago
phantom_go
phantom_ttt
phantom_ttt_ir
pig
python_ant_foraging
python_ant_foraging_proxy
python_block_dominoes
python_dynamic_routing
python_hangman
python_iterated_prisoners_dilemma
python_kuhn_poker
python_liars_poker
python_pokerkit_wrapper
python_pokerkit_wrapper_acpc_style
python_repeated_pokerkit
python_team_dominoes
python_tic_tac_toe
quoridor
rbc
repeated_game
repeated_leduc_poker
repeated_poker
restricted_nash_response
sheriff
shogi
shogi_proxy
skat
snake
snake_proxy
solitaire
spades
start_at
stones_and_gems
tarok
tic_tac_toe
tiny_bridge_2p
tiny_bridge_4p
tiny_hanabi
trade_comm
turn_based_simultaneous_game
twixt
ultimate_tic_tac_toe
ultimate_tic_tac_toe_proxy
universal_poker
xiangqi
y
y_proxy
yacht
zerosum
{"gid": 110110255, "team": "DSM", "S": 648, "clone": 106370.0, "teacher": 107775.0, "opp": 95024.0, "clone_opp": 95047.0, "rec_ok": true, "bc_steps": 71, "bc_errors": 0, "ms_per_step": 4.600773943660846, "wall": 3.2256453037261963}
{"gid": 110110255, "team": "DSM", "S": 504, "clone": 104665.0, "teacher": 107775.0, "opp": 95024.0, "clone_opp": 97940.0, "rec_ok": true, "bc_steps": 215, "bc_errors": 0, "ms_per_step": 4.771196251164288, "wall": 4.03737473487854}
{"gid": 110110255, "team": "DSM", "S": 360, "clone": 97218.0, "teacher": 107775.0, "opp": 95024.0, "clone_opp": 102893.0, "rec_ok": true, "bc_steps": 359, "bc_errors": 0, "ms_per_step": 4.7538660612803225, "wall": 4.768043279647827}
{"gid": 110110255, "team": "DSM", "S": 0, "clone": 28771.0, "teacher": 107775.0, "opp": 95024.0, "clone_opp": 171950.0, "rec_ok": true, "bc_steps": 719, "bc_errors": 0, "ms_per_step": 4.340397472878509, "wall": 5.334579229354858}
{"gid": 110222492, "team": "DSM", "S": 648, "clone": 136568.0, "teacher": 137745.0, "opp": 134327.0, "clone_opp": 135453.0, "rec_ok": true, "bc_steps": 71, "bc_errors": 0, "ms_per_step": 4.7751032535215066, "wall": 3.3557755947113037}
{"gid": 110222492, "team": "DSM", "S": 504, "clone": 132453.0, "teacher": 137745.0, "opp": 134327.0, "clone_opp": 138034.0, "rec_ok": true, "bc_steps": 215, "bc_errors": 0, "ms_per_step": 4.786711809302412, "wall": 4.172518730163574}
{"gid": 110222492, "team": "DSM", "S": 360, "clone": 115339.0, "teacher": 137745.0, "opp": 134327.0, "clone_opp": 140516.0, "rec_ok": true, "bc_steps": 359, "bc_errors": 0, "ms_per_step": 4.733078451254183, "wall": 4.711071491241455}
{"gid": 110222492, "team": "DSM", "S": 0, "clone": 11596.0, "teacher": 137745.0, "opp": 134327.0, "clone_opp": 165696.0, "rec_ok": true, "bc_steps": 719, "bc_errors": 0, "ms_per_step": 4.427011776078285, "wall": 5.3559699058532715}
{"gid": 110053386, "team": "DSM", "S": 648, "clone": 117645.0, "teacher": 118904.0, "opp": 119225.0, "clone_opp": 120106.0, "rec_ok": true, "bc_steps": 71, "bc_errors": 0, "ms_per_step": 4.823663619720024, "wall": 3.502931594848633}
{"gid": 110053386, "team": "DSM", "S": 504, "clone": 115291.0, "teacher": 118904.0, "opp": 119225.0, "clone_opp": 121489.0, "rec_ok": true, "bc_steps": 215, "bc_errors": 0, "ms_per_step": 5.062932562790603, "wall": 4.308704137802124}
{"gid": 110053386, "team": "DSM", "S": 360, "clone": 108354.0, "teacher": 118904.0, "opp": 119225.0, "clone_opp": 130349.0, "rec_ok": true, "bc_steps": 359, "bc_errors": 0, "ms_per_step": 4.763162339832736, "wall": 4.721190929412842}
{"gid": 110053386, "team": "DSM", "S": 0, "clone": 62895.0, "teacher": 118904.0, "opp": 119225.0, "clone_opp": 159234.0, "rec_ok": true, "bc_steps": 719, "bc_errors": 0, "ms_per_step": 4.568027109874832, "wall": 5.991755485534668}
{"gid": 110213700, "team": "DSM", "S": 648, "clone": 137794.0, "teacher": 143612.0, "opp": 146532.0, "clone_opp": 147318.0, "rec_ok": true, "bc_steps": 71, "bc_errors": 0, "ms_per_step": 4.825888450705432, "wall": 3.473128080368042}
{"gid": 110213700, "team": "DSM", "S": 504, "clone": 126883.0, "teacher": 143612.0, "opp": 146532.0, "clone_opp": 150227.0, "rec_ok": true, "bc_steps": 215, "bc_errors": 0, "ms_per_step": 4.881827111627006, "wall": 4.171369552612305}
{"gid": 110213700, "team": "DSM", "S": 360, "clone": 97933.0, "teacher": 143612.0, "opp": 146532.0, "clone_opp": 158074.0, "rec_ok": true, "bc_steps": 359, "bc_errors": 0, "ms_per_step": 4.884380696379899, "wall": 4.486057758331299}
{"gid": 110213700, "team": "DSM", "S": 0, "clone": 22718.0, "teacher": 143612.0, "opp": 146532.0, "clone_opp": 77860.0, "rec_ok": true, "bc_steps": 719, "bc_errors": 0, "ms_per_step": 4.533631770513837, "wall": 5.23775577545166}
{"gid": 109898632, "team": "DSM", "S": 648, "clone": 103184.0, "teacher": 109186.0, "opp": 92715.0, "clone_opp": 93369.0, "rec_ok": true, "bc_steps": 71, "bc_errors": 0, "ms_per_step": 4.741585760563128, "wall": 3.4599623680114746}
{"gid": 109898632, "team": "DSM", "S": 504, "clone": 107635.0, "teacher": 109186.0, "opp": 92715.0, "clone_opp": 95567.0, "rec_ok": true, "bc_steps": 215, "bc_errors": 0, "ms_per_step": 4.8240512186036675, "wall": 4.154994487762451}
{"gid": 109898632, "team": "DSM", "S": 360, "clone": 105127.0, "teacher": 109186.0, "opp": 92715.0, "clone_opp": 100733.0, "rec_ok": true, "bc_steps": 359, "bc_errors": 0, "ms_per_step": 4.833729203344946, "wall": 4.958422422409058}
{"gid": 109898632, "team": "DSM", "S": 0, "clone": 21860.0, "teacher": 109186.0, "opp": 92715.0, "clone_opp": 147851.0, "rec_ok": true, "bc_steps": 719, "bc_errors": 0, "ms_per_step": 4.477706568845516, "wall": 5.541872262954712}
{"gid": 109933933, "team": "DSM", "S": 648, "clone": 77604.0, "teacher": 79382.0, "opp": 70907.0, "clone_opp": 71278.0, "rec_ok": true, "bc_steps": 71, "bc_errors": 0, "ms_per_step": 4.77601312676242, "wall": 3.484219789505005}
{"gid": 109933933, "team": "DSM", "S": 504, "clone": 77771.0, "teacher": 79382.0, "opp": 70907.0, "clone_opp": 75411.0, "rec_ok": true, "bc_steps": 215, "bc_errors": 0, "ms_per_step": 4.649473916279655, "wall": 4.035323619842529}
{"gid": 109933933, "team": "DSM", "S": 360, "clone": 78024.0, "teacher": 79382.0, "opp": 70907.0, "clone_opp": 79053.0, "rec_ok": true, "bc_steps": 359, "bc_errors": 0, "ms_per_step": 4.908072451252965, "wall": 4.921529293060303}
{"gid": 109933933, "team": "DSM", "S": 0, "clone": 52491.0, "teacher": 79382.0, "opp": 70907.0, "clone_opp": 94087.0, "rec_ok": true, "bc_steps": 719, "bc_errors": 0, "ms_per_step": 4.605717837273808, "wall": 6.217388153076172}
{"gid": 109991343, "team": "DSM", "S": 648, "clone": 104873.0, "teacher": 110315.0, "opp": 107697.0, "clone_opp": 109796.0, "rec_ok": true, "bc_steps": 71, "bc_errors": 0, "ms_per_step": 4.827807070423468, "wall": 3.494699239730835}
{"gid": 109991343, "team": "DSM", "S": 504, "clone": 114459.0, "teacher": 110315.0, "opp": 107697.0, "clone_opp": 120193.0, "rec_ok": true, "bc_steps": 215, "bc_errors": 0, "ms_per_step": 4.7770343813956355, "wall": 4.119150400161743}
{"gid": 109991343, "team": "DSM", "S": 360, "clone": 109918.0, "teacher": 110315.0, "opp": 107697.0, "clone_opp": 122395.0, "rec_ok": true, "bc_steps": 359, "bc_errors": 0, "ms_per_step": 4.8601866518107695, "wall": 4.826321601867676}
{"gid": 109991343, "team": "DSM", "S": 0, "clone": 23080.0, "teacher": 110315.0, "opp": 107697.0, "clone_opp": 176632.0, "rec_ok": true, "bc_steps": 719, "bc_errors": 0, "ms_per_step": 4.316455535465882, "wall": 5.3488593101501465}
{"gid": 110096406, "team": "DSM", "S": 648, "clone": 134102.0, "teacher": 133069.0, "opp": 139102.0, "clone_opp": 140357.0, "rec_ok": true, "bc_steps": 71, "bc_errors": 0, "ms_per_step": 4.750390394365737, "wall": 3.4794158935546875}
{"gid": 110096406, "team": "DSM", "S": 504, "clone": 128539.0, "teacher": 133069.0, "opp": 139102.0, "clone_opp": 145462.0, "rec_ok": true, "bc_steps": 215, "bc_errors": 0, "ms_per_step": 3.926441111628074, "wall": 3.699920415878296}
{"gid": 110096406, "team": "DSM", "S": 360, "clone": 126530.0, "teacher": 133069.0, "opp": 139102.0, "clone_opp": 153524.0, "rec_ok": true, "bc_steps": 359, "bc_errors": 0, "ms_per_step": 3.0176822479107996, "wall": 2.8757827281951904}
{"gid": 110096406, "team": "DSM", "S": 0, "clone": 93885.0, "teacher": 133069.0, "opp": 139102.0, "clone_opp": 173978.0, "rec_ok": true, "bc_steps": 719, "bc_errors": 0, "ms_per_step": 2.77966233518839, "wall": 3.5238196849823}
SUMMARY start step 648 (day 27): n 8  clone-teacher cash -2731  clone wins vs recorded opponent 4/8  (teacher won 5/8)  ms/step 4.8
SUMMARY start step 504 (day 21): n 8  clone-teacher cash -4036  clone wins vs recorded opponent 3/8  (teacher won 5/8)  ms/step 4.7
SUMMARY start step 360 (day 15): n 8  clone-teacher cash -12693  clone wins vs recorded opponent 1/8  (teacher won 5/8)  ms/step 4.6
SUMMARY start step 0 (day 0): n 8  clone-teacher cash -77836  clone wins vs recorded opponent 0/8  (teacher won 5/8)  ms/step 4.3
/usr/local/lib/python3.12/dist-packages/mistune.py:435: SyntaxWarning: invalid escape sequence '\|'
  cells[i][c] = re.sub('\\\\\|', '|', cell)
/usr/local/lib/python3.12/dist-packages/nbconvert/filters/filter_links.py:36: SyntaxWarning: invalid escape sequence '\_'
  text = re.sub(r'_', '\_', text) # Escape underscores in display text
[NbConvertApp] Converting notebook __script__.ipynb to html
[NbConvertApp] Writing 321166 bytes to __results__.html
