team                      n    W  win%   margin     us$  elite$
Majkel1337               80    4     5   -10134   98019  108153
Unknown Mother-Goose     80    0     0   -14488   95495  109983
Boey                     80    6     8   -12569  100592  113161
DSM                      80    4     5   -16603   95829  112431
DECEM                    80    4     5   -15848   95255  111103
Vadim Vasilenko          80    1     1   -16652   92590  109242
Azat Akhtyamov           80   17    21    -4525  103830  108356
Fourth Quadrant          61    9    15    -8136   92977  101113
Victor @ Tufa Labs       47    6    13   -13793   92791  106583
Anton Tikhonov           43   16    37       +9  105722  105713
KawattaTaido             30    0     0   -11610   93535  105145
🐚seek inspiration🐚       25    1     4   -12376  102012  114388
akmr                     17    1     6   -16023   93381  109404
Gordeev Max              16    2    12   -12865  105225  118090
mtmr_s1                  14    1     7   -10137   92478  102615
Yizhou                   14    7    50     +408   95363   94954
yuto083                  13    0     0   -16504   96405  112909
My second life           10    1    10   -13856   97241  111097
Kaggledew Valley 🏆        1    1   100    +7980  109141  101161
gold/top10/cands/full_OP_c0tp.py: 81-770 of 851 (10%)  margin -11783  errs 0  tmax 0.846  wall 613s
