team                      n    W  win%   margin     us$  elite$
Majkel1337               80   17    21    -5193  102752  107945
Unknown Mother-Goose     80    0     0   -12234   98161  110396
Boey                     80    6     8   -12569  100592  113161
DSM                      80    3     4   -14654   99229  113883
DECEM                    80    3     4   -15868   97031  112899
Vadim Vasilenko          80    2     2   -13911   96688  110599
Azat Akhtyamov           80   40    50    +3919  109608  105689
Fourth Quadrant          61    9    15    -8136   92977  101113
Victor @ Tufa Labs       47    6    13   -11217   95867  107084
Anton Tikhonov           43   18    42    +2244  108455  106211
KawattaTaido             30    1     3    -3829  100549  104378
🐚seek inspiration🐚       25    3    12    -6540  107290  113830
akmr                     17    1     6   -12951   98608  111559
Gordeev Max              16    2    12   -10378  107764  118142
mtmr_s1                  14    2    14    -7105   95044  102148
Yizhou                   14    8    57    +1879   99338   97458
yuto083                  13    0     0   -13236  101108  114344
My second life           10    2    20   -10980   99658  110638
Kaggledew Valley 🏆        1    1   100    +7980  109141  101161
gold/final/c2tr_final.py: 124-727 of 851 (15%)  margin -8906  errs 0  tmax 1.846  wall 747s
