team                      n    W  win%   margin     us$  elite$
Majkel1337               80   18    22    -5599  101896  107496
Unknown Mother-Goose     80    0     0   -12124   97459  109584
Boey                     80    9    11    -7106  105926  113032
DSM                      80    4     5   -14415   98630  113046
DECEM                    80    3     4   -15865   96355  112220
Vadim Vasilenko          80    2     2   -13867   95826  109693
Azat Akhtyamov           80   39    49    +3736  109214  105478
Fourth Quadrant          61   15    25     -875   97438   98313
Victor @ Tufa Labs       47    6    13   -11117   95280  106397
Anton Tikhonov           43   17    40    +2126  107901  105775
KawattaTaido             30    1     3    -3467  100394  103861
🐚seek inspiration🐚       25    3    12    -6463  107360  113823
akmr                     17    1     6   -12873   97817  110690
Gordeev Max              16    3    19   -10540  107124  117664
mtmr_s1                  14    2    14    -6344   94567  100910
Yizhou                   14    8    57    +1652   98697   97045
yuto083                  13    0     0   -13071  100170  113242
My second life           10    2    20   -10279   99324  109603
Kaggledew Valley 🏆        1    1   100    +6349   96556   90207
gold/final/FWt_final.py: 134-717 of 851 (16%)  margin -7860  errs 0  tmax 2.953  wall 1619s
