639 games, cand gold/submit/main_ctl_rich4_m7.py
team                            n tapeW  win%   margin    tape$    cand$     rec$  recOK errs
DSM                           166     9     5  -141837    24896   166733   107750    166    0
Majkel1337                    158     3     2  -121201    40075   161276   106079    158    0
THIRD FARM CLUB               152    42    28   -14679   106129   120808   115445    152    0
SpaTaro                       101    35    35   -24623    85714   110337    99173    101    0
Otter Vibe                     93    61    66    +2732   104458   101727   103493     93    0
Unknown Mother-Goose           93     4     4  -124963    37073   162036   105669     93    0
QQ                             91     0     0  -134687    33044   167731   103939     91    0
ymg_aq                         89    34    38   -10811    95400   106210   101440     89    0
Sida Zuo                       56    42    75    +1264   108237   106973   107342     56    0
M & M & P & Q                  55    12    22   -56459    76397   132856   106277     55    0
Yannik Schiffner               53    34    64    +1562   104330   102768   104361     53    0
Orbital Terraformer            48     0     0  -118037    39574   157611   100233     48    0
Artem The Farmer 🍅             33    13    39    -2397    97027    99424    95490     33    0
Vadim Vasilenko                23     0     0  -132280    32170   164450   104466     23    0
Kaggledew Valley 🏆             21     4    19    -6466   104126   110593   107077     21    0
binghua                        12     8    67    +1971   105608   103637   102443     12    0
吃白饭的大肥鱼                        10     0     0    -7211   107491   114702   111757     10    0
Arda Ceylan                     9     3    33    -9006    98520   107527   104932      9    0
tetsuya & yuanzhe & guoqi       5     1    20   -23698    73632    97330    86483      5    0
Planned Economy                 5     2    40    -3564   105119   108683   110649      5    0
THUNDER THUNDER                 2     1    50    +4532    95627    91096    97372      2    0
DeeperNet                       1     1   100    +3760   107380   103620    93717      1    0
Excluding                       1     0     0    -6328   158839   165167   135307      1    0
mtmr_s1                         1     1   100    +1627   141139   139512   146557      1    0
ALL: tape wins 310/1278 (24%), mean margin -65831, recOK 1278/1278, wall 1193s
