queued kagg-op-rs2e
queued kagg-op-rs2l
push kagg-op-rs2e cpu ok
push kagg-op-rs2l cpu ok
queued kagg-op-ee
queued kagg-op-el
push kagg-op-ee cpu ok
push kagg-op-el cpu ok
finished kagg-op-rs2e complete ['rows_goldg.jsonl', 'rows_top10g.jsonl', 'summary.txt']
finished kagg-op-rs2l complete ['rows_lv0.jsonl', 'rows_lv1.jsonl', 'rows_lv2.jsonl', 'rows_lv3.jsonl', 'rows_lv4.jsonl', 'summary.txt']
DONE kagg-op-rs2e complete ['rows_goldg.jsonl', 'rows_top10g.jsonl', 'summary.txt']
DONE kagg-op-rs2l complete ['rows_lv0.jsonl', 'rows_lv1.jsonl', 'rows_lv2.jsonl', 'rows_lv3.jsonl', 'rows_lv4.jsonl', 'summary.txt']
get failed https://www.kaggleusercontent.com/kf/353496717/eyJhbGciOiJkaXIiLCJlbmMiOiJBMTI4Q0JDLUhTMjU RemoteDisconnected('Remote end closed connection without response')
finished kagg-op-ee complete ['rows_goldg.jsonl', 'summary.txt']
finished kagg-op-el complete ['rows_lv0.jsonl', 'rows_lv1.jsonl', 'rows_lv2.jsonl', 'rows_lv3.jsonl', 'rows_lv4.jsonl', 'summary.txt']
DONE kagg-op-ee complete ['rows_goldg.jsonl', 'summary.txt']
DONE kagg-op-el complete ['rows_lv0.jsonl', 'rows_lv1.jsonl', 'rows_lv2.jsonl', 'rows_lv3.jsonl', 'rows_lv4.jsonl', 'summary.txt']
nothing running or pending
nothing running or pending
nothing running or pending
nothing running or pending
nothing running or pending
nothing running or pending
nothing running or pending
nothing running or pending
nothing running or pending
nothing running or pending
nothing running or pending
nothing running or pending
nothing running or pending
nothing running or pending
nothing running or pending
nothing running or pending
nothing running or pending
nothing running or pending
nothing running or pending
nothing running or pending
nothing running or pending
nothing running or pending
nothing running or pending
nothing running or pending
nothing running or pending
nothing running or pending
nothing running or pending
nothing running or pending
nothing running or pending
nothing running or pending
nothing running or pending
nothing running or pending
nothing running or pending
nothing running or pending
nothing running or pending
nothing running or pending
nothing running or pending
nothing running or pending
nothing running or pending
nothing running or pending
nothing running or pending
nothing running or pending
nothing running or pending
nothing running or pending
nothing running or pending
nothing running or pending
nothing running or pending
nothing running or pending
nothing running or pending
nothing running or pending
nothing running or pending
nothing running or pending
nothing running or pending
nothing running or pending
nothing running or pending
nothing running or pending
nothing running or pending
nothing running or pending
nothing running or pending
nothing running or pending
nothing running or pending
nothing running or pending
nothing running or pending
nothing running or pending
nothing running or pending
nothing running or pending
nothing running or pending
nothing running or pending
nothing running or pending
nothing running or pending
nothing running or pending
nothing running or pending
nothing running or pending
nothing running or pending
nothing running or pending
nothing running or pending
nothing running or pending
nothing running or pending
nothing running or pending
nothing running or pending
nothing running or pending
nothing running or pending
nothing running or pending
nothing running or pending
nothing running or pending
nothing running or pending
nothing running or pending
nothing running or pending
nothing running or pending
nothing running or pending
nothing running or pending
nothing running or pending
nothing running or pending
nothing running or pending
nothing running or pending
nothing running or pending
nothing running or pending
nothing running or pending
nothing running or pending
nothing running or pending
nothing running or pending
nothing running or pending
nothing running or pending
nothing running or pending
nothing running or pending
nothing running or pending
nothing running or pending
nothing running or pending
nothing running or pending
nothing running or pending
nothing running or pending
nothing running or pending
nothing running or pending
nothing running or pending
nothing running or pending
nothing running or pending
nothing running or pending
nothing running or pending
nothing running or pending
nothing running or pending
nothing running or pending
nothing running or pending
nothing running or pending
nothing running or pending
nothing running or pending
nothing running or pending
nothing running or pending
nothing running or pending
nothing running or pending
nothing running or pending
nothing running or pending
nothing running or pending
nothing running or pending
nothing running or pending
nothing running or pending
nothing running or pending
nothing running or pending
nothing running or pending
nothing running or pending
nothing running or pending
nothing running or pending
nothing running or pending
nothing running or pending
nothing running or pending
nothing running or pending
nothing running or pending
nothing running or pending
nothing running or pending
nothing running or pending
nothing running or pending
nothing running or pending
nothing running or pending
nothing running or pending
nothing running or pending
nothing running or pending
nothing running or pending
nothing running or pending
nothing running or pending
nothing running or pending
nothing running or pending
nothing running or pending
nothing running or pending
nothing running or pending
nothing running or pending
nothing running or pending
nothing running or pending
nothing running or pending
nothing running or pending
nothing running or pending
nothing running or pending
nothing running or pending
nothing running or pending
nothing running or pending
nothing running or pending
nothing running or pending
nothing running or pending
nothing running or pending
nothing running or pending
nothing running or pending
nothing running or pending
nothing running or pending
nothing running or pending
nothing running or pending
nothing running or pending
nothing running or pending
nothing running or pending
nothing running or pending
nothing running or pending
nothing running or pending
nothing running or pending
nothing running or pending
nothing running or pending
nothing running or pending
nothing running or pending
nothing running or pending
nothing running or pending
nothing running or pending
nothing running or pending
nothing running or pending
nothing running or pending
nothing running or pending
nothing running or pending
nothing running or pending
nothing running or pending
nothing running or pending
nothing running or pending
nothing running or pending
nothing running or pending
nothing running or pending
nothing running or pending
nothing running or pending
nothing running or pending
nothing running or pending
nothing running or pending
nothing running or pending
nothing running or pending
nothing running or pending
nothing running or pending
nothing running or pending
nothing running or pending
nothing running or pending
nothing running or pending
nothing running or pending
nothing running or pending
nothing running or pending
nothing running or pending
nothing running or pending
nothing running or pending
nothing running or pending
nothing running or pending
nothing running or pending
nothing running or pending
nothing running or pending
nothing running or pending
nothing running or pending
nothing running or pending
nothing running or pending
nothing running or pending
nothing running or pending
nothing running or pending
nothing running or pending
nothing running or pending
nothing running or pending
nothing running or pending
nothing running or pending
nothing running or pending
nothing running or pending
nothing running or pending
nothing running or pending
nothing running or pending
nothing running or pending
nothing running or pending
nothing running or pending
nothing running or pending
nothing running or pending
nothing running or pending
nothing running or pending
nothing running or pending
nothing running or pending
nothing running or pending
nothing running or pending
nothing running or pending
nothing running or pending
nothing running or pending
nothing running or pending
nothing running or pending
nothing running or pending
nothing running or pending
nothing running or pending
nothing running or pending
nothing running or pending
nothing running or pending
nothing running or pending
nothing running or pending
nothing running or pending
nothing running or pending
nothing running or pending
nothing running or pending
nothing running or pending
nothing running or pending
nothing running or pending
nothing running or pending
nothing running or pending
nothing running or pending
nothing running or pending
nothing running or pending
nothing running or pending
nothing running or pending
nothing running or pending
nothing running or pending
nothing running or pending
nothing running or pending
nothing running or pending
nothing running or pending
nothing running or pending
nothing running or pending
nothing running or pending
nothing running or pending
nothing running or pending
nothing running or pending
nothing running or pending
nothing running or pending
nothing running or pending
nothing running or pending
nothing running or pending
nothing running or pending
nothing running or pending
nothing running or pending
nothing running or pending
nothing running or pending
nothing running or pending
nothing running or pending
nothing running or pending
nothing running or pending
nothing running or pending
nothing running or pending
nothing running or pending
nothing running or pending
nothing running or pending
nothing running or pending
nothing running or pending
nothing running or pending
nothing running or pending
nothing running or pending
nothing running or pending
nothing running or pending
nothing running or pending
nothing running or pending
nothing running or pending
nothing running or pending
nothing running or pending
nothing running or pending
nothing running or pending
nothing running or pending
nothing running or pending
nothing running or pending
nothing running or pending
nothing running or pending
nothing running or pending
nothing running or pending
nothing running or pending
nothing running or pending
nothing running or pending
nothing running or pending
nothing running or pending
nothing running or pending
nothing running or pending
nothing running or pending
nothing running or pending
nothing running or pending
nothing running or pending
nothing running or pending
nothing running or pending
nothing running or pending
nothing running or pending
nothing running or pending
nothing running or pending
nothing running or pending
nothing running or pending
nothing running or pending
nothing running or pending
nothing running or pending
nothing running or pending
nothing running or pending
nothing running or pending
nothing running or pending
nothing running or pending
nothing running or pending
nothing running or pending
nothing running or pending
nothing running or pending
nothing running or pending
nothing running or pending
nothing running or pending
nothing running or pending
nothing running or pending
nothing running or pending
nothing running or pending
nothing running or pending
nothing running or pending
nothing running or pending
nothing running or pending
nothing running or pending
nothing running or pending
nothing running or pending
nothing running or pending
nothing running or pending
nothing running or pending
nothing running or pending
nothing running or pending
nothing running or pending
nothing running or pending
nothing running or pending
nothing running or pending
nothing running or pending
nothing running or pending
nothing running or pending
nothing running or pending
nothing running or pending
nothing running or pending
nothing running or pending
nothing running or pending
nothing running or pending
nothing running or pending
nothing running or pending
nothing running or pending
nothing running or pending
nothing running or pending
nothing running or pending
nothing running or pending
nothing running or pending
nothing running or pending
nothing running or pending
nothing running or pending
nothing running or pending
nothing running or pending
nothing running or pending
nothing running or pending
nothing running or pending
nothing running or pending
nothing running or pending
nothing running or pending
nothing running or pending
nothing running or pending
nothing running or pending
nothing running or pending
nothing running or pending
nothing running or pending
nothing running or pending
nothing running or pending
nothing running or pending
nothing running or pending
nothing running or pending
nothing running or pending
nothing running or pending
nothing running or pending
nothing running or pending
nothing running or pending
nothing running or pending
nothing running or pending
nothing running or pending
nothing running or pending
nothing running or pending
nothing running or pending
nothing running or pending
nothing running or pending
nothing running or pending
nothing running or pending
nothing running or pending
nothing running or pending
nothing running or pending
nothing running or pending
nothing running or pending
nothing running or pending
nothing running or pending
nothing running or pending
nothing running or pending
nothing running or pending
nothing running or pending
nothing running or pending
nothing running or pending
nothing running or pending
nothing running or pending
nothing running or pending
nothing running or pending
nothing running or pending
nothing running or pending
nothing running or pending
nothing running or pending
nothing running or pending
nothing running or pending
nothing running or pending
nothing running or pending
nothing running or pending
nothing running or pending
nothing running or pending
nothing running or pending
nothing running or pending
nothing running or pending
nothing running or pending
nothing running or pending
nothing running or pending
nothing running or pending
nothing running or pending
nothing running or pending
nothing running or pending
nothing running or pending
nothing running or pending
nothing running or pending
nothing running or pending
nothing running or pending
nothing running or pending
nothing running or pending
nothing running or pending
nothing running or pending
nothing running or pending
nothing running or pending
nothing running or pending
nothing running or pending
nothing running or pending
nothing running or pending
nothing running or pending
nothing running or pending
nothing running or pending
nothing running or pending
nothing running or pending
nothing running or pending
nothing running or pending
nothing running or pending
nothing running or pending
nothing running or pending
nothing running or pending
nothing running or pending
nothing running or pending
nothing running or pending
nothing running or pending
nothing running or pending
nothing running or pending
nothing running or pending
nothing running or pending
nothing running or pending
nothing running or pending
nothing running or pending
nothing running or pending
nothing running or pending
nothing running or pending
nothing running or pending
nothing running or pending
nothing running or pending
nothing running or pending
nothing running or pending
nothing running or pending
nothing running or pending
nothing running or pending
nothing running or pending
nothing running or pending
nothing running or pending
nothing running or pending
nothing running or pending
nothing running or pending
nothing running or pending
nothing running or pending
nothing running or pending
nothing running or pending
nothing running or pending
nothing running or pending
nothing running or pending
nothing running or pending
nothing running or pending
nothing running or pending
nothing running or pending
nothing running or pending
nothing running or pending
nothing running or pending
nothing running or pending
nothing running or pending
nothing running or pending
nothing running or pending
nothing running or pending
nothing running or pending
nothing running or pending
nothing running or pending
nothing running or pending
nothing running or pending
nothing running or pending
nothing running or pending
nothing running or pending
nothing running or pending
nothing running or pending
nothing running or pending
nothing running or pending
nothing running or pending
nothing running or pending
nothing running or pending
nothing running or pending
nothing running or pending
nothing running or pending
nothing running or pending
nothing running or pending
nothing running or pending
nothing running or pending
nothing running or pending
nothing running or pending
nothing running or pending
nothing running or pending
nothing running or pending
nothing running or pending
nothing running or pending
nothing running or pending
nothing running or pending
nothing running or pending
nothing running or pending
nothing running or pending
nothing running or pending
nothing running or pending
nothing running or pending
nothing running or pending
nothing running or pending
nothing running or pending
nothing running or pending
nothing running or pending
nothing running or pending
nothing running or pending
nothing running or pending
nothing running or pending
nothing running or pending
nothing running or pending
nothing running or pending
nothing running or pending
nothing running or pending
nothing running or pending
nothing running or pending
nothing running or pending
nothing running or pending
nothing running or pending
nothing running or pending
nothing running or pending
nothing running or pending
nothing running or pending
nothing running or pending
nothing running or pending
nothing running or pending
nothing running or pending
nothing running or pending
nothing running or pending
nothing running or pending
nothing running or pending
nothing running or pending
nothing running or pending
nothing running or pending
nothing running or pending
nothing running or pending
nothing running or pending
nothing running or pending
nothing running or pending
nothing running or pending
nothing running or pending
nothing running or pending
nothing running or pending
nothing running or pending
nothing running or pending
nothing running or pending
nothing running or pending
nothing running or pending
nothing running or pending
nothing running or pending
nothing running or pending
nothing running or pending
nothing running or pending
nothing running or pending
nothing running or pending
nothing running or pending
nothing running or pending
nothing running or pending
nothing running or pending
nothing running or pending
nothing running or pending
nothing running or pending
nothing running or pending
nothing running or pending
nothing running or pending
nothing running or pending
nothing running or pending
nothing running or pending
nothing running or pending
nothing running or pending
nothing running or pending
nothing running or pending
nothing running or pending
nothing running or pending
nothing running or pending
nothing running or pending
nothing running or pending
nothing running or pending
nothing running or pending
nothing running or pending
nothing running or pending
nothing running or pending
nothing running or pending
nothing running or pending
nothing running or pending
nothing running or pending
nothing running or pending
nothing running or pending
nothing running or pending
nothing running or pending
nothing running or pending
nothing running or pending
nothing running or pending
nothing running or pending
nothing running or pending
nothing running or pending
nothing running or pending
nothing running or pending
nothing running or pending
nothing running or pending
nothing running or pending
nothing running or pending
nothing running or pending
nothing running or pending
nothing running or pending
nothing running or pending
nothing running or pending
nothing running or pending
nothing running or pending
nothing running or pending
nothing running or pending
nothing running or pending
nothing running or pending
nothing running or pending
nothing running or pending
nothing running or pending
nothing running or pending
nothing running or pending
nothing running or pending
nothing running or pending
nothing running or pending
nothing running or pending
nothing running or pending
nothing running or pending
nothing running or pending
nothing running or pending
nothing running or pending
nothing running or pending
nothing running or pending
nothing running or pending
nothing running or pending
nothing running or pending
nothing running or pending
nothing running or pending
nothing running or pending
nothing running or pending
nothing running or pending
nothing running or pending
nothing running or pending
nothing running or pending
nothing running or pending
nothing running or pending
nothing running or pending
nothing running or pending
nothing running or pending
nothing running or pending
nothing running or pending
nothing running or pending
nothing running or pending
nothing running or pending
nothing running or pending
nothing running or pending
nothing running or pending
nothing running or pending
nothing running or pending
nothing running or pending
nothing running or pending
nothing running or pending
nothing running or pending
nothing running or pending
nothing running or pending
nothing running or pending
nothing running or pending
nothing running or pending
nothing running or pending
nothing running or pending
nothing running or pending
nothing running or pending
nothing running or pending
nothing running or pending
nothing running or pending
nothing running or pending
nothing running or pending
nothing running or pending
nothing running or pending
nothing running or pending
nothing running or pending
nothing running or pending
nothing running or pending
nothing running or pending
nothing running or pending
nothing running or pending
nothing running or pending
nothing running or pending
nothing running or pending
nothing running or pending
nothing running or pending
nothing running or pending
nothing running or pending
nothing running or pending
nothing running or pending
nothing running or pending
nothing running or pending
nothing running or pending
nothing running or pending
nothing running or pending
nothing running or pending
nothing running or pending
nothing running or pending
nothing running or pending
nothing running or pending
nothing running or pending
nothing running or pending
nothing running or pending
nothing running or pending
nothing running or pending
nothing running or pending
nothing running or pending
nothing running or pending
nothing running or pending
nothing running or pending
nothing running or pending
nothing running or pending
nothing running or pending
nothing running or pending
nothing running or pending
nothing running or pending
nothing running or pending
nothing running or pending
nothing running or pending
nothing running or pending
nothing running or pending
nothing running or pending
nothing running or pending
nothing running or pending
nothing running or pending
nothing running or pending
nothing running or pending
nothing running or pending
nothing running or pending
nothing running or pending
nothing running or pending
nothing running or pending
nothing running or pending
