16 seats {'吃白饭的大肥鱼': 6, 'THIRD FA': 8, 'mtmr_s1': 4, 'TheEggma': 4, 'Yizhou': 4, 'DSM': 4, 'Boey': 8, 'DECEM': 4, 'Unknown ': 4, 'Fourth Q': 8, 'Azat Akh': 4} mode d16
Boey       113065954 m  +38432 (T8   -1402) us 137912 el  99480 snap384 (25526.0, 25526.0) err 0 
Boey       113087145 m   -1543 (T8  -15444) us 103821 el 105364 snap384 (37368.0, 37368.0) err 0 
Boey       113112822 m   -4941 (T8  -24353) us  76202 el  81143 snap384 (39107.0, 39107.0) err 0 
Boey       113132794 m   -1576 (T8   -9066) us  93764 el  95340 snap384 (26664.0, 26367.0) err 0 
Boey       113153433 m   -1243 (T8  -10144) us  85267 el  86510 snap384 (33633.0, 33633.0) err 0 
Boey       113179000 m   -6943 (T8  -17937) us  92971 el  99914 snap384 (26291.0, 26291.0) err 0 
Boey       113207353 m   +2488 (T8  -10420) us 140748 el 138260 snap384 (35736.0, 35736.0) err 0 
Boey       113236034 m   +4579 (T8  -16230) us 101745 el  97166 snap384 (45096.0, 45096.0) err 0 
Fourth Qua 113095439 m   +3949 (T8   -8248) us  77299 el  73350 snap384 (29141.0, 29141.0) err 0 
Fourth Qua 113124487 m   -5531 (T8  -20188) us 111560 el 117091 snap384 (28394.0, 28394.0) err 0 
Fourth Qua 113153445 m  -11006 (T8   -7401) us  62246 el  73252 snap384 (26980.0, 26980.0) err 0 
Fourth Qua 113180379 m   -8101 (T8  -12692) us  82066 el  90167 snap384 (23651.0, 23651.0) err 0 
Fourth Qua 113214242 m   +8730 (T8   -2006) us  77332 el  68602 snap384 (33979.0, 33979.0) err 0 
Fourth Qua 113237685 m  +69608 (T8   -7147) us 106074 el  36466 snap384 (14075.0, 13925.0) err 0 
Fourth Qua 113257456 m   -8867 (T8   -8789) us  62322 el  71189 snap384 (21412.0, 21412.0) err 0 
Fourth Qua 113276019 m   +6248 (T8   -7285) us  88777 el  82529 snap384 (23046.0, 23046.0) err 0 
ALL                    n 16  mirror   +5268 wins  7 | T8  -11172 wins  0 | delta  +16440
Boey                   n  8  mirror   +3657 wins  3 | T8  -13124 wins  0 | delta  +16781
Fourth Quadrant        n  8  mirror   +6879 wins  4 | T8   -9220 wins  0 | delta  +16098
done
