THIRD FARM 113079221 m   +4834 (T8   +4894) us 123708 el 118874 snap384 (34412.0, 34412.0) err 0 
THIRD FARM 113097920 m  +16915 (T8   +5971) us 105516 el  88601 snap384 (25378.0, 25378.0) err 0 
THIRD FARM 113168578 m  +11849 (T8   +2232) us 114976 el 103127 snap384 (21750.0, 21750.0) err 0 
THIRD FARM 113193141 m   +7401 (T8   -2437) us 147125 el 139724 snap384 (32500.0, 32500.0) err 0 
THIRD FARM 113203809 m    -213 (T8   -1820) us  85265 el  85478 snap384 (24492.0, 24492.0) err 0 
THIRD FARM 113215092 m   +7066 (T8  +23652) us 135672 el 128606 snap384 (30446.0, 30446.0) err 0 
THIRD FARM 113216231 m   +7647 (T8   -4992) us 104710 el  97063 snap384 (21200.0, 21200.0) err 0 
THIRD FARM 113229034 m   +7808 (T8  +11120) us 116885 el 109077 snap384 (30397.0, 30397.0) err 0 
mtmr_s1    113065954 m  -11701 (T8  -10072) us 119031 el 130732 snap384 (14024.0, 14024.0) err 0 
mtmr_s1    113073288 m   -1583 (T8   -8392) us 104201 el 105784 snap384 (20338.0, 20338.0) err 0 
mtmr_s1    113080405 m  -12241 (T8   +1209) us 109482 el 121723 snap384 (17241.0, 17241.0) err 0 
mtmr_s1    113093036 m  -15586 (T8   -5830) us  83590 el  99176 snap384 (22232.0, 22232.0) err 0 
TheEggman  113118870 m  +23361 (T8  +24919) us 116805 el  93444 snap384 (27924.0, 27716.0) err 0 
TheEggman  113142011 m    -719 (T8   +1429) us  92650 el  93369 snap384 (25143.0, 25004.0) err 0 
TheEggman  113216186 m   +9341 (T8   +1566) us  98426 el  89085 snap384 (18855.0, 18664.0) err 0 
TheEggman  113333423 m   +1104 (T8   +5461) us  92991 el  91887 snap384 (23419.0, 23419.0) err 0 
Yizhou     113709444 m  +15238 (T8   +2100) us  86147 el  70909 snap384 (26140.0, 26140.0) err 0 
Yizhou     113740423 m    -839 (T8   -3566) us  92201 el  93040 snap384 (22638.0, 22638.0) err 0 
Yizhou     113773025 m  -13302 (T8    -310) us 102546 el 115848 snap384 (20497.0, 20497.0) err 0 
Yizhou     113781287 m  +34248 (T8  +27000) us 147526 el 113278 snap384 (35497.0, 35497.0) err 0 
DSM        113067521 m  -17691 (T8  +21854) us  74384 el  92075 snap384 (33697.0, 33697.0) err 0 
DSM        113097911 m   -2864 (T8  -13336) us  75113 el  77977 snap384 (22680.0, 22724.0) err 0 
DSM        113125644 m  -14793 (T8  -14383) us  92105 el 106898 snap384 (22936.0, 22856.0) err 0 
DSM        113224254 m  -13192 (T8   +4022) us 105700 el 118892 snap384 (30682.0, 30682.0) err 0 
DECEM      113067521 m  -14801 (T8   -9413) us  76679 el  91480 snap384 (34502.0, 34502.0) err 0 
DECEM      113083668 m  +21222 (T8   +8488) us 127810 el 106588 snap384 (16244.0, 16244.0) err 0 
DECEM      113097923 m   -4050 (T8  +11331) us  85733 el  89783 snap384 (26656.0, 26656.0) err 0 
DECEM      113118870 m   -8505 (T8   -2185) us  90989 el  99494 snap384 (27949.0, 28771.0) err 0 
Unknown Mo 113066303 m   -9131 (T8   -9970) us  90929 el 100060 snap384 (34904.0, 34904.0) err 0 
Unknown Mo 113083668 m   -6005 (T8  -15861) us 112072 el 118077 snap384 (23494.0, 23494.0) err 0 
Unknown Mo 113104649 m  -15349 (T8  -15335) us  71486 el  86835 snap384 (27638.0, 27638.0) err 0 
Unknown Mo 113118872 m  -11601 (T8  +15541) us 116027 el 127628 snap384 (21907.0, 21907.0) err 0 
Azat Akhty 113532009 m   +4783 (T8   +2842) us 131677 el 126894 snap384 (30142.0, 29091.0) err 0 
Azat Akhty 113537115 m   -9679 (T8   -2377) us  66483 el  76162 snap384 (24174.0, 24174.0) err 0 
Azat Akhty 113543206 m    -711 (T8    +299) us 100892 el 101603 snap384 (41128.0, 41128.0) err 0 
Azat Akhty 113543803 m   -8804 (T8   -9202) us  87464 el  96268 snap384 (31884.0, 31884.0) err 0 
ALL                    n 36  mirror    -571 wins 14 | T8   +1290 wins 19 | delta   -1861
THIRD FARM CLUB        n  8  mirror   +7913 wins  7 | T8   +4828 wins  5 | delta   +3086
mtmr_s1                n  4  mirror  -10278 wins  0 | T8   -5771 wins  1 | delta   -4506
TheEggman              n  4  mirror   +8272 wins  3 | T8   +8344 wins  4 | delta     -72
Yizhou                 n  4  mirror   +8836 wins  2 | T8   +6306 wins  2 | delta   +2530
DSM                    n  4  mirror  -12135 wins  0 | T8    -461 wins  2 | delta  -11674
DECEM                  n  4  mirror   -1534 wins  1 | T8   +2055 wins  2 | delta   -3589
Unknown Mother-Goose   n  4  mirror  -10522 wins  0 | T8   -6406 wins  1 | delta   -4115
Azat Akhtyamov         n  4  mirror   -3603 wins  1 | T8   -2110 wins  2 | delta   -1493
done
