58 seats {'吃白饭的大肥鱼': 6, 'THIRD FA': 8, 'mtmr_s1': 4, 'TheEggma': 4, 'Yizhou': 4, 'DSM': 4, 'Boey': 8, 'DECEM': 4, 'Unknown ': 4, 'Fourth Q': 8, 'Azat Akh': 4} mode whole
吃白饭的大肥鱼    113065970 m -178299 (T8   -4197) us  27208 el 205507 snap384 (11982.0, 41188.0) err 0 
吃白饭的大肥鱼    113079212 m -147285 (T8  +10955) us  29377 el 176662 snap384 (13361.0, 31940.0) err 0 
吃白饭的大肥鱼    113091953 m -131231 (T8   -5324) us  18384 el 149615 snap384 (10963.0, 30494.0) err 0 
吃白饭的大肥鱼    113093088 m -106726 (T8   +5678) us  32222 el 138948 snap384 (9506.0, 28984.0) err 0 
吃白饭的大肥鱼    113103588 m -166269 (T8  -11089) us  34230 el 200499 snap384 (14965.0, 35265.0) err 0 
吃白饭的大肥鱼    113125645 m -113059 (T8   +4486) us  17181 el 130240 snap384 (12231.0, 30979.0) err 0 
THIRD FARM 113079221 m  -78575 (T8   +4894) us  75418 el 153993 snap384 (22307.0, 36472.0) err 0 
THIRD FARM 113097920 m  -63110 (T8   +5971) us  57715 el 120825 snap384 (18239.0, 32873.0) err 0 
THIRD FARM 113168578 m  -77842 (T8   +2232) us  66216 el 144058 snap384 (16207.0, 24399.0) err 0 
THIRD FARM 113193141 m  -84838 (T8   -2437) us  92471 el 177309 snap384 (22082.0, 35068.0) err 0 
THIRD FARM 113203809 m  -80703 (T8   -1820) us  29240 el 109943 snap384 (17250.0, 27368.0) err 0 
THIRD FARM 113215092 m -121425 (T8  +23652) us  44219 el 165644 snap384 (23242.0, 33717.0) err 0 
THIRD FARM 113216231 m  -80738 (T8   -4992) us  64095 el 144833 snap384 (17812.0, 25003.0) err 0 
THIRD FARM 113229034 m -111639 (T8  +11120) us  38213 el 149852 snap384 (19024.0, 33145.0) err 0 
mtmr_s1    113065954 m -103020 (T8  -10072) us  60153 el 163173 snap384 (11747.0, 15437.0) err 0 
mtmr_s1    113073288 m -195201 (T8   -8392) us      0 el 195201 snap384 (115.0, 25874.0) err 0 
mtmr_s1    113080405 m -197111 (T8   +1209) us      0 el 197111 snap384 (7.0, 22671.0) err 0 
mtmr_s1    113093036 m -167322 (T8   -5830) us   3412 el 170734 snap384 (1912.0, 27872.0) err 0 
TheEggman  113118870 m -118873 (T8  +24919) us  37839 el 156712 snap384 (10595.0, 28060.0) err 0 
TheEggman  113142011 m -121033 (T8   +1429) us  18614 el 139647 snap384 (11067.0, 26929.0) err 0 
TheEggman  113216186 m  -59072 (T8   +1566) us  51781 el 110853 snap384 (11259.0, 21227.0) err 0 
TheEggman  113333423 m  -95845 (T8   +5461) us  51217 el 147062 snap384 (15464.0, 25796.0) err 0 
Yizhou     113709444 m -138781 (T8   +2100) us      0 el 138781 snap384 (0.0, 33309.0) err 0 
Yizhou     113740423 m -154177 (T8   -3566) us      0 el 154177 snap384 (0.0, 30310.0) err 0 
Yizhou     113773025 m -148871 (T8    -310) us      0 el 148871 snap384 (0.0, 28298.0) err 0 
Yizhou     113781287 m -193132 (T8  +27000) us      0 el 193132 snap384 (0.0, 41597.0) err 0 
DSM        113067521 m -161833 (T8  +21854) us      0 el 161833 snap384 (1.0, 44204.0) err 0 
DSM        113097911 m -119969 (T8  -13336) us      0 el 119969 snap384 (0.0, 32488.0) err 0 
DSM        113125644 m -162325 (T8  -14383) us      0 el 162325 snap384 (0.0, 30281.0) err 0 
DSM        113224254 m -178961 (T8   +4022) us      0 el 178961 snap384 (0.0, 38487.0) err 0 
Boey       113065954 m -183432 (T8   -1402) us      0 el 183432 snap384 (0.0, 34476.0) err 0 
Boey       113087145 m -166634 (T8  -15444) us      0 el 166634 snap384 (0.0, 51032.0) err 0 
Boey       113112822 m -150575 (T8  -24353) us      0 el 150575 snap384 (1.0, 53640.0) err 0 
Boey       113132794 m -148885 (T8   -9066) us    608 el 149493 snap384 (1010.0, 33137.0) err 0 
Boey       113153433 m -142721 (T8  -10144) us      0 el 142721 snap384 (0.0, 45913.0) err 0 
Boey       113179000 m -157209 (T8  -17937) us   4673 el 161882 snap384 (2888.0, 31758.0) err 0 
Boey       113207353 m -201479 (T8  -10420) us      0 el 201479 snap384 (47.0, 45367.0) err 0 
Boey       113236034 m -190737 (T8  -16230) us      0 el 190737 snap384 (6.0, 56847.0) err 0 
DECEM      113067521 m -148807 (T8   -9413) us      0 el 148807 snap384 (0.0, 46433.0) err 0 
DECEM      113083668 m -189500 (T8   +8488) us      0 el 189500 snap384 (2.0, 29297.0) err 0 
DECEM      113097923 m -156238 (T8  +11331) us      0 el 156238 snap384 (1.0, 34407.0) err 0 
DECEM      113118870 m -170546 (T8   -2185) us      0 el 170546 snap384 (0.0, 35235.0) err 0 
Unknown Mo 113066303 m -179612 (T8   -9970) us      0 el 179612 snap384 (101.0, 43931.0) err 0 
Unknown Mo 113083668 m -178821 (T8  -15861) us      0 el 178821 snap384 (0.0, 32333.0) err 0 
Unknown Mo 113104649 m -163251 (T8  -15335) us      0 el 163251 snap384 (0.0, 34930.0) err 0 
Unknown Mo 113118872 m -168507 (T8  +15541) us      0 el 168507 snap384 (5.0, 29094.0) err 0 
Fourth Qua 113095439 m -144695 (T8   -8248) us      0 el 144695 snap384 (0.0, 44145.0) err 0 
Fourth Qua 113124487 m -217024 (T8  -20188) us      0 el 217024 snap384 (0.0, 34381.0) err 0 
Fourth Qua 113153445 m -150768 (T8   -7401) us      0 el 150768 snap384 (0.0, 38405.0) err 0 
Fourth Qua 113180379 m -196481 (T8  -12692) us      0 el 196481 snap384 (0.0, 30180.0) err 0 
Fourth Qua 113214242 m -163216 (T8   -2006) us      0 el 163216 snap384 (0.0, 45031.0) err 0 
Fourth Qua 113237685 m -140407 (T8   -7147) us      5 el 140412 snap384 (362.0, 39347.0) err 0 
Fourth Qua 113257456 m -118480 (T8   -8789) us   9056 el 127536 snap384 (6959.0, 26298.0) err 0 
Fourth Qua 113276019 m -168054 (T8   -7285) us      0 el 168054 snap384 (0.0, 32162.0) err 0 
Azat Akhty 113532009 m -194217 (T8   +2842) us     84 el 194301 snap384 (38.0, 35431.0) err 0 
Azat Akhty 113537115 m -134536 (T8   -2377) us      0 el 134536 snap384 (0.0, 32332.0) err 0 
Azat Akhty 113543206 m -164737 (T8    +299) us      0 el 164737 snap384 (0.0, 50314.0) err 0 
Azat Akhty 113543803 m -174037 (T8   -9202) us      0 el 174037 snap384 (0.0, 41122.0) err 0 
ALL                    n 58  mirror -146912 wins  0 | T8   -2272 wins 22 | delta -144639
THIRD FARM CLUB        n  8  mirror  -87359 wins  0 | T8   +4828 wins  5 | delta  -92186
Boey                   n  8  mirror -167709 wins  0 | T8  -13124 wins  0 | delta -154584
Fourth Quadrant        n  8  mirror -162391 wins  0 | T8   -9220 wins  0 | delta -153171
吃白饭的大肥鱼                n  6  mirror -140478 wins  0 | T8     +85 wins  3 | delta -140563
mtmr_s1                n  4  mirror -165664 wins  0 | T8   -5771 wins  1 | delta -159892
TheEggman              n  4  mirror  -98706 wins  0 | T8   +8344 wins  4 | delta -107050
Yizhou                 n  4  mirror -158740 wins  0 | T8   +6306 wins  2 | delta -165046
DSM                    n  4  mirror -155772 wins  0 | T8    -461 wins  2 | delta -155311
DECEM                  n  4  mirror -166273 wins  0 | T8   +2055 wins  2 | delta -168328
Unknown Mother-Goose   n  4  mirror -172548 wins  0 | T8   -6406 wins  1 | delta -166142
Azat Akhtyamov         n  4  mirror -166882 wins  0 | T8   -2110 wins  2 | delta -164772
