58 seats {'吃白饭的大肥鱼': 6, 'THIRD FA': 8, 'mtmr_s1': 4, 'TheEggma': 4, 'Yizhou': 4, 'DSM': 4, 'Boey': 8, 'DECEM': 4, 'Unknown ': 4, 'Fourth Q': 8, 'Azat Akh': 4} mode d16
吃白饭的大肥鱼    113065970 m -115202 (T8   -4197) us  83146 el 198348 snap384 (11982.0, 41188.0) err 0 
吃白饭的大肥鱼    113079212 m  -84934 (T8  +10955) us  78230 el 163164 snap384 (13361.0, 31940.0) err 0 
吃白饭的大肥鱼    113091953 m  -85916 (T8   -5324) us  57096 el 143012 snap384 (10963.0, 30494.0) err 0 
吃白饭的大肥鱼    113093088 m  -53317 (T8   +5678) us  70217 el 123534 snap384 (9506.0, 28984.0) err 0 
吃白饭的大肥鱼    113103588 m -105337 (T8  -11089) us  90186 el 195523 snap384 (14965.0, 35265.0) err 0 
吃白饭的大肥鱼    113125645 m  -59127 (T8   +4486) us  61870 el 120997 snap384 (12231.0, 30979.0) err 0 
THIRD FARM 113079221 m  -20682 (T8   +4894) us 117206 el 137888 snap384 (24126.0, 36309.0) err 0 
THIRD FARM 113097920 m  -22449 (T8   +5971) us  88493 el 110942 snap384 (18239.0, 32873.0) err 0 
THIRD FARM 113168578 m  -22066 (T8   +2232) us 105302 el 127368 snap384 (16207.0, 24399.0) err 0 
THIRD FARM 113193141 m  -23536 (T8   -2437) us 141778 el 165314 snap384 (22082.0, 35068.0) err 0 
THIRD FARM 113203809 m  -30730 (T8   -1820) us  74870 el 105600 snap384 (17250.0, 27368.0) err 0 
THIRD FARM 113215092 m  -37464 (T8  +23652) us 118891 el 156355 snap384 (23242.0, 33717.0) err 0 
THIRD FARM 113216231 m  -40544 (T8   -4992) us  93518 el 134062 snap384 (18364.0, 24742.0) err 0 
THIRD FARM 113229034 m  -49563 (T8  +11120) us  90815 el 140378 snap384 (19024.0, 33145.0) err 0 
mtmr_s1    113065954 m  -50015 (T8  -10072) us 100573 el 150588 snap384 (11747.0, 15437.0) err 0 
mtmr_s1    113073288 m -185519 (T8   -8392) us   6420 el 191939 snap384 (131.0, 24991.0) err 0 
mtmr_s1    113080405 m -161817 (T8   +1209) us  30636 el 192453 snap384 (687.0, 22760.0) err 0 
mtmr_s1    113093036 m  -91401 (T8   -5830) us  65850 el 157251 snap384 (5516.0, 26888.0) err 0 
TheEggman  113118870 m  -29246 (T8  +24919) us 104227 el 133473 snap384 (17455.0, 27273.0) err 0 
TheEggman  113142011 m  -20084 (T8   +1429) us  99040 el 119124 snap384 (16236.0, 26033.0) err 0 
TheEggman  113216186 m  -13791 (T8   +1566) us  88868 el 102659 snap384 (12123.0, 21201.0) err 0 
TheEggman  113333423 m  -43539 (T8   +5461) us  97088 el 140627 snap384 (17107.0, 25760.0) err 0 
Yizhou     113709444 m  -40544 (T8   +2100) us  68661 el 109205 snap384 (13303.0, 28144.0) err 0 
Yizhou     113740423 m  -58310 (T8   -3566) us  74090 el 132400 snap384 (13254.0, 26211.0) err 0 
Yizhou     113773025 m  -37096 (T8    -310) us  92621 el 129717 snap384 (9641.0, 24153.0) err 0 
Yizhou     113781287 m  -56854 (T8  +27000) us 107326 el 164180 snap384 (16092.0, 37484.0) err 0 
DSM        113067521 m -127734 (T8  +21854) us  32197 el 159931 snap384 (1928.0, 43204.0) err 0 
DSM        113097911 m  -33599 (T8  -13336) us  65958 el  99557 snap384 (13650.0, 26306.0) err 0 
DSM        113125644 m -123358 (T8  -14383) us  33204 el 156562 snap384 (9.0, 29294.0) err 0 
DSM        113224254 m -127521 (T8   +4022) us  42087 el 169608 snap384 (3597.0, 36543.0) err 0 
Boey       113065954 m   +4560 (T8   -1402) us 126914 el 122354 snap384 (20380.0, 27122.0) err 0 
Boey       113087145 m  -37204 (T8  -15444) us  82564 el 119768 snap384 (30988.0, 43815.0) err 0 
Boey       113112822 m  -32328 (T8  -24353) us  63628 el  95956 snap384 (32375.0, 44111.0) err 0 
Boey       113132794 m  -12331 (T8   -9066) us  92876 el 105207 snap384 (20958.0, 26790.0) err 0 
Boey       113153433 m  -32053 (T8  -10144) us  65472 el  97525 snap384 (24102.0, 36311.0) err 0 
Boey       113179000 m  -17840 (T8  -17937) us  88621 el 106461 snap384 (22274.0, 27024.0) err 0 
Boey       113207353 m  -35544 (T8  -10420) us 127258 el 162802 snap384 (31218.0, 38464.0) err 0 
Boey       113236034 m  -12502 (T8  -16230) us 107108 el 119610 snap384 (37088.0, 47931.0) err 0 
DECEM      113067521 m -107539 (T8   -9413) us  38067 el 145606 snap384 (3695.0, 45090.0) err 0 
DECEM      113083668 m  -54484 (T8   +8488) us  92961 el 147445 snap384 (12497.0, 24225.0) err 0 
DECEM      113097923 m  -17545 (T8  +11331) us  85130 el 102675 snap384 (23687.0, 28342.0) err 0 
DECEM      113118870 m  -22276 (T8   -2185) us  92153 el 114429 snap384 (23570.0, 29935.0) err 0 
Unknown Mo 113066303 m -127195 (T8   -9970) us  46174 el 173369 snap384 (2733.0, 42845.0) err 0 
Unknown Mo 113083668 m -127772 (T8  -15861) us  42026 el 169798 snap384 (3.0, 31109.0) err 0 
Unknown Mo 113104649 m -108372 (T8  -15335) us  42359 el 150731 snap384 (3224.0, 33250.0) err 0 
Unknown Mo 113118872 m  -86918 (T8  +15541) us  73304 el 160222 snap384 (2465.0, 27479.0) err 0 
Fourth Qua 113095439 m  -45731 (T8   -8248) us  64401 el 110132 snap384 (18551.0, 35736.0) err 0 
Fourth Qua 113124487 m  -30527 (T8  -20188) us 118565 el 149092 snap384 (16305.0, 29792.0) err 0 
Fourth Qua 113153445 m  -29739 (T8   -7401) us  64406 el  94145 snap384 (20282.0, 31278.0) err 0 
Fourth Qua 113180379 m  -60221 (T8  -12692) us  89457 el 149678 snap384 (13632.0, 27359.0) err 0 
Fourth Qua 113214242 m  -33441 (T8   -2006) us  81856 el 115297 snap384 (18410.0, 38407.0) err 0 
Fourth Qua 113237685 m  -25204 (T8   -7147) us  63528 el  88732 snap384 (15754.0, 33204.0) err 0 
Fourth Qua 113257456 m  -32825 (T8   -8789) us  63948 el  96773 snap384 (15462.0, 24012.0) err 0 
Fourth Qua 113276019 m  -68278 (T8   -7285) us  73794 el 142072 snap384 (15825.0, 26820.0) err 0 
Azat Akhty 113532009 m -144614 (T8   +2842) us  46197 el 190811 snap384 (1685.0, 34334.0) err 0 
Azat Akhty 113537115 m  -77286 (T8   -2377) us  46146 el 123432 snap384 (4969.0, 30414.0) err 0 
Azat Akhty 113543206 m  -74005 (T8    +299) us  79807 el 153812 snap384 (15630.0, 48507.0) err 0 
Azat Akhty 113543803 m -171716 (T8   -9202) us   1444 el 173160 snap384 (18.0, 40565.0) err 0 
ALL                    n 58  mirror  -61590 wins  1 | T8   -2272 wins 22 | delta  -59318
THIRD FARM CLUB        n  8  mirror  -30879 wins  0 | T8   +4828 wins  5 | delta  -35707
Boey                   n  8  mirror  -21905 wins  1 | T8  -13124 wins  0 | delta   -8781
Fourth Quadrant        n  8  mirror  -40746 wins  0 | T8   -9220 wins  0 | delta  -31526
吃白饭的大肥鱼                n  6  mirror  -83972 wins  0 | T8     +85 wins  3 | delta  -84057
mtmr_s1                n  4  mirror -122188 wins  0 | T8   -5771 wins  1 | delta -116417
TheEggman              n  4  mirror  -26665 wins  0 | T8   +8344 wins  4 | delta  -35009
Yizhou                 n  4  mirror  -48201 wins  0 | T8   +6306 wins  2 | delta  -54507
DSM                    n  4  mirror -103053 wins  0 | T8    -461 wins  2 | delta -102592
DECEM                  n  4  mirror  -50461 wins  0 | T8   +2055 wins  2 | delta  -52516
Unknown Mother-Goose   n  4  mirror -112564 wins  0 | T8   -6406 wins  1 | delta -106158
Azat Akhtyamov         n  4  mirror -116905 wins  0 | T8   -2110 wins  2 | delta -114796
CHAIN_DONE
