177-180-fresh-top-30-v21-1-conditional-memory        no agent found
25-27-strict-future-v27-midgame-meta-reset           no agent found
2965-master-engine                                   1196118B b85:blob.py        s0 BUY_:WHEx8 SELL:WHEx3 BUY_:WHEx1 | s1 HIRE: HIRE: HIRE: HIRE: HIRE: BUY_:COWx2 BUY_:SHEx2
40-40-early-floor-39-46-top-10-v48-fast-routes       no agent found
84-84-base-public-holdout-v14-clone-preemption       no agent found
_all_refs                                            extract error TypeError('list indices must be integers or slices, not str'
a-song-of-ice-and-fire-fixed-flexible                no agent found
adaptive-farming-strategy-for-kaggriculture          no agent found
best-market-agent-high-strategy                        61980B b85:blob.py        
demand-preserving-turn-sale-timing                   no agent found
farmer-john-and-the-idle-seller                      no agent found
game-theoretic-master-discrete-optimization          no agent found
god-s-mode-hacked-stores                             no agent found
kaggricult-man-reverse-engineering                   no agent found
kaggriculture-cloning-agent                          no agent found
kaggriculture-findings-from-zero-to-top-meta           75090B b85:blob.py        s0 BUY_:WHEx5 HIRE: HIRE: HIRE: HIRE: BUY_:COWx1 BUY_:SHEx4 BUY_:WHEx5 BUY_:MELx5 | s1 
kaggriculture-frontier-the-moon-counts-melons        1046399B b85:blob.py        UNSAFE ['requests.']
kaggriculture-hamburger                               150378B b85:blob.py        s0 HIRE: HIRE: BUY_:COWx1 BUY_:MELx6 BUY_:WHEx6 SELL:WHEx1 SELL:WHEx3 SELL:WHEx1 | s1 BUY_:WHEx6 HIRE: BUY_:COWx1 BUY_:WHEx5
kaggriculture-harvest-ledger                         1196770B b85:blob.py        s0 BUY_:WHEx8 SELL:WHEx3 BUY_:WHEx1 | s1 HIRE: HIRE: HIRE: HIRE: HIRE: BUY_:COWx2 BUY_:SHEx2
kaggriculture-master-engine-v3                       no agent found
kaggriculture-master-engine-v53e01d74d8f              311246B writefile:main.py  s0 BUY_:WHEx13 BUY_:WHEx30 SELL:WHEx30 | s1 SELL:WHEx13 BUY_:WHEx5 HIRE: HIRE: HIRE: HIRE: HIRE: BUY_:COWx2 BUY_:SHEx2
kaggriculture-multi-route-farming-agent               494061B b85:blob.py        s0 BUY_:WHEx5 BUY_:WHEx1 | s1 HIRE: HIRE: HIRE: HIRE: HIRE: BUY_:COWx2 BUY_:SHEx2
kaggriculture-pipe-5-terminal-boost                   322037B b85:blob.py        UNSAFE ['requests.']
kaggriculture-pipe-7-wheat-microstructure             329111B b85:blob.py        UNSAFE ['requests.']
kaggriculture-shop-router-reactive-v7                 347602B writefile:main.py  UNSAFE ['requests.']
kaggriculture-top-2-master-engine-v4                 1196118B b85:blob.py        s0 BUY_:WHEx8 SELL:WHEx3 BUY_:WHEx1 | s1 HIRE: HIRE: HIRE: HIRE: HIRE: BUY_:COWx2 BUY_:SHEx2
kaggriculture-ttv1                                   1196118B b85:blob.py        s0 BUY_:WHEx8 SELL:WHEx3 BUY_:WHEx1 | s1 HIRE: HIRE: HIRE: HIRE: HIRE: BUY_:COWx2 BUY_:SHEx2
kaggriculture-v21-tactical-memory                    no agent found
kaggriculture-v31-production-and-sale-priority        235111B writefile:main.py  s0 BUY_:WHEx13 SELL:WHEx13 BUY_:WHEx13 | s1 SELL:WHEx13 BUY_:WHEx5 HIRE: HIRE: HIRE: HIRE: HIRE: BUY_:COWx2 BUY_:SHEx2
kaggriculture-v34-observed-market-timing              254081B writefile:main.py  s0 BUY_:WHEx13 SELL:WHEx13 BUY_:WHEx13 | s1 SELL:WHEx13 BUY_:WHEx5 HIRE: HIRE: HIRE: HIRE: HIRE: BUY_:COWx2 BUY_:SHEx2
kaggriculture-v38-smarter-feed-stronger-margins       299348B writefile:main.py  s0 BUY_:WHEx13 BUY_:WHEx30 SELL:WHEx30 | s1 SELL:WHEx13 BUY_:WHEx5 HIRE: HIRE: HIRE: HIRE: HIRE: BUY_:COWx2 BUY_:SHEx2
kaggriculture-v39-ready-before-the-rush               311246B writefile:main.py  s0 BUY_:WHEx13 BUY_:WHEx30 SELL:WHEx30 | s1 SELL:WHEx13 BUY_:WHEx5 HIRE: HIRE: HIRE: HIRE: HIRE: BUY_:COWx2 BUY_:SHEx2
kaggriculture-v41-review-candidate                    331608B writefile:main.py  s0 BUY_:WHEx5 BUY_:WHEx10 SELL:WHEx60 | s1 SELL:WHEx13 BUY_:WHEx5 HIRE: HIRE: HIRE: HIRE: HIRE: BUY_:COWx2 BUY_:SHEx2
kaggriculture-v43-local-confirmed                     321555B b85:main.py        UNSAFE ['requests.']
kaggriculture-v49-funded-sale-timing-and-worker      no agent found
kaggriculture-v53-opening-signature                  no agent found
kaggriculture-v55-one-turn-market-race-edge          no agent found
kaggriculture-version-31-26-09-bronze-going-up        299347B writefile:/kaggle/ s0 BUY_:WHEx13 BUY_:WHEx30 SELL:WHEx30 | s1 SELL:WHEx13 BUY_:WHEx5 HIRE: HIRE: HIRE: HIRE: HIRE: BUY_:COWx2 BUY_:SHEx2
kaggriculture-what-2600-farms-do-differently         no agent found
shape-the-shop-work-the-pasture-kaggriculture          44665B b85:blob.py        
shop-router-0909                                        9365B writefile:main.py  
six-day-public-state-fieldbook                       no agent found
the-2945-farm-96-vs-the-top-10-public-bots            856427B writefile:main.py  s0 BUY_:WHEx20 SELL:WHEx15 | s1 HIRE: HIRE: HIRE: HIRE: HIRE: BUY_:COWx2 BUY_:SHEx2
the-2965-master-hybrid-engine                        1196118B b85:blob.py        s0 BUY_:WHEx8 SELL:WHEx3 BUY_:WHEx1 | s1 HIRE: HIRE: HIRE: HIRE: HIRE: BUY_:COWx2 BUY_:SHEx2
the-shepherds-ledger-herd-safe-sovereign              897884B b85:blob.py        s0 BUY_:WHEx5 BUY_:WHEx1 | s1 HIRE: HIRE: HIRE: HIRE: HIRE: BUY_:COWx2 BUY_:SHEx2
three-day-shop-router                                   7573B writefile:main.py  UNSAFE ['ctypes']
v16-rc5-high-score-8c-4s-premium-market-lead           18946B writefile:main.py  
v38                                                   299348B writefile:main.py  s0 BUY_:WHEx13 BUY_:WHEx30 SELL:WHEx30 | s1 SELL:WHEx13 BUY_:WHEx5 HIRE: HIRE: HIRE: HIRE: HIRE: BUY_:COWx2 BUY_:SHEx2
done 442 {'no agent': 159, 'ok': 214, 'unsafe': 45, 'pull failed': 24}
c2s3 hits: []
