24 seats {'TFC': 8, 'Boey': 8, 'FQ': 8}
TFC 113079221 m -10402.0 us 115657.0 el 126059.0 wall 12.0 err 0  T 13
TFC 113097920 m -4435.0 us 83159.0 el 87594.0 wall 11.6 err 0  T 13
TFC 113168578 m -2144.0 us 104746.0 el 106890.0 wall 11.7 err 0  T 13
TFC 113193141 m -8402.0 us 135126.0 el 143528.0 wall 11.4 err 0  T 24
TFC 113203809 m -15708.0 us 68134.0 el 83842.0 wall 10.8 err 0  T 24
TFC 113215092 m 5682.0 us 141063.0 el 135381.0 wall 11.1 err 0  T 25
TFC 113216231 m 1553.0 us 101112.0 el 99559.0 wall 11.5 err 0  T 35
TFC 113229034 m 6076.0 us 107348.0 el 101272.0 wall 11.3 err 0  T 36
Boey 113065954 m -9468.0 us 113347.0 el 122815.0 wall 14.2 err 0  T 39
Boey 113087145 m -21856.0 us 83673.0 el 105529.0 wall 11.2 err 0  T 47
Boey 113112822 m -27802.0 us 64801.0 el 92603.0 wall 11.0 err 0  T 47
Boey 113132794 m -17472.0 us 85519.0 el 102991.0 wall 11.9 err 0  T 51
Boey 113153433 m -17045.0 us 68053.0 el 85098.0 wall 11.9 err 0  T 59
Boey 113179000 m -14529.0 us 86457.0 el 100986.0 wall 11.7 err 0  T 59
Boey 113207353 m -26035.0 us 121205.0 el 147240.0 wall 11.5 err 0  T 62
Boey 113236034 m -10143.0 us 96832.0 el 106975.0 wall 10.8 err 0  T 69
FQ 113095439 m -6976.0 us 78026.0 el 85002.0 wall 11.2 err 0  T 70
FQ 113124487 m -20305.0 us 124368.0 el 144673.0 wall 10.9 err 0  T 73
FQ 113153445 m -17425.0 us 66076.0 el 83501.0 wall 11.5 err 0  T 81
FQ 113180379 m -22615.0 us 86262.0 el 108877.0 wall 11.8 err 0  T 82
FQ 113214242 m -229.0 us 80917.0 el 81146.0 wall 11.8 err 0  T 85
FQ 113237685 m -15032.0 us 63591.0 el 78623.0 wall 10.9 err 0  T 92
FQ 113257456 m -10426.0 us 68887.0 el 79313.0 wall 11.1 err 0  T 93
FQ 113276019 m -10465.0 us 86106.0 el 96571.0 wall 10.9 err 0  T 96
ALLDONE m4 24 wins 3 margin -11483
CHAIN_DONE
