24 seats {'TFC': 8, 'Boey': 8, 'FQ': 8}
TFC 113079221 m 3880.0 us 129850.0 el 125970.0 wall 15.2 err 0  T 18
TFC 113097920 m 258.0 us 85659.0 el 85401.0 wall 15.6 err 0  T 18
TFC 113168578 m 8035.0 us 113499.0 el 105464.0 wall 14.8 err 0  T 18
TFC 113193141 m -2470.0 us 144948.0 el 147418.0 wall 15.8 err 0  T 33
TFC 113203809 m -10001.0 us 71044.0 el 81045.0 wall 14.0 err 0  T 33
TFC 113215092 m 4019.0 us 144962.0 el 140943.0 wall 13.8 err 0  T 33
TFC 113216231 m -6401.0 us 97414.0 el 103815.0 wall 13.3 err 0  T 45
TFC 113229034 m 2433.0 us 119516.0 el 117083.0 wall 13.0 err 0  T 45
Boey 113065954 m -4631.0 us 128296.0 el 132927.0 wall 14.4 err 0  T 48
Boey 113087145 m -19337.0 us 91672.0 el 111009.0 wall 12.5 err 0  T 57
Boey 113112822 m -25794.0 us 65737.0 el 91531.0 wall 12.7 err 0  T 58
Boey 113132794 m -18752.0 us 87433.0 el 106185.0 wall 13.0 err 0  T 61
Boey 113153433 m -9859.0 us 77615.0 el 87474.0 wall 13.9 err 0  T 71
Boey 113179000 m -17249.0 us 89518.0 el 106767.0 wall 13.2 err 0  T 71
Boey 113207353 m -23146.0 us 134889.0 el 158035.0 wall 12.9 err 0  T 74
Boey 113236034 m -12128.0 us 117321.0 el 129449.0 wall 12.8 err 0  T 84
FQ 113095439 m -6487.0 us 79854.0 el 86341.0 wall 13.3 err 0  T 85
FQ 113124487 m -31228.0 us 131545.0 el 162773.0 wall 13.5 err 0  T 87
FQ 113153445 m -16431.0 us 74414.0 el 90845.0 wall 13.1 err 0  T 97
FQ 113180379 m -26007.0 us 88657.0 el 114664.0 wall 13.2 err 0  T 98
FQ 113214242 m 3629.0 us 86137.0 el 82508.0 wall 12.7 err 0  T 100
FQ 113237685 m -14059.0 us 64470.0 el 78529.0 wall 13.5 err 0  T 111
FQ 113257456 m -19108.0 us 65318.0 el 84426.0 wall 13.3 err 0  T 111
FQ 113276019 m -15145.0 us 88935.0 el 104080.0 wall 12.7 err 0  T 113
ALLDONE a 24 wins 6 margin -10666
CHAIN_DONE
CHAIN_DONE
