24 seats {'TFC': 8, 'Boey': 8, 'FQ': 8}
TFC 113079221 m -11214.0 us 116356.0 el 127570.0 wall 9.7 err 0  T 12
TFC 113097920 m -1781.0 us 84115.0 el 85896.0 wall 9.6 err 0  T 12
TFC 113168578 m -562.0 us 106653.0 el 107215.0 wall 9.8 err 0  T 12
TFC 113193141 m -10196.0 us 136056.0 el 146252.0 wall 8.4 err 0  T 20
TFC 113203809 m -11933.0 us 70912.0 el 82845.0 wall 7.9 err 0  T 20
TFC 113215092 m 9296.0 us 143976.0 el 134680.0 wall 8.3 err 0  T 20
TFC 113216231 m -2387.0 us 100465.0 el 102852.0 wall 8.0 err 0  T 27
TFC 113229034 m 3778.0 us 102600.0 el 98822.0 wall 8.0 err 0  T 28
Boey 113065954 m -8367.0 us 114106.0 el 122473.0 wall 10.3 err 0  T 30
Boey 113087145 m -22849.0 us 82604.0 el 105453.0 wall 8.4 err 0  T 36
Boey 113112822 m -31467.0 us 62746.0 el 94213.0 wall 8.4 err 0  T 36
Boey 113132794 m -18990.0 us 86481.0 el 105471.0 wall 8.9 err 0  T 39
Boey 113153433 m -11650.0 us 73056.0 el 84706.0 wall 9.2 err 0  T 45
Boey 113179000 m -21551.0 us 81797.0 el 103348.0 wall 9.1 err 0  T 45
Boey 113207353 m -23140.0 us 123034.0 el 146174.0 wall 9.0 err 0  T 48
Boey 113236034 m -9869.0 us 98615.0 el 108484.0 wall 8.2 err 0  T 53
FQ 113095439 m -4226.0 us 78812.0 el 83038.0 wall 8.9 err 0  T 54
FQ 113124487 m -21459.0 us 119727.0 el 141186.0 wall 8.2 err 0  T 56
FQ 113153445 m -17471.0 us 64996.0 el 82467.0 wall 8.9 err 0  T 62
FQ 113180379 m -19367.0 us 85993.0 el 105360.0 wall 9.1 err 0  T 63
FQ 113214242 m 2714.0 us 84352.0 el 81638.0 wall 8.4 err 0  T 65
FQ 113237685 m -15330.0 us 63369.0 el 78699.0 wall 8.3 err 0  T 71
FQ 113257456 m -9721.0 us 72364.0 el 82085.0 wall 8.3 err 0  T 72
FQ 113276019 m -9761.0 us 86442.0 el 96203.0 wall 8.2 err 0  T 73
ALLDONE w2 24 wins 3 margin -11146
CHAIN_DONE
