24 seats {'TFC': 8, 'Boey': 8, 'FQ': 8}
TFC 113079221 m -12044.0 us 109145.0 el 121189.0 wall 3.8 err None  T 4
TFC 113097920 m -10430.0 us 71755.0 el 82185.0 wall 3.9 err None  T 5
TFC 113168578 m -4918.0 us 100753.0 el 105671.0 wall 3.7 err None  T 5
TFC 113193141 m -18913.0 us 122849.0 el 141762.0 wall 4.3 err None  T 9
TFC 113203809 m -13703.0 us 64632.0 el 78335.0 wall 4.4 err None  T 9
TFC 113215092 m 14685.0 us 131166.0 el 116481.0 wall 4.5 err None  T 9
TFC 113216231 m -8112.0 us 99827.0 el 107939.0 wall 4.5 err None  T 13
TFC 113229034 m 772.0 us 100389.0 el 99617.0 wall 4.7 err None  T 14
Boey 113065954 m -4968.0 us 119286.0 el 124254.0 wall 5.0 err None  T 14
Boey 113087145 m -22005.0 us 76063.0 el 98068.0 wall 4.9 err None  T 18
Boey 113112822 m -30377.0 us 56635.0 el 87012.0 wall 5.2 err None  T 19
Boey 113132794 m -21370.0 us 79024.0 el 100394.0 wall 5.3 err None  T 19
Boey 113153433 m -21260.0 us 60596.0 el 81856.0 wall 5.3 err None  T 23
Boey 113179000 m -18089.0 us 82733.0 el 100822.0 wall 4.9 err None  T 24
Boey 113207353 m -10912.0 us 127848.0 el 138760.0 wall 5.3 err None  T 25
Boey 113236034 m -34341.0 us 80341.0 el 114682.0 wall 5.3 err None  T 29
FQ 113095439 m -18368.0 us 60973.0 el 79341.0 wall 5.5 err None  T 29
FQ 113124487 m -30432.0 us 127780.0 el 158212.0 wall 5.3 err None  T 30
FQ 113153445 m -12974.0 us 62641.0 el 75615.0 wall 5.2 err None  T 34
FQ 113180379 m -15612.0 us 92608.0 el 108220.0 wall 5.3 err None  T 35
FQ 113214242 m -12369.0 us 70395.0 el 82764.0 wall 5.1 err None  T 35
FQ 113237685 m -12557.0 us 59540.0 el 72097.0 wall 5.3 err None  T 39
FQ 113257456 m 74425.0 us 123037.0 el 48612.0 wall 5.1 err None  T 40
FQ 113276019 m 156431.0 us 159103.0 el 2672.0 wall 4.7 err None  T 40
ALLDONE pub_the-2945-farm- 24 wins 4 margin -3643
CHAIN_DONE
