24 seats {'TFC': 8, 'Boey': 8, 'FQ': 8}
TFC 113079221 m -732.0 us 123604.0 el 124336.0 wall 8.0 err 0  T 9
TFC 113097920 m -4258.0 us 81890.0 el 86148.0 wall 8.2 err 0  T 9
TFC 113168578 m 9545.0 us 106602.0 el 97057.0 wall 7.8 err 0  T 9
TFC 113193141 m 92171.0 us 179426.0 el 87255.0 wall 7.6 err 0  T 17
TFC 113203809 m -4076.0 us 77168.0 el 81244.0 wall 6.9 err 0  T 17
TFC 113215092 m -1641.0 us 138962.0 el 140603.0 wall 7.2 err 0  T 17
TFC 113216231 m -5355.0 us 100308.0 el 105663.0 wall 7.2 err 0  T 23
TFC 113229034 m 4630.0 us 109344.0 el 104714.0 wall 7.4 err 0  T 24
Boey 113065954 m -9588.0 us 113129.0 el 122717.0 wall 9.6 err 0  T 26
Boey 113087145 m 4665.0 us 93162.0 el 88497.0 wall 7.2 err 0  T 31
Boey 113112822 m -23192.0 us 67037.0 el 90229.0 wall 6.9 err 0  T 31
Boey 113132794 m -17760.0 us 84455.0 el 102215.0 wall 7.6 err 0  T 34
Boey 113153433 m -14849.0 us 70787.0 el 85636.0 wall 7.7 err 0  T 38
Boey 113179000 m -19765.0 us 84541.0 el 104306.0 wall 7.4 err 0  T 38
Boey 113207353 m -17664.0 us 125447.0 el 143111.0 wall 7.6 err 0  T 42
Boey 113236034 m -17052.0 us 106512.0 el 123564.0 wall 7.4 err 0  T 46
FQ 113095439 m -10754.0 us 77048.0 el 87802.0 wall 7.3 err 0  T 46
FQ 113124487 m -31312.0 us 128514.0 el 159826.0 wall 7.6 err 0  T 49
FQ 113153445 m -17624.0 us 66205.0 el 83829.0 wall 7.7 err 0  T 53
FQ 113180379 m -24489.0 us 93385.0 el 117874.0 wall 7.8 err 0  T 54
FQ 113214242 m -2259.0 us 81308.0 el 83567.0 wall 8.1 err 0  T 57
FQ 113237685 m -7207.0 us 67087.0 el 74294.0 wall 8.2 err 0  T 62
FQ 113257456 m 27761.0 us 98737.0 el 70976.0 wall 7.9 err 0  T 62
FQ 113276019 m 54156.0 us 136825.0 el 82669.0 wall 6.5 err 0  T 64
ALLDONE f6 24 wins 6 margin -1527
done
