24 seats {'TFC': 8, 'Boey': 8, 'FQ': 8}
TFC 113079221 m 2236.0 us 119345.0 el 117109.0 wall 7.4 err 0  T 9
TFC 113097920 m -344.0 us 84309.0 el 84653.0 wall 7.7 err 0  T 9
TFC 113168578 m 6879.0 us 110769.0 el 103890.0 wall 7.7 err 0  T 9
TFC 113193141 m 99007.0 us 185810.0 el 86803.0 wall 8.1 err 0  T 17
TFC 113203809 m -10620.0 us 70222.0 el 80842.0 wall 7.0 err 0  T 17
TFC 113215092 m 4239.0 us 145658.0 el 141419.0 wall 7.2 err 0  T 17
TFC 113216231 m 5721.0 us 104747.0 el 99026.0 wall 7.5 err 0  T 23
TFC 113229034 m 2159.0 us 100088.0 el 97929.0 wall 7.1 err 0  T 23
Boey 113065954 m -1989.0 us 114757.0 el 116746.0 wall 8.9 err 0  T 26
Boey 113087145 m 5893.0 us 98297.0 el 92404.0 wall 6.8 err 0  T 30
Boey 113112822 m -24022.0 us 64570.0 el 88592.0 wall 7.1 err 0  T 31
Boey 113132794 m -14073.0 us 85421.0 el 99494.0 wall 8.1 err 0  T 34
Boey 113153433 m -11128.0 us 72365.0 el 83493.0 wall 9.1 err 0  T 39
Boey 113179000 m -14553.0 us 88124.0 el 102677.0 wall 9.1 err 0  T 40
Boey 113207353 m 17360.0 us 134029.0 el 116669.0 wall 9.1 err 0  T 43
Boey 113236034 m -7968.0 us 97365.0 el 105333.0 wall 9.4 err 0  T 49
FQ 113095439 m -3327.0 us 79535.0 el 82862.0 wall 9.7 err 0  T 50
FQ 113124487 m -23276.0 us 124326.0 el 147602.0 wall 10.3 err 0  T 53
FQ 113153445 m -13440.0 us 69893.0 el 83333.0 wall 9.9 err 0  T 59
FQ 113180379 m -17404.0 us 87966.0 el 105370.0 wall 10.1 err 0  T 60
FQ 113214242 m 3477.0 us 84240.0 el 80763.0 wall 9.3 err 0  T 63
FQ 113237685 m -6133.0 us 70529.0 el 76662.0 wall 9.6 err 0  T 68
FQ 113257456 m 26386.0 us 98172.0 el 71786.0 wall 9.4 err 0  T 69
FQ 113276019 m -14440.0 us 83193.0 el 97633.0 wall 8.6 err 0  T 71
ALLDONE f7 24 wins 10 margin 443
done
