24 seats {'TFC': 8, 'Boey': 8, 'FQ': 8}
TFC 113079221 m -7766.0 us 112932.0 el 120698.0 wall 8.3 err None  T 10
TFC 113097920 m -10904.0 us 70567.0 el 81471.0 wall 9.1 err None  T 10
TFC 113168578 m -4630.0 us 100653.0 el 105283.0 wall 8.3 err None  T 10
TFC 113193141 m -18736.0 us 123531.0 el 142267.0 wall 8.8 err None  T 18
TFC 113203809 m -14296.0 us 63200.0 el 77496.0 wall 8.7 err None  T 18
TFC 113215092 m 15576.0 us 131568.0 el 115992.0 wall 8.4 err None  T 19
TFC 113216231 m -8652.0 us 99201.0 el 107853.0 wall 7.4 err None  T 26
TFC 113229034 m -53.0 us 98660.0 el 98713.0 wall 7.7 err None  T 26
Boey 113065954 m -3578.0 us 120403.0 el 123981.0 wall 8.4 err None  T 27
Boey 113087145 m -23232.0 us 75172.0 el 98404.0 wall 7.5 err None  T 33
Boey 113112822 m -30168.0 us 56562.0 el 86730.0 wall 7.5 err None  T 34
Boey 113132794 m -18431.0 us 78419.0 el 96850.0 wall 8.1 err None  T 35
Boey 113153433 m -20034.0 us 60231.0 el 80265.0 wall 8.3 err None  T 42
Boey 113179000 m -18000.0 us 81474.0 el 99474.0 wall 7.7 err None  T 42
Boey 113207353 m -10938.0 us 127170.0 el 138108.0 wall 8.0 err None  T 43
Boey 113236034 m -34330.0 us 78795.0 el 113125.0 wall 7.5 err None  T 49
FQ 113095439 m -18706.0 us 60302.0 el 79008.0 wall 7.8 err None  T 50
FQ 113124487 m -29936.0 us 127931.0 el 157867.0 wall 7.7 err None  T 51
FQ 113153445 m -12713.0 us 61800.0 el 74513.0 wall 8.1 err None  T 57
FQ 113180379 m -14930.0 us 91498.0 el 106428.0 wall 8.0 err None  T 58
FQ 113214242 m -12921.0 us 69340.0 el 82261.0 wall 7.6 err None  T 59
FQ 113237685 m -10751.0 us 59563.0 el 70314.0 wall 7.9 err None  T 65
FQ 113257456 m -7772.0 us 69710.0 el 77482.0 wall 7.8 err None  T 65
FQ 113276019 m -12709.0 us 87606.0 el 100315.0 wall 7.7 err None  T 67
ALLDONE pub_multiroute 24 wins 1 margin -13692
CHAIN_DONE
ALL_PUB_DONE
