24 seats {'TFC': 8, 'Boey': 8, 'FQ': 8}
TFC 113079221 m -37730.0 us 95908.0 el 133638.0 wall 7.4 err None  T 9
TFC 113097920 m -41571.0 us 54426.0 el 95997.0 wall 7.8 err None  T 9
TFC 113168578 m -41773.0 us 74321.0 el 116094.0 wall 7.5 err None  T 9
TFC 113193141 m -42275.0 us 119395.0 el 161670.0 wall 7.2 err None  T 16
TFC 113203809 m -39670.0 us 43401.0 el 83071.0 wall 6.8 err None  T 16
TFC 113215092 m -20532.0 us 115528.0 el 136060.0 wall 6.9 err None  T 16
TFC 113216231 m -39557.0 us 76010.0 el 115567.0 wall 7.5 err None  T 24
TFC 113229034 m -30776.0 us 86484.0 el 117260.0 wall 7.6 err None  T 24
Boey 113065954 m -43276.0 us 86096.0 el 129372.0 wall 8.4 err None  T 25
Boey 113087145 m -64924.0 us 63689.0 el 128613.0 wall 8.0 err None  T 32
Boey 113112822 m -66529.0 us 44027.0 el 110556.0 wall 8.1 err None  T 32
Boey 113132794 m -60920.0 us 51232.0 el 112152.0 wall 8.6 err None  T 33
Boey 113153433 m -50001.0 us 41692.0 el 91693.0 wall 8.6 err None  T 40
Boey 113179000 m -47554.0 us 62612.0 el 110166.0 wall 8.4 err None  T 40
Boey 113207353 m -69980.0 us 79325.0 el 149305.0 wall 8.5 err None  T 42
Boey 113236034 m -66513.0 us 78534.0 el 145047.0 wall 8.8 err None  T 49
FQ 113095439 m -49379.0 us 40746.0 el 90125.0 wall 9.2 err None  T 50
FQ 113124487 m -51268.0 us 121932.0 el 173200.0 wall 9.0 err None  T 51
FQ 113153445 m -37719.0 us 55463.0 el 93182.0 wall 9.1 err None  T 58
FQ 113180379 m -41895.0 us 75729.0 el 117624.0 wall 9.5 err None  T 59
FQ 113214242 m 17362.0 us 90823.0 el 73461.0 wall 8.7 err None  T 60
FQ 113237685 m -40458.0 us 44702.0 el 85160.0 wall 9.4 err None  T 68
FQ 113257456 m 37945.0 us 88746.0 el 50801.0 wall 8.7 err None  T 68
FQ 113276019 m 98723.0 us 141579.0 el 42856.0 wall 8.4 err None  T 68
ALLDONE pub_findings 24 wins 3 margin -34595
CHAIN_DONE
