24 seats {'TFC': 8, 'Boey': 8, 'FQ': 8}
TFC 113079221 m -11120.0 us 104800.0 el 115920.0 wall 5.7 err None  T 7
TFC 113097920 m -42938.0 us 47812.0 el 90750.0 wall 6.2 err None  T 8
TFC 113168578 m -1869.0 us 103317.0 el 105186.0 wall 5.9 err None  T 8
TFC 113193141 m 45198.0 us 147699.0 el 102501.0 wall 5.1 err None  T 12
TFC 113203809 m -28688.0 us 48053.0 el 76741.0 wall 5.2 err None  T 13
TFC 113215092 m 70861.0 us 138316.0 el 67455.0 wall 4.9 err None  T 13
TFC 113216231 m -9283.0 us 96292.0 el 105575.0 wall 5.0 err None  T 17
TFC 113229034 m 33321.0 us 99567.0 el 66246.0 wall 4.9 err None  T 18
Boey 113065954 m -58768.0 us 74554.0 el 133322.0 wall 5.7 err None  T 18
Boey 113087145 m -64157.0 us 71965.0 el 136122.0 wall 5.4 err None  T 23
Boey 113112822 m -73174.0 us 39974.0 el 113148.0 wall 5.4 err None  T 23
Boey 113132794 m -68000.0 us 49701.0 el 117701.0 wall 5.7 err None  T 24
Boey 113153433 m -61212.0 us 29567.0 el 90779.0 wall 5.6 err None  T 28
Boey 113179000 m -55344.0 us 65544.0 el 120888.0 wall 5.4 err None  T 28
Boey 113207353 m -82545.0 us 80188.0 el 162733.0 wall 5.7 err None  T 30
Boey 113236034 m -70780.0 us 78069.0 el 148849.0 wall 5.7 err None  T 34
FQ 113095439 m -57617.0 us 39167.0 el 96784.0 wall 5.6 err None  T 34
FQ 113124487 m -65204.0 us 115322.0 el 180526.0 wall 5.4 err None  T 35
FQ 113153445 m -52188.0 us 47968.0 el 100156.0 wall 5.6 err None  T 40
FQ 113180379 m -52386.0 us 79257.0 el 131643.0 wall 5.5 err None  T 40
FQ 113214242 m -58276.0 us 48708.0 el 106984.0 wall 5.3 err None  T 40
FQ 113237685 m -52529.0 us 49016.0 el 101545.0 wall 5.4 err None  T 45
FQ 113257456 m -56598.0 us 44190.0 el 100788.0 wall 5.6 err None  T 45
FQ 113276019 m -52251.0 us 62723.0 el 114974.0 wall 5.5 err None  T 46
ALLDONE pub_kaggriculture- 24 wins 3 margin -38564
CHAIN_DONE
