24 seats {'TFC': 8, 'Boey': 8, 'FQ': 8}
TFC 113079221 m -5887.0 us 118841.0 el 124728.0 wall 11.3 err 0  T 13
TFC 113097920 m 4217.0 us 85663.0 el 81446.0 wall 12.0 err 0  T 14
TFC 113168578 m 3933.0 us 109133.0 el 105200.0 wall 11.4 err 0  T 14
TFC 113193141 m 94826.0 us 180270.0 el 85444.0 wall 11.5 err 0  T 25
TFC 113203809 m 7372.0 us 81655.0 el 74283.0 wall 10.7 err 0  T 25
TFC 113215092 m 7439.0 us 148048.0 el 140609.0 wall 10.6 err 0  T 25
TFC 113216231 m -5601.0 us 101323.0 el 106924.0 wall 10.6 err 0  T 35
TFC 113229034 m 8666.0 us 104119.0 el 95453.0 wall 10.7 err 0  T 36
Boey 113065954 m 47973.0 us 143399.0 el 95426.0 wall 13.5 err 0  T 39
Boey 113087145 m 7934.0 us 101037.0 el 93103.0 wall 10.2 err 0  T 45
Boey 113112822 m -19371.0 us 66938.0 el 86309.0 wall 10.7 err 0  T 46
Boey 113132794 m -15483.0 us 85637.0 el 101120.0 wall 11.2 err 0  T 50
Boey 113153433 m 9607.0 us 76444.0 el 66837.0 wall 11.4 err 0  T 57
Boey 113179000 m 25358.0 us 112160.0 el 86802.0 wall 11.4 err 0  T 58
Boey 113207353 m -20053.0 us 125430.0 el 145483.0 wall 11.4 err 0  T 61
Boey 113236034 m -10141.0 us 101199.0 el 111340.0 wall 11.2 err 0  T 68
FQ 113095439 m -2196.0 us 80492.0 el 82688.0 wall 11.7 err 0  T 69
FQ 113124487 m 111062.0 us 201372.0 el 90310.0 wall 12.6 err 0  T 74
FQ 113153445 m -9452.0 us 73075.0 el 82527.0 wall 11.3 err 0  T 79
FQ 113180379 m 66182.0 us 152819.0 el 86637.0 wall 12.3 err 0  T 82
FQ 113214242 m 2283.0 us 82861.0 el 80578.0 wall 10.9 err 0  T 85
FQ 113237685 m 77113.0 us 125826.0 el 48713.0 wall 11.0 err 0  T 90
FQ 113257456 m 29805.0 us 100351.0 el 70546.0 wall 10.2 err 0  T 92
FQ 113276019 m 52190.0 us 129573.0 el 77383.0 wall 9.1 err 0  T 94
ALLDONE f15 24 wins 16 margin 19491
done
