24 seats {'TFC': 8, 'Boey': 8, 'FQ': 8}
TFC 113079221 m -8369.0 us 117018.0 el 125387.0 wall 9.9 err 0  T 11
TFC 113097920 m -8838.0 us 80536.0 el 89374.0 wall 9.8 err 0  T 11
TFC 113168578 m -1658.0 us 104605.0 el 106263.0 wall 9.7 err 0  T 11
TFC 113193141 m -12930.0 us 133138.0 el 146068.0 wall 10.1 err 0  T 21
TFC 113203809 m -13911.0 us 67112.0 el 81023.0 wall 9.9 err 0  T 21
TFC 113215092 m -1707.0 us 137963.0 el 139670.0 wall 10.3 err 0  T 21
TFC 113216231 m -3499.0 us 101463.0 el 104962.0 wall 10.8 err 0  T 32
TFC 113229034 m 2201.0 us 105189.0 el 102988.0 wall 10.9 err 0  T 32
Boey 113065954 m -8768.0 us 111923.0 el 120691.0 wall 14.3 err 0  T 36
Boey 113087145 m -21591.0 us 86017.0 el 107608.0 wall 12.3 err 0  T 44
Boey 113112822 m -28997.0 us 63950.0 el 92947.0 wall 12.0 err 0  T 44
Boey 113132794 m -16879.0 us 85425.0 el 102304.0 wall 11.9 err 0  T 48
Boey 113153433 m -12330.0 us 73800.0 el 86130.0 wall 11.9 err 0  T 56
Boey 113179000 m -15142.0 us 87671.0 el 102813.0 wall 12.1 err 0  T 56
Boey 113207353 m -15026.0 us 129739.0 el 144765.0 wall 12.1 err 0  T 60
Boey 113236034 m -10750.0 us 100473.0 el 111223.0 wall 11.9 err 0  T 68
FQ 113095439 m -4532.0 us 79398.0 el 83930.0 wall 12.2 err 0  T 68
FQ 113124487 m -21572.0 us 125088.0 el 146660.0 wall 12.5 err 0  T 72
FQ 113153445 m -17979.0 us 67004.0 el 84983.0 wall 12.1 err 0  T 80
FQ 113180379 m -19032.0 us 84982.0 el 104014.0 wall 12.2 err 0  T 81
FQ 113214242 m 1436.0 us 83974.0 el 82538.0 wall 11.9 err 0  T 84
FQ 113237685 m -13879.0 us 63229.0 el 77108.0 wall 12.2 err 0  T 92
FQ 113257456 m -8994.0 us 71462.0 el 80456.0 wall 11.9 err 0  T 93
FQ 113276019 m -8051.0 us 86235.0 el 94286.0 wall 11.5 err 0  T 96
ALLDONE w1 24 wins 2 margin -11283
CHAIN_DONE
