24 seats {'TFC': 8, 'Boey': 8, 'FQ': 8}
TFC 113079221 m -7867.0 us 117942.0 el 125809.0 wall 12.9 err 0  T 15
TFC 113097920 m -1173.0 us 84852.0 el 86025.0 wall 13.2 err 0  T 16
TFC 113168578 m -1098.0 us 105811.0 el 106909.0 wall 12.6 err 0  T 16
TFC 113193141 m -13287.0 us 131887.0 el 145174.0 wall 13.0 err 0  T 28
TFC 113203809 m -14763.0 us 66532.0 el 81295.0 wall 11.7 err 0  T 28
TFC 113215092 m 8762.0 us 141908.0 el 133146.0 wall 12.0 err 0  T 28
TFC 113216231 m 3117.0 us 100612.0 el 97495.0 wall 12.1 err 0  T 39
TFC 113229034 m 5656.0 us 106629.0 el 100973.0 wall 12.3 err 0  T 40
Boey 113065954 m -5923.0 us 114146.0 el 120069.0 wall 15.5 err 0  T 44
Boey 113087145 m -22536.0 us 83913.0 el 106449.0 wall 12.5 err 0  T 52
Boey 113112822 m -29027.0 us 63247.0 el 92274.0 wall 12.9 err 0  T 53
Boey 113132794 m -16210.0 us 84922.0 el 101132.0 wall 13.7 err 0  T 57
Boey 113153433 m -13901.0 us 70206.0 el 84107.0 wall 13.5 err 0  T 65
Boey 113179000 m -16336.0 us 84928.0 el 101264.0 wall 13.1 err 0  T 66
Boey 113207353 m -23792.0 us 121503.0 el 145295.0 wall 12.6 err 0  T 70
Boey 113236034 m -9803.0 us 98254.0 el 108057.0 wall 11.9 err 0  T 77
FQ 113095439 m -5262.0 us 78168.0 el 83430.0 wall 12.1 err 0  T 78
FQ 113124487 m -19498.0 us 125075.0 el 144573.0 wall 12.6 err 0  T 83
FQ 113153445 m -15704.0 us 67470.0 el 83174.0 wall 12.4 err 0  T 90
FQ 113180379 m -22184.0 us 86608.0 el 108792.0 wall 12.4 err 0  T 91
FQ 113214242 m 2887.0 us 83865.0 el 80978.0 wall 11.1 err 0  T 94
FQ 113237685 m -16172.0 us 62281.0 el 78453.0 wall 11.7 err 0  T 101
FQ 113257456 m -9990.0 us 69241.0 el 79231.0 wall 12.1 err 0  T 103
FQ 113276019 m -12543.0 us 86589.0 el 99132.0 wall 12.8 err 0  T 107
ALLDONE m1 24 wins 4 margin -10694
CHAIN_DONE
