24 seats {'TFC': 8, 'Boey': 8, 'FQ': 8}
TFC 113079221 m -19570.0 us 111393.0 el 130963.0 wall 4.5 err 0  T 5
TFC 113097920 m -8293.0 us 80812.0 el 89105.0 wall 4.4 err 0  T 5
TFC 113168578 m 232.0 us 107143.0 el 106911.0 wall 4.5 err 0  T 5
TFC 113193141 m 87454.0 us 174168.0 el 86714.0 wall 4.8 err 0  T 10
TFC 113203809 m -2213.0 us 76856.0 el 79069.0 wall 4.2 err 0  T 10
TFC 113215092 m -1599.0 us 139291.0 el 140890.0 wall 4.4 err 0  T 10
TFC 113216231 m -9419.0 us 99630.0 el 109049.0 wall 4.5 err 0  T 14
TFC 113229034 m 2881.0 us 104759.0 el 101878.0 wall 4.5 err 0  T 14
Boey 113065954 m 2774.0 us 124604.0 el 121830.0 wall 4.8 err 0  T 15
Boey 113087145 m 5751.0 us 96993.0 el 91242.0 wall 4.5 err 0  T 18
Boey 113112822 m -24123.0 us 67529.0 el 91652.0 wall 4.5 err 0  T 19
Boey 113132794 m -15865.0 us 85036.0 el 100901.0 wall 4.9 err 0  T 20
Boey 113153433 m -13820.0 us 72100.0 el 85920.0 wall 5.0 err 0  T 23
Boey 113179000 m 28513.0 us 114550.0 el 86037.0 wall 4.9 err 0  T 24
Boey 113207353 m -18692.0 us 127599.0 el 146291.0 wall 4.9 err 0  T 24
Boey 113236034 m -21328.0 us 108694.0 el 130022.0 wall 5.3 err 0  T 29
FQ 113095439 m -13956.0 us 73678.0 el 87634.0 wall 5.9 err 0  T 30
FQ 113124487 m 12281.0 us 163842.0 el 151561.0 wall 7.2 err 0  T 32
FQ 113153445 m -13191.0 us 73929.0 el 87120.0 wall 6.8 err 0  T 36
FQ 113180379 m 72912.0 us 161768.0 el 88856.0 wall 6.6 err 0  T 36
FQ 113214242 m -754.0 us 85445.0 el 86199.0 wall 6.7 err 0  T 38
FQ 113237685 m -4157.0 us 70127.0 el 74284.0 wall 7.7 err 0  T 43
FQ 113257456 m -6053.0 us 74037.0 el 80090.0 wall 7.6 err 0  T 44
FQ 113276019 m 56448.0 us 135981.0 el 79533.0 wall 7.1 err 0  T 46
ALLDONE f11 24 wins 9 margin 4009
done
