24 seats {'TFC': 8, 'Boey': 8, 'FQ': 8}
TFC 113079221 m -5104.0 us 122402.0 el 127506.0 wall 12.3 err 0  T 15
TFC 113097920 m -859.0 us 84396.0 el 85255.0 wall 12.8 err 0  T 15
TFC 113168578 m 6582.0 us 112721.0 el 106139.0 wall 12.4 err 0  T 15
TFC 113193141 m -5805.0 us 138616.0 el 144421.0 wall 13.8 err 0  T 28
TFC 113203809 m -8249.0 us 69276.0 el 77525.0 wall 12.2 err 0  T 28
TFC 113215092 m 10845.0 us 148244.0 el 137399.0 wall 12.8 err 0  T 29
TFC 113216231 m -6902.0 us 98232.0 el 105134.0 wall 13.7 err 0  T 41
TFC 113229034 m 10203.0 us 119531.0 el 109328.0 wall 13.8 err 0  T 42
Boey 113065954 m -5966.0 us 117237.0 el 123203.0 wall 16.9 err 0  T 45
Boey 113087145 m -24794.0 us 84797.0 el 109591.0 wall 13.4 err 0  T 54
Boey 113112822 m -25640.0 us 67567.0 el 93207.0 wall 13.5 err 0  T 55
Boey 113132794 m -24050.0 us 84002.0 el 108052.0 wall 14.3 err 0  T 60
Boey 113153433 m -14557.0 us 71843.0 el 86400.0 wall 14.6 err 0  T 69
Boey 113179000 m -20870.0 us 85614.0 el 106484.0 wall 14.2 err 0  T 70
Boey 113207353 m -16233.0 us 132894.0 el 149127.0 wall 13.9 err 0  T 74
Boey 113236034 m -24457.0 us 113489.0 el 137946.0 wall 13.9 err 0  T 83
FQ 113095439 m -7891.0 us 77527.0 el 85418.0 wall 14.3 err 0  T 84
FQ 113124487 m -28596.0 us 133553.0 el 162149.0 wall 13.4 err 0  T 87
FQ 113153445 m -20213.0 us 71120.0 el 91333.0 wall 12.8 err 0  T 96
FQ 113180379 m -26194.0 us 90247.0 el 116441.0 wall 13.2 err 0  T 97
FQ 113214242 m 846.0 us 85688.0 el 84842.0 wall 12.3 err 0  T 100
FQ 113237685 m -16900.0 us 61811.0 el 78711.0 wall 12.7 err 0  T 109
FQ 113257456 m -17640.0 us 65652.0 el 83292.0 wall 12.5 err 0  T 110
FQ 113276019 m -17389.0 us 85889.0 el 103278.0 wall 12.5 err 0  T 112
ALLDONE e12 24 wins 4 margin -12076
CHAIN_DONE
