24 seats {'TFC': 8, 'Boey': 8, 'FQ': 8}
TFC 113079221 m -6148.0 us 120493.0 el 126641.0 wall 4.2 err 0  T 5
TFC 113097920 m -3910.0 us 83025.0 el 86935.0 wall 4.3 err 0  T 5
TFC 113168578 m 11418.0 us 110963.0 el 99545.0 wall 4.3 err 0  T 5
TFC 113193141 m 85197.0 us 172819.0 el 87622.0 wall 4.6 err 0  T 10
TFC 113203809 m -5023.0 us 77957.0 el 82980.0 wall 4.2 err 0  T 10
TFC 113215092 m 2745.0 us 140711.0 el 137966.0 wall 4.4 err 0  T 10
TFC 113216231 m -11896.0 us 98873.0 el 110769.0 wall 4.6 err 0  T 14
TFC 113229034 m 161.0 us 109748.0 el 109587.0 wall 4.6 err 0  T 14
Boey 113065954 m -9695.0 us 111845.0 el 121540.0 wall 5.9 err 0  T 15
Boey 113087145 m 3925.0 us 96311.0 el 92386.0 wall 4.5 err 0  T 18
Boey 113112822 m -21481.0 us 66975.0 el 88456.0 wall 4.4 err 0  T 18
Boey 113132794 m -16232.0 us 86614.0 el 102846.0 wall 4.8 err 0  T 20
Boey 113153433 m -14849.0 us 70787.0 el 85636.0 wall 5.0 err 0  T 23
Boey 113179000 m -24346.0 us 84303.0 el 108649.0 wall 5.0 err 0  T 23
Boey 113207353 m -17432.0 us 127319.0 el 144751.0 wall 5.2 err 0  T 25
Boey 113236034 m -19376.0 us 104318.0 el 123694.0 wall 5.3 err 0  T 29
FQ 113095439 m -10060.0 us 76614.0 el 86674.0 wall 5.2 err 0  T 29
FQ 113124487 m -30645.0 us 129311.0 el 159956.0 wall 5.4 err 0  T 31
FQ 113153445 m -14326.0 us 69684.0 el 84010.0 wall 5.4 err 0  T 34
FQ 113180379 m -25312.0 us 87421.0 el 112733.0 wall 5.6 err 0  T 34
FQ 113214242 m 1338.0 us 81626.0 el 80288.0 wall 5.5 err 0  T 36
FQ 113237685 m -7588.0 us 68710.0 el 76298.0 wall 5.6 err 0  T 40
FQ 113257456 m 26933.0 us 100485.0 el 73552.0 wall 5.4 err 0  T 40
FQ 113276019 m 108190.0 us 164610.0 el 56420.0 wall 5.7 err 0  T 42
ALLDONE f10 24 wins 8 margin 66
done
