24 seats {'TFC': 8, 'Boey': 8, 'FQ': 8}
TFC 113079221 m -4724.0 us 123331.0 el 128055.0 wall 5.9 err 0  T 7
TFC 113097920 m -5616.0 us 82856.0 el 88472.0 wall 6.1 err 0  T 7
TFC 113168578 m 977.0 us 111481.0 el 110504.0 wall 5.9 err 0  T 7
TFC 113193141 m -5689.0 us 142670.0 el 148359.0 wall 7.9 err 0  T 15
TFC 113203809 m -7499.0 us 71310.0 el 78809.0 wall 7.1 err 0  T 15
TFC 113215092 m 11352.0 us 149894.0 el 138542.0 wall 7.4 err 0  T 15
TFC 113216231 m -17530.0 us 92098.0 el 109628.0 wall 8.8 err 0  T 23
TFC 113229034 m 4755.0 us 107651.0 el 102896.0 wall 9.0 err 0  T 23
Boey 113065954 m -10507.0 us 118097.0 el 128604.0 wall 11.6 err 0  T 26
Boey 113087145 m -24630.0 us 87778.0 el 112408.0 wall 9.8 err 0  T 33
Boey 113112822 m -26904.0 us 65311.0 el 92215.0 wall 9.9 err 0  T 33
Boey 113132794 m -20220.0 us 83936.0 el 104156.0 wall 11.0 err 0  T 37
Boey 113153433 m -12314.0 us 72260.0 el 84574.0 wall 11.9 err 0  T 45
Boey 113179000 m -23829.0 us 86919.0 el 110748.0 wall 11.5 err 0  T 45
Boey 113207353 m -22029.0 us 132519.0 el 154548.0 wall 11.4 err 0  T 49
Boey 113236034 m -19080.0 us 110787.0 el 129867.0 wall 11.4 err 0  T 56
FQ 113095439 m -9322.0 us 78427.0 el 87749.0 wall 11.6 err 0  T 57
FQ 113124487 m -32272.0 us 137596.0 el 169868.0 wall 11.6 err 0  T 60
FQ 113153445 m -22675.0 us 66000.0 el 88675.0 wall 11.9 err 0  T 68
FQ 113180379 m -29061.0 us 88348.0 el 117409.0 wall 12.0 err 0  T 69
FQ 113214242 m -4968.0 us 83949.0 el 88917.0 wall 11.2 err 0  T 72
FQ 113237685 m -17706.0 us 61713.0 el 79419.0 wall 10.6 err 0  T 79
FQ 113257456 m -19659.0 us 64213.0 el 83872.0 wall 10.5 err 0  T 79
FQ 113276019 m -15688.0 us 88887.0 el 104575.0 wall 9.9 err 0  T 82
ALLDONE f1 24 wins 3 margin -13952
done
