24 seats {'TFC': 8, 'Boey': 8, 'FQ': 8}
TFC 113079221 m -3193.0 us 123773.0 el 126966.0 wall 5.0 err 0  T 6
TFC 113097920 m -1877.0 us 83881.0 el 85758.0 wall 4.9 err 0  T 6
TFC 113168578 m 1468.0 us 110294.0 el 108826.0 wall 4.8 err 0  T 6
TFC 113193141 m -3936.0 us 140798.0 el 144734.0 wall 5.3 err 0  T 11
TFC 113203809 m -8740.0 us 68617.0 el 77357.0 wall 4.6 err 0  T 11
TFC 113215092 m 15794.0 us 152346.0 el 136552.0 wall 4.7 err 0  T 11
TFC 113216231 m -13599.0 us 94583.0 el 108182.0 wall 5.2 err 0  T 15
TFC 113229034 m 5374.0 us 110887.0 el 105513.0 wall 5.1 err 0  T 15
Boey 113065954 m -9225.0 us 120653.0 el 129878.0 wall 6.7 err 0  T 17
Boey 113087145 m -23855.0 us 86263.0 el 110118.0 wall 5.2 err 0  T 21
Boey 113112822 m -27612.0 us 66281.0 el 93893.0 wall 5.2 err 0  T 21
Boey 113132794 m -27092.0 us 81921.0 el 109013.0 wall 5.5 err 0  T 23
Boey 113153433 m -13590.0 us 69777.0 el 83367.0 wall 5.6 err 0  T 26
Boey 113179000 m -25239.0 us 85545.0 el 110784.0 wall 5.3 err 0  T 26
Boey 113207353 m -15385.0 us 133112.0 el 148497.0 wall 5.2 err 0  T 28
Boey 113236034 m -23786.0 us 117416.0 el 141202.0 wall 5.2 err 0  T 31
FQ 113095439 m -8470.0 us 78816.0 el 87286.0 wall 5.5 err 0  T 32
FQ 113124487 m -28682.0 us 134937.0 el 163619.0 wall 5.6 err 0  T 34
FQ 113153445 m -24514.0 us 65214.0 el 89728.0 wall 5.6 err 0  T 37
FQ 113180379 m -29836.0 us 85727.0 el 115563.0 wall 5.8 err 0  T 38
FQ 113214242 m -2476.0 us 87667.0 el 90143.0 wall 5.4 err 0  T 39
FQ 113237685 m -15276.0 us 64252.0 el 79528.0 wall 5.7 err 0  T 43
FQ 113257456 m -21825.0 us 61126.0 el 82951.0 wall 5.6 err 0  T 43
FQ 113276019 m -14329.0 us 88223.0 el 102552.0 wall 5.1 err 0  T 44
ALLDONE mf6 24 wins 3 margin -13329
CHAIN_DONE
