24 seats {'TFC': 8, 'Boey': 8, 'FQ': 8}
TFC 113079221 m 810.0 us 124512.0 el 123702.0 wall 8.4 err 0  T 10
TFC 113097920 m -966.0 us 85537.0 el 86503.0 wall 8.6 err 0  T 10
TFC 113168578 m 2557.0 us 108472.0 el 105915.0 wall 8.4 err 0  T 10
TFC 113193141 m 94928.0 us 182613.0 el 87685.0 wall 11.0 err 0  T 21
TFC 113203809 m -12238.0 us 70721.0 el 82959.0 wall 9.7 err 0  T 21
TFC 113215092 m 5021.0 us 140584.0 el 135563.0 wall 9.6 err 0  T 21
TFC 113216231 m 3298.0 us 105058.0 el 101760.0 wall 10.7 err 0  T 30
TFC 113229034 m 2923.0 us 102474.0 el 99551.0 wall 10.8 err 0  T 30
Boey 113065954 m -8023.0 us 111098.0 el 119121.0 wall 14.1 err 0  T 35
Boey 113087145 m 6352.0 us 97142.0 el 90790.0 wall 11.1 err 0  T 41
Boey 113112822 m -25149.0 us 64773.0 el 89922.0 wall 11.4 err 0  T 42
Boey 113132794 m -16463.0 us 84616.0 el 101079.0 wall 11.7 err 0  T 46
Boey 113153433 m -13733.0 us 70034.0 el 83767.0 wall 11.8 err 0  T 53
Boey 113179000 m -18458.0 us 83325.0 el 101783.0 wall 11.8 err 0  T 54
Boey 113207353 m 22219.0 us 138228.0 el 116009.0 wall 11.5 err 0  T 58
Boey 113236034 m -15068.0 us 114062.0 el 129130.0 wall 11.1 err 0  T 64
FQ 113095439 m -9424.0 us 75276.0 el 84700.0 wall 11.5 err 0  T 65
FQ 113124487 m -23704.0 us 122817.0 el 146521.0 wall 10.6 err 0  T 69
FQ 113153445 m -12322.0 us 73029.0 el 85351.0 wall 8.3 err 0  T 72
FQ 113180379 m -17249.0 us 87314.0 el 104563.0 wall 8.0 err 0  T 73
FQ 113214242 m 1274.0 us 81416.0 el 80142.0 wall 6.8 err 0  T 75
FQ 113237685 m -12388.0 us 65812.0 el 78200.0 wall 7.0 err 0  T 80
FQ 113257456 m 27287.0 us 99219.0 el 71932.0 wall 6.9 err 0  T 80
FQ 113276019 m -9470.0 us 83241.0 el 92711.0 wall 6.7 err 0  T 82
ALLDONE f2 24 wins 10 margin -1166
done
