24 seats {'TFC': 8, 'Boey': 8, 'FQ': 8}
TFC 113079221 m -13418.0 us 114218.0 el 127636.0 wall 12.5 err 0  T 15
TFC 113097920 m -6515.0 us 80530.0 el 87045.0 wall 12.9 err 0  T 15
TFC 113168578 m 1471.0 us 107094.0 el 105623.0 wall 12.6 err 0  T 15
TFC 113193141 m -16119.0 us 128839.0 el 144958.0 wall 11.8 err 0  T 27
TFC 113203809 m -16018.0 us 66022.0 el 82040.0 wall 11.2 err 0  T 27
TFC 113215092 m 18756.0 us 147630.0 el 128874.0 wall 11.0 err 0  T 27
TFC 113216231 m -1222.0 us 99209.0 el 100431.0 wall 9.1 err 0  T 35
TFC 113229034 m 3779.0 us 106374.0 el 102595.0 wall 9.0 err 0  T 36
Boey 113065954 m 60.0 us 120594.0 el 120534.0 wall 9.4 err 0  T 36
Boey 113087145 m -25983.0 us 80238.0 el 106221.0 wall 8.6 err 0  T 44
Boey 113112822 m -24840.0 us 67336.0 el 92176.0 wall 8.2 err 0  T 44
Boey 113132794 m -18513.0 us 80585.0 el 99098.0 wall 9.0 err 0  T 45
Boey 113153433 m -13315.0 us 70721.0 el 84036.0 wall 8.7 err 0  T 53
Boey 113179000 m -25132.0 us 76262.0 el 101394.0 wall 9.1 err 0  T 53
Boey 113207353 m -23287.0 us 122246.0 el 145533.0 wall 8.6 err 0  T 54
Boey 113236034 m -16121.0 us 104805.0 el 120926.0 wall 8.4 err 0  T 61
FQ 113095439 m -6452.0 us 76823.0 el 83275.0 wall 8.5 err 0  T 62
FQ 113124487 m -20534.0 us 118200.0 el 138734.0 wall 8.6 err 0  T 63
FQ 113153445 m -20887.0 us 63923.0 el 84810.0 wall 9.0 err 0  T 70
FQ 113180379 m -24427.0 us 84951.0 el 109378.0 wall 9.1 err 0  T 71
FQ 113214242 m 3871.0 us 85748.0 el 81877.0 wall 8.4 err 0  T 71
FQ 113237685 m -15947.0 us 62135.0 el 78082.0 wall 8.6 err 0  T 79
FQ 113257456 m -10640.0 us 69050.0 el 79690.0 wall 8.4 err 0  T 79
FQ 113276019 m -12692.0 us 79184.0 el 91876.0 wall 8.4 err 0  T 79
ALLDONE s1 24 wins 5 margin -11839
CHAIN_DONE
