24 seats {'TFC': 8, 'Boey': 8, 'FQ': 8}
TFC 113079221 m -22374.0 us 112256.0 el 134630.0 wall 8.6 err 0  T 11
TFC 113097920 m -10145.0 us 85837.0 el 95982.0 wall 8.6 err 0  T 11
TFC 113168578 m -9316.0 us 112212.0 el 121528.0 wall 8.6 err 0  T 11
TFC 113193141 m -13573.0 us 142354.0 el 155927.0 wall 8.7 err 0  T 19
TFC 113203809 m -3971.0 us 81384.0 el 85355.0 wall 7.3 err 0  T 19
TFC 113215092 m 797.0 us 134942.0 el 134145.0 wall 8.1 err 0  T 19
TFC 113216231 m -25541.0 us 94391.0 el 119932.0 wall 7.7 err 0  T 26
TFC 113229034 m -7087.0 us 108190.0 el 115277.0 wall 8.3 err 0  T 27
Boey 113065954 m -16362.0 us 122373.0 el 138735.0 wall 8.9 err 0  T 28
Boey 113087145 m -28921.0 us 93149.0 el 122070.0 wall 8.0 err 0  T 34
Boey 113112822 m -30840.0 us 66899.0 el 97739.0 wall 8.1 err 0  T 35
Boey 113132794 m -20245.0 us 81611.0 el 101856.0 wall 8.4 err 0  T 37
Boey 113153433 m -18714.0 us 75532.0 el 94246.0 wall 8.4 err 0  T 42
Boey 113179000 m -33351.0 us 85627.0 el 118978.0 wall 8.0 err 0  T 43
Boey 113207353 m -37728.0 us 117347.0 el 155075.0 wall 8.1 err 0  T 45
Boey 113236034 m -31791.0 us 121515.0 el 153306.0 wall 7.8 err 0  T 50
FQ 113095439 m -24379.0 us 69494.0 el 93873.0 wall 8.6 err 0  T 52
FQ 113124487 m -48787.0 us 132138.0 el 180925.0 wall 8.4 err 0  T 53
FQ 113153445 m -29933.0 us 79057.0 el 108990.0 wall 8.1 err 0  T 58
FQ 113180379 m -44053.0 us 95264.0 el 139317.0 wall 8.6 err 0  T 60
FQ 113214242 m -14969.0 us 87755.0 el 102724.0 wall 8.2 err 0  T 61
FQ 113237685 m -18106.0 us 67512.0 el 85618.0 wall 8.6 err 0  T 67
FQ 113257456 m -25265.0 us 64331.0 el 89596.0 wall 8.7 err 0  T 69
FQ 113276019 m -26880.0 us 92114.0 el 118994.0 wall 8.4 err 0  T 70
ALLDONE mf3 24 wins 1 margin -22564
CHAIN_DONE
