24 seats {'TFC': 8, 'Boey': 8, 'FQ': 8}
TFC 113079221 m 4894.0 us 125954.0 el 121060.0 wall 13.9 err 0  T 16
TFC 113097920 m 5971.0 us 87734.0 el 81763.0 wall 14.6 err 0  T 17
TFC 113168578 m 2232.0 us 108276.0 el 106044.0 wall 13.7 err 0  T 17
TFC 113193141 m -2437.0 us 140878.0 el 143315.0 wall 15.1 err 0  T 31
TFC 113203809 m -1820.0 us 76661.0 el 78481.0 wall 14.3 err 0  T 31
TFC 113215092 m 23652.0 us 140657.0 el 117005.0 wall 14.3 err 0  T 31
TFC 113216231 m -4992.0 us 102565.0 el 107557.0 wall 13.7 err 0  T 44
TFC 113229034 m 11120.0 us 113434.0 el 102314.0 wall 14.0 err 0  T 45
Boey 113065954 m -1989.0 us 114757.0 el 116746.0 wall 16.9 err 0  T 48
Boey 113087145 m 5893.0 us 98297.0 el 92404.0 wall 12.3 err 0  T 57
Boey 113112822 m -24022.0 us 64570.0 el 88592.0 wall 12.5 err 0  T 58
Boey 113132794 m -14073.0 us 85421.0 el 99494.0 wall 13.7 err 0  T 62
Boey 113153433 m -11128.0 us 72365.0 el 83493.0 wall 14.0 err 0  T 71
Boey 113179000 m -14553.0 us 88124.0 el 102677.0 wall 14.3 err 0  T 72
Boey 113207353 m 17360.0 us 134029.0 el 116669.0 wall 13.9 err 0  T 76
Boey 113236034 m -7968.0 us 97365.0 el 105333.0 wall 14.2 err 0  T 85
FQ 113095439 m -3327.0 us 79535.0 el 82862.0 wall 14.6 err 0  T 87
FQ 113124487 m -23276.0 us 124326.0 el 147602.0 wall 14.5 err 0  T 90
FQ 113153445 m -13440.0 us 69893.0 el 83333.0 wall 14.6 err 0  T 100
FQ 113180379 m -17404.0 us 87966.0 el 105370.0 wall 15.1 err 0  T 102
FQ 113214242 m 3477.0 us 84240.0 el 80763.0 wall 15.4 err 0  T 106
FQ 113237685 m -6133.0 us 70529.0 el 76662.0 wall 15.2 err 0  T 115
FQ 113257456 m 26386.0 us 98172.0 el 71786.0 wall 15.2 err 0  T 117
FQ 113276019 m -14440.0 us 83193.0 el 97633.0 wall 14.3 err 0  T 120
ALLDONE D2 24 wins 9 margin -2501
done
