24 seats {'TFC': 8, 'Boey': 8, 'FQ': 8}
TFC 113079221 m -16085.0 us 115887.0 el 131972.0 wall 6.0 err 0  T 7
TFC 113097920 m -2556.0 us 89172.0 el 91728.0 wall 5.9 err 0  T 7
TFC 113168578 m 1549.0 us 116181.0 el 114632.0 wall 5.8 err 0  T 7
TFC 113193141 m -13152.0 us 141530.0 el 154682.0 wall 6.1 err 0  T 13
TFC 113203809 m -8863.0 us 74942.0 el 83805.0 wall 5.5 err 0  T 13
TFC 113215092 m 1950.0 us 139490.0 el 137540.0 wall 5.7 err 0  T 13
TFC 113216231 m -8346.0 us 100346.0 el 108692.0 wall 5.6 err 0  T 18
TFC 113229034 m 6428.0 us 115146.0 el 108718.0 wall 5.5 err 0  T 18
Boey 113065954 m -17586.0 us 123859.0 el 141445.0 wall 6.3 err 0  T 19
Boey 113087145 m -22980.0 us 93641.0 el 116621.0 wall 5.6 err 0  T 23
Boey 113112822 m -26586.0 us 70130.0 el 96716.0 wall 5.1 err 0  T 23
Boey 113132794 m -20300.0 us 82290.0 el 102590.0 wall 5.5 err 0  T 25
Boey 113153433 m -12482.0 us 72183.0 el 84665.0 wall 5.6 err 0  T 29
Boey 113179000 m -23802.0 us 94457.0 el 118259.0 wall 5.5 err 0  T 29
Boey 113207353 m -26121.0 us 129917.0 el 156038.0 wall 5.4 err 0  T 30
Boey 113236034 m -29036.0 us 122898.0 el 151934.0 wall 5.3 err 0  T 34
FQ 113095439 m -12532.0 us 79673.0 el 92205.0 wall 5.7 err 0  T 35
FQ 113124487 m -38828.0 us 138302.0 el 177130.0 wall 5.7 err 0  T 36
FQ 113153445 m -32745.0 us 75554.0 el 108299.0 wall 5.5 err 0  T 40
FQ 113180379 m -41623.0 us 96947.0 el 138570.0 wall 5.7 err 0  T 40
FQ 113214242 m -12739.0 us 92709.0 el 105448.0 wall 5.5 err 0  T 41
FQ 113237685 m -15171.0 us 66975.0 el 82146.0 wall 5.5 err 0  T 45
FQ 113257456 m -23387.0 us 63717.0 el 87104.0 wall 5.5 err 0  T 46
FQ 113276019 m -28087.0 us 95475.0 el 123562.0 wall 5.2 err 0  T 46
ALLDONE mf5 24 wins 3 margin -17628
CHAIN_DONE
