24 seats {'TFC': 8, 'Boey': 8, 'FQ': 8}
TFC 113079221 m -5726.0 us 120884.0 el 126610.0 wall 7.3 err 0  T 9
TFC 113097920 m -3071.0 us 83278.0 el 86349.0 wall 7.7 err 0  T 9
TFC 113168578 m -6177.0 us 100726.0 el 106903.0 wall 7.8 err 0  T 9
TFC 113193141 m 91455.0 us 178810.0 el 87355.0 wall 7.9 err 0  T 16
TFC 113203809 m -12238.0 us 70721.0 el 82959.0 wall 7.3 err 0  T 16
TFC 113215092 m 1611.0 us 137132.0 el 135521.0 wall 7.4 err 0  T 16
TFC 113216231 m -3625.0 us 99987.0 el 103612.0 wall 7.0 err 0  T 23
TFC 113229034 m -694.0 us 100078.0 el 100772.0 wall 7.2 err 0  T 24
Boey 113065954 m -1721.0 us 112627.0 el 114348.0 wall 7.7 err 0  T 24
Boey 113087145 m 3607.0 us 92588.0 el 88981.0 wall 7.2 err 0  T 30
Boey 113112822 m -25149.0 us 64773.0 el 89922.0 wall 7.5 err 0  T 31
Boey 113132794 m -19037.0 us 77133.0 el 96170.0 wall 7.7 err 0  T 32
Boey 113153433 m -17857.0 us 65920.0 el 83777.0 wall 8.9 err 0  T 39
Boey 113179000 m -28473.0 us 77749.0 el 106222.0 wall 9.3 err 0  T 40
Boey 113207353 m 10022.0 us 127169.0 el 117147.0 wall 9.3 err 0  T 41
Boey 113236034 m -15068.0 us 114062.0 el 129130.0 wall 9.5 err 0  T 49
FQ 113095439 m -9717.0 us 75927.0 el 85644.0 wall 9.8 err 0  T 50
FQ 113124487 m -21894.0 us 125656.0 el 147550.0 wall 10.0 err 0  T 51
FQ 113153445 m -12876.0 us 73156.0 el 86032.0 wall 9.9 err 0  T 59
FQ 113180379 m -25364.0 us 82475.0 el 107839.0 wall 10.1 err 0  T 60
FQ 113214242 m -1472.0 us 82486.0 el 83958.0 wall 9.6 err 0  T 61
FQ 113237685 m -16263.0 us 63078.0 el 79341.0 wall 9.7 err 0  T 69
FQ 113257456 m 10474.0 us 84507.0 el 74033.0 wall 9.6 err 0  T 70
FQ 113276019 m -14310.0 us 79868.0 el 94178.0 wall 9.3 err 0  T 70
ALLDONE f4 24 wins 5 margin -5148
done
