24 seats {'TFC': 8, 'Boey': 8, 'FQ': 8}
TFC 113079221 m -6866.0 us 113006.0 el 119872.0 wall 10.6 err 0  T 12
TFC 113097920 m -21706.0 us 72267.0 el 93973.0 wall 10.7 err 0  T 12
TFC 113168578 m -24159.0 us 95739.0 el 119898.0 wall 9.9 err 0  T 12
TFC 113193141 m -9240.0 us 149573.0 el 158813.0 wall 10.6 err 0  T 22
TFC 113203809 m -23711.0 us 56440.0 el 80151.0 wall 9.9 err 0  T 22
TFC 113215092 m -16292.0 us 132163.0 el 148455.0 wall 10.0 err 0  T 22
TFC 113216231 m -30268.0 us 90564.0 el 120832.0 wall 10.3 err 0  T 32
TFC 113229034 m -29182.0 us 94834.0 el 124016.0 wall 10.4 err 0  T 32
Boey 113065954 m -10350.0 us 117614.0 el 127964.0 wall 10.7 err 0  T 33
Boey 113087145 m -31015.0 us 84937.0 el 115952.0 wall 10.3 err 0  T 42
Boey 113112822 m -38825.0 us 58456.0 el 97281.0 wall 10.2 err 0  T 42
Boey 113132794 m -15887.0 us 88560.0 el 104447.0 wall 10.5 err 0  T 43
Boey 113153433 m -27882.0 us 62439.0 el 90321.0 wall 12.9 err 0  T 55
Boey 113179000 m -31065.0 us 82734.0 el 113799.0 wall 12.0 err 0  T 55
Boey 113207353 m -58964.0 us 101250.0 el 160214.0 wall 12.0 err 0  T 55
Boey 113236034 m -43187.0 us 94693.0 el 137880.0 wall 11.6 err 0  T 66
FQ 113095439 m -26572.0 us 61640.0 el 88212.0 wall 13.1 err 0  T 68
FQ 113124487 m -38470.0 us 124074.0 el 162544.0 wall 11.8 err 0  T 68
FQ 113153445 m -21035.0 us 65897.0 el 86932.0 wall 12.1 err 0  T 78
FQ 113180379 m -40475.0 us 87643.0 el 128118.0 wall 12.1 err 0  T 79
FQ 113214242 m -9385.0 us 79476.0 el 88861.0 wall 12.3 err 0  T 81
FQ 113237685 m -22213.0 us 56120.0 el 78333.0 wall 15.4 err 0  T 94
FQ 113257456 m -23284.0 us 64739.0 el 88023.0 wall 16.3 err 0  T 96
FQ 113276019 m -12959.0 us 91860.0 el 104819.0 wall 15.9 err 0  T 97
ALLDONE cs1 24 wins 0 margin -25541
CHAIN_DONE
