24 seats {'TFC': 8, 'Boey': 8, 'FQ': 8}
TFC 113079221 m -3752.0 us 117301.0 el 121053.0 wall 15.4 err 0  T 19
TFC 113097920 m -16556.0 us 75694.0 el 92250.0 wall 16.0 err 0  T 19
TFC 113168578 m -16416.0 us 102229.0 el 118645.0 wall 15.8 err 0  T 19
TFC 113193141 m -11280.0 us 149545.0 el 160825.0 wall 12.6 err 0  T 31
TFC 113203809 m -20669.0 us 63001.0 el 83670.0 wall 13.3 err 0  T 32
TFC 113215092 m -4403.0 us 141057.0 el 145460.0 wall 12.7 err 0  T 32
TFC 113216231 m -14770.0 us 98654.0 el 113424.0 wall 13.3 err 0  T 45
TFC 113229034 m -5964.0 us 106075.0 el 112039.0 wall 13.2 err 0  T 45
Boey 113065954 m -10566.0 us 111093.0 el 121659.0 wall 15.9 err 0  T 48
Boey 113087145 m -32633.0 us 90689.0 el 123322.0 wall 12.3 err 0  T 57
Boey 113112822 m -31649.0 us 66910.0 el 98559.0 wall 12.3 err 0  T 57
Boey 113132794 m -20383.0 us 87752.0 el 108135.0 wall 12.7 err 0  T 61
Boey 113153433 m -23225.0 us 67201.0 el 90426.0 wall 13.8 err 0  T 71
Boey 113179000 m -25715.0 us 87529.0 el 113244.0 wall 13.6 err 0  T 71
Boey 113207353 m -39836.0 us 114936.0 el 154772.0 wall 14.5 err 0  T 76
Boey 113236034 m -39878.0 us 95715.0 el 135593.0 wall 13.0 err 0  T 84
FQ 113095439 m -18259.0 us 72355.0 el 90614.0 wall 13.5 err 0  T 85
FQ 113124487 m -38601.0 us 127754.0 el 166355.0 wall 13.4 err 0  T 89
FQ 113153445 m -19827.0 us 68089.0 el 87916.0 wall 12.0 err 0  T 96
FQ 113180379 m -24588.0 us 88984.0 el 113572.0 wall 13.3 err 0  T 98
FQ 113214242 m -14081.0 us 81577.0 el 95658.0 wall 12.6 err 0  T 102
FQ 113237685 m -14747.0 us 65171.0 el 79918.0 wall 13.8 err 0  T 110
FQ 113257456 m -15323.0 us 72205.0 el 87528.0 wall 13.3 err 0  T 111
FQ 113276019 m -15422.0 us 87788.0 el 103210.0 wall 12.7 err 0  T 114
ALLDONE cs2 24 wins 0 margin -19939
CHAIN_DONE
CHAIN_DONE
