24 seats {'TFC': 8, 'Boey': 8, 'FQ': 8}
TFC 113079221 m -6910.0 us 117167.0 el 124077.0 wall 9.4 err 0  T 11
TFC 113097920 m -1908.0 us 86059.0 el 87967.0 wall 9.3 err 0  T 11
TFC 113168578 m 851.0 us 110157.0 el 109306.0 wall 9.1 err 0  T 11
TFC 113193141 m -8567.0 us 139653.0 el 148220.0 wall 9.5 err 0  T 20
TFC 113203809 m -12701.0 us 69934.0 el 82635.0 wall 9.0 err 0  T 20
TFC 113215092 m -5107.0 us 133911.0 el 139018.0 wall 8.9 err 0  T 20
TFC 113216231 m -173.0 us 101007.0 el 101180.0 wall 7.9 err 0  T 28
TFC 113229034 m -1772.0 us 103597.0 el 105369.0 wall 8.0 err 0  T 28
Boey 113065954 m -10763.0 us 111143.0 el 121906.0 wall 10.8 err 0  T 31
Boey 113087145 m -20497.0 us 90547.0 el 111044.0 wall 9.3 err 0  T 37
Boey 113112822 m -25461.0 us 64745.0 el 90206.0 wall 9.6 err 0  T 38
Boey 113132794 m -17771.0 us 89731.0 el 107502.0 wall 10.1 err 0  T 41
Boey 113153433 m -14627.0 us 73994.0 el 88621.0 wall 10.7 err 0  T 48
Boey 113179000 m -12113.0 us 89775.0 el 101888.0 wall 10.2 err 0  T 48
Boey 113207353 m -20992.0 us 130448.0 el 151440.0 wall 10.1 err 0  T 52
Boey 113236034 m -5796.0 us 101620.0 el 107416.0 wall 9.5 err 0  T 57
FQ 113095439 m -4028.0 us 81564.0 el 85592.0 wall 9.8 err 0  T 58
FQ 113124487 m -23962.0 us 128355.0 el 152317.0 wall 9.6 err 0  T 61
FQ 113153445 m -17295.0 us 65713.0 el 83008.0 wall 9.8 err 0  T 67
FQ 113180379 m -21603.0 us 89577.0 el 111180.0 wall 9.7 err 0  T 68
FQ 113214242 m 3224.0 us 83360.0 el 80136.0 wall 9.2 err 0  T 70
FQ 113237685 m -11512.0 us 66517.0 el 78029.0 wall 10.0 err 0  T 77
FQ 113257456 m -10240.0 us 71675.0 el 81915.0 wall 10.8 err 0  T 78
FQ 113276019 m -9729.0 us 85698.0 el 95427.0 wall 10.8 err 0  T 81
ALLDONE rs2 24 wins 2 margin -10810
CHAIN_DONE
