24 seats {'TFC': 8, 'Boey': 8, 'FQ': 8}
TFC 113079221 m -1194.0 us 117302.0 el 118496.0 wall 7.8 err 0  T 9
TFC 113097920 m -6034.0 us 85292.0 el 91326.0 wall 8.2 err 0  T 10
TFC 113168578 m 2461.0 us 111933.0 el 109472.0 wall 7.8 err 0  T 10
TFC 113193141 m 4621.0 us 154234.0 el 149613.0 wall 7.1 err 0  T 16
TFC 113203809 m -7634.0 us 73581.0 el 81215.0 wall 7.2 err 0  T 17
TFC 113215092 m 22490.0 us 155507.0 el 133017.0 wall 7.1 err 0  T 17
TFC 113216231 m -13980.0 us 94258.0 el 108238.0 wall 7.1 err 0  T 24
TFC 113229034 m 4121.0 us 110349.0 el 106228.0 wall 6.9 err 0  T 24
Boey 113065954 m -7639.0 us 115786.0 el 123425.0 wall 8.8 err 0  T 26
Boey 113087145 m -20808.0 us 89695.0 el 110503.0 wall 7.0 err 0  T 31
Boey 113112822 m -27044.0 us 65629.0 el 92673.0 wall 6.9 err 0  T 31
Boey 113132794 m -16562.0 us 89012.0 el 105574.0 wall 7.5 err 0  T 33
Boey 113153433 m -12086.0 us 71266.0 el 83352.0 wall 7.5 err 0  T 38
Boey 113179000 m -29406.0 us 81212.0 el 110618.0 wall 7.6 err 0  T 38
Boey 113207353 m -29112.0 us 118858.0 el 147970.0 wall 7.3 err 0  T 41
Boey 113236034 m -18383.0 us 110242.0 el 128625.0 wall 6.9 err 0  T 45
FQ 113095439 m -19725.0 us 71725.0 el 91450.0 wall 7.4 err 0  T 46
FQ 113124487 m -34191.0 us 133951.0 el 168142.0 wall 6.7 err 0  T 47
FQ 113153445 m -23511.0 us 64489.0 el 88000.0 wall 5.9 err 0  T 51
FQ 113180379 m -33302.0 us 87594.0 el 120896.0 wall 6.2 err 0  T 52
FQ 113214242 m -10896.0 us 80755.0 el 91651.0 wall 5.7 err 0  T 53
FQ 113237685 m -14716.0 us 65218.0 el 79934.0 wall 5.7 err 0  T 57
FQ 113257456 m -26137.0 us 61813.0 el 87950.0 wall 5.6 err 0  T 57
FQ 113276019 m -21060.0 us 85807.0 el 106867.0 wall 5.3 err 0  T 58
ALLDONE mf10 24 wins 4 margin -14155
CHAIN_DONE
