24 seats {'TFC': 8, 'Boey': 8, 'FQ': 8}
TFC 113079221 m 8990.0 us 128747.0 el 119757.0 wall 4.9 err 0  T 6
TFC 113097920 m -774.0 us 83141.0 el 83915.0 wall 5.3 err 0  T 6
TFC 113168578 m 7028.0 us 108686.0 el 101658.0 wall 5.1 err 0  T 6
TFC 113193141 m 91855.0 us 178555.0 el 86700.0 wall 7.2 err 0  T 13
TFC 113203809 m -9525.0 us 69991.0 el 79516.0 wall 6.5 err 0  T 13
TFC 113215092 m 7232.0 us 140546.0 el 133314.0 wall 6.7 err 0  T 13
TFC 113216231 m 7831.0 us 104418.0 el 96587.0 wall 8.8 err 0  T 21
TFC 113229034 m 2159.0 us 100088.0 el 97929.0 wall 8.7 err 0  T 21
Boey 113065954 m -2743.0 us 113665.0 el 116408.0 wall 11.4 err 0  T 24
Boey 113087145 m 12306.0 us 100298.0 el 87992.0 wall 9.5 err 0  T 31
Boey 113112822 m -23692.0 us 65716.0 el 89408.0 wall 9.5 err 0  T 31
Boey 113132794 m -19262.0 us 84317.0 el 103579.0 wall 10.6 err 0  T 35
Boey 113153433 m -11128.0 us 72365.0 el 83493.0 wall 11.8 err 0  T 43
Boey 113179000 m -16970.0 us 82387.0 el 99357.0 wall 11.7 err 0  T 43
Boey 113207353 m 22988.0 us 137954.0 el 114966.0 wall 11.7 err 0  T 47
Boey 113236034 m -12234.0 us 105163.0 el 117397.0 wall 11.6 err 0  T 54
FQ 113095439 m -4769.0 us 77744.0 el 82513.0 wall 12.2 err 0  T 55
FQ 113124487 m -19533.0 us 120180.0 el 139713.0 wall 11.7 err 0  T 58
FQ 113153445 m -15639.0 us 71427.0 el 87066.0 wall 12.1 err 0  T 66
FQ 113180379 m -16754.0 us 86624.0 el 103378.0 wall 12.6 err 0  T 68
FQ 113214242 m 3703.0 us 83353.0 el 79650.0 wall 11.6 err 0  T 70
FQ 113237685 m -13299.0 us 65419.0 el 78718.0 wall 11.5 err 0  T 78
FQ 113257456 m 18106.0 us 89755.0 el 71649.0 wall 11.7 err 0  T 79
FQ 113276019 m -8147.0 us 82640.0 el 90787.0 wall 10.9 err 0  T 81
ALLDONE eliq 24 wins 10 margin 322
done
