24 seats {'TFC': 8, 'Boey': 8, 'FQ': 8}
TFC 113079221 m -2001.0 us 117515.0 el 119516.0 wall 8.6 err 0  T 10
TFC 113097920 m -8864.0 us 80665.0 el 89529.0 wall 8.6 err 0  T 10
TFC 113168578 m -2219.0 us 108755.0 el 110974.0 wall 8.7 err 0  T 10
TFC 113193141 m -3377.0 us 150486.0 el 153863.0 wall 9.0 err 0  T 19
TFC 113203809 m -16613.0 us 67188.0 el 83801.0 wall 8.1 err 0  T 19
TFC 113215092 m 1135.0 us 144205.0 el 143070.0 wall 8.1 err 0  T 19
TFC 113216231 m -3499.0 us 96833.0 el 100332.0 wall 8.4 err 0  T 26
TFC 113229034 m -698.0 us 104808.0 el 105506.0 wall 7.8 err 0  T 26
Boey 113065954 m -7117.0 us 113851.0 el 120968.0 wall 10.4 err 0  T 29
Boey 113087145 m -20104.0 us 89647.0 el 109751.0 wall 9.3 err 0  T 35
Boey 113112822 m -35070.0 us 65762.0 el 100832.0 wall 8.1 err 0  T 35
Boey 113132794 m -20718.0 us 80718.0 el 101436.0 wall 9.1 err 0  T 38
Boey 113153433 m -18365.0 us 63008.0 el 81373.0 wall 8.9 err 0  T 43
Boey 113179000 m -28811.0 us 79920.0 el 108731.0 wall 9.2 err 0  T 44
Boey 113207353 m -37504.0 us 113579.0 el 151083.0 wall 9.6 err 0  T 48
Boey 113236034 m -31453.0 us 101065.0 el 132518.0 wall 9.2 err 0  T 53
FQ 113095439 m -25416.0 us 67317.0 el 92733.0 wall 9.5 err 0  T 54
FQ 113124487 m -26879.0 us 127534.0 el 154413.0 wall 10.8 err 0  T 59
FQ 113153445 m -21689.0 us 66986.0 el 88675.0 wall 12.0 err 0  T 65
FQ 113180379 m -27188.0 us 84041.0 el 111229.0 wall 12.1 err 0  T 66
FQ 113214242 m -18320.0 us 76218.0 el 94538.0 wall 10.5 err 0  T 69
FQ 113237685 m -15287.0 us 66203.0 el 81490.0 wall 12.0 err 0  T 77
FQ 113257456 m -15312.0 us 69623.0 el 84935.0 wall 12.1 err 0  T 78
FQ 113276019 m -17731.0 us 79057.0 el 96788.0 wall 11.8 err 0  T 81
ALLDONE d 24 wins 1 margin -16796
CHAIN_DONE
