24 seats {'TFC': 8, 'Boey': 8, 'FQ': 8}
TFC 113079221 m -10227.0 us 109942.0 el 120169.0 wall 7.3 err None  T 8
TFC 113097920 m -11072.0 us 70234.0 el 81306.0 wall 6.9 err None  T 8
TFC 113168578 m -5619.0 us 100333.0 el 105952.0 wall 7.6 err None  T 8
TFC 113193141 m -19477.0 us 123556.0 el 143033.0 wall 9.0 err None  T 17
TFC 113203809 m -15932.0 us 61978.0 el 77910.0 wall 8.7 err None  T 17
TFC 113215092 m 14894.0 us 130398.0 el 115504.0 wall 8.9 err None  T 17
TFC 113216231 m -9085.0 us 98307.0 el 107392.0 wall 11.0 err None  T 28
TFC 113229034 m -1305.0 us 97557.0 el 98862.0 wall 10.6 err None  T 28
Boey 113065954 m -3184.0 us 120911.0 el 124095.0 wall 12.8 err None  T 30
Boey 113087145 m -23662.0 us 74531.0 el 98193.0 wall 13.4 err None  T 41
Boey 113112822 m -31045.0 us 55821.0 el 86866.0 wall 13.8 err None  T 42
Boey 113132794 m -18357.0 us 78225.0 el 96582.0 wall 13.3 err None  T 43
Boey 113153433 m -20598.0 us 60159.0 el 80757.0 wall 12.3 err None  T 53
Boey 113179000 m -18026.0 us 81747.0 el 99773.0 wall 13.3 err None  T 55
Boey 113207353 m -10345.0 us 127939.0 el 138284.0 wall 11.4 err None  T 55
Boey 113236034 m -33865.0 us 77652.0 el 111517.0 wall 13.1 err None  T 66
FQ 113095439 m -18258.0 us 61391.0 el 79649.0 wall 14.4 err None  T 69
FQ 113124487 m -31027.0 us 126659.0 el 157686.0 wall 13.1 err None  T 69
FQ 113153445 m -13154.0 us 61797.0 el 74951.0 wall 13.6 err None  T 80
FQ 113180379 m -15319.0 us 90431.0 el 105750.0 wall 14.7 err None  T 83
FQ 113214242 m -8043.0 us 73757.0 el 81800.0 wall 14.3 err None  T 84
FQ 113237685 m -11328.0 us 59146.0 el 70474.0 wall 14.2 err None  T 94
FQ 113257456 m -8108.0 us 69338.0 el 77446.0 wall 13.8 err None  T 97
FQ 113276019 m -13906.0 us 86192.0 el 100098.0 wall 14.0 err None  T 98
ALLDONE pub_the-2965-maste 24 wins 1 margin -14002
CHAIN_DONE
