24 seats {'TFC': 8, 'Boey': 8, 'FQ': 8}
TFC 113079221 m -7486.0 us 117507.0 el 124993.0 wall 11.7 err 0  T 14
TFC 113097920 m -1593.0 us 84200.0 el 85793.0 wall 12.2 err 0  T 15
TFC 113168578 m 5256.0 us 108700.0 el 103444.0 wall 11.9 err 0  T 15
TFC 113193141 m -9596.0 us 134324.0 el 143920.0 wall 11.3 err 0  T 26
TFC 113203809 m -15624.0 us 66967.0 el 82591.0 wall 11.0 err 0  T 26
TFC 113215092 m 8961.0 us 141999.0 el 133038.0 wall 11.1 err 0  T 26
TFC 113216231 m 1433.0 us 101045.0 el 99612.0 wall 10.8 err 0  T 36
TFC 113229034 m 5509.0 us 104234.0 el 98725.0 wall 10.4 err 0  T 36
Boey 113065954 m -7918.0 us 112769.0 el 120687.0 wall 13.1 err 0  T 39
Boey 113087145 m -24842.0 us 83035.0 el 107877.0 wall 10.2 err 0  T 46
Boey 113112822 m -28630.0 us 64842.0 el 93472.0 wall 9.7 err 0  T 46
Boey 113132794 m -16736.0 us 85118.0 el 101854.0 wall 10.1 err 0  T 49
Boey 113153433 m -12642.0 us 70620.0 el 83262.0 wall 10.1 err 0  T 56
Boey 113179000 m -16380.0 us 85008.0 el 101388.0 wall 10.3 err 0  T 57
Boey 113207353 m -23058.0 us 122236.0 el 145294.0 wall 10.0 err 0  T 59
Boey 113236034 m -7987.0 us 98212.0 el 106199.0 wall 9.9 err 0  T 66
FQ 113095439 m -3029.0 us 79719.0 el 82748.0 wall 10.0 err 0  T 67
FQ 113124487 m -19795.0 us 124405.0 el 144200.0 wall 10.3 err 0  T 70
FQ 113153445 m -19474.0 us 63232.0 el 82706.0 wall 10.7 err 0  T 77
FQ 113180379 m -22184.0 us 86608.0 el 108792.0 wall 11.6 err 0  T 78
FQ 113214242 m 6120.0 us 85471.0 el 79351.0 wall 11.0 err 0  T 81
FQ 113237685 m -15335.0 us 62907.0 el 78242.0 wall 10.6 err 0  T 88
FQ 113257456 m -11085.0 us 68336.0 el 79421.0 wall 10.4 err 0  T 89
FQ 113276019 m -12543.0 us 86589.0 el 99132.0 wall 10.6 err 0  T 91
ALLDONE e 24 wins 5 margin -10361
CHAIN_DONE
