24 seats {'TFC': 8, 'Boey': 8, 'FQ': 8}
TFC 113079221 m -7709.0 us 123169.0 el 130878.0 wall 4.5 err 0  T 5
TFC 113097920 m -239.0 us 85983.0 el 86222.0 wall 4.4 err 0  T 5
TFC 113168578 m 2722.0 us 111272.0 el 108550.0 wall 4.5 err 0  T 5
TFC 113193141 m -8667.0 us 137344.0 el 146011.0 wall 5.0 err 0  T 10
TFC 113203809 m -6523.0 us 72297.0 el 78820.0 wall 4.5 err 0  T 10
TFC 113215092 m 9103.0 us 147108.0 el 138005.0 wall 4.5 err 0  T 10
TFC 113216231 m -12033.0 us 95442.0 el 107475.0 wall 4.9 err 0  T 15
TFC 113229034 m 7811.0 us 113756.0 el 105945.0 wall 4.8 err 0  T 15
Boey 113065954 m -8589.0 us 119498.0 el 128087.0 wall 5.8 err 0  T 16
Boey 113087145 m -20577.0 us 87987.0 el 108564.0 wall 4.8 err 0  T 19
Boey 113112822 m -23133.0 us 69633.0 el 92766.0 wall 4.8 err 0  T 19
Boey 113132794 m -17773.0 us 84525.0 el 102298.0 wall 5.2 err 0  T 21
Boey 113153433 m -14458.0 us 72037.0 el 86495.0 wall 5.3 err 0  T 25
Boey 113179000 m -16918.0 us 93765.0 el 110683.0 wall 5.2 err 0  T 25
Boey 113207353 m -18926.0 us 134634.0 el 153560.0 wall 5.0 err 0  T 26
Boey 113236034 m -25269.0 us 114587.0 el 139856.0 wall 5.1 err 0  T 30
FQ 113095439 m -12015.0 us 77022.0 el 89037.0 wall 5.2 err 0  T 30
FQ 113124487 m -32966.0 us 142533.0 el 175499.0 wall 5.3 err 0  T 32
FQ 113153445 m -20407.0 us 74540.0 el 94947.0 wall 5.2 err 0  T 35
FQ 113180379 m -32296.0 us 89838.0 el 122134.0 wall 5.5 err 0  T 35
FQ 113214242 m -2013.0 us 92318.0 el 94331.0 wall 5.1 err 0  T 37
FQ 113237685 m -16629.0 us 62543.0 el 79172.0 wall 5.3 err 0  T 40
FQ 113257456 m -17374.0 us 65225.0 el 82599.0 wall 5.2 err 0  T 41
FQ 113276019 m -18438.0 us 89189.0 el 107627.0 wall 4.9 err 0  T 42
ALLDONE mf4 24 wins 3 margin -13055
CHAIN_DONE
