24 seats {'TFC': 8, 'Boey': 8, 'FQ': 8}
TFC 113079221 m -12017.0 us 109167.0 el 121184.0 wall 9.8 err None  T 11
TFC 113097920 m -10389.0 us 71776.0 el 82165.0 wall 10.4 err None  T 12
TFC 113168578 m -4866.0 us 100784.0 el 105650.0 wall 9.8 err None  T 12
TFC 113193141 m -18871.0 us 122881.0 el 141752.0 wall 13.7 err None  T 25
TFC 113203809 m -13628.0 us 64666.0 el 78294.0 wall 14.7 err None  T 26
TFC 113215092 m 14720.0 us 131191.0 el 116471.0 wall 15.0 err None  T 27
TFC 113216231 m -8052.0 us 99866.0 el 107918.0 wall 13.2 err None  T 38
TFC 113229034 m 834.0 us 100428.0 el 99594.0 wall 13.2 err None  T 39
Boey 113065954 m -4913.0 us 119320.0 el 124233.0 wall 13.8 err None  T 41
Boey 113087145 m -21583.0 us 76451.0 el 98034.0 wall 12.8 err None  T 51
Boey 113112822 m -30310.0 us 56661.0 el 86971.0 wall 13.4 err None  T 53
Boey 113132794 m -21312.0 us 79044.0 el 100356.0 wall 13.7 err None  T 54
Boey 113153433 m -21196.0 us 60635.0 el 81831.0 wall 13.4 err None  T 64
Boey 113179000 m -18024.0 us 82770.0 el 100794.0 wall 12.8 err None  T 65
Boey 113207353 m -10871.0 us 127887.0 el 138758.0 wall 13.1 err None  T 68
Boey 113236034 m -34166.0 us 80157.0 el 114323.0 wall 12.3 err None  T 77
FQ 113095439 m -18290.0 us 61010.0 el 79300.0 wall 12.9 err None  T 78
FQ 113124487 m -30357.0 us 127812.0 el 158169.0 wall 12.4 err None  T 80
FQ 113153445 m -12801.0 us 62731.0 el 75532.0 wall 12.9 err None  T 90
FQ 113180379 m -15548.0 us 92629.0 el 108177.0 wall 13.8 err None  T 92
FQ 113214242 m -12271.0 us 70434.0 el 82705.0 wall 13.2 err None  T 93
FQ 113237685 m -12708.0 us 59481.0 el 72189.0 wall 13.4 err None  T 103
FQ 113257456 m -8841.0 us 69602.0 el 78443.0 wall 12.8 err None  T 105
FQ 113276019 m -13024.0 us 87995.0 el 101019.0 wall 12.9 err None  T 106
ALLDONE pub_the-shepherds- 24 wins 2 margin -14104
CHAIN_DONE
