24 seats {'TFC': 8, 'Boey': 8, 'FQ': 8}
TFC 113079221 m -7338.0 us 116855.0 el 124193.0 wall 13.2 err 0  T 15
TFC 113097920 m -4654.0 us 82610.0 el 87264.0 wall 13.4 err 0  T 15
TFC 113168578 m -3536.0 us 103838.0 el 107374.0 wall 13.6 err 0  T 15
TFC 113193141 m -10909.0 us 133134.0 el 144043.0 wall 13.0 err 0  T 28
TFC 113203809 m -13292.0 us 67337.0 el 80629.0 wall 12.0 err 0  T 28
TFC 113215092 m 10769.0 us 144026.0 el 133257.0 wall 12.2 err 0  T 28
TFC 113216231 m -639.0 us 100490.0 el 101129.0 wall 11.9 err 0  T 39
TFC 113229034 m 3813.0 us 107012.0 el 103199.0 wall 11.9 err 0  T 40
Boey 113065954 m -8552.0 us 112500.0 el 121052.0 wall 15.4 err 0  T 43
Boey 113087145 m -22212.0 us 82240.0 el 104452.0 wall 12.9 err 0  T 52
Boey 113112822 m -28637.0 us 65079.0 el 93716.0 wall 12.1 err 0  T 52
Boey 113132794 m -18058.0 us 83254.0 el 101312.0 wall 12.7 err 0  T 56
Boey 113153433 m -13917.0 us 74440.0 el 88357.0 wall 13.2 err 0  T 65
Boey 113179000 m -19755.0 us 83071.0 el 102826.0 wall 13.3 err 0  T 65
Boey 113207353 m -25148.0 us 123420.0 el 148568.0 wall 12.3 err 0  T 69
Boey 113236034 m -18811.0 us 113003.0 el 131814.0 wall 12.4 err 0  T 78
FQ 113095439 m -6598.0 us 78641.0 el 85239.0 wall 12.9 err 0  T 78
FQ 113124487 m -24300.0 us 123929.0 el 148229.0 wall 13.0 err 0  T 82
FQ 113153445 m -18758.0 us 61854.0 el 80612.0 wall 13.1 err 0  T 91
FQ 113180379 m -18279.0 us 85807.0 el 104086.0 wall 13.2 err 0  T 91
FQ 113214242 m -73.0 us 83995.0 el 84068.0 wall 12.5 err 0  T 94
FQ 113237685 m -16734.0 us 62510.0 el 79244.0 wall 12.4 err 0  T 103
FQ 113257456 m -9631.0 us 70953.0 el 80584.0 wall 12.1 err 0  T 104
FQ 113276019 m -11066.0 us 84806.0 el 95872.0 wall 11.7 err 0  T 106
ALLDONE f 24 wins 2 margin -11930
CHAIN_DONE
