24 seats {'TFC': 8, 'Boey': 8, 'FQ': 8}
TFC 113079221 m -10561.0 us 121570.0 el 132131.0 wall 7.7 err 0  T 9
TFC 113097920 m -2560.0 us 84963.0 el 87523.0 wall 8.2 err 0  T 10
TFC 113168578 m 4173.0 us 113132.0 el 108959.0 wall 8.0 err 0  T 10
TFC 113193141 m -8030.0 us 139060.0 el 147090.0 wall 7.9 err 0  T 17
TFC 113203809 m -4377.0 us 74806.0 el 79183.0 wall 7.1 err 0  T 17
TFC 113215092 m 12389.0 us 151292.0 el 138903.0 wall 7.0 err 0  T 17
TFC 113216231 m -18976.0 us 91941.0 el 110917.0 wall 7.2 err 0  T 24
TFC 113229034 m 7416.0 us 117498.0 el 110082.0 wall 7.4 err 0  T 24
Boey 113065954 m -12524.0 us 113188.0 el 125712.0 wall 8.9 err 0  T 26
Boey 113087145 m -26653.0 us 87779.0 el 114432.0 wall 7.0 err 0  T 31
Boey 113112822 m -28005.0 us 65402.0 el 93407.0 wall 7.5 err 0  T 31
Boey 113132794 m -20220.0 us 83936.0 el 104156.0 wall 7.7 err 0  T 34
Boey 113153433 m -12314.0 us 72260.0 el 84574.0 wall 7.8 err 0  T 38
Boey 113179000 m -22214.0 us 86142.0 el 108356.0 wall 7.3 err 0  T 39
Boey 113207353 m -20820.0 us 133846.0 el 154666.0 wall 7.3 err 0  T 41
Boey 113236034 m -21170.0 us 118103.0 el 139273.0 wall 7.2 err 0  T 46
FQ 113095439 m -17772.0 us 72949.0 el 90721.0 wall 7.8 err 0  T 47
FQ 113124487 m -32272.0 us 137596.0 el 169868.0 wall 7.7 err 0  T 49
FQ 113153445 m -21301.0 us 66158.0 el 87459.0 wall 7.5 err 0  T 53
FQ 113180379 m -35375.0 us 90591.0 el 125966.0 wall 8.1 err 0  T 55
FQ 113214242 m -3212.0 us 84652.0 el 87864.0 wall 7.9 err 0  T 57
FQ 113237685 m -17706.0 us 61713.0 el 79419.0 wall 8.1 err 0  T 61
FQ 113257456 m -17411.0 us 66174.0 el 83585.0 wall 7.8 err 0  T 63
FQ 113276019 m -19900.0 us 90089.0 el 109989.0 wall 7.2 err 0  T 64
ALLDONE f5 24 wins 3 margin -14558
done
