24 seats {'TFC': 8, 'Boey': 8, 'FQ': 8}
TFC 113079221 m -5626.0 us 115009.0 el 120635.0 wall 4.8 err 0  T 5
TFC 113097920 m -4855.0 us 85587.0 el 90442.0 wall 4.7 err 0  T 5
TFC 113168578 m -259.0 us 112063.0 el 112322.0 wall 4.6 err 0  T 5
TFC 113193141 m 1335.0 us 158284.0 el 156949.0 wall 5.3 err 0  T 11
TFC 113203809 m -7480.0 us 72908.0 el 80388.0 wall 5.2 err 0  T 11
TFC 113215092 m 9051.0 us 148826.0 el 139775.0 wall 5.2 err 0  T 11
TFC 113216231 m -21902.0 us 91865.0 el 113767.0 wall 5.4 err 0  T 16
TFC 113229034 m 2631.0 us 107931.0 el 105300.0 wall 5.4 err 0  T 16
Boey 113065954 m -8922.0 us 119764.0 el 128686.0 wall 6.5 err 0  T 17
Boey 113087145 m -21719.0 us 89907.0 el 111626.0 wall 5.6 err 0  T 22
Boey 113112822 m -29199.0 us 65250.0 el 94449.0 wall 5.5 err 0  T 22
Boey 113132794 m -15434.0 us 85126.0 el 100560.0 wall 5.9 err 0  T 23
Boey 113153433 m -12985.0 us 72295.0 el 85280.0 wall 5.6 err 0  T 27
Boey 113179000 m -30787.0 us 82152.0 el 112939.0 wall 5.6 err 0  T 27
Boey 113207353 m -33502.0 us 115911.0 el 149413.0 wall 5.6 err 0  T 29
Boey 113236034 m -20140.0 us 109042.0 el 129182.0 wall 5.7 err 0  T 33
FQ 113095439 m -11132.0 us 77242.0 el 88374.0 wall 6.3 err 0  T 34
FQ 113124487 m -30448.0 us 138501.0 el 168949.0 wall 5.8 err 0  T 35
FQ 113153445 m -25409.0 us 65246.0 el 90655.0 wall 5.5 err 0  T 38
FQ 113180379 m -29771.0 us 91495.0 el 121266.0 wall 5.6 err 0  T 39
FQ 113214242 m -5698.0 us 83207.0 el 88905.0 wall 5.4 err 0  T 40
FQ 113237685 m -14340.0 us 66362.0 el 80702.0 wall 5.7 err 0  T 44
FQ 113257456 m -22750.0 us 65659.0 el 88409.0 wall 5.5 err 0  T 45
FQ 113276019 m -23890.0 us 85199.0 el 109089.0 wall 5.3 err 0  T 45
ALLDONE mf8 24 wins 3 margin -15135
CHAIN_DONE
