24 seats {'TFC': 8, 'Boey': 8, 'FQ': 8}
TFC 113079221 m -6342.0 us 122835.0 el 129177.0 wall 5.9 err 0  T 7
TFC 113097920 m -1969.0 us 85671.0 el 87640.0 wall 5.9 err 0  T 7
TFC 113168578 m 1510.0 us 111030.0 el 109520.0 wall 5.7 err 0  T 7
TFC 113193141 m -5566.0 us 140724.0 el 146290.0 wall 5.8 err 0  T 12
TFC 113203809 m -7883.0 us 68703.0 el 76586.0 wall 5.3 err 0  T 12
TFC 113215092 m 15013.0 us 151545.0 el 136532.0 wall 5.5 err 0  T 12
TFC 113216231 m -12450.0 us 93662.0 el 106112.0 wall 5.5 err 0  T 18
TFC 113229034 m 8400.0 us 112420.0 el 104020.0 wall 5.4 err 0  T 18
Boey 113065954 m -8986.0 us 120900.0 el 129886.0 wall 6.9 err 0  T 19
Boey 113087145 m -28129.0 us 85125.0 el 113254.0 wall 5.3 err 0  T 23
Boey 113112822 m -27974.0 us 65836.0 el 93810.0 wall 5.2 err 0  T 23
Boey 113132794 m -27092.0 us 81921.0 el 109013.0 wall 5.7 err 0  T 25
Boey 113153433 m -16530.0 us 66457.0 el 82987.0 wall 6.0 err 0  T 29
Boey 113179000 m -24984.0 us 84609.0 el 109593.0 wall 5.6 err 0  T 29
Boey 113207353 m -13519.0 us 134626.0 el 148145.0 wall 5.4 err 0  T 30
Boey 113236034 m -21665.0 us 117715.0 el 139380.0 wall 5.4 err 0  T 34
FQ 113095439 m -13179.0 us 73502.0 el 86681.0 wall 5.9 err 0  T 35
FQ 113124487 m -30436.0 us 135276.0 el 165712.0 wall 5.7 err 0  T 36
FQ 113153445 m -27615.0 us 66959.0 el 94574.0 wall 5.6 err 0  T 40
FQ 113180379 m -32990.0 us 86690.0 el 119680.0 wall 5.7 err 0  T 40
FQ 113214242 m -7277.0 us 85752.0 el 93029.0 wall 5.4 err 0  T 42
FQ 113237685 m -16694.0 us 64090.0 el 80784.0 wall 5.6 err 0  T 45
FQ 113257456 m -23086.0 us 61528.0 el 84614.0 wall 5.5 err 0  T 46
FQ 113276019 m -17291.0 us 85613.0 el 102904.0 wall 5.3 err 0  T 47
ALLDONE mf7 24 wins 3 margin -14447
CHAIN_DONE
