24 seats {'TFC': 8, 'Boey': 8, 'FQ': 8}
TFC 113079221 m -26519.0 us 106715.0 el 133234.0 wall 9.8 err 0  T 12
TFC 113097920 m -2554.0 us 90736.0 el 93290.0 wall 9.5 err 0  T 12
TFC 113168578 m -5133.0 us 114064.0 el 119197.0 wall 9.3 err 0  T 12
TFC 113193141 m -8582.0 us 145332.0 el 153914.0 wall 8.0 err 0  T 19
TFC 113203809 m -270.0 us 84483.0 el 84753.0 wall 7.1 err 0  T 19
TFC 113215092 m 8211.0 us 141255.0 el 133044.0 wall 7.5 err 0  T 19
TFC 113216231 m -15973.0 us 98750.0 el 114723.0 wall 7.8 err 0  T 26
TFC 113229034 m 1501.0 us 119898.0 el 118397.0 wall 8.2 err 0  T 27
Boey 113065954 m -14865.0 us 123267.0 el 138132.0 wall 9.7 err 0  T 29
Boey 113087145 m -25452.0 us 97748.0 el 123200.0 wall 8.2 err 0  T 35
Boey 113112822 m -30734.0 us 67730.0 el 98464.0 wall 8.4 err 0  T 36
Boey 113132794 m -20174.0 us 81659.0 el 101833.0 wall 9.1 err 0  T 38
Boey 113153433 m -19237.0 us 71452.0 el 90689.0 wall 8.6 err 0  T 43
Boey 113179000 m -32215.0 us 87685.0 el 119900.0 wall 8.4 err 0  T 44
Boey 113207353 m -37722.0 us 116296.0 el 154018.0 wall 8.3 err 0  T 46
Boey 113236034 m -45896.0 us 112277.0 el 158173.0 wall 8.3 err 0  T 51
FQ 113095439 m -21448.0 us 73504.0 el 94952.0 wall 8.5 err 0  T 53
FQ 113124487 m -47262.0 us 133921.0 el 181183.0 wall 8.4 err 0  T 55
FQ 113153445 m -34857.0 us 74931.0 el 109788.0 wall 8.4 err 0  T 60
FQ 113180379 m -44790.0 us 94835.0 el 139625.0 wall 8.4 err 0  T 61
FQ 113214242 m -18763.0 us 90018.0 el 108781.0 wall 8.4 err 0  T 63
FQ 113237685 m -22763.0 us 64143.0 el 86906.0 wall 9.0 err 0  T 69
FQ 113257456 m -26730.0 us 64229.0 el 90959.0 wall 8.1 err 0  T 69
FQ 113276019 m -31414.0 us 91750.0 el 123164.0 wall 8.0 err 0  T 71
ALLDONE mf1 24 wins 2 margin -21818
CHAIN_DONE
