24 seats {'TFC': 8, 'Boey': 8, 'FQ': 8}
TFC 113079221 m -29486.0 us 105912.0 el 135398.0 wall 8.9 err 0  T 11
TFC 113097920 m -17350.0 us 81770.0 el 99120.0 wall 9.5 err 0  T 11
TFC 113168578 m -23459.0 us 101471.0 el 124930.0 wall 9.4 err 0  T 11
TFC 113193141 m -25814.0 us 132328.0 el 158142.0 wall 8.6 err 0  T 19
TFC 113203809 m -21915.0 us 71915.0 el 93830.0 wall 8.4 err 0  T 20
TFC 113215092 m -12070.0 us 133924.0 el 145994.0 wall 8.4 err 0  T 20
TFC 113216231 m -17231.0 us 98022.0 el 115253.0 wall 9.3 err 0  T 29
TFC 113229034 m -16270.0 us 96303.0 el 112573.0 wall 9.0 err 0  T 29
Boey 113065954 m -15664.0 us 108054.0 el 123718.0 wall 11.9 err 0  T 32
Boey 113087145 m -36180.0 us 82346.0 el 118526.0 wall 9.2 err 0  T 38
Boey 113112822 m -36860.0 us 63306.0 el 100166.0 wall 9.2 err 0  T 38
Boey 113132794 m -31643.0 us 81599.0 el 113242.0 wall 10.1 err 0  T 42
Boey 113153433 m -22398.0 us 68583.0 el 90981.0 wall 11.9 err 0  T 50
Boey 113179000 m -36325.0 us 81692.0 el 118017.0 wall 11.7 err 0  T 50
Boey 113207353 m -43592.0 us 119444.0 el 163036.0 wall 11.1 err 0  T 53
Boey 113236034 m -19199.0 us 97607.0 el 116806.0 wall 9.8 err 0  T 60
FQ 113095439 m -29962.0 us 65387.0 el 95349.0 wall 10.3 err 0  T 60
FQ 113124487 m -41514.0 us 119112.0 el 160626.0 wall 10.6 err 0  T 64
FQ 113153445 m -24400.0 us 60494.0 el 84894.0 wall 9.9 err 0  T 70
FQ 113180379 m -33543.0 us 89997.0 el 123540.0 wall 10.6 err 0  T 71
FQ 113214242 m -13063.0 us 79988.0 el 93051.0 wall 10.0 err 0  T 74
FQ 113237685 m -17079.0 us 67247.0 el 84326.0 wall 11.3 err 0  T 81
FQ 113257456 m -16210.0 us 75482.0 el 91692.0 wall 10.6 err 0  T 82
FQ 113276019 m -15549.0 us 84937.0 el 100486.0 wall 10.5 err 0  T 84
ALLDONE g 24 wins 0 margin -24866
CHAIN_DONE
