24 seats {'TFC': 8, 'Boey': 8, 'FQ': 8}
TFC 113079221 m -23730.0 us 109999.0 el 133729.0 wall 9.8 err 0  T 12
TFC 113097920 m -19243.0 us 80099.0 el 99342.0 wall 10.5 err 0  T 13
TFC 113168578 m -21671.0 us 99954.0 el 121625.0 wall 10.4 err 0  T 13
TFC 113193141 m -28611.0 us 131453.0 el 160064.0 wall 12.6 err 0  T 24
TFC 113203809 m -17841.0 us 67372.0 el 85213.0 wall 12.3 err 0  T 25
TFC 113215092 m -5146.0 us 134989.0 el 140135.0 wall 12.0 err 0  T 25
TFC 113216231 m -15641.0 us 100813.0 el 116454.0 wall 12.1 err 0  T 37
TFC 113229034 m -4994.0 us 100251.0 el 105245.0 wall 11.6 err 0  T 37
Boey 113065954 m -6870.0 us 114008.0 el 120878.0 wall 14.8 err 0  T 40
Boey 113087145 m -26962.0 us 82954.0 el 109916.0 wall 12.3 err 0  T 49
Boey 113112822 m -27758.0 us 66420.0 el 94178.0 wall 11.9 err 0  T 49
Boey 113132794 m -23046.0 us 84715.0 el 107761.0 wall 12.9 err 0  T 53
Boey 113153433 m -16156.0 us 71369.0 el 87525.0 wall 13.3 err 0  T 62
Boey 113179000 m -21798.0 us 83829.0 el 105627.0 wall 12.8 err 0  T 62
Boey 113207353 m -41183.0 us 119695.0 el 160878.0 wall 12.9 err 0  T 66
Boey 113236034 m -18314.0 us 98056.0 el 116370.0 wall 13.0 err 0  T 74
FQ 113095439 m -14644.0 us 76056.0 el 90700.0 wall 13.5 err 0  T 75
FQ 113124487 m -67184.0 us 100213.0 el 167397.0 wall 13.2 err 0  T 79
FQ 113153445 m -20773.0 us 63401.0 el 84174.0 wall 12.8 err 0  T 87
FQ 113180379 m -26581.0 us 90294.0 el 116875.0 wall 12.5 err 0  T 88
FQ 113214242 m -11255.0 us 81761.0 el 93016.0 wall 11.9 err 0  T 91
FQ 113237685 m -19571.0 us 63509.0 el 83080.0 wall 13.6 err 0  T 101
FQ 113257456 m -13094.0 us 72129.0 el 85223.0 wall 12.8 err 0  T 101
FQ 113276019 m -19884.0 us 84538.0 el 104422.0 wall 12.5 err 0  T 103
ALLDONE g2 24 wins 0 margin -21331
CHAIN_DONE
