24 seats {'TFC': 8, 'Boey': 8, 'FQ': 8}
TFC 113079221 m 4019.0 us 117518.0 el 113499.0 wall 8.1 err 0  T 10
TFC 113097920 m -783.0 us 86911.0 el 87694.0 wall 7.9 err 0  T 10
TFC 113168578 m -773.0 us 111650.0 el 112423.0 wall 8.0 err 0  T 10
TFC 113193141 m 3863.0 us 148726.0 el 144863.0 wall 6.8 err 0  T 16
TFC 113203809 m -8934.0 us 71589.0 el 80523.0 wall 7.0 err 0  T 17
TFC 113215092 m 24763.0 us 153787.0 el 129024.0 wall 6.6 err 0  T 17
TFC 113216231 m -16238.0 us 92522.0 el 108760.0 wall 6.9 err 0  T 23
TFC 113229034 m 5231.0 us 107844.0 el 102613.0 wall 6.9 err 0  T 23
Boey 113065954 m -4153.0 us 119086.0 el 123239.0 wall 9.0 err 0  T 26
Boey 113087145 m -23310.0 us 84270.0 el 107580.0 wall 7.0 err 0  T 30
Boey 113112822 m -27565.0 us 65280.0 el 92845.0 wall 7.0 err 0  T 30
Boey 113132794 m -14339.0 us 88544.0 el 102883.0 wall 7.5 err 0  T 33
Boey 113153433 m -9919.0 us 72452.0 el 82371.0 wall 7.4 err 0  T 38
Boey 113179000 m -28567.0 us 80180.0 el 108747.0 wall 7.5 err 0  T 38
Boey 113207353 m -32488.0 us 116897.0 el 149385.0 wall 7.2 err 0  T 40
Boey 113236034 m -15722.0 us 108850.0 el 124572.0 wall 7.1 err 0  T 45
FQ 113095439 m -16976.0 us 72584.0 el 89560.0 wall 7.5 err 0  T 45
FQ 113124487 m -31237.0 us 130244.0 el 161481.0 wall 7.8 err 0  T 48
FQ 113153445 m -22851.0 us 66297.0 el 89148.0 wall 8.3 err 0  T 53
FQ 113180379 m -27453.0 us 85664.0 el 113117.0 wall 8.5 err 0  T 54
FQ 113214242 m -5945.0 us 81026.0 el 86971.0 wall 8.2 err 0  T 56
FQ 113237685 m -14772.0 us 64627.0 el 79399.0 wall 8.4 err 0  T 61
FQ 113257456 m -21786.0 us 64080.0 el 85866.0 wall 7.8 err 0  T 62
FQ 113276019 m -20236.0 us 85032.0 el 105268.0 wall 7.7 err 0  T 64
ALLDONE mf9 24 wins 4 margin -12757
CHAIN_DONE
CHAIN_DONE
