   ━━━━━━━━━━━━━━━━━━━━━━━━━━━━━━━━━━━━━━━━ 60.7/60.7 MB 29.1 MB/s eta 0:00:00
tasks 600 procs 4 setup 35 s
OpenSpiel exception: Unknown game 'go_fish'. Available games are:
2048
add_noise
amazons
ant_foraging_arena
antichess
backgammon
backgammon_proxy
banqi
bargaining
battleship
blackjack
blotto
breakthrough
bridge
bridge_arena
bridge_uncontested_bidding
cached_tree
catch
checkers
chess
chinese_checkers
cliff_walking
clobber
clobber_proxy
coin_game
coin_game_arena
colored_trails
connect_four
coop_box_pushing
coop_to_1p
coordinated_mp
crazy_eights
crazyhouse
cribbage
cursor_go
dark_chess
dark_hex
dark_hex_ir
deep_sea
dots_and_boxes
dots_and_boxes_proxy
dou_dizhu
efg_game
einstein_wurfelt_nicht
euchre
first_sealed_auction
gin_rummy
gin_rummy_proxy
go
gomoku
goofspiel
hanabi
havannah
havannah_proxy
hearts
hex
hive
kriegspiel
kuhn_poker
laser_tag
latent_ttt
leduc_poker
lewis_signaling
liars_dice
liars_dice_ir
lines_of_action
lines_of_action_proxy
maedn
mancala
mancala_proxy
markov_soccer
matching_pennies_3p
matrix_bos
matrix_brps
matrix_cd
matrix_coordination
matrix_mp
matrix_pd
matrix_rps
matrix_rpsw
matrix_sh
matrix_shapleys_game
mfg_crowd_modelling
mfg_crowd_modelling_2d
mfg_dynamic_routing
mfg_garnet
misere
mnk
morpion_solitaire
negotiation
nfg_game
nim
nine_mens_morris
nine_mens_morris_proxy
normal_form_extensive_game
oh_hell
oshi_zumo
othello
oware
pathfinding
pentago
phantom_go
phantom_ttt
phantom_ttt_ir
pig
quoridor
rbc
repeated_game
repeated_leduc_poker
repeated_poker
restricted_nash_response
sheriff
shogi
shogi_proxy
skat
snake
solitaire
spades
start_at
stones_and_gems
tarok
tic_tac_toe
tiny_bridge_2p
tiny_bridge_4p
tiny_hanabi
trade_comm
turn_based_simultaneous_game
twixt
ultimate_tic_tac_toe
ultimate_tic_tac_toe_proxy
universal_poker
xiangqi
y
y_proxy
yacht
zerosum
OpenSpiel exception: OpenSpiel exception: Unknown game 'go_fish'. Available games are:
2048
add_noise
amazons
ant_foraging_arena
antichess
backgammon
backgammon_proxy
banqi
bargaining
battleship
blackjack
blotto
breakthrough
bridge
bridge_arena
bridge_uncontested_bidding
cached_tree
catch
checkers
chess
chinese_checkers
cliff_walking
clobber
clobber_proxy
coin_game
coin_game_arena
colored_trails
connect_four
coop_box_pushing
coop_to_1p
coordinated_mp
crazy_eights
crazyhouse
cribbage
cursor_go
dark_chess
dark_hex
dark_hex_ir
deep_sea
dots_and_boxes
dots_and_boxes_proxy
dou_dizhu
efg_game
einstein_wurfelt_nicht
euchre
first_sealed_auction
gin_rummy
gin_rummy_proxy
go
gomoku
goofspiel
hanabi
havannah
havannah_proxy
hearts
hex
hive
kriegspiel
kuhn_poker
laser_tag
latent_ttt
leduc_poker
lewis_signaling
liars_dice
liars_dice_ir
lines_of_action
lines_of_action_proxy
maedn
mancala
mancala_proxy
markov_soccer
matching_pennies_3p
matrix_bos
matrix_brps
matrix_cd
matrix_coordination
matrix_mp
matrix_pd
matrix_rps
matrix_rpsw
matrix_sh
matrix_shapleys_game
mfg_crowd_modelling
mfg_crowd_modelling_2d
mfg_dynamic_routing
mfg_garnet
misere
mnk
morpion_solitaire
negotiation
nfg_game
nim
nine_mens_morris
nine_mens_morris_proxy
normal_form_extensive_game
oh_hell
oshi_zumo
othello
oware
pathfinding
pentago
phantom_go
phantom_ttt
phantom_ttt_ir
pig
quoridor
rbc
repeated_game
repeated_leduc_poker
repeated_poker
restricted_nash_response
sheriff
shogi
shogi_proxy
skat
snake
solitaire
spades
start_at
stones_and_gems
tarok
tic_tac_toe
tiny_bridge_2p
tiny_bridge_4p
tiny_hanabi
trade_comm
turn_based_simultaneous_game
twixt
ultimate_tic_tac_toe
ultimate_tic_tac_toe_proxy
universal_poker
xiangqi
y
y_proxy
yacht
zerosumUnknown game 'go_fish'. Available games are:
2048
add_noise
amazons
ant_foraging_arena
antichess
backgammon
backgammon_proxy
banqi
bargaining
battleship
blackjack
blotto
breakthrough
bridge
bridge_arena
bridge_uncontested_bidding
cached_tree
catch
checkers
chess
chinese_checkers
cliff_walking
clobber
clobber_proxy
coin_game
coin_game_arena
colored_trails
connect_four
coop_box_pushing
coop_to_1p
coordinated_mp
crazy_eights
crazyhouse
cribbage
cursor_go
dark_chess
dark_hex
dark_hex_ir
deep_sea
dots_and_boxes
dots_and_boxes_proxy
dou_dizhu
efg_game
einstein_wurfelt_nicht
euchre
first_sealed_auction
gin_rummy
gin_rummy_proxy
go
gomoku
goofspiel
hanabi
havannah
havannah_proxy
hearts
hex
hive
kriegspiel
kuhn_poker
laser_tag
latent_ttt
leduc_poker
lewis_signaling
liars_dice
liars_dice_ir
lines_of_action
lines_of_action_proxy
maedn
mancala
mancala_proxy
markov_soccer
matching_pennies_3p
matrix_bos
matrix_brps
matrix_cd
matrix_coordination
matrix_mp
matrix_pd
matrix_rps
matrix_rpsw
matrix_sh
matrix_shapleys_game
mfg_crowd_modelling
mfg_crowd_modelling_2d
mfg_dynamic_routing
mfg_garnet
misere
mnk
morpion_solitaire
negotiation
nfg_game
nim
nine_mens_morris
nine_mens_morris_proxy
normal_form_extensive_game
oh_hell
oshi_zumo
othello
oware
pathfinding
pentago
phantom_go
phantom_ttt
phantom_ttt_ir
pig
quoridor
rbc
repeated_game
repeated_leduc_poker
repeated_poker
restricted_nash_response
sheriff
shogi
shogi_proxy
skat
snake
solitaire
spades
start_at
stones_and_gems
tarok
tic_tac_toe
tiny_bridge_2p
tiny_bridge_4p
tiny_hanabi
trade_comm
turn_based_simultaneous_game
twixt
ultimate_tic_tac_toe
ultimate_tic_tac_toe_proxy
universal_poker
xiangqi
y
y_proxy
yacht
zerosum

OpenSpiel exception: Unknown game 'go_fish'. Available games are:
2048
add_noise
amazons
ant_foraging_arena
antichess
backgammon
backgammon_proxy
banqi
bargaining
battleship
blackjack
blotto
breakthrough
bridge
bridge_arena
bridge_uncontested_bidding
cached_tree
catch
checkers
chess
chinese_checkers
cliff_walking
clobber
clobber_proxy
coin_game
coin_game_arena
colored_trails
connect_four
coop_box_pushing
coop_to_1p
coordinated_mp
crazy_eights
crazyhouse
cribbage
cursor_go
dark_chess
dark_hex
dark_hex_ir
deep_sea
dots_and_boxes
dots_and_boxes_proxy
dou_dizhu
efg_game
einstein_wurfelt_nicht
euchre
first_sealed_auction
gin_rummy
gin_rummy_proxy
go
gomoku
goofspiel
hanabi
havannah
havannah_proxy
hearts
hex
hive
kriegspiel
kuhn_poker
laser_tag
latent_ttt
leduc_poker
lewis_signaling
liars_dice
liars_dice_ir
lines_of_action
lines_of_action_proxy
maedn
mancala
mancala_proxy
markov_soccer
matching_pennies_3p
matrix_bos
matrix_brps
matrix_cd
matrix_coordination
matrix_mp
matrix_pd
matrix_rps
matrix_rpsw
matrix_sh
matrix_shapleys_game
mfg_crowd_modelling
mfg_crowd_modelling_2d
mfg_dynamic_routing
mfg_garnet
misere
mnk
morpion_solitaire
negotiation
nfg_game
nim
nine_mens_morris
nine_mens_morris_proxy
normal_form_extensive_game
oh_hell
oshi_zumo
othello
oware
pathfinding
pentago
phantom_go
phantom_ttt
phantom_ttt_ir
pig
quoridor
rbc
repeated_game
repeated_leduc_poker
repeated_poker
restricted_nash_response
sheriff
shogi
shogi_proxy
skat
snake
solitaire
spades
start_at
stones_and_gems
tarok
tic_tac_toe
tiny_bridge_2p
tiny_bridge_4p
tiny_hanabi
trade_comm
turn_based_simultaneous_game
twixt
ultimate_tic_tac_toe
ultimate_tic_tac_toe_proxy
universal_poker
xiangqi
y
y_proxy
yacht
zerosum
OpenSpiel exception: OpenSpiel exception: Unknown game 'capture_the_flag'. Available games are:
2048
add_noise
amazons
amazons_proxy
ant_foraging_arena
antichess
backgammon
backgammon_proxy
banqi
bargaining
bargaining_proxy
battleship
blackjack
blotto
breakthrough
bridge
bridge_arena
bridge_uncontested_bidding
cached_tree
catch
checkers
chess
chinese_checkers
cliff_walking
clobber
clobber_proxy
coin_game
coin_game_arena
colored_trails
connect_four
coop_box_pushing
coop_to_1p
coordinated_mp
crazy_eights
crazyhouse
cribbage
cursor_go
dark_chess
dark_hex
dark_hex_ir
deep_sea
dots_and_boxes
dots_and_boxes_proxy
dou_dizhu
efg_game
einstein_wurfelt_nicht
euchre
first_sealed_auction
gin_rummy
gin_rummy_proxy
go
gomoku
goofspiel
hanabi
havannah
havannah_proxy
hearts
hex
hive
kriegspiel
kuhn_poker
laser_tag
latent_ttt
leduc_poker
lewis_signaling
liars_dice
liars_dice_ir
lines_of_action
lines_of_action_proxy
maedn
mancala
mancala_proxy
markov_soccer
matching_pennies_3p
matrix_bos
matrix_brps
matrix_cd
matrix_coordination
matrix_mp
matrix_pd
matrix_rps
matrix_rpsw
matrix_sh
matrix_shapleys_game
mfg_crowd_modelling
mfg_crowd_modelling_2d
mfg_dynamic_routing
mfg_garnet
misere
mnk
morpion_solitaire
negotiation
negotiation_proxy
nfg_game
nim
nine_mens_morris
nine_mens_morris_proxy
normal_form_extensive_game
oh_hell
oshi_zumo
oshi_zumo_proxy
othello
oware
pathfinding
pentago
phantom_go
phantom_ttt
phantom_ttt_ir
pig
quoridor
rbc
repeated_game
repeated_leduc_poker
repeated_poker
restricted_nash_response
sheriff
shogi
shogi_proxy
skat
snake
solitaire
spades
start_at
stones_and_gems
tarok
tic_tac_toe
tiny_bridge_2p
tiny_bridge_4p
tiny_hanabi
trade_comm
turn_based_simultaneous_game
twixt
ultimate_tic_tac_toe
ultimate_tic_tac_toe_proxy
universal_poker
xiangqi
y
y_proxy
yacht
zerosumUnknown game 'capture_the_flag'. Available games are:
2048
add_noise
amazons
amazons_proxy
ant_foraging_arena
antichess
backgammon
backgammon_proxy
banqi
bargaining
bargaining_proxy
battleship
blackjack
blotto
breakthrough
bridge
bridge_arena
bridge_uncontested_bidding
cached_tree
catch
checkers
chess
chinese_checkers
cliff_walking
clobber
clobber_proxy
coin_game
coin_game_arena
colored_trails
connect_four
coop_box_pushing
coop_to_1p
coordinated_mp
crazy_eights
crazyhouse
cribbage
cursor_go
dark_chess
dark_hex
dark_hex_ir
deep_sea
dots_and_boxes
dots_and_boxes_proxy
dou_dizhu
efg_game
einstein_wurfelt_nicht
euchre
first_sealed_auction
gin_rummy
gin_rummy_proxy
go
gomoku
goofspiel
hanabi
havannah
havannah_proxy
hearts
hex
hive
kriegspiel
kuhn_poker
laser_tag
latent_ttt
leduc_poker
lewis_signaling
liars_dice
liars_dice_ir
lines_of_action
lines_of_action_proxy
maedn
mancala
mancala_proxy
markov_soccer
matching_pennies_3p
matrix_bos
matrix_brps
matrix_cd
matrix_coordination
matrix_mp
matrix_pd
matrix_rps
matrix_rpsw
matrix_sh
matrix_shapleys_game
mfg_crowd_modelling
mfg_crowd_modelling_2d
mfg_dynamic_routing
mfg_garnet
misere
mnk
morpion_solitaire
negotiation
negotiation_proxy
nfg_game
nim
nine_mens_morris
nine_mens_morris_proxy
normal_form_extensive_game
oh_hell
oshi_zumo
oshi_zumo_proxy
othello
oware
pathfinding
pentago
phantom_go
phantom_ttt
phantom_ttt_ir
pig
quoridor
rbc
repeated_game
repeated_leduc_poker
repeated_poker
restricted_nash_response
sheriff
shogi
shogi_proxy
skat
snake
solitaire
spades
start_at
stones_and_gems
tarok
tic_tac_toe
tiny_bridge_2p
tiny_bridge_4p
tiny_hanabi
trade_comm
turn_based_simultaneous_game
twixt
ultimate_tic_tac_toe
ultimate_tic_tac_toe_proxy
universal_poker
xiangqi
y
y_proxy
yacht
zerosum

OpenSpiel exception: OpenSpiel exception: Unknown game 'capture_the_flag'. Available games are:
2048
add_noise
amazons
amazons_proxy
ant_foraging_arena
antichess
backgammon
backgammon_proxy
banqi
bargaining
bargaining_proxy
battleship
blackjack
blotto
breakthrough
bridge
bridge_arena
bridge_uncontested_bidding
cached_tree
catch
checkers
chess
chinese_checkers
cliff_walking
clobber
clobber_proxy
coin_game
coin_game_arena
colored_trails
connect_four
coop_box_pushing
coop_to_1p
coordinated_mp
crazy_eights
crazyhouse
cribbage
cursor_go
dark_chess
dark_hex
dark_hex_ir
deep_sea
dots_and_boxes
dots_and_boxes_proxy
dou_dizhu
efg_game
einstein_wurfelt_nicht
euchre
first_sealed_auction
gin_rummy
gin_rummy_proxy
go
gomoku
goofspiel
hanabi
havannah
havannah_proxy
hearts
hex
hive
kriegspiel
kuhn_poker
laser_tag
latent_ttt
leduc_poker
lewis_signaling
liars_dice
liars_dice_ir
lines_of_action
lines_of_action_proxy
maedn
mancala
mancala_proxy
markov_soccer
matching_pennies_3p
matrix_bos
matrix_brps
matrix_cd
matrix_coordination
matrix_mp
matrix_pd
matrix_rps
matrix_rpsw
matrix_sh
matrix_shapleys_game
mfg_crowd_modelling
mfg_crowd_modelling_2d
mfg_dynamic_routing
mfg_garnet
misere
mnk
morpion_solitaire
negotiation
negotiation_proxy
nfg_game
nim
nine_mens_morris
nine_mens_morris_proxy
normal_form_extensive_game
oh_hell
oshi_zumo
oshi_zumo_proxy
othello
oware
pathfinding
pentago
phantom_go
phantom_ttt
phantom_ttt_ir
pig
quoridor
rbc
repeated_game
repeated_leduc_poker
repeated_poker
restricted_nash_response
sheriff
shogi
shogi_proxy
skat
snake
solitaire
spades
start_at
stones_and_gems
tarok
tic_tac_toe
tiny_bridge_2p
tiny_bridge_4p
tiny_hanabi
trade_comm
turn_based_simultaneous_game
twixt
ultimate_tic_tac_toe
ultimate_tic_tac_toe_proxy
universal_poker
xiangqi
y
y_proxy
yacht
zerosumUnknown game 'capture_the_flag'. Available games are:
2048
add_noise
amazons
amazons_proxy
ant_foraging_arena
antichess
backgammon
backgammon_proxy
banqi
bargaining
bargaining_proxy
battleship
blackjack
blotto
breakthrough
bridge
bridge_arena
bridge_uncontested_bidding
cached_tree
catch
checkers
chess
chinese_checkers
cliff_walking
clobber
clobber_proxy
coin_game
coin_game_arena
colored_trails
connect_four
coop_box_pushing
coop_to_1p
coordinated_mp
crazy_eights
crazyhouse
cribbage
cursor_go
dark_chess
dark_hex
dark_hex_ir
deep_sea
dots_and_boxes
dots_and_boxes_proxy
dou_dizhu
efg_game
einstein_wurfelt_nicht
euchre
first_sealed_auction
gin_rummy
gin_rummy_proxy
go
gomoku
goofspiel
hanabi
havannah
havannah_proxy
hearts
hex
hive
kriegspiel
kuhn_poker
laser_tag
latent_ttt
leduc_poker
lewis_signaling
liars_dice
liars_dice_ir
lines_of_action
lines_of_action_proxy
maedn
mancala
mancala_proxy
markov_soccer
matching_pennies_3p
matrix_bos
matrix_brps
matrix_cd
matrix_coordination
matrix_mp
matrix_pd
matrix_rps
matrix_rpsw
matrix_sh
matrix_shapleys_game
mfg_crowd_modelling
mfg_crowd_modelling_2d
mfg_dynamic_routing
mfg_garnet
misere
mnk
morpion_solitaire
negotiation
negotiation_proxy
nfg_game
nim
nine_mens_morris
nine_mens_morris_proxy
normal_form_extensive_game
oh_hell
oshi_zumo
oshi_zumo_proxy
othello
oware
pathfinding
pentago
phantom_go
phantom_ttt
phantom_ttt_ir
pig
quoridor
rbc
repeated_game
repeated_leduc_poker
repeated_poker
restricted_nash_response
sheriff
shogi
shogi_proxy
skat
snake
solitaire
spades
start_at
stones_and_gems
tarok
tic_tac_toe
tiny_bridge_2p
tiny_bridge_4p
tiny_hanabi
trade_comm
turn_based_simultaneous_game
twixt
ultimate_tic_tac_toe
ultimate_tic_tac_toe_proxy
universal_poker
xiangqi
y
y_proxy
yacht
zerosum

OpenSpiel exception: Unknown game 'capture_the_flag'. Available games are:
2048
add_noise
amazons
amazons_proxy
ant_foraging_arena
antichess
backgammon
backgammon_proxy
banqi
bargaining
bargaining_proxy
battleship
blackjack
blotto
breakthrough
breakthrough_proxy
bridge
bridge_arena
bridge_uncontested_bidding
cached_tree
catch
chat_game
checkers
checkers_proxy
chess
chinese_checkers
cliff_walking
clobber
clobber_proxy
coin_game
coin_game_arena
coin_game_proxy
colored_trails
connect_four
connect_four_proxy
coop_box_pushing
coop_to_1p
coordinated_mp
crazy_eights
crazyhouse
cribbage
cursor_go
dark_chess
dark_hex
dark_hex_ir
dark_hex_proxy
deep_sea
dots_and_boxes
dots_and_boxes_proxy
dou_dizhu
efg_game
einstein_wurfelt_nicht
euchre
first_sealed_auction
gin_rummy
gin_rummy_proxy
go
go_proxy
gomoku
goofspiel
hanabi
havannah
havannah_proxy
hearts
hex
hive
hive_proxy
kriegspiel
kuhn_poker
laser_tag
latent_ttt
leduc_poker
lewis_signaling
liars_dice
liars_dice_ir
lines_of_action
lines_of_action_proxy
maedn
mancala
mancala_proxy
markov_soccer
markov_soccer_proxy
matching_pennies_3p
matrix_bos
matrix_brps
matrix_cd
matrix_coordination
matrix_mp
matrix_pd
matrix_rps
matrix_rpsw
matrix_sh
matrix_shapleys_game
mfg_crowd_modelling
mfg_crowd_modelling_2d
mfg_dynamic_routing
mfg_garnet
misere
mnk
morpion_solitaire
negotiation
negotiation_proxy
nfg_game
nim
nine_mens_morris
nine_mens_morris_proxy
normal_form_extensive_game
oh_hell
oshi_zumo
oshi_zumo_proxy
othello
othello_proxy
oware
pathfinding
pentago
phantom_go
phantom_ttt
phantom_ttt_ir
pig
python_ant_foraging
python_ant_foraging_proxy
python_block_dominoes
python_dynamic_routing
python_hangman
python_iterated_prisoners_dilemma
python_kuhn_poker
python_liars_poker
python_pokerkit_wrapper
python_pokerkit_wrapper_acpc_style
python_repeated_pokerkit
python_team_dominoes
python_tic_tac_toe
quoridor
rbc
repeated_game
repeated_leduc_poker
repeated_poker
restricted_nash_response
sheriff
shogi
shogi_proxy
skat
snake
snake_proxy
solitaire
spades
start_at
stones_and_gems
tarok
tic_tac_toe
tiny_bridge_2p
tiny_bridge_4p
tiny_hanabi
trade_comm
turn_based_simultaneous_game
twixt
ultimate_tic_tac_toe
ultimate_tic_tac_toe_proxy
universal_poker
xiangqi
y
y_proxy
yacht
zerosum
OpenSpiel exception: Unknown game 'capture_the_flag'. Available games are:
2048
add_noise
amazons
amazons_proxy
ant_foraging_arena
antichess
backgammon
backgammon_proxy
banqi
bargaining
bargaining_proxy
battleship
blackjack
blotto
breakthrough
breakthrough_proxy
bridge
bridge_arena
bridge_uncontested_bidding
cached_tree
catch
chat_game
checkers
checkers_proxy
chess
chinese_checkers
cliff_walking
clobber
clobber_proxy
coin_game
coin_game_arena
coin_game_proxy
colored_trails
connect_four
connect_four_proxy
coop_box_pushing
coop_to_1p
coordinated_mp
crazy_eights
crazyhouse
cribbage
cursor_go
dark_chess
dark_hex
dark_hex_ir
dark_hex_proxy
deep_sea
dots_and_boxes
dots_and_boxes_proxy
dou_dizhu
efg_game
einstein_wurfelt_nicht
euchre
first_sealed_auction
gin_rummy
gin_rummy_proxy
go
go_proxy
gomoku
goofspiel
hanabi
havannah
havannah_proxy
hearts
hex
hive
hive_proxy
kriegspiel
kuhn_poker
laser_tag
latent_ttt
leduc_poker
lewis_signaling
liars_dice
liars_dice_ir
lines_of_action
lines_of_action_proxy
maedn
mancala
mancala_proxy
markov_soccer
markov_soccer_proxy
matching_pennies_3p
matrix_bos
matrix_brps
matrix_cd
matrix_coordination
matrix_mp
matrix_pd
matrix_rps
matrix_rpsw
matrix_sh
matrix_shapleys_game
mfg_crowd_modelling
mfg_crowd_modelling_2d
mfg_dynamic_routing
mfg_garnet
misere
mnk
morpion_solitaire
negotiation
negotiation_proxy
nfg_game
nim
nine_mens_morris
nine_mens_morris_proxy
normal_form_extensive_game
oh_hell
oshi_zumo
oshi_zumo_proxy
othello
othello_proxy
oware
pathfinding
pentago
phantom_go
phantom_ttt
phantom_ttt_ir
pig
python_ant_foraging
python_ant_foraging_proxy
python_block_dominoes
python_dynamic_routing
python_hangman
python_iterated_prisoners_dilemma
python_kuhn_poker
python_liars_poker
python_pokerkit_wrapper
python_pokerkit_wrapper_acpc_style
python_repeated_pokerkit
python_team_dominoes
python_tic_tac_toe
quoridor
rbc
repeated_game
repeated_leduc_poker
repeated_poker
restricted_nash_response
sheriff
shogi
shogi_proxy
skat
snake
snake_proxy
solitaire
spades
start_at
stones_and_gems
tarok
tic_tac_toe
tiny_bridge_2p
tiny_bridge_4p
tiny_hanabi
trade_comm
turn_based_simultaneous_game
twixt
ultimate_tic_tac_toe
ultimate_tic_tac_toe_proxy
universal_poker
xiangqi
y
y_proxy
yacht
zerosum
OpenSpiel exception: Unknown game 'capture_the_flag'. Available games are:
2048
add_noise
amazons
amazons_proxy
ant_foraging_arena
antichess
backgammon
backgammon_proxy
banqi
bargaining
bargaining_proxy
battleship
blackjack
blotto
breakthrough
breakthrough_proxy
bridge
bridge_arena
bridge_uncontested_bidding
cached_tree
catch
chat_game
checkers
checkers_proxy
chess
chinese_checkers
cliff_walking
clobber
clobber_proxy
coin_game
coin_game_arena
coin_game_proxy
colored_trails
connect_four
connect_four_proxy
coop_box_pushing
coop_to_1p
coordinated_mp
crazy_eights
crazyhouse
cribbage
cursor_go
dark_chess
dark_hex
dark_hex_ir
dark_hex_proxy
deep_sea
dots_and_boxes
dots_and_boxes_proxy
dou_dizhu
efg_game
einstein_wurfelt_nicht
euchre
first_sealed_auction
gin_rummy
gin_rummy_proxy
go
go_proxy
gomoku
goofspiel
hanabi
havannah
havannah_proxy
hearts
hex
hive
hive_proxy
kriegspiel
kuhn_poker
laser_tag
latent_ttt
leduc_poker
lewis_signaling
liars_dice
liars_dice_ir
lines_of_action
lines_of_action_proxy
maedn
mancala
mancala_proxy
markov_soccer
markov_soccer_proxy
matching_pennies_3p
matrix_bos
matrix_brps
matrix_cd
matrix_coordination
matrix_mp
matrix_pd
matrix_rps
matrix_rpsw
matrix_sh
matrix_shapleys_game
mfg_crowd_modelling
mfg_crowd_modelling_2d
mfg_dynamic_routing
mfg_garnet
misere
mnk
morpion_solitaire
negotiation
negotiation_proxy
nfg_game
nim
nine_mens_morris
nine_mens_morris_proxy
normal_form_extensive_game
oh_hell
oshi_zumo
oshi_zumo_proxy
othello
othello_proxy
oware
pathfinding
pentago
phantom_go
phantom_ttt
phantom_ttt_ir
pig
python_ant_foraging
python_ant_foraging_proxy
python_block_dominoes
python_dynamic_routing
python_hangman
python_iterated_prisoners_dilemma
python_kuhn_poker
python_liars_poker
python_pokerkit_wrapper
python_pokerkit_wrapper_acpc_style
python_repeated_pokerkit
python_team_dominoes
python_tic_tac_toe
quoridor
rbc
repeated_game
repeated_leduc_poker
repeated_poker
restricted_nash_response
sheriff
shogi
shogi_proxy
skat
snake
snake_proxy
solitaire
spades
start_at
stones_and_gems
tarok
tic_tac_toe
tiny_bridge_2p
tiny_bridge_4p
tiny_hanabi
trade_comm
turn_based_simultaneous_game
twixt
ultimate_tic_tac_toe
ultimate_tic_tac_toe_proxy
universal_poker
xiangqi
y
y_proxy
yacht
zerosum
OpenSpiel exception: Unknown game 'capture_the_flag'. Available games are:
2048
add_noise
amazons
amazons_proxy
ant_foraging_arena
antichess
backgammon
backgammon_proxy
banqi
bargaining
bargaining_proxy
battleship
blackjack
blotto
breakthrough
breakthrough_proxy
bridge
bridge_arena
bridge_uncontested_bidding
cached_tree
catch
chat_game
checkers
checkers_proxy
chess
chinese_checkers
cliff_walking
clobber
clobber_proxy
coin_game
coin_game_arena
coin_game_proxy
colored_trails
connect_four
connect_four_proxy
coop_box_pushing
coop_to_1p
coordinated_mp
crazy_eights
crazyhouse
cribbage
cursor_go
dark_chess
dark_hex
dark_hex_ir
dark_hex_proxy
deep_sea
dots_and_boxes
dots_and_boxes_proxy
dou_dizhu
efg_game
einstein_wurfelt_nicht
euchre
first_sealed_auction
gin_rummy
gin_rummy_proxy
go
go_proxy
gomoku
goofspiel
hanabi
havannah
havannah_proxy
hearts
hex
hive
hive_proxy
kriegspiel
kuhn_poker
laser_tag
latent_ttt
leduc_poker
lewis_signaling
liars_dice
liars_dice_ir
lines_of_action
lines_of_action_proxy
maedn
mancala
mancala_proxy
markov_soccer
markov_soccer_proxy
matching_pennies_3p
matrix_bos
matrix_brps
matrix_cd
matrix_coordination
matrix_mp
matrix_pd
matrix_rps
matrix_rpsw
matrix_sh
matrix_shapleys_game
mfg_crowd_modelling
mfg_crowd_modelling_2d
mfg_dynamic_routing
mfg_garnet
misere
mnk
morpion_solitaire
negotiation
negotiation_proxy
nfg_game
nim
nine_mens_morris
nine_mens_morris_proxy
normal_form_extensive_game
oh_hell
oshi_zumo
oshi_zumo_proxy
othello
othello_proxy
oware
pathfinding
pentago
phantom_go
phantom_ttt
phantom_ttt_ir
pig
python_ant_foraging
python_ant_foraging_proxy
python_block_dominoes
python_dynamic_routing
python_hangman
python_iterated_prisoners_dilemma
python_kuhn_poker
python_liars_poker
python_pokerkit_wrapper
python_pokerkit_wrapper_acpc_style
python_repeated_pokerkit
python_team_dominoes
python_tic_tac_toe
quoridor
rbc
repeated_game
repeated_leduc_poker
repeated_poker
restricted_nash_response
sheriff
shogi
shogi_proxy
skat
snake
snake_proxy
solitaire
spades
start_at
stones_and_gems
tarok
tic_tac_toe
tiny_bridge_2p
tiny_bridge_4p
tiny_hanabi
trade_comm
turn_based_simultaneous_game
twixt
ultimate_tic_tac_toe
ultimate_tic_tac_toe_proxy
universal_poker
xiangqi
y
y_proxy
yacht
zerosum
OpenSpiel exception: Unknown game 'go_fish'. Available games are:
2048
add_noise
amazons
amazons_proxy
ant_foraging_arena
antichess
backgammon
backgammon_proxy
banqi
bargaining
bargaining_proxy
battleship
blackjack
blotto
breakthrough
breakthrough_proxy
bridge
bridge_arena
bridge_uncontested_bidding
cached_tree
catch
chat_game
checkers
checkers_proxy
chess
chinese_checkers
cliff_walking
clobber
clobber_proxy
coin_game
coin_game_arena
coin_game_proxy
colored_trails
connect_four
connect_four_proxy
coop_box_pushing
coop_to_1p
coordinated_mp
crazy_eights
crazyhouse
cribbage
cursor_go
dark_chess
dark_hex
dark_hex_ir
dark_hex_proxy
deep_sea
dots_and_boxes
dots_and_boxes_proxy
dou_dizhu
efg_game
einstein_wurfelt_nicht
euchre
first_sealed_auction
gin_rummy
gin_rummy_proxy
go
go_proxy
gomoku
goofspiel
hanabi
havannah
havannah_proxy
hearts
hex
hive
hive_proxy
kriegspiel
kuhn_poker
laser_tag
latent_ttt
leduc_poker
lewis_signaling
liars_dice
liars_dice_ir
lines_of_action
lines_of_action_proxy
maedn
mancala
mancala_proxy
markov_soccer
markov_soccer_proxy
matching_pennies_3p
matrix_bos
matrix_brps
matrix_cd
matrix_coordination
matrix_mp
matrix_pd
matrix_rps
matrix_rpsw
matrix_sh
matrix_shapleys_game
mfg_crowd_modelling
mfg_crowd_modelling_2d
mfg_dynamic_routing
mfg_garnet
misere
mnk
morpion_solitaire
negotiation
negotiation_proxy
nfg_game
nim
nine_mens_morris
nine_mens_morris_proxy
normal_form_extensive_game
oh_hell
oshi_zumo
oshi_zumo_proxy
othello
othello_proxy
oware
pathfinding
pentago
phantom_go
phantom_ttt
phantom_ttt_ir
pig
python_ant_foraging
python_ant_foraging_proxy
python_block_dominoes
python_dynamic_routing
python_hangman
python_iterated_prisoners_dilemma
python_kuhn_poker
python_liars_poker
python_pokerkit_wrapper
python_pokerkit_wrapper_acpc_style
python_repeated_pokerkit
python_team_dominoes
python_tic_tac_toe
quoridor
rbc
repeated_game
repeated_leduc_poker
repeated_poker
restricted_nash_response
sheriff
shogi
shogi_proxy
skat
snake
snake_proxy
solitaire
spades
start_at
stones_and_gems
tarok
tic_tac_toe
tiny_bridge_2p
tiny_bridge_4p
tiny_hanabi
trade_comm
turn_based_simultaneous_game
twixt
ultimate_tic_tac_toe
ultimate_tic_tac_toe_proxy
universal_poker
xiangqi
y
y_proxy
yacht
zerosum
OpenSpiel exception: Unknown game 'go_fish'. Available games are:
2048
add_noise
amazons
amazons_proxy
ant_foraging_arena
antichess
backgammon
backgammon_proxy
banqi
bargaining
bargaining_proxy
battleship
blackjack
blotto
breakthrough
breakthrough_proxy
bridge
bridge_arena
bridge_uncontested_bidding
cached_tree
catch
chat_game
checkers
checkers_proxy
chess
chinese_checkers
cliff_walking
clobber
clobber_proxy
coin_game
coin_game_arena
coin_game_proxy
colored_trails
connect_four
connect_four_proxy
coop_box_pushing
coop_to_1p
coordinated_mp
crazy_eights
crazyhouse
cribbage
cursor_go
dark_chess
dark_hex
dark_hex_ir
dark_hex_proxy
deep_sea
dots_and_boxes
dots_and_boxes_proxy
dou_dizhu
efg_game
einstein_wurfelt_nicht
euchre
first_sealed_auction
gin_rummy
gin_rummy_proxy
go
go_proxy
gomoku
goofspiel
hanabi
havannah
havannah_proxy
hearts
hex
hive
hive_proxy
kriegspiel
kuhn_poker
laser_tag
latent_ttt
leduc_poker
lewis_signaling
liars_dice
liars_dice_ir
lines_of_action
lines_of_action_proxy
maedn
mancala
mancala_proxy
markov_soccer
markov_soccer_proxy
matching_pennies_3p
matrix_bos
matrix_brps
matrix_cd
matrix_coordination
matrix_mp
matrix_pd
matrix_rps
matrix_rpsw
matrix_sh
matrix_shapleys_game
mfg_crowd_modelling
mfg_crowd_modelling_2d
mfg_dynamic_routing
mfg_garnet
misere
mnk
morpion_solitaire
negotiation
negotiation_proxy
nfg_game
nim
nine_mens_morris
nine_mens_morris_proxy
normal_form_extensive_game
oh_hell
oshi_zumo
oshi_zumo_proxy
othello
othello_proxy
oware
pathfinding
pentago
phantom_go
phantom_ttt
phantom_ttt_ir
pig
python_ant_foraging
python_ant_foraging_proxy
python_block_dominoes
python_dynamic_routing
python_hangman
python_iterated_prisoners_dilemma
python_kuhn_poker
python_liars_poker
python_pokerkit_wrapper
python_pokerkit_wrapper_acpc_style
python_repeated_pokerkit
python_team_dominoes
python_tic_tac_toe
quoridor
rbc
repeated_game
repeated_leduc_poker
repeated_poker
restricted_nash_response
sheriff
shogi
shogi_proxy
skat
snake
snake_proxy
solitaire
spades
start_at
stones_and_gems
tarok
tic_tac_toe
tiny_bridge_2p
tiny_bridge_4p
tiny_hanabi
trade_comm
turn_based_simultaneous_game
twixt
ultimate_tic_tac_toe
ultimate_tic_tac_toe_proxy
universal_poker
xiangqi
y
y_proxy
yacht
zerosum
OpenSpiel exception: Unknown game 'go_fish'. Available games are:
2048
add_noise
amazons
amazons_proxy
ant_foraging_arena
antichess
backgammon
backgammon_proxy
banqi
bargaining
bargaining_proxy
battleship
blackjack
blotto
breakthrough
breakthrough_proxy
bridge
bridge_arena
bridge_uncontested_bidding
cached_tree
catch
chat_game
checkers
checkers_proxy
chess
chinese_checkers
cliff_walking
clobber
clobber_proxy
coin_game
coin_game_arena
coin_game_proxy
colored_trails
connect_four
connect_four_proxy
coop_box_pushing
coop_to_1p
coordinated_mp
crazy_eights
crazyhouse
cribbage
cursor_go
dark_chess
dark_hex
dark_hex_ir
dark_hex_proxy
deep_sea
dots_and_boxes
dots_and_boxes_proxy
dou_dizhu
efg_game
einstein_wurfelt_nicht
euchre
first_sealed_auction
gin_rummy
gin_rummy_proxy
go
go_proxy
gomoku
goofspiel
hanabi
havannah
havannah_proxy
hearts
hex
hive
hive_proxy
kriegspiel
kuhn_poker
laser_tag
latent_ttt
leduc_poker
lewis_signaling
liars_dice
liars_dice_ir
lines_of_action
lines_of_action_proxy
maedn
mancala
mancala_proxy
markov_soccer
markov_soccer_proxy
matching_pennies_3p
matrix_bos
matrix_brps
matrix_cd
matrix_coordination
matrix_mp
matrix_pd
matrix_rps
matrix_rpsw
matrix_sh
matrix_shapleys_game
mfg_crowd_modelling
mfg_crowd_modelling_2d
mfg_dynamic_routing
mfg_garnet
misere
mnk
morpion_solitaire
negotiation
negotiation_proxy
nfg_game
nim
nine_mens_morris
nine_mens_morris_proxy
normal_form_extensive_game
oh_hell
oshi_zumo
oshi_zumo_proxy
othello
othello_proxy
oware
pathfinding
pentago
phantom_go
phantom_ttt
phantom_ttt_ir
pig
python_ant_foraging
python_ant_foraging_proxy
python_block_dominoes
python_dynamic_routing
python_hangman
python_iterated_prisoners_dilemma
python_kuhn_poker
python_liars_poker
python_pokerkit_wrapper
python_pokerkit_wrapper_acpc_style
python_repeated_pokerkit
python_team_dominoes
python_tic_tac_toe
quoridor
rbc
repeated_game
repeated_leduc_poker
repeated_poker
restricted_nash_response
sheriff
shogi
shogi_proxy
skat
snake
snake_proxy
solitaire
spades
start_at
stones_and_gems
tarok
tic_tac_toe
tiny_bridge_2p
tiny_bridge_4p
tiny_hanabi
trade_comm
turn_based_simultaneous_game
twixt
ultimate_tic_tac_toe
ultimate_tic_tac_toe_proxy
universal_poker
xiangqi
y
y_proxy
yacht
zerosum
OpenSpiel exception: Unknown game 'go_fish'. Available games are:
2048
add_noise
amazons
amazons_proxy
ant_foraging_arena
antichess
backgammon
backgammon_proxy
banqi
bargaining
bargaining_proxy
battleship
blackjack
blotto
breakthrough
breakthrough_proxy
bridge
bridge_arena
bridge_uncontested_bidding
cached_tree
catch
chat_game
checkers
checkers_proxy
chess
chinese_checkers
cliff_walking
clobber
clobber_proxy
coin_game
coin_game_arena
coin_game_proxy
colored_trails
connect_four
connect_four_proxy
coop_box_pushing
coop_to_1p
coordinated_mp
crazy_eights
crazyhouse
cribbage
cursor_go
dark_chess
dark_hex
dark_hex_ir
dark_hex_proxy
deep_sea
dots_and_boxes
dots_and_boxes_proxy
dou_dizhu
efg_game
einstein_wurfelt_nicht
euchre
first_sealed_auction
gin_rummy
gin_rummy_proxy
go
go_proxy
gomoku
goofspiel
hanabi
havannah
havannah_proxy
hearts
hex
hive
hive_proxy
kriegspiel
kuhn_poker
laser_tag
latent_ttt
leduc_poker
lewis_signaling
liars_dice
liars_dice_ir
lines_of_action
lines_of_action_proxy
maedn
mancala
mancala_proxy
markov_soccer
markov_soccer_proxy
matching_pennies_3p
matrix_bos
matrix_brps
matrix_cd
matrix_coordination
matrix_mp
matrix_pd
matrix_rps
matrix_rpsw
matrix_sh
matrix_shapleys_game
mfg_crowd_modelling
mfg_crowd_modelling_2d
mfg_dynamic_routing
mfg_garnet
misere
mnk
morpion_solitaire
negotiation
negotiation_proxy
nfg_game
nim
nine_mens_morris
nine_mens_morris_proxy
normal_form_extensive_game
oh_hell
oshi_zumo
oshi_zumo_proxy
othello
othello_proxy
oware
pathfinding
pentago
phantom_go
phantom_ttt
phantom_ttt_ir
pig
python_ant_foraging
python_ant_foraging_proxy
python_block_dominoes
python_dynamic_routing
python_hangman
python_iterated_prisoners_dilemma
python_kuhn_poker
python_liars_poker
python_pokerkit_wrapper
python_pokerkit_wrapper_acpc_style
python_repeated_pokerkit
python_team_dominoes
python_tic_tac_toe
quoridor
rbc
repeated_game
repeated_leduc_poker
repeated_poker
restricted_nash_response
sheriff
shogi
shogi_proxy
skat
snake
snake_proxy
solitaire
spades
start_at
stones_and_gems
tarok
tic_tac_toe
tiny_bridge_2p
tiny_bridge_4p
tiny_hanabi
trade_comm
turn_based_simultaneous_game
twixt
ultimate_tic_tac_toe
ultimate_tic_tac_toe_proxy
universal_poker
xiangqi
y
y_proxy
yacht
zerosum
done 200 / 600 594 s
done 400 / 600 1113 s
done 600 / 600 1609 s
== cl_omw_v15a (base T5: 100 rows, wins 99)
  T5d20                  n  100      +67 +-  189  wins   99 ->  100 (+1/-0)
  T5d21                  n  100      +55 +-  157  wins   99 ->  100 (+1/-0)
== cl_pub_metav4v13 (base T5: 100 rows, wins 100)
  T5d20                  n  100      -20 +-  169  wins  100 ->  100 (+0/-0)
  T5d21                  n  100      -92 +-  166  wins  100 ->  100 (+0/-0)
errors 0 
elapsed 1609 s
/usr/local/lib/python3.12/dist-packages/mistune.py:435: SyntaxWarning: invalid escape sequence '\|'
  cells[i][c] = re.sub('\\\\\|', '|', cell)
/usr/local/lib/python3.12/dist-packages/nbconvert/filters/filter_links.py:36: SyntaxWarning: invalid escape sequence '\_'
  text = re.sub(r'_', '\_', text) # Escape underscores in display text
[NbConvertApp] Converting notebook __script__.ipynb to html
[NbConvertApp] Writing 356144 bytes to __results__.html
