gold/top10/cands/full_T8.py: 27-29 of 56  margin +1397  wall 92s
gold/top10/cands/full_T8.py: 5-55 of 60  margin -10855  wall 104s
gold/top10/cands/full_T8.py: 95-64 of 159  margin +2985  wall 437s
done T8 02:57
gold/top10/cands/full_TP_A3.py: 25-31 of 56  margin +791  wall 121s
gold/top10/cands/full_TP_A3.py: 4-56 of 60  margin -10957  wall 169s
gold/top10/cands/full_TP_A3.py: 103-56 of 159  margin +3344  wall 573s
done TP_A3 03:12
gold/top10/cands/full_TP_A3.py: 27-29 of 56  margin +1397  wall 143s
gold/top10/cands/full_TP_A3.py: 5-55 of 60  margin -10855  wall 154s
gold/top10/cands/full_TP_A1.py: 27-29 of 56  margin +1054  wall 116s
gold/top10/cands/full_TP_A1.py: 5-55 of 60  margin -10971  wall 144s
gold/top10/cands/full_TP_A1.py: 96-63 of 159  margin +3016  wall 498s
done TP_A1 03:33
gold/top10/cands/full_TP_A3.py: 26-30 of 56  margin +889  wall 128s
gold/top10/cands/full_TP_A3.py: 4-56 of 60  margin -10782  wall 135s
gold/top10/cands/full_TP_A3.py: 104-55 of 159  margin +3407  wall 490s
done TP_A3 03:46
gold/top10/cands/full_TP_A31.py: 26-30 of 56  margin +667  wall 132s
gold/top10/cands/full_TP_A31.py: 4-56 of 60  margin -10917  wall 120s
gold/top10/cands/full_TP_A31.py: 102-57 of 159  margin +3436  wall 368s
done TP_A31 03:57
gold/top10/cands/full_TP_A1.py: 27-29 of 56  margin +1069  wall 97s
gold/top10/cands/full_TP_A1.py: 5-55 of 60  margin -10991  wall 96s
gold/top10/cands/full_TP_A1.py: 97-62 of 159  margin +3039  wall 404s
done TP_A1 04:07
gold/top10/cands/full_TP_A3f.py: 24-32 of 56  margin +1035  wall 90s
gold/top10/cands/full_TP_A3f.py: 4-56 of 60  margin -10432  wall 99s
gold/top10/cands/full_TP_A3f.py: 103-56 of 159  margin +3728  wall 375s
done TP_A3f 04:16
gold/top10/cands/full_TP_A31f.py: 24-32 of 56  margin +721  wall 100s
gold/top10/cands/full_TP_A31f.py: 4-56 of 60  margin -10460  wall 88s
gold/top10/cands/full_TP_A31f.py: 103-56 of 159  margin +3867  wall 379s
done TP_A31f 04:26
gold/top10/cands/full_TP_A1f.py: 27-29 of 56  margin +1113  wall 105s
gold/top10/cands/full_TP_A1f.py: 5-55 of 60  margin -10939  wall 105s
gold/top10/cands/full_TP_A1f.py: 98-61 of 159  margin +3181  wall 374s
done TP_A1f 04:38
gold/top10/cands/full_TP_A3g.py: 26-30 of 56  margin +1376  wall 104s
gold/top10/cands/full_TP_A3g.py: 4-56 of 60  margin -10443  wall 112s
gold/top10/cands/full_TP_A3g.py: 103-56 of 159  margin +3694  wall 383s
done TP_A3g 04:49
gold/top10/cands/full_TP_A31g.py: 26-30 of 56  margin +995  wall 115s
gold/top10/cands/full_TP_A31g.py: 4-56 of 60  margin -10471  wall 117s
gold/top10/cands/full_TP_A31g.py: 103-56 of 159  margin +3821  wall 372s
done TP_A31g 04:59
gold/top10/cands/full_TP_A3g.py: 28-27 of 55  margin +1920  wall 90s
gold/top10/cands/full_TP_A3g.py: 71-139 of 210  margin -2452  wall 406s
done rest TP_A3g 05:08
gold/top10/cands/full_TP_A31g.py: 29-26 of 55  margin +1943  wall 161s
gold/top10/cands/full_TP_A31g.py: 70-140 of 210  margin -2539  wall 451s
done rest TP_A31g 09:17
done
