80 seats {'TFC': 20, 'Boey': 30, 'FQ': 30}
TFC 113079221 m -80.0 us 127321.0 el 127401.0 wall 13.3 err 0  T 16
TFC 113097920 m -6223.0 us 85457.0 el 91680.0 wall 13.6 err 0  T 16
TFC 113168578 m 49.0 us 110625.0 el 110576.0 wall 13.6 err 0  T 16
TFC 113193141 m -8411.0 us 143642.0 el 152053.0 wall 14.3 err 0  T 17
TFC 113203809 m -14288.0 us 68074.0 el 82362.0 wall 13.9 err 0  T 30
TFC 113215092 m -12306.0 us 132569.0 el 144875.0 wall 14.6 err 0  T 31
TFC 113216231 m -9952.0 us 93799.0 el 103751.0 wall 14.1 err 0  T 31
TFC 113229034 m -1828.0 us 107360.0 el 109188.0 wall 14.0 err 0  T 31
TFC 113236533 m -5732.0 us 100998.0 el 106730.0 wall 14.1 err 0  T 44
TFC 113252618 m -19894.0 us 122747.0 el 142641.0 wall 14.5 err 0  T 45
TFC 113262156 m -123.0 us 156602.0 el 156725.0 wall 14.2 err 0  T 45
TFC 113276020 m -13602.0 us 90373.0 el 103975.0 wall 13.5 err 0  T 45
TFC 113413677 m -19252.0 us 108711.0 el 127963.0 wall 13.1 err 0  T 57
TFC 113503361 m -282.0 us 132822.0 el 133104.0 wall 12.3 err 0  T 57
TFC 113586122 m 9619.0 us 121966.0 el 112347.0 wall 12.1 err 0  T 57
TFC 113593090 m -19868.0 us 112147.0 el 132015.0 wall 14.0 err 0  T 59
TFC 113598248 m -11472.0 us 88219.0 el 99691.0 wall 11.8 err 0  T 69
TFC 113621652 m -6540.0 us 118362.0 el 124902.0 wall 11.5 err 0  T 69
TFC 113684025 m 1373.0 us 100911.0 el 99538.0 wall 11.9 err 0  T 69
TFC 113748445 m 1661.0 us 120774.0 el 119113.0 wall 12.1 err 0  T 71
Boey 113065954 m -4452.0 us 120727.0 el 125179.0 wall 12.8 err 0  T 81
Boey 113087145 m -21186.0 us 86302.0 el 107488.0 wall 12.2 err 0  T 81
Boey 113112822 m -25859.0 us 66225.0 el 92084.0 wall 12.2 err 0  T 81
Boey 113132794 m -19462.0 us 87152.0 el 106614.0 wall 12.1 err 0  T 83
Boey 113153433 m -15412.0 us 74635.0 el 90047.0 wall 15.5 err 0  T 96
Boey 113179000 m -20437.0 us 85625.0 el 106062.0 wall 15.0 err 0  T 96
Boey 113207353 m -15094.0 us 134062.0 el 149156.0 wall 15.3 err 0  T 97
Boey 113236034 m -16204.0 us 113973.0 el 130177.0 wall 14.8 err 0  T 98
Boey 113254907 m 2962.0 us 104069.0 el 101107.0 wall 16.5 err 0  T 113
Boey 113292331 m -16835.0 us 131557.0 el 148392.0 wall 16.0 err 0  T 113
Boey 113325067 m -23451.0 us 103868.0 el 127319.0 wall 16.2 err 0  T 113
Boey 113352052 m -22075.0 us 59837.0 el 81912.0 wall 16.4 err 0  T 115
Boey 113388403 m -14909.0 us 133303.0 el 148212.0 wall 16.0 err 0  T 129
Boey 113409426 m -22518.0 us 99277.0 el 121795.0 wall 16.0 err 0  T 129
Boey 113439547 m -20261.0 us 100761.0 el 121022.0 wall 15.7 err 0  T 129
Boey 113461103 m 443.0 us 123971.0 el 123528.0 wall 15.7 err 0  T 130
Boey 113488903 m -23556.0 us 71540.0 el 95096.0 wall 15.2 err 0  T 144
Boey 113514650 m -37128.0 us 145398.0 el 182526.0 wall 15.1 err 0  T 144
Boey 113537105 m -33810.0 us 109363.0 el 143173.0 wall 15.3 err 0  T 144
Boey 113560713 m -24647.0 us 104681.0 el 129328.0 wall 15.2 err 0  T 146
Boey 113585388 m -20363.0 us 120040.0 el 140403.0 wall 15.2 err 0  T 159
Boey 113612093 m -35965.0 us 103104.0 el 139069.0 wall 14.5 err 0  T 159
Boey 113658224 m -15396.0 us 100726.0 el 116122.0 wall 15.3 err 0  T 160
Boey 113687501 m 9263.0 us 170994.0 el 161731.0 wall 15.2 err 0  T 161
Boey 113734520 m -9841.0 us 109177.0 el 119018.0 wall 13.8 err 0  T 172
Boey 113768699 m -24813.0 us 103359.0 el 128172.0 wall 13.2 err 0  T 172
Boey 113794465 m -19738.0 us 140252.0 el 159990.0 wall 14.0 err 0  T 174
Boey 113808862 m -20320.0 us 106777.0 el 127097.0 wall 13.7 err 0  T 175
Boey 113857202 m -20790.0 us 128328.0 el 149118.0 wall 14.6 err 0  T 187
Boey 113887874 m -16768.0 us 98071.0 el 114839.0 wall 14.8 err 0  T 187
FQ 113095439 m -7185.0 us 81167.0 el 88352.0 wall 15.3 err 0  T 189
FQ 113124487 m -29240.0 us 131092.0 el 160332.0 wall 15.7 err 0  T 190
FQ 113153445 m -17421.0 us 68060.0 el 85481.0 wall 15.5 err 0  T 202
FQ 113180379 m -21463.0 us 88047.0 el 109510.0 wall 15.7 err 0  T 203
FQ 113214242 m -508.0 us 84841.0 el 85349.0 wall 14.8 err 0  T 204
FQ 113237685 m -11864.0 us 66930.0 el 78794.0 wall 15.2 err 0  T 206
FQ 113257456 m 110015.0 us 132944.0 el 22929.0 wall 15.2 err 0  T 218
FQ 113276019 m 137357.0 us 160814.0 el 23457.0 wall 13.8 err 0  T 218
FQ 113316908 m 828.0 us 76507.0 el 75679.0 wall 14.6 err 0  T 218
FQ 113329732 m -25839.0 us 83590.0 el 109429.0 wall 14.9 err 0  T 220
FQ 113352049 m -12250.0 us 95958.0 el 108208.0 wall 14.2 err 0  T 231
FQ 113507960 m -33669.0 us 90368.0 el 124037.0 wall 15.2 err 0  T 233
FQ 113555940 m -23597.0 us 87142.0 el 110739.0 wall 14.7 err 0  T 233
FQ 113568874 m -2116.0 us 79137.0 el 81253.0 wall 14.0 err 0  T 234
FQ 113592106 m -14509.0 us 84545.0 el 99054.0 wall 14.4 err 0  T 245
FQ 113610717 m -30667.0 us 100928.0 el 131595.0 wall 14.6 err 0  T 247
FQ 113634828 m 22146.0 us 101088.0 el 78942.0 wall 14.1 err 0  T 247
FQ 113655904 m -10788.0 us 99600.0 el 110388.0 wall 14.4 err 0  T 249
FQ 113672443 m -19159.0 us 92452.0 el 111611.0 wall 14.8 err 0  T 260
FQ 113686462 m -7697.0 us 85828.0 el 93525.0 wall 14.2 err 0  T 262
FQ 113709444 m -4400.0 us 64036.0 el 68436.0 wall 14.7 err 0  T 262
FQ 113733286 m -15564.0 us 93117.0 el 108681.0 wall 14.6 err 0  T 264
FQ 113759330 m -16880.0 us 85753.0 el 102633.0 wall 15.9 err 0  T 276
FQ 113794463 m -23345.0 us 84515.0 el 107860.0 wall 15.3 err 0  T 277
FQ 113808862 m -20299.0 us 101044.0 el 121343.0 wall 15.3 err 0  T 277
FQ 113818611 m -17508.0 us 86487.0 el 103995.0 wall 14.8 err 0  T 278
FQ 113831971 m -12864.0 us 93258.0 el 106122.0 wall 12.2 err 0  T 288
FQ 113840712 m -28806.0 us 116048.0 el 144854.0 wall 12.9 err 0  T 290
FQ 113858379 m -14118.0 us 122246.0 el 136364.0 wall 12.6 err 0  T 290
FQ 113875583 m 35803.0 us 107590.0 el 71787.0 wall 12.4 err 0  T 291
ALLDONE i4_80 80 wins 12 margin -10017
