80 seats {'TFC': 20, 'Boey': 30, 'FQ': 30}
TFC 113079221 m 645.0 us 124648.0 el 124003.0 wall 13.9 err 0  T 16
TFC 113097920 m -4944.0 us 82464.0 el 87408.0 wall 14.3 err 0  T 17
TFC 113168578 m -1027.0 us 109322.0 el 110349.0 wall 14.0 err 0  T 17
TFC 113193141 m -9939.0 us 140963.0 el 150902.0 wall 15.4 err 0  T 18
TFC 113203809 m -11805.0 us 69506.0 el 81311.0 wall 12.9 err 0  T 29
TFC 113215092 m -8841.0 us 132541.0 el 141382.0 wall 13.4 err 0  T 30
TFC 113216231 m -5404.0 us 96854.0 el 102258.0 wall 13.3 err 0  T 30
TFC 113229034 m 842.0 us 107605.0 el 106763.0 wall 13.1 err 0  T 31
TFC 113236533 m -3326.0 us 102142.0 el 105468.0 wall 13.7 err 0  T 43
TFC 113252618 m -21286.0 us 118065.0 el 139351.0 wall 14.3 err 0  T 44
TFC 113262156 m 3719.0 us 157180.0 el 153461.0 wall 13.1 err 0  T 44
TFC 113276020 m -12817.0 us 88998.0 el 101815.0 wall 13.1 err 0  T 44
TFC 113413677 m -17292.0 us 112076.0 el 129368.0 wall 13.0 err 0  T 56
TFC 113503361 m 4072.0 us 132170.0 el 128098.0 wall 12.8 err 0  T 56
TFC 113586122 m 6421.0 us 113850.0 el 107429.0 wall 13.4 err 0  T 58
TFC 113593090 m -19926.0 us 109308.0 el 129234.0 wall 14.6 err 0  T 59
TFC 113598248 m -9179.0 us 88964.0 el 98143.0 wall 12.8 err 0  T 69
TFC 113621652 m -6843.0 us 115852.0 el 122695.0 wall 12.9 err 0  T 69
TFC 113684025 m 129.0 us 94921.0 el 94792.0 wall 13.0 err 0  T 71
TFC 113748445 m 6514.0 us 123901.0 el 117387.0 wall 12.9 err 0  T 72
Boey 113065954 m -3698.0 us 120241.0 el 123939.0 wall 14.4 err 0  T 83
Boey 113087145 m -16542.0 us 90999.0 el 107541.0 wall 12.4 err 0  T 83
Boey 113112822 m -25566.0 us 66269.0 el 91835.0 wall 12.7 err 0  T 83
Boey 113132794 m -17890.0 us 88983.0 el 106873.0 wall 13.3 err 0  T 85
Boey 113153433 m -10273.0 us 76859.0 el 87132.0 wall 13.2 err 0  T 95
Boey 113179000 m -18472.0 us 87561.0 el 106033.0 wall 13.5 err 0  T 97
Boey 113207353 m -17167.0 us 128775.0 el 145942.0 wall 13.5 err 0  T 97
Boey 113236034 m -9647.0 us 107203.0 el 116850.0 wall 13.5 err 0  T 99
Boey 113254907 m 2921.0 us 103406.0 el 100485.0 wall 13.6 err 0  T 109
Boey 113292331 m -15963.0 us 131393.0 el 147356.0 wall 13.9 err 0  T 111
Boey 113325067 m -20678.0 us 103056.0 el 123734.0 wall 13.5 err 0  T 111
Boey 113352052 m -19569.0 us 60170.0 el 79739.0 wall 13.8 err 0  T 113
Boey 113388403 m -436.0 us 142251.0 el 142687.0 wall 11.6 err 0  T 120
Boey 113409426 m -15514.0 us 102692.0 el 118206.0 wall 10.9 err 0  T 122
Boey 113439547 m -15190.0 us 102687.0 el 117877.0 wall 11.0 err 0  T 122
Boey 113461103 m 431.0 us 115783.0 el 115352.0 wall 10.9 err 0  T 124
Boey 113488903 m -23247.0 us 71813.0 el 95060.0 wall 11.2 err 0  T 131
Boey 113514650 m -33662.0 us 145329.0 el 178991.0 wall 11.6 err 0  T 133
Boey 113537105 m -25245.0 us 116154.0 el 141399.0 wall 11.6 err 0  T 134
Boey 113560713 m -22698.0 us 111708.0 el 134406.0 wall 12.2 err 0  T 136
Boey 113585388 m -19469.0 us 111788.0 el 131257.0 wall 13.3 err 0  T 145
Boey 113612093 m -38451.0 us 100663.0 el 139114.0 wall 13.1 err 0  T 146
Boey 113658224 m -11735.0 us 101340.0 el 113075.0 wall 13.2 err 0  T 147
Boey 113687501 m 18271.0 us 176933.0 el 158662.0 wall 13.2 err 0  T 149
Boey 113734520 m -8138.0 us 106081.0 el 114219.0 wall 13.3 err 0  T 158
Boey 113768699 m -23037.0 us 97838.0 el 120875.0 wall 13.3 err 0  T 160
Boey 113794465 m -20112.0 us 137546.0 el 157658.0 wall 13.7 err 0  T 161
Boey 113808862 m -17654.0 us 108260.0 el 125914.0 wall 13.7 err 0  T 163
Boey 113857202 m -19391.0 us 118847.0 el 138238.0 wall 13.1 err 0  T 171
Boey 113887874 m -13829.0 us 95429.0 el 109258.0 wall 13.3 err 0  T 173
FQ 113095439 m -3766.0 us 82582.0 el 86348.0 wall 13.5 err 0  T 174
FQ 113124487 m -19734.0 us 130287.0 el 150021.0 wall 13.6 err 0  T 176
FQ 113153445 m -13529.0 us 69923.0 el 83452.0 wall 13.5 err 0  T 185
FQ 113180379 m -18775.0 us 86739.0 el 105514.0 wall 13.7 err 0  T 187
FQ 113214242 m 3723.0 us 87166.0 el 83443.0 wall 13.1 err 0  T 187
FQ 113237685 m -8866.0 us 67993.0 el 76859.0 wall 13.8 err 0  T 190
FQ 113257456 m 58162.0 us 114139.0 el 55977.0 wall 14.3 err 0  T 199
FQ 113276019 m 102179.0 us 155000.0 el 52821.0 wall 13.0 err 0  T 200
FQ 113316908 m -8905.0 us 63184.0 el 72089.0 wall 13.2 err 0  T 200
FQ 113329732 m -22866.0 us 88829.0 el 111695.0 wall 13.4 err 0  T 204
FQ 113352049 m -16143.0 us 88302.0 el 104445.0 wall 13.4 err 0  T 213
FQ 113507960 m 111360.0 us 179719.0 el 68359.0 wall 13.9 err 0  T 214
FQ 113555940 m -20043.0 us 88188.0 el 108231.0 wall 14.0 err 0  T 215
FQ 113568874 m 7471.0 us 87487.0 el 80016.0 wall 13.0 err 0  T 217
FQ 113592106 m -9090.0 us 88163.0 el 97253.0 wall 13.9 err 0  T 226
FQ 113610717 m -25317.0 us 105116.0 el 130433.0 wall 13.6 err 0  T 227
FQ 113634828 m -8037.0 us 85664.0 el 93701.0 wall 14.8 err 0  T 229
FQ 113655904 m -10583.0 us 95513.0 el 106096.0 wall 13.7 err 0  T 231
FQ 113672443 m -3791.0 us 101232.0 el 105023.0 wall 14.4 err 0  T 241
FQ 113686462 m -7301.0 us 81858.0 el 89159.0 wall 14.4 err 0  T 242
FQ 113709444 m 1680.0 us 67117.0 el 65437.0 wall 14.5 err 0  T 244
FQ 113733286 m -8196.0 us 94922.0 el 103118.0 wall 14.2 err 0  T 245
FQ 113759330 m 82332.0 us 144174.0 el 61842.0 wall 12.7 err 0  T 254
FQ 113794463 m -19739.0 us 87673.0 el 107412.0 wall 13.4 err 0  T 255
FQ 113808862 m -17141.0 us 101898.0 el 119039.0 wall 12.8 err 0  T 257
FQ 113818611 m 97559.0 us 140612.0 el 43053.0 wall 12.9 err 0  T 258
FQ 113831971 m -9675.0 us 94541.0 el 104216.0 wall 11.4 err 0  T 265
FQ 113840712 m -24393.0 us 112356.0 el 136749.0 wall 12.1 err 0  T 267
FQ 113858379 m -19981.0 us 117838.0 el 137819.0 wall 12.3 err 0  T 269
FQ 113875583 m -3227.0 us 83363.0 el 86590.0 wall 12.1 err 0  T 270
ALLDONE p1_80 80 wins 18 margin -5082
