103 seats {'CBF': 20, 'mtmr_s': 7, 'Kaggle': 7, 'TheEgg': 1, 'Yiz': 16, 'DSM': 8, 'Vadim ': 8, 'M & M ': 5, 'Majkel': 10, 'DECEM': 6, 'Unknow': 8, 'Azat A': 7}
CBF 113065970 m -13056.0 us 148867.0 el 161923.0 wall 10.1 err 0  T 12
CBF 113079212 m -10442.0 us 121646.0 el 132088.0 wall 10.4 err 0  T 12
CBF 113091953 m -10485.0 us 91835.0 el 102320.0 wall 10.0 err 0  T 12
CBF 113093088 m 104.0 us 87280.0 el 87176.0 wall 10.2 err 0  T 12
CBF 113103588 m -11897.0 us 143274.0 el 155171.0 wall 10.3 err 0  T 22
CBF 113125645 m 92795.0 us 131259.0 el 38464.0 wall 9.2 err 0  T 22
CBF 113138587 m -13288.0 us 105583.0 el 118871.0 wall 10.0 err 0  T 22
CBF 113175616 m -19546.0 us 117302.0 el 136848.0 wall 9.8 err 0  T 22
CBF 113184088 m 73690.0 us 121257.0 el 47567.0 wall 9.2 err 0  T 30
CBF 113188236 m 4271.0 us 105728.0 el 101457.0 wall 9.1 err 0  T 31
CBF 113190850 m 65887.0 us 169682.0 el 103795.0 wall 10.1 err 0  T 32
CBF 113202318 m 67697.0 us 128148.0 el 60451.0 wall 9.0 err 0  T 32
CBF 113222145 m -9426.0 us 86319.0 el 95745.0 wall 8.9 err 0  T 39
CBF 113242018 m -16013.0 us 85866.0 el 101879.0 wall 9.2 err 0  T 40
CBF 113251560 m -1191.0 us 114556.0 el 115747.0 wall 9.1 err 0  T 40
CBF 113270086 m -3053.0 us 84883.0 el 87936.0 wall 8.8 err 0  T 41
CBF 113316958 m 97807.0 us 158215.0 el 60408.0 wall 9.5 err 0  T 49
CBF 113352054 m -11042.0 us 93547.0 el 104589.0 wall 9.1 err 0  T 50
CBF 113513519 m -7292.0 us 117797.0 el 125089.0 wall 9.1 err 0  T 50
CBF 113658239 m 53996.0 us 169534.0 el 115538.0 wall 9.4 err 0  T 51
mtmr_s 113065954 m -20892.0 us 109345.0 el 130237.0 wall 10.0 err 0  T 59
mtmr_s 113112818 m 3138.0 us 127785.0 el 124647.0 wall 10.1 err 0  T 60
mtmr_s 113125640 m -2666.0 us 98785.0 el 101451.0 wall 9.4 err 0  T 60
mtmr_s 113175616 m -14499.0 us 116406.0 el 130905.0 wall 9.7 err 0  T 60
mtmr_s 113230536 m 9302.0 us 111156.0 el 101854.0 wall 9.9 err 0  T 69
mtmr_s 113316908 m 11168.0 us 100108.0 el 88940.0 wall 9.1 err 0  T 69
mtmr_s 113352049 m -3414.0 us 137637.0 el 141051.0 wall 9.7 err 0  T 69
Kaggle 113074365 m 7896.0 us 109510.0 el 101614.0 wall 9.0 err 0  T 69
Kaggle 113087145 m 711.0 us 110742.0 el 110031.0 wall 9.0 err 0  T 77
Kaggle 113146625 m -6208.0 us 121352.0 el 127560.0 wall 9.6 err 0  T 79
Kaggle 113180524 m -20998.0 us 84112.0 el 105110.0 wall 8.9 err 0  T 79
Kaggle 113197807 m -19564.0 us 79760.0 el 99324.0 wall 8.8 err 0  T 79
Kaggle 113276016 m 2928.0 us 141873.0 el 138945.0 wall 9.1 err 0  T 86
Kaggle 113428053 m -12010.0 us 107421.0 el 119431.0 wall 8.8 err 0  T 87
TheEgg 113579388 m -6189.0 us 103775.0 el 109964.0 wall 9.5 err 0  T 88
Yiz 113709444 m -1982.0 us 79142.0 el 81124.0 wall 9.4 err 0  T 88
Yiz 113740423 m -18153.0 us 88039.0 el 106192.0 wall 9.7 err 0  T 96
Yiz 113773025 m -6185.0 us 112627.0 el 118812.0 wall 9.5 err 0  T 97
Yiz 113781287 m -11086.0 us 113621.0 el 124707.0 wall 9.6 err 0  T 98
Yiz 113787172 m -9515.0 us 100586.0 el 110101.0 wall 9.6 err 0  T 98
Yiz 113788337 m -14406.0 us 72743.0 el 87149.0 wall 9.3 err 0  T 105
Yiz 113790698 m -9226.0 us 92393.0 el 101619.0 wall 8.9 err 0  T 106
Yiz 113803750 m -11985.0 us 88601.0 el 100586.0 wall 9.6 err 0  T 107
Yiz 113820729 m -8455.0 us 100785.0 el 109240.0 wall 9.3 err 0  T 107
Yiz 113830726 m -20623.0 us 116019.0 el 136642.0 wall 10.0 err 0  T 116
Yiz 113855986 m -13863.0 us 110766.0 el 124629.0 wall 9.5 err 0  T 116
Yiz 113856065 m -14961.0 us 91512.0 el 106473.0 wall 9.7 err 0  T 117
Yiz 113888267 m 763.0 us 100369.0 el 99606.0 wall 9.9 err 0  T 117
Yiz 113889526 m -24355.0 us 115256.0 el 139611.0 wall 9.6 err 0  T 125
Yiz 113902053 m -22515.0 us 102122.0 el 124637.0 wall 9.6 err 0  T 125
Yiz 113905606 m -7979.0 us 111604.0 el 119583.0 wall 9.4 err 0  T 126
DSM 113097911 m -22052.0 us 68246.0 el 90298.0 wall 9.8 err 0  T 127
DSM 113236034 m -21667.0 us 114322.0 el 135989.0 wall 9.7 err 0  T 135
DSM 113247647 m -42518.0 us 119278.0 el 161796.0 wall 9.9 err 0  T 135
DSM 113461103 m 538.0 us 110100.0 el 109562.0 wall 9.5 err 0  T 136
DSM 113478044 m -16332.0 us 141477.0 el 157809.0 wall 9.2 err 0  T 136
DSM 113573320 m -26952.0 us 112804.0 el 139756.0 wall 9.5 err 0  T 144
DSM 113683900 m -10280.0 us 95292.0 el 105572.0 wall 9.8 err 0  T 145
DSM 113826995 m -21229.0 us 107348.0 el 128577.0 wall 9.7 err 0  T 145
Vadim  113096241 m -21470.0 us 88747.0 el 110217.0 wall 9.4 err 0  T 146
Vadim  113132795 m -20623.0 us 89396.0 el 110019.0 wall 9.6 err 0  T 154
Vadim  113159429 m -9095.0 us 84433.0 el 93528.0 wall 10.0 err 0  T 155
Vadim  113207284 m -11337.0 us 110956.0 el 122293.0 wall 10.0 err 0  T 156
Vadim  113259814 m -3383.0 us 92247.0 el 95630.0 wall 9.5 err 0  T 156
Vadim  113508987 m -13168.0 us 98991.0 el 112159.0 wall 9.6 err 0  T 164
Vadim  113531118 m -8463.0 us 128890.0 el 137353.0 wall 9.5 err 0  T 165
Vadim  113794459 m -20347.0 us 125101.0 el 145448.0 wall 8.9 err 0  T 165
M & M  113284191 m 67477.0 us 108652.0 el 41175.0 wall 9.0 err 0  T 165
M & M  113308626 m -11327.0 us 99920.0 el 111247.0 wall 9.5 err 0  T 173
M & M  113519751 m -26041.0 us 93437.0 el 119478.0 wall 9.3 err 0  T 173
M & M  113634828 m -17473.0 us 83426.0 el 100899.0 wall 9.2 err 0  T 174
M & M  113858379 m -2036.0 us 127542.0 el 129578.0 wall 9.4 err 0  T 174
Majkel 113092068 m -4383.0 us 93194.0 el 97577.0 wall 8.1 err 0  T 181
Majkel 113189343 m -12539.0 us 116079.0 el 128618.0 wall 9.2 err 0  T 183
Majkel 113202318 m -18286.0 us 81664.0 el 99950.0 wall 8.9 err 0  T 183
Majkel 113214242 m 16240.0 us 114275.0 el 98035.0 wall 9.0 err 0  T 183
Majkel 113236533 m -16016.0 us 92239.0 el 108255.0 wall 9.1 err 0  T 190
Majkel 113262156 m -15558.0 us 135142.0 el 150700.0 wall 9.1 err 0  T 192
Majkel 113332087 m -19215.0 us 122810.0 el 142025.0 wall 8.7 err 0  T 192
Majkel 113342755 m -5370.0 us 95174.0 el 100544.0 wall 9.4 err 0  T 193
Majkel 113634604 m 32678.0 us 111221.0 el 78543.0 wall 9.1 err 0  T 199
Majkel 113735476 m 3570.0 us 95665.0 el 92095.0 wall 9.3 err 0  T 201
DECEM 113097923 m -17681.0 us 80886.0 el 98567.0 wall 9.8 err 0  T 202
DECEM 113168728 m -14104.0 us 131429.0 el 145533.0 wall 10.1 err 0  T 203
DECEM 113221279 m -21235.0 us 114567.0 el 135802.0 wall 9.7 err 0  T 209
DECEM 113370862 m -30396.0 us 141531.0 el 171927.0 wall 10.2 err 0  T 211
DECEM 113502908 m -19001.0 us 89746.0 el 108747.0 wall 9.9 err 0  T 212
DECEM 113748445 m -14227.0 us 106243.0 el 120470.0 wall 9.2 err 0  T 212
Unknow 113181583 m -16665.0 us 80621.0 el 97286.0 wall 9.6 err 0  T 219
Unknow 113215092 m -18112.0 us 117031.0 el 135143.0 wall 9.3 err 0  T 220
Unknow 113252618 m -39639.0 us 108289.0 el 147928.0 wall 9.7 err 0  T 221
Unknow 113316942 m -21365.0 us 101742.0 el 123107.0 wall 9.8 err 0  T 222
Unknow 113325069 m -17977.0 us 103108.0 el 121085.0 wall 9.6 err 0  T 228
Unknow 113610717 m -20045.0 us 113450.0 el 133495.0 wall 10.0 err 0  T 230
Unknow 113717877 m -22639.0 us 91502.0 el 114141.0 wall 9.6 err 0  T 231
Unknow 113854798 m -19070.0 us 94920.0 el 113990.0 wall 9.8 err 0  T 232
Azat A 113577176 m -10110.0 us 74078.0 el 84188.0 wall 9.9 err 0  T 238
Azat A 113629111 m -18409.0 us 131025.0 el 149434.0 wall 10.3 err 0  T 241
Azat A 113641992 m 2184.0 us 126515.0 el 124331.0 wall 10.5 err 0  T 242
Azat A 113655904 m -4827.0 us 125203.0 el 130030.0 wall 9.8 err 0  T 242
Azat A 113691007 m -9222.0 us 85749.0 el 94971.0 wall 9.8 err 0  T 248
Azat A 113716850 m -9039.0 us 120328.0 el 129367.0 wall 9.7 err 0  T 250
Azat A 113808863 m -12489.0 us 103179.0 el 115668.0 wall 9.6 err 0  T 251
ALLDONE p1_oth 103 wins 21 margin -5699
