103 seats {'CBF': 20, 'mtmr_s': 7, 'Kaggle': 7, 'TheEgg': 1, 'Yiz': 16, 'DSM': 8, 'Vadim ': 8, 'M & M ': 5, 'Majkel': 10, 'DECEM': 6, 'Unknow': 8, 'Azat A': 7}
CBF 113065970 m -4197.0 us 149050.0 el 153247.0 wall 12.9 err 0  T 15
CBF 113079212 m 10955.0 us 118923.0 el 107968.0 wall 12.2 err 0  T 15
CBF 113091953 m -5324.0 us 85166.0 el 90490.0 wall 11.8 err 0  T 15
CBF 113093088 m 5678.0 us 87775.0 el 82097.0 wall 11.4 err 0  T 15
CBF 113103588 m -11089.0 us 139235.0 el 150324.0 wall 10.7 err 0  T 24
CBF 113125645 m 4486.0 us 91486.0 el 87000.0 wall 10.4 err 0  T 24
CBF 113138587 m -5013.0 us 105802.0 el 110815.0 wall 10.3 err 0  T 24
CBF 113175616 m -19860.0 us 118365.0 el 138225.0 wall 10.1 err 0  T 25
CBF 113184088 m 342.0 us 97528.0 el 97186.0 wall 11.0 err 0  T 35
CBF 113188236 m 4930.0 us 99653.0 el 94723.0 wall 11.4 err 0  T 36
CBF 113190850 m -1793.0 us 143315.0 el 145108.0 wall 10.6 err 0  T 36
CBF 113202318 m -13448.0 us 94877.0 el 108325.0 wall 10.1 err 0  T 36
CBF 113222145 m -13313.0 us 75257.0 el 88570.0 wall 10.9 err 0  T 46
CBF 113242018 m -4481.0 us 92767.0 el 97248.0 wall 10.1 err 0  T 46
CBF 113251560 m -140.0 us 125722.0 el 125862.0 wall 9.7 err 0  T 46
CBF 113270086 m -224.0 us 84789.0 el 85013.0 wall 10.1 err 0  T 46
CBF 113316958 m 9080.0 us 120867.0 el 111787.0 wall 10.0 err 0  T 55
CBF 113352054 m -2791.0 us 98085.0 el 100876.0 wall 9.8 err 0  T 55
CBF 113513519 m 11525.0 us 125652.0 el 114127.0 wall 10.6 err 0  T 56
CBF 113658239 m 9699.0 us 150647.0 el 140948.0 wall 10.9 err 0  T 57
mtmr_s 113065954 m -10072.0 us 117609.0 el 127681.0 wall 11.7 err 0  T 67
mtmr_s 113112818 m 22685.0 us 142402.0 el 119717.0 wall 11.0 err 0  T 67
mtmr_s 113125640 m 11267.0 us 99733.0 el 88466.0 wall 9.9 err 0  T 67
mtmr_s 113175616 m -7559.0 us 114942.0 el 122501.0 wall 9.6 err 0  T 67
mtmr_s 113230536 m 9847.0 us 112590.0 el 102743.0 wall 9.4 err 0  T 76
mtmr_s 113316908 m 17655.0 us 95665.0 el 78010.0 wall 9.7 err 0  T 76
mtmr_s 113352049 m 17035.0 us 146014.0 el 128979.0 wall 9.5 err 0  T 76
Kaggle 113074365 m 6435.0 us 110626.0 el 104191.0 wall 9.3 err 0  T 76
Kaggle 113087145 m 10992.0 us 110808.0 el 99816.0 wall 8.2 err 0  T 84
Kaggle 113146625 m 7781.0 us 113184.0 el 105403.0 wall 9.3 err 0  T 85
Kaggle 113180524 m -6008.0 us 91257.0 el 97265.0 wall 8.0 err 0  T 85
Kaggle 113197807 m 1076.0 us 88857.0 el 87781.0 wall 8.1 err 0  T 85
Kaggle 113276016 m 11331.0 us 151202.0 el 139871.0 wall 9.5 err 0  T 93
Kaggle 113428053 m 785.0 us 108456.0 el 107671.0 wall 9.9 err 0  T 94
TheEgg 113579388 m 28019.0 us 114141.0 el 86122.0 wall 10.3 err 0  T 94
Yiz 113709444 m 2100.0 us 80576.0 el 78476.0 wall 10.9 err 0  T 96
Yiz 113740423 m -3566.0 us 89787.0 el 93353.0 wall 10.3 err 0  T 104
Yiz 113773025 m -310.0 us 111258.0 el 111568.0 wall 10.4 err 0  T 104
Yiz 113781287 m 27000.0 us 137603.0 el 110603.0 wall 9.8 err 0  T 104
Yiz 113787172 m 3815.0 us 101641.0 el 97826.0 wall 10.1 err 0  T 106
Yiz 113788337 m 26146.0 us 101733.0 el 75587.0 wall 9.6 err 0  T 113
Yiz 113790698 m -5123.0 us 94520.0 el 99643.0 wall 9.7 err 0  T 114
Yiz 113803750 m -5134.0 us 82813.0 el 87947.0 wall 9.6 err 0  T 114
Yiz 113820729 m -1898.0 us 97893.0 el 99791.0 wall 9.9 err 0  T 116
Yiz 113830726 m -8752.0 us 119399.0 el 128151.0 wall 10.7 err 0  T 124
Yiz 113855986 m -3507.0 us 110225.0 el 113732.0 wall 10.2 err 0  T 124
Yiz 113856065 m -7126.0 us 94239.0 el 101365.0 wall 9.9 err 0  T 124
Yiz 113888267 m 2366.0 us 102951.0 el 100585.0 wall 10.8 err 0  T 127
Yiz 113889526 m 15038.0 us 127220.0 el 112182.0 wall 10.0 err 0  T 134
Yiz 113902053 m -10058.0 us 112084.0 el 122142.0 wall 10.2 err 0  T 134
Yiz 113905606 m 5409.0 us 128960.0 el 123551.0 wall 9.8 err 0  T 134
DSM 113097911 m -13336.0 us 74020.0 el 87356.0 wall 10.4 err 0  T 137
DSM 113236034 m 44153.0 us 145390.0 el 101237.0 wall 10.6 err 0  T 145
DSM 113247647 m -2025.0 us 129616.0 el 131641.0 wall 10.6 err 0  T 145
DSM 113461103 m 1023.0 us 105123.0 el 104100.0 wall 9.5 err 0  T 145
DSM 113478044 m -18508.0 us 116670.0 el 135178.0 wall 10.6 err 0  T 148
DSM 113573320 m -5993.0 us 115897.0 el 121890.0 wall 9.8 err 0  T 154
DSM 113683900 m -2241.0 us 103246.0 el 105487.0 wall 9.9 err 0  T 154
DSM 113826995 m -887.0 us 117851.0 el 118738.0 wall 11.1 err 0  T 156
Vadim  113096241 m -8440.0 us 90135.0 el 98575.0 wall 9.8 err 0  T 158
Vadim  113132795 m 2751.0 us 106943.0 el 104192.0 wall 10.5 err 0  T 164
Vadim  113159429 m -9268.0 us 84070.0 el 93338.0 wall 10.1 err 0  T 165
Vadim  113207284 m 3053.0 us 118720.0 el 115667.0 wall 10.3 err 0  T 166
Vadim  113259814 m 22619.0 us 107944.0 el 85325.0 wall 9.7 err 0  T 168
Vadim  113508987 m -1053.0 us 102415.0 el 103468.0 wall 9.9 err 0  T 174
Vadim  113531118 m 2341.0 us 132365.0 el 130024.0 wall 10.1 err 0  T 175
Vadim  113794459 m -4167.0 us 132484.0 el 136651.0 wall 10.5 err 0  T 176
M & M  113284191 m 3949.0 us 89594.0 el 85645.0 wall 10.1 err 0  T 178
M & M  113308626 m -4384.0 us 101733.0 el 106117.0 wall 9.0 err 0  T 183
M & M  113519751 m -16789.0 us 98959.0 el 115748.0 wall 7.4 err 0  T 183
M & M  113634828 m -16185.0 us 83806.0 el 99991.0 wall 7.5 err 0  T 184
M & M  113858379 m -13851.0 us 101548.0 el 115399.0 wall 10.1 err 0  T 188
Majkel 113092068 m -6429.0 us 93822.0 el 100251.0 wall 8.9 err 0  T 191
Majkel 113189343 m 5643.0 us 122104.0 el 116461.0 wall 9.7 err 0  T 193
Majkel 113202318 m -10541.0 us 90729.0 el 101270.0 wall 9.3 err 0  T 193
Majkel 113214242 m 11898.0 us 110736.0 el 98838.0 wall 9.6 err 0  T 198
Majkel 113236533 m -12362.0 us 92617.0 el 104979.0 wall 9.3 err 0  T 200
Majkel 113262156 m 2427.0 us 153056.0 el 150629.0 wall 10.4 err 0  T 203
Majkel 113332087 m -9170.0 us 125117.0 el 134287.0 wall 10.8 err 0  T 204
Majkel 113342755 m -2762.0 us 95364.0 el 98126.0 wall 9.7 err 0  T 207
Majkel 113634604 m 7269.0 us 113957.0 el 106688.0 wall 9.8 err 0  T 210
Majkel 113735476 m 1681.0 us 98109.0 el 96428.0 wall 9.9 err 0  T 213
DECEM 113097923 m 11331.0 us 101229.0 el 89898.0 wall 10.4 err 0  T 215
DECEM 113168728 m -2189.0 us 129279.0 el 131468.0 wall 10.3 err 0  T 218
DECEM 113221279 m -9746.0 us 116545.0 el 126291.0 wall 10.2 err 0  T 220
DECEM 113370862 m -17251.0 us 145766.0 el 163017.0 wall 10.4 err 0  T 224
DECEM 113502908 m -5384.0 us 100117.0 el 105501.0 wall 10.9 err 0  T 225
DECEM 113748445 m -15899.0 us 103493.0 el 119392.0 wall 10.0 err 0  T 228
Unknow 113181583 m 9549.0 us 91829.0 el 82280.0 wall 9.5 err 0  T 230
Unknow 113215092 m 5366.0 us 117644.0 el 112278.0 wall 10.1 err 0  T 234
Unknow 113252618 m -24061.0 us 103558.0 el 127619.0 wall 10.5 err 0  T 236
Unknow 113316942 m -5568.0 us 111450.0 el 117018.0 wall 10.0 err 0  T 238
Unknow 113325069 m 1062.0 us 117367.0 el 116305.0 wall 10.7 err 0  T 241
Unknow 113610717 m 43587.0 us 133858.0 el 90271.0 wall 10.7 err 0  T 244
Unknow 113717877 m -9037.0 us 96704.0 el 105741.0 wall 9.9 err 0  T 246
Unknow 113854798 m -11176.0 us 98620.0 el 109796.0 wall 10.6 err 0  T 248
Azat A 113577176 m 3606.0 us 82374.0 el 78768.0 wall 10.5 err 0  T 251
Azat A 113629111 m -8782.0 us 135034.0 el 143816.0 wall 10.3 err 0  T 255
Azat A 113641992 m 26643.0 us 120970.0 el 94327.0 wall 11.4 err 0  T 257
Azat A 113655904 m 11937.0 us 135680.0 el 123743.0 wall 11.2 err 0  T 259
Azat A 113691007 m 17480.0 us 103529.0 el 86049.0 wall 10.0 err 0  T 261
Azat A 113716850 m -583.0 us 125279.0 el 125862.0 wall 9.7 err 0  T 265
Azat A 113808863 m 26349.0 us 123033.0 el 96684.0 wall 9.9 err 0  T 267
ALLDONE T8oth 103 wins 49 margin 1265
