finished kagg-lv0928-0 complete ['rows_lv0.jsonl', 'summary.txt']
finished kagg-lv0928-1 complete ['rows_lv1.jsonl', 'summary.txt']
finished kagg-lv0928-2 complete ['rows_lv2.jsonl', 'summary.txt']
finished kagg-lv0928-3 complete ['rows_lv3.jsonl', 'summary.txt']
finished kagg-lv0928-4 complete ['rows_lv4.jsonl', 'summary.txt']
DONE kagg-lv0928-0 complete ['rows_lv0.jsonl', 'summary.txt']
DONE kagg-lv0928-1 complete ['rows_lv1.jsonl', 'summary.txt']
DONE kagg-lv0928-2 complete ['rows_lv2.jsonl', 'summary.txt']
DONE kagg-lv0928-3 complete ['rows_lv3.jsonl', 'summary.txt']
DONE kagg-lv0928-4 complete ['rows_lv4.jsonl', 'summary.txt']
queued kagg-l191s0-m3
queued kagg-l191s0-t5
queued kagg-l191s0-t8
push kagg-l191s0-m3 cpu ok
push kagg-l191s0-t5 cpu ok
push kagg-l191s0-t8 cpu ok
queued kagg-tw-a
queued kagg-tw-b
push kagg-tw-a cpu ok
push kagg-tw-b cpu ok
finished kagg-l191s0-m3 complete ['rows_live191.jsonl', 'summary.txt']
finished kagg-l191s0-t5 complete ['rows_live191.jsonl', 'summary.txt']
finished kagg-l191s0-t8 complete ['rows_live191.jsonl', 'summary.txt']
DONE kagg-l191s0-m3 complete ['rows_live191.jsonl', 'summary.txt']
DONE kagg-l191s0-t5 complete ['rows_live191.jsonl', 'summary.txt']
DONE kagg-l191s0-t8 complete ['rows_live191.jsonl', 'summary.txt']
finished kagg-tw-b complete ['rows_lv3.jsonl', 'rows_lv4.jsonl', 'summary.txt']
DONE kagg-tw-b complete ['rows_lv3.jsonl', 'rows_lv4.jsonl', 'summary.txt']
finished kagg-tw-a complete ['rows_lv0.jsonl', 'rows_lv1.jsonl', 'rows_lv2.jsonl', 'summary.txt']
DONE kagg-tw-a complete ['rows_lv0.jsonl', 'rows_lv1.jsonl', 'rows_lv2.jsonl', 'summary.txt']
queued kagg-t9-a
queued kagg-t9-b
queued kagg-t9-c
queued kagg-t9-d
queued kagg-t9-e
push kagg-t9-a cpu ok
push kagg-t9-b cpu ok
push kagg-t9-c cpu ok
push kagg-t9-d cpu ok
push kagg-t9-e cpu ok
finished kagg-t9-d complete ['rows_lv3.jsonl', 'rows_lv4.jsonl', 'summary.txt']
DONE kagg-t9-d complete ['rows_lv3.jsonl', 'rows_lv4.jsonl', 'summary.txt']
