96 seats {'Boey': 20, 'Fourth Quadrant': 20, 'THIRD FARM CLUB': 20, 'Yizhou': 16, '吃白饭的大肥鱼': 20}
0 Boey 113905605 m -18273.0 wall 10.6 T 12
1 Boey 113850991 m -21990.0 wall 11.5 T 13
2 Boey 113794463 m -1636.0 wall 12.1 T 14
3 Boey 113726340 m 52259.0 wall 10.3 T 14
4 Boey 113650166 m -21908.0 wall 11.6 T 24
5 Boey 113585379 m 36671.0 wall 9.8 T 24
6 Boey 113531266 m -10687.0 wall 10.3 T 24
7 Boey 113483150 m -16107.0 wall 9.9 T 24
8 Boey 113433808 m -8411.0 wall 10.6 T 33
9 Boey 113388395 m -6127.0 wall 10.9 T 35
10 Boey 113316949 m -7659.0 wall 11.0 T 35
11 Boey 113253636 m -14003.0 wall 12.1 T 36
12 Boey 113207234 m -15398.0 wall 10.8 T 44
13 Boey 113146632 m -5679.0 wall 10.7 T 45
14 Boey 113105894 m -7508.0 wall 10.9 T 46
15 Boey 113057710 m -11408.0 wall 10.9 T 47
16 Boey 112680136 m 49614.0 wall 11.7 T 55
17 Boey 112631429 m 74885.0 wall 10.9 T 56
18 Boey 112582992 m 82734.0 wall 10.1 T 56
19 Boey 112499720 m 54157.0 wall 10.9 T 58
20 Fourth Quadrant 113888306 m -17045.0 wall 12.7 T 68
21 Fourth Quadrant 113863293 m -13575.0 wall 12.6 T 69
22 Fourth Quadrant 113835981 m -10765.0 wall 12.2 T 69
23 Fourth Quadrant 113818611 m -15481.0 wall 12.6 T 70
24 Fourth Quadrant 113795546 m -10738.0 wall 11.4 T 80
25 Fourth Quadrant 113746148 m -5948.0 wall 10.9 T 80
26 Fourth Quadrant 113709444 m -2930.0 wall 11.5 T 80
27 Fourth Quadrant 113679436 m -5506.0 wall 11.1 T 82
28 Fourth Quadrant 113642005 m -9843.0 wall 10.5 T 90
29 Fourth Quadrant 113610717 m -26406.0 wall 11.8 T 91
30 Fourth Quadrant 113579388 m -11603.0 wall 10.9 T 91
31 Fourth Quadrant 113531118 m -12426.0 wall 11.0 T 93
32 Fourth Quadrant 113352049 m -9519.0 wall 9.6 T 100
33 Fourth Quadrant 113325061 m -16476.0 wall 9.7 T 101
34 Fourth Quadrant 113273598 m -11733.0 wall 10.1 T 102
35 Fourth Quadrant 113237685 m -8251.0 wall 9.4 T 102
36 Fourth Quadrant 113190850 m -12622.0 wall 10.8 T 110
37 Fourth Quadrant 113152454 m -11152.0 wall 11.3 T 112
38 Fourth Quadrant 113095439 m -8687.0 wall 11.4 T 113
39 Fourth Quadrant 112808077 m -24758.0 wall 11.3 T 113
40 THIRD FARM CLUB 113796229 m 2613.0 wall 10.1 T 121
41 THIRD FARM CLUB 113593090 m 618.0 wall 10.4 T 123
42 THIRD FARM CLUB 113276020 m 2996.0 wall 10.0 T 123
43 THIRD FARM CLUB 113222317 m 248.0 wall 10.7 T 124
44 THIRD FARM CLUB 113168578 m 2173.0 wall 9.7 T 130
45 THIRD FARM CLUB 112946418 m 98.0 wall 9.8 T 132
46 THIRD FARM CLUB 112853171 m -2104.0 wall 10.5 T 134
47 THIRD FARM CLUB 112801034 m 1562.0 wall 10.1 T 134
48 THIRD FARM CLUB 112761403 m 1035.0 wall 10.3 T 141
49 THIRD FARM CLUB 112737020 m 20180.0 wall 10.2 T 143
50 THIRD FARM CLUB 112709062 m -2370.0 wall 10.0 T 144
51 THIRD FARM CLUB 112680347 m 8167.0 wall 10.1 T 144
52 THIRD FARM CLUB 112659210 m 13245.0 wall 10.2 T 151
53 THIRD FARM CLUB 112616113 m 979.0 wall 10.3 T 153
54 THIRD FARM CLUB 112485748 m 1458.0 wall 10.1 T 154
55 THIRD FARM CLUB 112437695 m 4323.0 wall 9.8 T 154
56 THIRD FARM CLUB 112409592 m -6203.0 wall 9.8 T 161
57 THIRD FARM CLUB 112332720 m -4907.0 wall 10.7 T 164
58 THIRD FARM CLUB 112316164 m 10141.0 wall 10.1 T 164
59 THIRD FARM CLUB 112258537 m -3907.0 wall 10.4 T 165
60 Yizhou 113905606 m 4880.0 wall 10.0 T 171
61 Yizhou 113902053 m -10246.0 wall 10.6 T 174
62 Yizhou 113889526 m 14094.0 wall 10.2 T 174
63 Yizhou 113888267 m 2112.0 wall 11.0 T 176
64 Yizhou 113856065 m -7101.0 wall 10.3 T 181
65 Yizhou 113855986 m -4608.0 wall 10.6 T 185
66 Yizhou 113830726 m -8865.0 wall 11.2 T 186
67 Yizhou 113820729 m -2820.0 wall 10.5 T 186
68 Yizhou 113803750 m -5155.0 wall 10.5 T 192
69 Yizhou 113790698 m -6017.0 wall 10.1 T 195
70 Yizhou 113788337 m 25982.0 wall 10.0 T 196
71 Yizhou 113787172 m 3915.0 wall 10.3 T 197
72 Yizhou 113781287 m 25506.0 wall 9.5 T 201
73 Yizhou 113773025 m -1499.0 wall 10.4 T 205
74 Yizhou 113740423 m -4043.0 wall 10.3 T 206
75 Yizhou 113709444 m 1308.0 wall 10.6 T 207
76 吃白饭的大肥鱼 113742826 m -3391.0 wall 9.8 T 211
77 吃白饭的大肥鱼 113342753 m -2480.0 wall 10.3 T 216
78 吃白饭的大肥鱼 113244406 m -14842.0 wall 9.9 T 216
79 吃白饭的大肥鱼 113191651 m -7267.0 wall 10.9 T 218
80 吃白饭的大肥鱼 113175616 m -19902.0 wall 10.1 T 221
81 吃白饭的大肥鱼 113103588 m -12511.0 wall 10.5 T 226
82 吃白饭的大肥鱼 113079205 m -4893.0 wall 10.1 T 226
83 吃白饭的大肥鱼 113017641 m 5046.0 wall 9.5 T 228
84 吃白饭的大肥鱼 112989775 m -2983.0 wall 9.8 T 231
85 吃白饭的大肥鱼 112924005 m 6659.0 wall 11.0 T 237
86 吃白饭的大肥鱼 112849450 m 285.0 wall 9.8 T 237
87 吃白饭的大肥鱼 112801018 m -9135.0 wall 10.1 T 238
88 吃白饭的大肥鱼 112744050 m -5697.0 wall 10.1 T 241
89 吃白饭的大肥鱼 112705868 m -3923.0 wall 10.1 T 246
90 吃白饭的大肥鱼 112653328 m 561.0 wall 9.9 T 247
91 吃白饭的大肥鱼 112568826 m -9828.0 wall 10.0 T 248
92 吃白饭的大肥鱼 112509194 m 5701.0 wall 10.0 T 251
93 吃白饭的大肥鱼 112454261 m -3972.0 wall 10.6 T 257
94 吃白饭的大肥鱼 112403275 m 6925.0 wall 9.7 T 257
95 吃白饭的大肥鱼 112310961 m -2082.0 wall 9.4 T 257
ALLDONE ours 96 wins 34 margin -645
