game 113483150 ['M & M & P & Q', 'Boey'] rewards rec [94900.0, 99784.0] replay [94900.0, 99784.0]
 seat 0 M & M & P & Q  recon_max 0.0  land [('NE', 6, 3, 1510.0), ('SW', 8, 6, 2699.0)]
   d      m0     m23    mend   sell$   seed$   anim$   prod$   wage  land$   flows  resid  obs0==m0 obs23==m23
   0   3000.0      3.0      3.0   141.0   580.0  2300.0   251.0    7.0    0.0  -2997.0   0.00  True True
   1      3.0     29.0     29.0   496.0   320.0     0.0   146.0    4.0    0.0     26.0   0.00  True True
   2     29.0      4.0      4.0   514.0    30.0   400.0    89.0   20.0    0.0    -25.0   0.00  True True
   3      4.0     41.0     41.0   657.0   200.0   400.0     0.0   20.0    0.0     37.0   0.00  True True
   4     41.0     39.0     39.0   818.0   400.0   400.0     0.0   20.0    0.0     -2.0   0.00  True True
   5     39.0    522.0    522.0   796.0   200.0     0.0    93.0   20.0    0.0    483.0   0.00  True True
   6    522.0     89.0     89.0  4239.0  2260.0  1100.0   224.0   88.0 1000.0   -433.0   0.00  True True
   7     89.0    444.0    444.0   655.0     0.0     0.0   267.0   33.0    0.0    355.0   0.00  True True
   8    444.0    191.0    191.0  3130.0   150.0   900.0   245.0   88.0 2000.0   -253.0   0.00  True True
   9    191.0     50.0     50.0  2851.0    20.0  2000.0   829.0  143.0    0.0   -141.0   0.00  True True
  10     50.0   7265.0   7265.0 10396.0    60.0  1500.0  1389.0  232.0    0.0   7215.0   0.00  True True
  11   7265.0  11529.0  11529.0  4802.0    90.0     0.0   216.0  232.0    0.0   4264.0   0.00  True True
  12  11529.0  15684.0  15997.0  4731.0   120.0     0.0     0.0  143.0    0.0   4468.0   0.00  True True
  13  15997.0  18665.0  19083.0  3299.0    70.0     0.0     0.0  143.0    0.0   3086.0   0.00  True True
  14  19083.0  22251.0  22251.0  3411.0   100.0     0.0     0.0  143.0    0.0   3168.0   0.00  True True
  15  22251.0  29096.0  29096.0  7731.0   510.0     0.0     0.0  376.0    0.0   6845.0   0.00  True True
  16  29096.0  41239.0  41239.0 12539.0    20.0     0.0     0.0  376.0    0.0  12143.0   0.00  True True
  29  89973.0  94900.0  94900.0  5015.0     0.0     0.0     0.0   88.0    0.0   4927.0   0.00  True True
   mismatches: 0   final money 94900.0 vs reward 94900.0
 seat 1 Boey  recon_max 0.0  land [('NE', 6, 1, 1294.0), ('SW', 8, 8, 2624.0)]
   d      m0     m23    mend   sell$   seed$   anim$   prod$   wage  land$   flows  resid  obs0==m0 obs23==m23
   0   3000.0     10.0     10.0  2845.0   700.0  2200.0  2923.0   12.0    0.0  -2990.0   0.00  True True
   1     10.0    391.0    391.0  3307.0     0.0     0.0  2924.0    2.0    0.0    381.0   0.00  True True
   2    391.0     26.0     26.0   487.0   240.0   600.0     0.0   12.0    0.0   -365.0   0.00  True True
   3     26.0     26.0     55.0  2982.0   400.0   400.0  2141.0   12.0    0.0     29.0   0.00  True True
   4     55.0     16.0     16.0  1451.0   100.0   800.0   570.0   20.0    0.0    -39.0   0.00  True True
   5     16.0      1.0      1.0 10729.0   100.0     0.0 10632.0   12.0    0.0    -15.0   0.00  True True
   6      1.0     15.0     15.0  8698.0  2080.0   800.0  4716.0   88.0 1000.0     14.0   0.00  True True
   7     15.0     28.0     28.0  2302.0     0.0   400.0  1869.0   20.0    0.0     13.0   0.00  True True
   8     28.0      9.0      9.0  8051.0   790.0     0.0  5137.0  143.0 2000.0    -19.0   0.00  True True
   9      9.0      7.0      7.0  6879.0    60.0  2000.0  4733.0   88.0    0.0     -2.0   0.00  True True
  10      7.0   5694.0   6621.0 19597.0   120.0  1500.0 10987.0  376.0    0.0   6614.0   0.00  True True
  11   6621.0  11162.0  11666.0 19289.0    10.0     0.0 14146.0   88.0    0.0   5045.0   0.00  True True
  12  11666.0  14556.0  15152.0 22007.0   170.0     0.0 18119.0  232.0    0.0   3486.0   0.00  True True
  13  15152.0  20328.0  20160.0 18801.0   150.0     0.0 13555.0   88.0    0.0   5008.0   0.00  True True
  14  20160.0  24597.0  24765.0 10959.0    10.0     0.0  6201.0  143.0    0.0   4605.0   0.00  True True
  15  24765.0  32861.0  32920.0 18854.0   170.0     0.0 10297.0  232.0    0.0   8155.0   0.00  True True
  16  32920.0  44453.0  44702.0 21747.0    70.0     0.0  9663.0  232.0    0.0  11782.0   0.00  True True
  29  94484.0  99784.0  99784.0  7491.0     0.0     0.0  2103.0   88.0    0.0   5300.0   0.00  True True
   mismatches: 0   final money 99784.0 vs reward 99784.0
game 113095439 ['Fourth Quadrant', 'Smackaveli'] rewards rec [79938.0, 74887.0] replay [79938.0, 74887.0]
 seat 0 Fourth Quadrant  recon_max 0.0  land [('NE', 6, 2, 1289.0), ('SW', 8, 6, 2329.0), ('SE', 10, 8, 7342.0)]
   d      m0     m23    mend   sell$   seed$   anim$   prod$   wage  land$   flows  resid  obs0==m0 obs23==m23
   0   3000.0      6.0      6.0   309.0   730.0  2200.0   366.0    7.0    0.0  -2994.0   0.00  True True
   1      6.0     24.0     24.0   932.0   300.0     0.0   607.0    7.0    0.0     18.0   0.00  True True
   2     24.0      7.0      7.0  1161.0   140.0   500.0   526.0   12.0    0.0    -17.0   0.00  True True
   3      7.0     16.0     16.0  1244.0   360.0   400.0   442.0   33.0    0.0      9.0   0.00  True True
   4     16.0     19.0     19.0   799.0     0.0   400.0   384.0   12.0    0.0      3.0   0.00  True True
   5     19.0      2.0      2.0  1025.0   100.0   400.0   522.0   20.0    0.0    -17.0   0.00  True True
   6      2.0      7.0      7.0  3733.0   570.0  1600.0   470.0   88.0 1000.0      5.0   0.00  True True
   7      7.0      0.0      0.0   779.0    10.0     0.0   743.0   33.0    0.0     -7.0   0.00  True True
   8      0.0   1101.0    993.0  9580.0   770.0   900.0  4685.0  232.0 2000.0    993.0   0.00  True True
   9    993.0   1487.0   1487.0  7107.0   890.0     0.0  5580.0  143.0    0.0    494.0   0.00  True True
  10   1487.0  11719.0  11377.0 20059.0   230.0     0.0  5563.0  376.0 4000.0   9890.0   0.00  True True
  11  11377.0  13852.0  13852.0  7058.0   450.0     0.0  3901.0  232.0    0.0   2475.0   0.00  True True
  12  13852.0  18843.0  18843.0  8873.0   380.0     0.0  3270.0  232.0    0.0   4991.0   0.00  True True
  13  18843.0  22833.0  23534.0  9204.0   240.0     0.0  3897.0  376.0    0.0   4691.0   0.00  True True
  14  23534.0  30478.0  30781.0 10821.0   360.0     0.0  2838.0  376.0    0.0   7247.0   0.00  True True
  15  30781.0  34167.0  34167.0  6823.0   280.0     0.0  2781.0  376.0    0.0   3386.0   0.00  True True
  16  34167.0  39948.0  40293.0  9490.0   270.0     0.0  2862.0  232.0    0.0   6126.0   0.00  True True
  29  73042.0  79938.0  79938.0  7940.0     0.0     0.0   956.0   88.0    0.0   6896.0   0.00  True True
   mismatches: 0   final money 79938.0 vs reward 79938.0
 seat 1 Smackaveli  recon_max 0.0  land [('NE', 6, 5, 2989.0), ('SW', 9, 1, 2661.0), ('SE', 10, 13, 4101.0)]
   d      m0     m23    mend   sell$   seed$   anim$   prod$   wage  land$   flows  resid  obs0==m0 obs23==m23
   0   3000.0      8.0      8.0   140.0   580.0  2300.0   245.0    7.0    0.0  -2992.0   0.00  True True
   1      8.0      3.0      3.0   494.0   320.0     0.0   172.0    7.0    0.0     -5.0   0.00  True True
   2      3.0      7.0      7.0   513.0   400.0     0.0    89.0   20.0    0.0      4.0   0.00  True True
   3      7.0      7.0      7.0   620.0   600.0     0.0     0.0   20.0    0.0      0.0   0.00  True True
   4      7.0    462.0    462.0   462.0     0.0     0.0     0.0    7.0    0.0    455.0   0.00  True True
   5    462.0    833.0    833.0   451.0     0.0     0.0    60.0   20.0    0.0    371.0   0.00  True True
   6    833.0     96.0     96.0  3845.0   150.0  3000.0   378.0   54.0 1000.0   -737.0   0.00  True True
   7     96.0    218.0    218.0  1092.0    40.0   400.0   442.0   88.0    0.0    122.0   0.00  True True
   8    218.0   2815.0   2971.0  3448.0    40.0     0.0   567.0   88.0    0.0   2753.0   0.00  True True
   9   2971.0    259.0    259.0  2105.0   700.0  1700.0   185.0  232.0 2000.0  -2712.0   0.00  True True
  10    259.0   1386.0   1386.0  7919.0   600.0   300.0  1516.0  376.0 4000.0   1127.0   0.00  True True
  11   1386.0   7104.0   7104.0  6670.0   420.0   300.0     0.0  232.0    0.0   5718.0   0.00  True True
  12   7104.0   9916.0   9916.0  4078.0   890.0     0.0     0.0  376.0    0.0   2812.0   0.00  True True
  13   9916.0  14680.0  14730.0  5370.0   180.0     0.0     0.0  376.0    0.0   4814.0   0.00  True True
  14  14730.0  20970.0  21160.0  6946.0   140.0     0.0     0.0  376.0    0.0   6430.0   0.00  True True
  15  21160.0  23998.0  24043.0  3615.0   500.0     0.0     0.0  232.0    0.0   2883.0   0.00  True True
  16  24043.0  27965.0  28317.0  4830.0   180.0     0.0     0.0  376.0    0.0   4274.0   0.00  True True
  29  74251.0  74887.0  74887.0   779.0     0.0     0.0     0.0  143.0    0.0    636.0   0.00  True True
   mismatches: 0   final money 74887.0 vs reward 74887.0
