1 吃白饭的大肥鱼 113065970 m -7708.0 us 154045.0 el 161753.0 wall 11.1 err []
2 吃白饭的大肥鱼 113079212 m -22066.0 us 109611.0 el 131677.0 wall 10.8 err []
3 吃白饭的大肥鱼 113091953 m -3183.0 us 94550.0 el 97733.0 wall 11.4 err []
4 吃白饭的大肥鱼 113093088 m 12474.0 us 85578.0 el 73104.0 wall 10.6 err []
5 吃白饭的大肥鱼 113103588 m -13899.0 us 139669.0 el 153568.0 wall 11.5 err []
6 吃白饭的大肥鱼 113125645 m 85905.0 us 122956.0 el 37051.0 wall 9.6 err []
7 吃白饭的大肥鱼 113138587 m -13712.0 us 105670.0 el 119382.0 wall 10.7 err []
8 吃白饭的大肥鱼 113175616 m -18435.0 us 120007.0 el 138442.0 wall 10.9 err []
9 吃白饭的大肥鱼 113184088 m 85075.0 us 129687.0 el 44612.0 wall 11.6 err []
10 吃白饭的大肥鱼 113188236 m 5502.0 us 107605.0 el 102103.0 wall 11.0 err []
11 吃白饭的大肥鱼 113190850 m 76088.0 us 180955.0 el 104867.0 wall 11.3 err []
12 吃白饭的大肥鱼 113202318 m 74385.0 us 131198.0 el 56813.0 wall 10.7 err []
13 吃白饭的大肥鱼 113222145 m -9454.0 us 82813.0 el 92267.0 wall 11.5 err []
14 吃白饭的大肥鱼 113242018 m -1849.0 us 94268.0 el 96117.0 wall 11.5 err []
15 吃白饭的大肥鱼 113251560 m -18700.0 us 114997.0 el 133697.0 wall 13.2 err []
16 吃白饭的大肥鱼 113270086 m -9715.0 us 87579.0 el 97294.0 wall 10.7 err []
17 吃白饭的大肥鱼 113316958 m 96657.0 us 155492.0 el 58835.0 wall 12.6 err []
18 吃白饭的大肥鱼 113352054 m -8959.0 us 99758.0 el 108717.0 wall 11.4 err []
19 吃白饭的大肥鱼 113513519 m -13095.0 us 130520.0 el 143615.0 wall 11.5 err []
20 吃白饭的大肥鱼 113658239 m 64336.0 us 177758.0 el 113422.0 wall 12.2 err []
21 THIRD FARM CLUB 113079221 m 989.0 us 120270.0 el 119281.0 wall 11.0 err []
22 THIRD FARM CLUB 113097920 m -20681.0 us 80422.0 el 101103.0 wall 11.8 err []
23 THIRD FARM CLUB 113168578 m -17144.0 us 96213.0 el 113357.0 wall 11.7 err []
24 THIRD FARM CLUB 113193141 m -9164.0 us 140893.0 el 150057.0 wall 11.3 err []
25 THIRD FARM CLUB 113203809 m -9202.0 us 73185.0 el 82387.0 wall 10.7 err []
26 THIRD FARM CLUB 113215092 m 9995.0 us 138175.0 el 128180.0 wall 10.5 err []
27 THIRD FARM CLUB 113216231 m -19881.0 us 99904.0 el 119785.0 wall 10.5 err []
28 THIRD FARM CLUB 113229034 m -4627.0 us 108028.0 el 112655.0 wall 10.2 err []
29 THIRD FARM CLUB 113236533 m -16850.0 us 87832.0 el 104682.0 wall 9.6 err []
30 THIRD FARM CLUB 113252618 m -15547.0 us 124478.0 el 140025.0 wall 10.3 err []
31 THIRD FARM CLUB 113262156 m -7299.0 us 154337.0 el 161636.0 wall 9.9 err []
32 THIRD FARM CLUB 113276020 m -8552.0 us 93809.0 el 102361.0 wall 8.8 err []
33 THIRD FARM CLUB 113413677 m -22426.0 us 106786.0 el 129212.0 wall 8.2 err []
34 THIRD FARM CLUB 113503361 m 11551.0 us 148069.0 el 136518.0 wall 8.7 err []
35 THIRD FARM CLUB 113586122 m 10643.0 us 126611.0 el 115968.0 wall 8.4 err []
36 THIRD FARM CLUB 113593090 m -13778.0 us 115343.0 el 129121.0 wall 9.6 err []
37 THIRD FARM CLUB 113598248 m 4788.0 us 105769.0 el 100981.0 wall 9.2 err []
38 THIRD FARM CLUB 113621652 m -13599.0 us 127295.0 el 140894.0 wall 9.1 err []
39 THIRD FARM CLUB 113684025 m -1805.0 us 103002.0 el 104807.0 wall 9.6 err []
40 THIRD FARM CLUB 113748445 m 450.0 us 118985.0 el 118535.0 wall 9.6 err []
41 mtmr_s1 113065954 m -13076.0 us 125048.0 el 138124.0 wall 9.5 err []
42 mtmr_s1 113073288 m -7341.0 us 122424.0 el 129765.0 wall 9.2 err []
43 mtmr_s1 113080405 m -17753.0 us 121511.0 el 139264.0 wall 9.1 err []
44 mtmr_s1 113093036 m -26163.0 us 88358.0 el 114521.0 wall 9.2 err []
45 mtmr_s1 113103617 m -8316.0 us 90331.0 el 98647.0 wall 10.1 err []
46 mtmr_s1 113112818 m 905.0 us 140841.0 el 139936.0 wall 9.9 err []
47 mtmr_s1 113125640 m -3499.0 us 99317.0 el 102816.0 wall 9.4 err []
48 mtmr_s1 113132789 m -10123.0 us 106168.0 el 116291.0 wall 9.3 err []
49 mtmr_s1 113153647 m -17373.0 us 136480.0 el 153853.0 wall 7.9 err []
50 mtmr_s1 113175616 m -12511.0 us 120287.0 el 132798.0 wall 8.3 err []
51 mtmr_s1 113230536 m -10527.0 us 103923.0 el 114450.0 wall 8.6 err []
52 mtmr_s1 113243276 m -12060.0 us 84989.0 el 97049.0 wall 8.5 err []
53 mtmr_s1 113246496 m -18177.0 us 123445.0 el 141622.0 wall 10.2 err []
54 mtmr_s1 113292327 m -10802.0 us 78600.0 el 89402.0 wall 9.3 err []
55 mtmr_s1 113316908 m 5374.0 us 91969.0 el 86595.0 wall 9.2 err []
56 mtmr_s1 113342748 m -7113.0 us 102933.0 el 110046.0 wall 9.5 err []
57 mtmr_s1 113352049 m -7163.0 us 134501.0 el 141664.0 wall 10.0 err []
58 mtmr_s1 113422367 m -5196.0 us 86481.0 el 91677.0 wall 9.8 err []
59 mtmr_s1 113498333 m -10741.0 us 91130.0 el 101871.0 wall 10.0 err []
60 mtmr_s1 113564886 m -15769.0 us 124056.0 el 139825.0 wall 9.9 err []
61 Kaggledew Valley 🏆 113073284 m -11786.0 us 100110.0 el 111896.0 wall 9.4 err []
62 Kaggledew Valley 🏆 113074365 m 4228.0 us 113786.0 el 109558.0 wall 9.5 err []
63 Kaggledew Valley 🏆 113087145 m 8449.0 us 109698.0 el 101249.0 wall 9.1 err []
64 Kaggledew Valley 🏆 113104360 m 3363.0 us 91185.0 el 87822.0 wall 9.3 err []
65 Kaggledew Valley 🏆 113135074 m -5726.0 us 97434.0 el 103160.0 wall 10.2 err []
66 Kaggledew Valley 🏆 113139777 m -9460.0 us 96481.0 el 105941.0 wall 10.7 err []
67 Kaggledew Valley 🏆 113146625 m -1394.0 us 115004.0 el 116398.0 wall 10.9 err []
68 Kaggledew Valley 🏆 113160477 m -16617.0 us 113025.0 el 129642.0 wall 10.3 err []
69 Kaggledew Valley 🏆 113180524 m -18497.0 us 93204.0 el 111701.0 wall 8.9 err []
70 Kaggledew Valley 🏆 113197807 m -11196.0 us 80413.0 el 91609.0 wall 8.2 err []
71 Kaggledew Valley 🏆 113217709 m 7.0 us 81204.0 el 81197.0 wall 8.5 err []
72 Kaggledew Valley 🏆 113228378 m -10030.0 us 125997.0 el 136027.0 wall 9.0 err []
73 Kaggledew Valley 🏆 113252616 m -30347.0 us 129461.0 el 159808.0 wall 9.2 err []
74 Kaggledew Valley 🏆 113276016 m -6112.0 us 148226.0 el 154338.0 wall 9.4 err []
75 Kaggledew Valley 🏆 113352081 m -9712.0 us 117364.0 el 127076.0 wall 9.7 err []
76 Kaggledew Valley 🏆 113390589 m -21351.0 us 127129.0 el 148480.0 wall 10.1 err []
77 Kaggledew Valley 🏆 113428049 m -24772.0 us 151152.0 el 175924.0 wall 9.6 err []
78 Kaggledew Valley 🏆 113428053 m -6420.0 us 114797.0 el 121217.0 wall 9.8 err []
79 Kaggledew Valley 🏆 113430817 m -19034.0 us 72653.0 el 91687.0 wall 10.3 err []
80 Kaggledew Valley 🏆 113439537 m -19851.0 us 119192.0 el 139043.0 wall 9.3 err []
81 TheEggman 113118870 m -7472.0 us 103386.0 el 110858.0 wall 9.7 err []
82 TheEggman 113142011 m 900.0 us 110074.0 el 109174.0 wall 9.6 err []
83 TheEggman 113216186 m 1796.0 us 96239.0 el 94443.0 wall 9.3 err []
84 TheEggman 113333423 m -12743.0 us 99708.0 el 112451.0 wall 9.8 err []
85 TheEggman 113380121 m -17922.0 us 86290.0 el 104212.0 wall 9.9 err []
86 TheEggman 113389473 m -9801.0 us 75473.0 el 85274.0 wall 10.6 err []
87 TheEggman 113390437 m -7934.0 us 87634.0 el 95568.0 wall 9.9 err []
88 TheEggman 113395632 m -4470.0 us 114769.0 el 119239.0 wall 10.0 err []
89 TheEggman 113492530 m -8147.0 us 95617.0 el 103764.0 wall 9.7 err []
90 TheEggman 113537111 m -18556.0 us 68683.0 el 87239.0 wall 9.0 err []
91 TheEggman 113548978 m -20347.0 us 104919.0 el 125266.0 wall 9.0 err []
92 TheEggman 113573160 m -15205.0 us 78395.0 el 93600.0 wall 8.6 err []
93 TheEggman 113579388 m -12889.0 us 100199.0 el 113088.0 wall 7.2 err []
94 TheEggman 113709674 m -26329.0 us 101048.0 el 127377.0 wall 7.8 err []
95 TheEggman 113899592 m -19609.0 us 157214.0 el 176823.0 wall 7.3 err []
96 Yizhou 113709444 m -16524.0 us 69734.0 el 86258.0 wall 7.0 err []
97 Yizhou 113740423 m -10610.0 us 90961.0 el 101571.0 wall 7.8 err []
98 Yizhou 113773025 m -21435.0 us 97762.0 el 119197.0 wall 7.5 err []
99 Yizhou 113781287 m -17725.0 us 108432.0 el 126157.0 wall 7.3 err []
100 Yizhou 113787172 m -8558.0 us 107462.0 el 116020.0 wall 7.6 err []
101 Yizhou 113788337 m -11495.0 us 83335.0 el 94830.0 wall 7.9 err []
102 Yizhou 113790698 m -20444.0 us 83573.0 el 104017.0 wall 8.5 err []
103 Yizhou 113803750 m -20267.0 us 79090.0 el 99357.0 wall 9.2 err []
104 Yizhou 113820729 m -23070.0 us 84824.0 el 107894.0 wall 9.8 err []
105 Yizhou 113830726 m -24500.0 us 115267.0 el 139767.0 wall 11.0 err []
106 Yizhou 113855986 m -9550.0 us 118712.0 el 128262.0 wall 10.2 err []
107 Yizhou 113856065 m -11827.0 us 96602.0 el 108429.0 wall 9.7 err []
108 Yizhou 113888267 m -21504.0 us 82575.0 el 104079.0 wall 10.8 err []
109 Yizhou 113889526 m -37129.0 us 109961.0 el 147090.0 wall 9.1 err []
110 Yizhou 113902053 m -23322.0 us 104311.0 el 127633.0 wall 9.8 err []
111 Yizhou 113905606 m -11325.0 us 123457.0 el 134782.0 wall 9.4 err []
Kaggledew Valley 🏆       20 W  4 m   -10313 us  109876 el  120189
THIRD FARM CLUB          20 W  6 m    -7107 us  113470 el  120577
TheEggman                15 W  2 m   -11915 us   98643 el  110558
Yizhou                   16 W  0 m   -18080 us   97254 el  115334
mtmr_s1                  20 W  2 m   -10371 us  108640 el  119011
吃白饭的大肥鱼                  20 W  8 m   +17982 us  121236 el  103253
ALLDONE c6_goldg 111 W 22 m -5984 wall 278
