1 DSM 113067521 m -35544.0 us 66891.0 el 102435.0 wall 11.8 err []
2 DSM 113097911 m -23853.0 us 61580.0 el 85433.0 wall 12.3 err []
3 DSM 113125644 m -30903.0 us 89475.0 el 120378.0 wall 11.4 err []
4 DSM 113224254 m -30203.0 us 107490.0 el 137693.0 wall 11.7 err []
5 DSM 113236034 m -27157.0 us 112715.0 el 139872.0 wall 11.1 err []
6 DSM 113247647 m -45127.0 us 116439.0 el 161566.0 wall 11.0 err []
7 DSM 113273596 m -20683.0 us 98344.0 el 119027.0 wall 11.4 err []
8 DSM 113333418 m -20739.0 us 116593.0 el 137332.0 wall 11.0 err []
9 DSM 113395629 m -30897.0 us 84831.0 el 115728.0 wall 12.1 err []
10 DSM 113445183 m -25934.0 us 92454.0 el 118388.0 wall 11.4 err []
11 DSM 113461103 m -12963.0 us 107548.0 el 120511.0 wall 11.3 err []
12 DSM 113469214 m -26812.0 us 118308.0 el 145120.0 wall 11.9 err []
13 DSM 113478044 m -21296.0 us 128727.0 el 150023.0 wall 10.8 err []
14 DSM 113498342 m -19469.0 us 121405.0 el 140874.0 wall 10.9 err []
15 DSM 113537103 m -23443.0 us 99822.0 el 123265.0 wall 11.5 err []
16 DSM 113559164 m -35835.0 us 145059.0 el 180894.0 wall 10.9 err []
17 DSM 113566249 m -18707.0 us 99637.0 el 118344.0 wall 10.7 err []
18 DSM 113573320 m -19097.0 us 111739.0 el 130836.0 wall 10.8 err []
19 DSM 113592105 m -31877.0 us 140496.0 el 172373.0 wall 10.9 err []
20 DSM 113631226 m -37489.0 us 104389.0 el 141878.0 wall 10.9 err []
21 DSM 113671930 m -21347.0 us 63364.0 el 84711.0 wall 10.0 err []
22 DSM 113683900 m -18140.0 us 94058.0 el 112198.0 wall 9.7 err []
23 DSM 113710926 m -24337.0 us 120720.0 el 145057.0 wall 9.5 err []
24 DSM 113734383 m -16027.0 us 118304.0 el 134331.0 wall 10.0 err []
25 DSM 113821970 m -31746.0 us 64615.0 el 96361.0 wall 8.6 err []
26 DSM 113826995 m -22112.0 us 110815.0 el 132927.0 wall 8.2 err []
27 DSM 113833227 m -18219.0 us 134930.0 el 153149.0 wall 8.6 err []
28 DSM 113839509 m -28087.0 us 86269.0 el 114356.0 wall 8.3 err []
29 DSM 113863292 m -25797.0 us 98173.0 el 123970.0 wall 9.1 err []
30 DSM 113888303 m -25777.0 us 105907.0 el 131684.0 wall 9.0 err []
31 Boey 113065954 m -5819.0 us 116072.0 el 121891.0 wall 9.5 err []
32 Boey 113087145 m -22895.0 us 85386.0 el 108281.0 wall 9.2 err []
33 Boey 113112822 m -31970.0 us 63334.0 el 95304.0 wall 9.0 err []
34 Boey 113132794 m -16729.0 us 83044.0 el 99773.0 wall 9.2 err []
35 Boey 113153433 m -19162.0 us 72891.0 el 92053.0 wall 9.5 err []
36 Boey 113179000 m -25180.0 us 86505.0 el 111685.0 wall 9.3 err []
37 Boey 113207353 m -25580.0 us 120134.0 el 145714.0 wall 9.8 err []
38 Boey 113236034 m -31748.0 us 95555.0 el 127303.0 wall 10.0 err []
39 Boey 113254907 m -7955.0 us 105018.0 el 112973.0 wall 10.0 err []
40 Boey 113292331 m -20223.0 us 138878.0 el 159101.0 wall 9.8 err []
41 Boey 113325067 m -19522.0 us 111223.0 el 130745.0 wall 10.8 err []
42 Boey 113352052 m -17964.0 us 61534.0 el 79498.0 wall 10.8 err []
43 Boey 113388403 m -11792.0 us 142425.0 el 154217.0 wall 10.8 err []
44 Boey 113409426 m -24387.0 us 108791.0 el 133178.0 wall 10.4 err []
45 Boey 113439547 m -29442.0 us 91683.0 el 121125.0 wall 10.2 err []
46 Boey 113461103 m -12250.0 us 113077.0 el 125327.0 wall 10.1 err []
47 Boey 113488903 m -19172.0 us 71616.0 el 90788.0 wall 10.0 err []
48 Boey 113514650 m -30400.0 us 154534.0 el 184934.0 wall 9.6 err []
49 Boey 113537105 m -30025.0 us 103406.0 el 133431.0 wall 7.8 err []
50 Boey 113560713 m -24685.0 us 117163.0 el 141848.0 wall 7.3 err []
51 Boey 113585388 m -32893.0 us 94794.0 el 127687.0 wall 7.5 err []
52 Boey 113612093 m -37131.0 us 95460.0 el 132591.0 wall 7.1 err []
53 Boey 113658224 m -13254.0 us 103703.0 el 116957.0 wall 7.6 err []
54 Boey 113687501 m 5766.0 us 165074.0 el 159308.0 wall 8.0 err []
55 Boey 113734520 m -15001.0 us 104664.0 el 119665.0 wall 7.8 err []
56 Boey 113768699 m -31826.0 us 99196.0 el 131022.0 wall 7.5 err []
57 Boey 113794465 m -20402.0 us 143418.0 el 163820.0 wall 7.3 err []
58 Boey 113808862 m -19185.0 us 104326.0 el 123511.0 wall 7.6 err []
59 Boey 113857202 m -26115.0 us 127975.0 el 154090.0 wall 7.3 err []
60 Boey 113887874 m -12424.0 us 105020.0 el 117444.0 wall 7.4 err []
61 Vadim Vasilenko 113067522 m -26205.0 us 95667.0 el 121872.0 wall 6.8 err []
62 Vadim Vasilenko 113096241 m -24690.0 us 83607.0 el 108297.0 wall 7.7 err []
63 Vadim Vasilenko 113109182 m -20370.0 us 117159.0 el 137529.0 wall 7.8 err []
64 Vadim Vasilenko 113132795 m -9368.0 us 95299.0 el 104667.0 wall 7.6 err []
65 Vadim Vasilenko 113159429 m -15683.0 us 87677.0 el 103360.0 wall 9.1 err []
66 Vadim Vasilenko 113180209 m -21715.0 us 125689.0 el 147404.0 wall 9.5 err []
67 Vadim Vasilenko 113207284 m -9954.0 us 118346.0 el 128300.0 wall 9.6 err []
68 Vadim Vasilenko 113233703 m -13691.0 us 96096.0 el 109787.0 wall 9.8 err []
69 Vadim Vasilenko 113259814 m -9552.0 us 92319.0 el 101871.0 wall 10.9 err []
70 Vadim Vasilenko 113300601 m -14021.0 us 108315.0 el 122336.0 wall 10.4 err []
71 Vadim Vasilenko 113361268 m -18695.0 us 85756.0 el 104451.0 wall 11.0 err []
72 Vadim Vasilenko 113439858 m -18415.0 us 75696.0 el 94111.0 wall 10.9 err []
73 Vadim Vasilenko 113454048 m -15943.0 us 73144.0 el 89087.0 wall 12.4 err []
74 Vadim Vasilenko 113464587 m -19125.0 us 100279.0 el 119404.0 wall 11.7 err []
75 Vadim Vasilenko 113471522 m -28176.0 us 74937.0 el 103113.0 wall 11.1 err []
76 Vadim Vasilenko 113491631 m -20064.0 us 57154.0 el 77218.0 wall 11.2 err []
77 Vadim Vasilenko 113508987 m -16378.0 us 101433.0 el 117811.0 wall 11.1 err []
78 Vadim Vasilenko 113531118 m -8238.0 us 134139.0 el 142377.0 wall 11.1 err []
79 Vadim Vasilenko 113554851 m -25073.0 us 82895.0 el 107968.0 wall 10.8 err []
80 Vadim Vasilenko 113568433 m -11750.0 us 102745.0 el 114495.0 wall 10.9 err []
81 Vadim Vasilenko 113595745 m -17195.0 us 60069.0 el 77264.0 wall 11.0 err []
82 Vadim Vasilenko 113624027 m -27189.0 us 92280.0 el 119469.0 wall 10.5 err []
83 Vadim Vasilenko 113696620 m -26139.0 us 99267.0 el 125406.0 wall 11.6 err []
84 Vadim Vasilenko 113706110 m -19371.0 us 123862.0 el 143233.0 wall 10.7 err []
85 Vadim Vasilenko 113733283 m -19698.0 us 80200.0 el 99898.0 wall 9.9 err []
86 Vadim Vasilenko 113768684 m -18057.0 us 84427.0 el 102484.0 wall 9.7 err []
87 Vadim Vasilenko 113794459 m -23830.0 us 128558.0 el 152388.0 wall 9.6 err []
88 Vadim Vasilenko 113819980 m -23884.0 us 66753.0 el 90637.0 wall 9.5 err []
89 Vadim Vasilenko 113838152 m -28645.0 us 92422.0 el 121067.0 wall 9.3 err []
90 Vadim Vasilenko 113864467 m -21773.0 us 114971.0 el 136744.0 wall 9.3 err []
91 M & M & P & Q 113067524 m -17311.0 us 92684.0 el 109995.0 wall 9.8 err []
92 M & M & P & Q 113109182 m -9519.0 us 123144.0 el 132663.0 wall 9.7 err []
93 M & M & P & Q 113153431 m -15062.0 us 90147.0 el 105209.0 wall 8.8 err []
94 M & M & P & Q 113195165 m -6181.0 us 111543.0 el 117724.0 wall 8.9 err []
95 M & M & P & Q 113229596 m -27021.0 us 119924.0 el 146945.0 wall 8.6 err []
96 M & M & P & Q 113284191 m 69830.0 us 110504.0 el 40674.0 wall 7.6 err []
97 M & M & P & Q 113308626 m -5236.0 us 116005.0 el 121241.0 wall 7.8 err []
98 M & M & P & Q 113342744 m 2375.0 us 135808.0 el 133433.0 wall 8.1 err []
99 M & M & P & Q 113409195 m -28647.0 us 154881.0 el 183528.0 wall 7.9 err []
100 M & M & P & Q 113422375 m -22100.0 us 107308.0 el 129408.0 wall 8.4 err []
101 M & M & P & Q 113445185 m -26510.0 us 83689.0 el 110199.0 wall 9.7 err []
102 M & M & P & Q 113465093 m -28323.0 us 130133.0 el 158456.0 wall 10.1 err []
103 M & M & P & Q 113481778 m -21380.0 us 66805.0 el 88185.0 wall 9.7 err []
104 M & M & P & Q 113502907 m -23158.0 us 110299.0 el 133457.0 wall 10.0 err []
105 M & M & P & Q 113519751 m -24423.0 us 105754.0 el 130177.0 wall 9.7 err []
106 M & M & P & Q 113542920 m -37787.0 us 87187.0 el 124974.0 wall 11.5 err []
107 M & M & P & Q 113555926 m -28216.0 us 97132.0 el 125348.0 wall 10.2 err []
108 M & M & P & Q 113572376 m -28034.0 us 122551.0 el 150585.0 wall 9.6 err []
109 M & M & P & Q 113598187 m -23308.0 us 122005.0 el 145313.0 wall 10.0 err []
110 M & M & P & Q 113634828 m -30129.0 us 74669.0 el 104798.0 wall 9.5 err []
111 M & M & P & Q 113678989 m -30989.0 us 74599.0 el 105588.0 wall 9.1 err []
112 M & M & P & Q 113691890 m -15430.0 us 85642.0 el 101072.0 wall 9.6 err []
113 M & M & P & Q 113727401 m -23551.0 us 84778.0 el 108329.0 wall 9.8 err []
114 M & M & P & Q 113751027 m -20121.0 us 94868.0 el 114989.0 wall 9.9 err []
115 M & M & P & Q 113787430 m -6567.0 us 112695.0 el 119262.0 wall 9.6 err []
116 M & M & P & Q 113812132 m -10383.0 us 99896.0 el 110279.0 wall 9.7 err []
117 M & M & P & Q 113838524 m -17980.0 us 71782.0 el 89762.0 wall 9.1 err []
118 M & M & P & Q 113858379 m -20094.0 us 110209.0 el 130303.0 wall 9.5 err []
119 M & M & P & Q 113879034 m -19898.0 us 95082.0 el 114980.0 wall 9.0 err []
120 M & M & P & Q 113894231 m -17525.0 us 106209.0 el 123734.0 wall 8.9 err []
121 Majkel1337 113067522 m -22753.0 us 102154.0 el 124907.0 wall 9.4 err []
122 Majkel1337 113092068 m -8423.0 us 92327.0 el 100750.0 wall 9.2 err []
123 Majkel1337 113097421 m -25489.0 us 113614.0 el 139103.0 wall 9.5 err []
124 Majkel1337 113183530 m -12944.0 us 75893.0 el 88837.0 wall 9.3 err []
125 Majkel1337 113189343 m -16816.0 us 110547.0 el 127363.0 wall 10.2 err []
126 Majkel1337 113196323 m -14612.0 us 88306.0 el 102918.0 wall 10.2 err []
127 Majkel1337 113202318 m -13819.0 us 87029.0 el 100848.0 wall 10.2 err []
128 Majkel1337 113214242 m 2575.0 us 103376.0 el 100801.0 wall 10.9 err []
129 Majkel1337 113236533 m -26841.0 us 84314.0 el 111155.0 wall 9.2 err []
130 Majkel1337 113262156 m -30518.0 us 132955.0 el 163473.0 wall 9.4 err []
131 Majkel1337 113284198 m -38115.0 us 159029.0 el 197144.0 wall 9.3 err []
132 Majkel1337 113316943 m -21092.0 us 107781.0 el 128873.0 wall 9.4 err []
133 Majkel1337 113332087 m -34798.0 us 116599.0 el 151397.0 wall 9.5 err []
134 Majkel1337 113342755 m -13516.0 us 88325.0 el 101841.0 wall 9.5 err []
135 Majkel1337 113362424 m -19845.0 us 107288.0 el 127133.0 wall 9.3 err []
136 Majkel1337 113395634 m -14329.0 us 120013.0 el 134342.0 wall 9.6 err []
137 Majkel1337 113412790 m -11748.0 us 103157.0 el 114905.0 wall 8.9 err []
138 Majkel1337 113464564 m -6226.0 us 105887.0 el 112113.0 wall 9.1 err []
139 Majkel1337 113634604 m 30715.0 us 122628.0 el 91913.0 wall 8.8 err []
140 Majkel1337 113735476 m -16488.0 us 84519.0 el 101007.0 wall 8.4 err []
141 Majkel1337 113744879 m -12148.0 us 62451.0 el 74599.0 wall 8.1 err []
142 Majkel1337 113758152 m -21199.0 us 87676.0 el 108875.0 wall 8.0 err []
143 Majkel1337 113768670 m -28650.0 us 126585.0 el 155235.0 wall 7.9 err []
144 Majkel1337 113786262 m -18563.0 us 73247.0 el 91810.0 wall 7.6 err []
145 Majkel1337 113807139 m -24581.0 us 150520.0 el 175101.0 wall 6.9 err []
146 Majkel1337 113814823 m -27486.0 us 111534.0 el 139020.0 wall 7.1 err []
147 Majkel1337 113834892 m -10844.0 us 112304.0 el 123148.0 wall 7.1 err []
148 Majkel1337 113838558 m -15110.0 us 117738.0 el 132848.0 wall 7.7 err []
149 Majkel1337 113849821 m -6289.0 us 121672.0 el 127961.0 wall 7.5 err []
150 Majkel1337 113887864 m -9441.0 us 91922.0 el 101363.0 wall 7.5 err []
151 DECEM 113067521 m -36448.0 us 67320.0 el 103768.0 wall 7.8 err []
152 DECEM 113083668 m -20745.0 us 111473.0 el 132218.0 wall 8.6 err []
153 DECEM 113097923 m -17672.0 us 87766.0 el 105438.0 wall 9.1 err []
154 DECEM 113118870 m -22576.0 us 99889.0 el 122465.0 wall 8.1 err []
155 DECEM 113145342 m -25962.0 us 109762.0 el 135724.0 wall 9.1 err []
156 DECEM 113168728 m -16713.0 us 129280.0 el 145993.0 wall 9.1 err []
157 DECEM 113221279 m -22341.0 us 109120.0 el 131461.0 wall 9.9 err []
158 DECEM 113246820 m -13658.0 us 72552.0 el 86210.0 wall 9.3 err []
159 DECEM 113273596 m -23618.0 us 87828.0 el 111446.0 wall 9.6 err []
160 DECEM 113300589 m -23444.0 us 98937.0 el 122381.0 wall 9.8 err []
161 DECEM 113325072 m -25558.0 us 142562.0 el 168120.0 wall 10.8 err []
162 DECEM 113370862 m -31405.0 us 143560.0 el 174965.0 wall 10.8 err []
163 DECEM 113405851 m -25204.0 us 76044.0 el 101248.0 wall 10.0 err []
164 DECEM 113445183 m -16654.0 us 96990.0 el 113644.0 wall 10.2 err []
165 DECEM 113468045 m -27410.0 us 111831.0 el 139241.0 wall 11.4 err []
166 DECEM 113478442 m -37932.0 us 108110.0 el 146042.0 wall 11.0 err []
167 DECEM 113502908 m -12859.0 us 99699.0 el 112558.0 wall 11.0 err []
168 DECEM 113519756 m -13347.0 us 103138.0 el 116485.0 wall 11.4 err []
169 DECEM 113537398 m -23125.0 us 116907.0 el 140032.0 wall 9.7 err []
170 DECEM 113560717 m -19956.0 us 110150.0 el 130106.0 wall 9.9 err []
171 DECEM 113579411 m -21193.0 us 140234.0 el 161427.0 wall 9.8 err []
172 DECEM 113605053 m -37668.0 us 94899.0 el 132567.0 wall 9.3 err []
173 DECEM 113626750 m -16390.0 us 80178.0 el 96568.0 wall 8.0 err []
174 DECEM 113675478 m -18787.0 us 119760.0 el 138547.0 wall 8.1 err []
175 DECEM 113710858 m -19872.0 us 83594.0 el 103466.0 wall 7.8 err []
176 DECEM 113748445 m -22729.0 us 94205.0 el 116934.0 wall 8.6 err []
177 DECEM 113786262 m -78.0 us 81641.0 el 81719.0 wall 8.6 err []
178 DECEM 113823244 m -31986.0 us 84707.0 el 116693.0 wall 8.6 err []
179 DECEM 113851061 m -12433.0 us 129296.0 el 141729.0 wall 9.0 err []
180 DECEM 113885255 m -19362.0 us 107781.0 el 127143.0 wall 8.3 err []
181 Unknown Mother-Goose 113066303 m -20328.0 us 89574.0 el 109902.0 wall 8.0 err []
182 Unknown Mother-Goose 113083668 m -22817.0 us 108175.0 el 130992.0 wall 8.1 err []
183 Unknown Mother-Goose 113104649 m -25245.0 us 74855.0 el 100100.0 wall 8.3 err []
184 Unknown Mother-Goose 113118872 m -31981.0 us 103172.0 el 135153.0 wall 8.6 err []
185 Unknown Mother-Goose 113146627 m -21124.0 us 118900.0 el 140024.0 wall 7.7 err []
186 Unknown Mother-Goose 113181583 m -22072.0 us 76516.0 el 98588.0 wall 7.6 err []
187 Unknown Mother-Goose 113215092 m -10276.0 us 114566.0 el 124842.0 wall 7.7 err []
188 Unknown Mother-Goose 113237239 m -25071.0 us 66396.0 el 91467.0 wall 7.7 err []
189 Unknown Mother-Goose 113252618 m -39526.0 us 112314.0 el 151840.0 wall 7.6 err []
190 Unknown Mother-Goose 113288902 m -20313.0 us 99019.0 el 119332.0 wall 7.4 err []
191 Unknown Mother-Goose 113316942 m -12232.0 us 110546.0 el 122778.0 wall 8.1 err []
192 Unknown Mother-Goose 113325069 m -12726.0 us 103826.0 el 116552.0 wall 8.0 err []
193 Unknown Mother-Goose 113357746 m -20571.0 us 101586.0 el 122157.0 wall 7.7 err []
194 Unknown Mother-Goose 113416335 m -16144.0 us 113288.0 el 129432.0 wall 7.7 err []
195 Unknown Mother-Goose 113434582 m -17182.0 us 119095.0 el 136277.0 wall 7.6 err []
196 Unknown Mother-Goose 113449988 m -24700.0 us 81239.0 el 105939.0 wall 8.5 err []
197 Unknown Mother-Goose 113465002 m -21591.0 us 67063.0 el 88654.0 wall 7.7 err []
198 Unknown Mother-Goose 113473840 m -24663.0 us 63852.0 el 88515.0 wall 7.6 err []
199 Unknown Mother-Goose 113491631 m -26591.0 us 55686.0 el 82277.0 wall 7.8 err []
200 Unknown Mother-Goose 113519756 m -24274.0 us 100816.0 el 125090.0 wall 8.0 err []
201 Unknown Mother-Goose 113560159 m -19488.0 us 100879.0 el 120367.0 wall 8.7 err []
202 Unknown Mother-Goose 113610717 m -21608.0 us 111649.0 el 133257.0 wall 8.8 err []
203 Unknown Mother-Goose 113626747 m -27935.0 us 108994.0 el 136929.0 wall 10.3 err []
204 Unknown Mother-Goose 113679435 m -21862.0 us 73724.0 el 95586.0 wall 10.1 err []
205 Unknown Mother-Goose 113717877 m -15604.0 us 97538.0 el 113142.0 wall 10.0 err []
206 Unknown Mother-Goose 113768670 m -22653.0 us 124515.0 el 147168.0 wall 11.4 err []
207 Unknown Mother-Goose 113809631 m -14619.0 us 66075.0 el 80694.0 wall 9.8 err []
208 Unknown Mother-Goose 113824632 m -12591.0 us 110652.0 el 123243.0 wall 10.7 err []
209 Unknown Mother-Goose 113854798 m -28829.0 us 87568.0 el 116397.0 wall 10.6 err []
210 Unknown Mother-Goose 113890702 m -23273.0 us 87448.0 el 110721.0 wall 9.7 err []
211 Fourth Quadrant 113095439 m -19022.0 us 68901.0 el 87923.0 wall 11.2 err []
212 Fourth Quadrant 113124487 m -28805.0 us 132622.0 el 161427.0 wall 10.7 err []
213 Fourth Quadrant 113153445 m -6089.0 us 82593.0 el 88682.0 wall 10.3 err []
214 Fourth Quadrant 113180379 m -25420.0 us 99150.0 el 124570.0 wall 11.0 err []
215 Fourth Quadrant 113214242 m -16162.0 us 82617.0 el 98779.0 wall 10.3 err []
216 Fourth Quadrant 113237685 m -11559.0 us 65925.0 el 77484.0 wall 10.2 err []
217 Fourth Quadrant 113257456 m 67092.0 us 122632.0 el 55540.0 wall 10.4 err []
218 Fourth Quadrant 113276019 m 156345.0 us 177080.0 el 20735.0 wall 9.1 err []
219 Fourth Quadrant 113316908 m -24835.0 us 57133.0 el 81968.0 wall 9.6 err []
220 Fourth Quadrant 113329732 m -18843.0 us 83869.0 el 102712.0 wall 9.6 err []
221 Fourth Quadrant 113352049 m -22162.0 us 97113.0 el 119275.0 wall 9.3 err []
222 Fourth Quadrant 113507960 m 54048.0 us 154953.0 el 100905.0 wall 8.8 err []
223 Fourth Quadrant 113555940 m -18273.0 us 83853.0 el 102126.0 wall 9.1 err []
224 Fourth Quadrant 113568874 m -15104.0 us 71466.0 el 86570.0 wall 9.0 err []
225 Fourth Quadrant 113592106 m -13315.0 us 80828.0 el 94143.0 wall 10.1 err []
226 Fourth Quadrant 113610717 m 53728.0 us 130990.0 el 77262.0 wall 11.3 err []
227 Fourth Quadrant 113634828 m -17626.0 us 79311.0 el 96937.0 wall 11.3 err []
228 Fourth Quadrant 113655904 m -20774.0 us 108616.0 el 129390.0 wall 10.6 err []
229 Fourth Quadrant 113672443 m -1907.0 us 107960.0 el 109867.0 wall 10.3 err []
230 Fourth Quadrant 113686462 m 52702.0 us 131607.0 el 78905.0 wall 9.5 err []
231 Fourth Quadrant 113709444 m -16829.0 us 59449.0 el 76278.0 wall 9.9 err []
232 Fourth Quadrant 113733286 m -14743.0 us 86504.0 el 101247.0 wall 11.0 err []
233 Fourth Quadrant 113759330 m 76644.0 us 145335.0 el 68691.0 wall 10.1 err []
234 Fourth Quadrant 113794463 m -13548.0 us 96480.0 el 110028.0 wall 11.7 err []
235 Fourth Quadrant 113808862 m -15789.0 us 97097.0 el 112886.0 wall 10.9 err []
236 Fourth Quadrant 113818611 m 133562.0 us 148253.0 el 14691.0 wall 10.0 err []
237 Fourth Quadrant 113831971 m -18201.0 us 87416.0 el 105617.0 wall 10.5 err []
238 Fourth Quadrant 113840712 m -24698.0 us 120870.0 el 145568.0 wall 10.2 err []
239 Fourth Quadrant 113858379 m -27920.0 us 105125.0 el 133045.0 wall 10.9 err []
240 Fourth Quadrant 113875583 m 38764.0 us 105110.0 el 66346.0 wall 9.9 err []
241 Azat Akhtyamov 113532009 m -15738.0 us 129705.0 el 145443.0 wall 9.8 err []
242 Azat Akhtyamov 113537115 m -18986.0 us 65902.0 el 84888.0 wall 9.6 err []
243 Azat Akhtyamov 113543206 m -18339.0 us 101827.0 el 120166.0 wall 8.6 err []
244 Azat Akhtyamov 113543803 m -28706.0 us 94749.0 el 123455.0 wall 7.7 err []
245 Azat Akhtyamov 113547380 m -22905.0 us 104620.0 el 127525.0 wall 7.8 err []
246 Azat Akhtyamov 113549871 m -17809.0 us 78583.0 el 96392.0 wall 7.6 err []
247 Azat Akhtyamov 113563715 m -10144.0 us 97022.0 el 107166.0 wall 7.6 err []
248 Azat Akhtyamov 113577176 m -18995.0 us 75526.0 el 94521.0 wall 7.4 err []
249 Azat Akhtyamov 113609850 m -19242.0 us 78124.0 el 97366.0 wall 8.6 err []
250 Azat Akhtyamov 113623209 m -15169.0 us 99913.0 el 115082.0 wall 8.7 err []
251 Azat Akhtyamov 113624027 m -26818.0 us 93300.0 el 120118.0 wall 9.0 err []
252 Azat Akhtyamov 113629111 m -18951.0 us 132792.0 el 151743.0 wall 9.2 err []
253 Azat Akhtyamov 113637102 m -20437.0 us 121179.0 el 141616.0 wall 9.0 err []
254 Azat Akhtyamov 113641992 m -1738.0 us 117618.0 el 119356.0 wall 9.0 err []
255 Azat Akhtyamov 113644309 m -22607.0 us 135959.0 el 158566.0 wall 8.7 err []
256 Azat Akhtyamov 113655904 m -8833.0 us 127401.0 el 136234.0 wall 8.5 err []
257 Azat Akhtyamov 113659577 m -33731.0 us 107255.0 el 140986.0 wall 9.5 err []
258 Azat Akhtyamov 113667211 m -12007.0 us 83916.0 el 95923.0 wall 9.4 err []
259 Azat Akhtyamov 113691007 m -19814.0 us 84395.0 el 104209.0 wall 10.0 err []
260 Azat Akhtyamov 113693069 m -22551.0 us 116775.0 el 139326.0 wall 10.3 err []
261 Azat Akhtyamov 113694255 m -8890.0 us 122599.0 el 131489.0 wall 9.6 err []
262 Azat Akhtyamov 113700612 m -12399.0 us 94091.0 el 106490.0 wall 9.7 err []
263 Azat Akhtyamov 113716850 m -11402.0 us 127964.0 el 139366.0 wall 9.6 err []
264 Azat Akhtyamov 113725040 m -20518.0 us 113938.0 el 134456.0 wall 10.6 err []
265 Azat Akhtyamov 113739202 m -29777.0 us 111556.0 el 141333.0 wall 9.6 err []
266 Azat Akhtyamov 113742796 m -27731.0 us 82734.0 el 110465.0 wall 10.0 err []
267 Azat Akhtyamov 113767659 m -26518.0 us 109958.0 el 136476.0 wall 9.9 err []
268 Azat Akhtyamov 113808863 m -5816.0 us 120317.0 el 126133.0 wall 9.6 err []
269 Azat Akhtyamov 113832168 m -26517.0 us 69208.0 el 95725.0 wall 8.3 err []
270 Azat Akhtyamov 113842392 m -13614.0 us 119874.0 el 133488.0 wall 9.6 err []
Azat Akhtyamov           30 W  0 m   -18557 us  103960 el  122517
Boey                     30 W  1 m   -20979 us  106197 el  127175
DECEM                    30 W  0 m   -21904 us  103307 el  125211
DSM                      30 W  0 m   -25654 us  104037 el  129690
Fourth Quadrant          30 W  8 m    +8042 us  102362 el   94320
M & M & P & Q            30 W  2 m   -17089 us  103264 el  120354
Majkel1337               30 W  2 m   -16313 us  105380 el  121693
Unknown Mother-Goose     30 W  0 m   -21596 us   94984 el  116580
Vadim Vasilenko          30 W  0 m   -19096 us   95039 el  114135
ALLDONE c6_top10g 270 W 13 m -17016 wall 648
