1 吃白饭的大肥鱼 113065970 m -6306.0 us 154933.0 el 161239.0 wall 10.4 err []
2 吃白饭的大肥鱼 113079212 m -19973.0 us 111853.0 el 131826.0 wall 10.3 err []
3 吃白饭的大肥鱼 113091953 m -2298.0 us 95349.0 el 97647.0 wall 11.0 err []
4 吃白饭的大肥鱼 113093088 m 15060.0 us 87998.0 el 72938.0 wall 9.9 err []
5 吃白饭的大肥鱼 113103588 m -11798.0 us 140590.0 el 152388.0 wall 9.8 err []
6 吃白饭的大肥鱼 113125645 m 84119.0 us 121038.0 el 36919.0 wall 8.7 err []
7 吃白饭的大肥鱼 113138587 m -11894.0 us 107058.0 el 118952.0 wall 9.4 err []
8 吃白饭的大肥鱼 113175616 m -17639.0 us 120831.0 el 138470.0 wall 9.6 err []
9 吃白饭的大肥鱼 113184088 m 81431.0 us 124938.0 el 43507.0 wall 9.8 err []
10 吃白饭的大肥鱼 113188236 m 6034.0 us 107796.0 el 101762.0 wall 9.8 err []
11 吃白饭的大肥鱼 113190850 m 71300.0 us 177653.0 el 106353.0 wall 9.7 err []
12 吃白饭的大肥鱼 113202318 m 74184.0 us 130854.0 el 56670.0 wall 9.8 err []
13 吃白饭的大肥鱼 113222145 m -12056.0 us 80914.0 el 92970.0 wall 10.2 err []
14 吃白饭的大肥鱼 113242018 m -5744.0 us 91630.0 el 97374.0 wall 10.5 err []
15 吃白饭的大肥鱼 113251560 m -22657.0 us 111267.0 el 133924.0 wall 10.8 err []
16 吃白饭的大肥鱼 113270086 m -10683.0 us 87183.0 el 97866.0 wall 10.0 err []
17 吃白饭的大肥鱼 113316958 m 97111.0 us 155827.0 el 58716.0 wall 10.1 err []
18 吃白饭的大肥鱼 113352054 m -8905.0 us 99670.0 el 108575.0 wall 9.3 err []
19 吃白饭的大肥鱼 113513519 m -14673.0 us 129582.0 el 144255.0 wall 9.8 err []
20 吃白饭的大肥鱼 113658239 m 67138.0 us 179699.0 el 112561.0 wall 9.7 err []
21 THIRD FARM CLUB 113079221 m -1031.0 us 119157.0 el 120188.0 wall 10.2 err []
22 THIRD FARM CLUB 113097920 m -18720.0 us 81578.0 el 100298.0 wall 10.0 err []
23 THIRD FARM CLUB 113168578 m -17133.0 us 96221.0 el 113354.0 wall 9.7 err []
24 THIRD FARM CLUB 113193141 m -9164.0 us 140893.0 el 150057.0 wall 10.1 err []
25 THIRD FARM CLUB 113203809 m -8094.0 us 74257.0 el 82351.0 wall 9.0 err []
26 THIRD FARM CLUB 113215092 m 11449.0 us 137035.0 el 125586.0 wall 9.4 err []
27 THIRD FARM CLUB 113216231 m -20908.0 us 101725.0 el 122633.0 wall 9.7 err []
28 THIRD FARM CLUB 113229034 m -4627.0 us 108028.0 el 112655.0 wall 9.7 err []
29 THIRD FARM CLUB 113236533 m -17286.0 us 89701.0 el 106987.0 wall 10.0 err []
30 THIRD FARM CLUB 113252618 m -18538.0 us 122723.0 el 141261.0 wall 10.7 err []
31 THIRD FARM CLUB 113262156 m -9916.0 us 152897.0 el 162813.0 wall 10.8 err []
32 THIRD FARM CLUB 113276020 m -9225.0 us 92992.0 el 102217.0 wall 9.3 err []
33 THIRD FARM CLUB 113413677 m -22426.0 us 106786.0 el 129212.0 wall 8.4 err []
34 THIRD FARM CLUB 113503361 m 11234.0 us 147951.0 el 136717.0 wall 8.4 err []
35 THIRD FARM CLUB 113586122 m 9286.0 us 126156.0 el 116870.0 wall 7.8 err []
36 THIRD FARM CLUB 113593090 m -13159.0 us 115162.0 el 128321.0 wall 8.4 err []
37 THIRD FARM CLUB 113598248 m 4797.0 us 104732.0 el 99935.0 wall 8.4 err []
38 THIRD FARM CLUB 113621652 m -13996.0 us 126423.0 el 140419.0 wall 8.4 err []
39 THIRD FARM CLUB 113684025 m -2606.0 us 102037.0 el 104643.0 wall 9.5 err []
40 THIRD FARM CLUB 113748445 m 3568.0 us 121007.0 el 117439.0 wall 10.0 err []
41 mtmr_s1 113065954 m -16850.0 us 123388.0 el 140238.0 wall 10.1 err []
42 mtmr_s1 113073288 m -7890.0 us 123326.0 el 131216.0 wall 9.9 err []
43 mtmr_s1 113080405 m -16573.0 us 122154.0 el 138727.0 wall 9.8 err []
44 mtmr_s1 113093036 m -26429.0 us 87353.0 el 113782.0 wall 9.8 err []
45 mtmr_s1 113103617 m -7402.0 us 91086.0 el 98488.0 wall 9.7 err []
46 mtmr_s1 113112818 m -4994.0 us 138039.0 el 143033.0 wall 10.1 err []
47 mtmr_s1 113125640 m -4240.0 us 97458.0 el 101698.0 wall 10.2 err []
48 mtmr_s1 113132789 m -10665.0 us 105056.0 el 115721.0 wall 10.2 err []
49 mtmr_s1 113153647 m -17377.0 us 136478.0 el 153855.0 wall 9.8 err []
50 mtmr_s1 113175616 m -12825.0 us 122188.0 el 135013.0 wall 9.3 err []
51 mtmr_s1 113230536 m -10412.0 us 103977.0 el 114389.0 wall 9.4 err []
52 mtmr_s1 113243276 m -12056.0 us 84991.0 el 97047.0 wall 9.2 err []
53 mtmr_s1 113246496 m -18177.0 us 123445.0 el 141622.0 wall 9.9 err []
54 mtmr_s1 113292327 m -12268.0 us 77942.0 el 90210.0 wall 9.0 err []
55 mtmr_s1 113316908 m 5568.0 us 92976.0 el 87408.0 wall 9.4 err []
56 mtmr_s1 113342748 m -8613.0 us 100535.0 el 109148.0 wall 9.2 err []
57 mtmr_s1 113352049 m -5003.0 us 135345.0 el 140348.0 wall 9.3 err []
58 mtmr_s1 113422367 m -5196.0 us 86481.0 el 91677.0 wall 9.4 err []
59 mtmr_s1 113498333 m -8293.0 us 92314.0 el 100607.0 wall 9.3 err []
60 mtmr_s1 113564886 m -15697.0 us 124257.0 el 139954.0 wall 9.4 err []
61 Kaggledew Valley 🏆 113073284 m -8977.0 us 104217.0 el 113194.0 wall 8.7 err []
62 Kaggledew Valley 🏆 113074365 m 4295.0 us 113803.0 el 109508.0 wall 8.9 err []
63 Kaggledew Valley 🏆 113087145 m 8449.0 us 109698.0 el 101249.0 wall 8.7 err []
64 Kaggledew Valley 🏆 113104360 m 5221.0 us 92397.0 el 87176.0 wall 8.5 err []
65 Kaggledew Valley 🏆 113135074 m -5945.0 us 96970.0 el 102915.0 wall 9.3 err []
66 Kaggledew Valley 🏆 113139777 m -9813.0 us 96118.0 el 105931.0 wall 10.0 err []
67 Kaggledew Valley 🏆 113146625 m -2783.0 us 114660.0 el 117443.0 wall 9.6 err []
68 Kaggledew Valley 🏆 113160477 m -13893.0 us 116528.0 el 130421.0 wall 9.3 err []
69 Kaggledew Valley 🏆 113180524 m -15951.0 us 94428.0 el 110379.0 wall 8.8 err []
70 Kaggledew Valley 🏆 113197807 m -10933.0 us 80472.0 el 91405.0 wall 8.3 err []
71 Kaggledew Valley 🏆 113217709 m -1590.0 us 82346.0 el 83936.0 wall 8.8 err []
72 Kaggledew Valley 🏆 113228378 m -6967.0 us 128962.0 el 135929.0 wall 8.8 err []
73 Kaggledew Valley 🏆 113252616 m -27374.0 us 132242.0 el 159616.0 wall 9.0 err []
74 Kaggledew Valley 🏆 113276016 m -6112.0 us 148226.0 el 154338.0 wall 9.2 err []
75 Kaggledew Valley 🏆 113352081 m -8643.0 us 116503.0 el 125146.0 wall 9.3 err []
76 Kaggledew Valley 🏆 113390589 m -21366.0 us 127121.0 el 148487.0 wall 10.0 err []
77 Kaggledew Valley 🏆 113428049 m -23542.0 us 152487.0 el 176029.0 wall 9.6 err []
78 Kaggledew Valley 🏆 113428053 m -6107.0 us 115734.0 el 121841.0 wall 9.8 err []
79 Kaggledew Valley 🏆 113430817 m -18902.0 us 72498.0 el 91400.0 wall 9.4 err []
80 Kaggledew Valley 🏆 113439537 m -19814.0 us 119194.0 el 139008.0 wall 9.2 err []
81 TheEggman 113118870 m -10008.0 us 104577.0 el 114585.0 wall 7.9 err []
82 TheEggman 113142011 m 741.0 us 110034.0 el 109293.0 wall 7.8 err []
83 TheEggman 113216186 m -2685.0 us 94127.0 el 96812.0 wall 8.5 err []
84 TheEggman 113333423 m -12727.0 us 99712.0 el 112439.0 wall 8.1 err []
85 TheEggman 113380121 m -17331.0 us 86409.0 el 103740.0 wall 8.8 err []
86 TheEggman 113389473 m -11097.0 us 74091.0 el 85188.0 wall 9.4 err []
87 TheEggman 113390437 m -12622.0 us 87924.0 el 100546.0 wall 7.2 err []
88 TheEggman 113395632 m -6727.0 us 110398.0 el 117125.0 wall 8.0 err []
89 TheEggman 113492530 m -3615.0 us 97797.0 el 101412.0 wall 7.1 err []
90 TheEggman 113537111 m -18556.0 us 68683.0 el 87239.0 wall 6.7 err []
91 TheEggman 113548978 m -19962.0 us 105671.0 el 125633.0 wall 6.9 err []
92 TheEggman 113573160 m -15584.0 us 78415.0 el 93999.0 wall 6.9 err []
93 TheEggman 113579388 m -14244.0 us 98482.0 el 112726.0 wall 7.0 err []
94 TheEggman 113709674 m -25530.0 us 101639.0 el 127169.0 wall 7.7 err []
95 TheEggman 113899592 m -21152.0 us 156726.0 el 177878.0 wall 7.4 err []
96 Yizhou 113709444 m -16409.0 us 69697.0 el 86106.0 wall 7.3 err []
97 Yizhou 113740423 m -8835.0 us 90203.0 el 99038.0 wall 7.5 err []
98 Yizhou 113773025 m -21289.0 us 97028.0 el 118317.0 wall 8.0 err []
99 Yizhou 113781287 m -20702.0 us 107575.0 el 128277.0 wall 7.2 err []
100 Yizhou 113787172 m -8198.0 us 105801.0 el 113999.0 wall 7.9 err []
101 Yizhou 113788337 m -11841.0 us 83121.0 el 94962.0 wall 6.9 err []
102 Yizhou 113790698 m -20444.0 us 83573.0 el 104017.0 wall 6.8 err []
103 Yizhou 113803750 m -18998.0 us 77996.0 el 96994.0 wall 7.1 err []
104 Yizhou 113820729 m -24380.0 us 84687.0 el 109067.0 wall 7.7 err []
105 Yizhou 113830726 m -22700.0 us 114711.0 el 137411.0 wall 7.9 err []
106 Yizhou 113855986 m -10597.0 us 121384.0 el 131981.0 wall 7.7 err []
107 Yizhou 113856065 m -12321.0 us 97426.0 el 109747.0 wall 7.1 err []
108 Yizhou 113888267 m -21934.0 us 83452.0 el 105386.0 wall 8.7 err []
109 Yizhou 113889526 m -37141.0 us 109949.0 el 147090.0 wall 7.1 err []
110 Yizhou 113902053 m -23322.0 us 104311.0 el 127633.0 wall 7.2 err []
111 Yizhou 113905606 m -11325.0 us 123457.0 el 134782.0 wall 7.1 err []
Kaggledew Valley 🏆       20 W  3 m    -9537 us  110730 el  120268
THIRD FARM CLUB          20 W  5 m    -7325 us  113373 el  120698
TheEggman                15 W  1 m   -12740 us   98312 el  111052
Yizhou                   16 W  0 m   -18152 us   97148 el  115300
mtmr_s1                  20 W  1 m   -10770 us  108439 el  119209
吃白饭的大肥鱼                  20 W  8 m   +17588 us  120833 el  103246
ALLDONE c7_goldg 111 W 18 m -6148 wall 255
