1 吃白饭的大肥鱼 113065970 m -3989.0 us 158888.0 el 162877.0 wall 7.7 err []
2 吃白饭的大肥鱼 113079212 m -24633.0 us 111821.0 el 136454.0 wall 8.3 err []
3 吃白饭的大肥鱼 113091953 m -8841.0 us 92447.0 el 101288.0 wall 7.4 err []
4 吃白饭的大肥鱼 113093088 m 11670.0 us 86948.0 el 75278.0 wall 7.9 err []
5 吃白饭的大肥鱼 113103588 m -17794.0 us 136088.0 el 153882.0 wall 8.8 err []
6 吃白饭的大肥鱼 113125645 m 88800.0 us 125868.0 el 37068.0 wall 8.0 err []
7 吃白饭的大肥鱼 113138587 m -10340.0 us 108155.0 el 118495.0 wall 8.7 err []
8 吃白饭的大肥鱼 113175616 m -14819.0 us 122165.0 el 136984.0 wall 9.0 err []
9 吃白饭的大肥鱼 113184088 m 86136.0 us 131537.0 el 45401.0 wall 9.0 err []
10 吃白饭的大肥鱼 113188236 m 5645.0 us 107831.0 el 102186.0 wall 9.2 err []
11 吃白饭的大肥鱼 113190850 m 76139.0 us 182926.0 el 106787.0 wall 9.0 err []
12 吃白饭的大肥鱼 113202318 m 72280.0 us 131863.0 el 59583.0 wall 9.0 err []
13 吃白饭的大肥鱼 113222145 m -8576.0 us 86119.0 el 94695.0 wall 9.2 err []
14 吃白饭的大肥鱼 113242018 m -6452.0 us 92640.0 el 99092.0 wall 9.1 err []
15 吃白饭的大肥鱼 113251560 m -17191.0 us 115363.0 el 132554.0 wall 9.5 err []
16 吃白饭的大肥鱼 113270086 m -8404.0 us 86671.0 el 95075.0 wall 8.8 err []
17 吃白饭的大肥鱼 113316958 m 95019.0 us 155555.0 el 60536.0 wall 9.7 err []
18 吃白饭的大肥鱼 113352054 m -8617.0 us 100523.0 el 109140.0 wall 9.4 err []
19 吃白饭的大肥鱼 113513519 m -13852.0 us 128178.0 el 142030.0 wall 9.4 err []
20 吃白饭的大肥鱼 113658239 m 68428.0 us 179190.0 el 110762.0 wall 9.5 err []
21 THIRD FARM CLUB 113079221 m 2875.0 us 115940.0 el 113065.0 wall 10.0 err []
22 THIRD FARM CLUB 113097920 m -18394.0 us 80999.0 el 99393.0 wall 9.7 err []
23 THIRD FARM CLUB 113168578 m -21324.0 us 95220.0 el 116544.0 wall 9.6 err []
24 THIRD FARM CLUB 113193141 m -6137.0 us 143261.0 el 149398.0 wall 9.7 err []
25 THIRD FARM CLUB 113203809 m -13088.0 us 65086.0 el 78174.0 wall 8.0 err []
26 THIRD FARM CLUB 113215092 m 7425.0 us 135521.0 el 128096.0 wall 7.7 err []
27 THIRD FARM CLUB 113216231 m -18677.0 us 102232.0 el 120909.0 wall 6.9 err []
28 THIRD FARM CLUB 113229034 m -5950.0 us 105900.0 el 111850.0 wall 7.5 err []
29 THIRD FARM CLUB 113236533 m -17010.0 us 87812.0 el 104822.0 wall 7.0 err []
30 THIRD FARM CLUB 113252618 m -17795.0 us 124046.0 el 141841.0 wall 7.3 err []
31 THIRD FARM CLUB 113262156 m -10729.0 us 151887.0 el 162616.0 wall 7.3 err []
32 THIRD FARM CLUB 113276020 m -11257.0 us 91646.0 el 102903.0 wall 6.8 err []
33 THIRD FARM CLUB 113413677 m -23354.0 us 105593.0 el 128947.0 wall 6.9 err []
34 THIRD FARM CLUB 113503361 m 10730.0 us 146161.0 el 135431.0 wall 6.3 err []
35 THIRD FARM CLUB 113586122 m 8261.0 us 124635.0 el 116374.0 wall 6.3 err []
36 THIRD FARM CLUB 113593090 m -14858.0 us 112504.0 el 127362.0 wall 7.2 err []
37 THIRD FARM CLUB 113598248 m 6190.0 us 105765.0 el 99575.0 wall 6.4 err []
38 THIRD FARM CLUB 113621652 m -20614.0 us 122006.0 el 142620.0 wall 5.4 err []
39 THIRD FARM CLUB 113684025 m -200.0 us 101486.0 el 101686.0 wall 6.2 err []
40 THIRD FARM CLUB 113748445 m -1393.0 us 115779.0 el 117172.0 wall 6.5 err []
41 mtmr_s1 113065954 m -18437.0 us 119540.0 el 137977.0 wall 7.1 err []
42 mtmr_s1 113073288 m -9121.0 us 122700.0 el 131821.0 wall 6.9 err []
43 mtmr_s1 113080405 m -15925.0 us 122328.0 el 138253.0 wall 6.9 err []
44 mtmr_s1 113093036 m -28714.0 us 86622.0 el 115336.0 wall 6.4 err []
45 mtmr_s1 113103617 m -4120.0 us 88938.0 el 93058.0 wall 7.7 err []
46 mtmr_s1 113112818 m -3516.0 us 137661.0 el 141177.0 wall 7.8 err []
47 mtmr_s1 113125640 m -7292.0 us 98529.0 el 105821.0 wall 7.8 err []
48 mtmr_s1 113132789 m -5455.0 us 103828.0 el 109283.0 wall 8.0 err []
49 mtmr_s1 113153647 m -18327.0 us 137135.0 el 155462.0 wall 7.7 err []
50 mtmr_s1 113175616 m -18351.0 us 117066.0 el 135417.0 wall 7.4 err []
51 mtmr_s1 113230536 m -7755.0 us 100581.0 el 108336.0 wall 7.4 err []
52 mtmr_s1 113243276 m -13123.0 us 86383.0 el 99506.0 wall 7.8 err []
53 mtmr_s1 113246496 m -18654.0 us 122086.0 el 140740.0 wall 7.2 err []
54 mtmr_s1 113292327 m -7757.0 us 81971.0 el 89728.0 wall 7.2 err []
55 mtmr_s1 113316908 m 6968.0 us 91551.0 el 84583.0 wall 7.3 err []
56 mtmr_s1 113342748 m -5222.0 us 103932.0 el 109154.0 wall 7.2 err []
57 mtmr_s1 113352049 m 1761.0 us 142517.0 el 140756.0 wall 7.5 err []
58 mtmr_s1 113422367 m -7517.0 us 92883.0 el 100400.0 wall 7.5 err []
59 mtmr_s1 113498333 m -9323.0 us 90577.0 el 99900.0 wall 7.7 err []
60 mtmr_s1 113564886 m -16150.0 us 122772.0 el 138922.0 wall 7.4 err []
61 Kaggledew Valley 🏆 113073284 m -18724.0 us 94875.0 el 113599.0 wall 6.7 err []
62 Kaggledew Valley 🏆 113074365 m 2027.0 us 109898.0 el 107871.0 wall 6.3 err []
63 Kaggledew Valley 🏆 113087145 m 6089.0 us 107551.0 el 101462.0 wall 6.6 err []
64 Kaggledew Valley 🏆 113104360 m 1453.0 us 91283.0 el 89830.0 wall 6.4 err []
65 Kaggledew Valley 🏆 113135074 m -10890.0 us 95729.0 el 106619.0 wall 7.0 err []
66 Kaggledew Valley 🏆 113139777 m -5353.0 us 95933.0 el 101286.0 wall 6.9 err []
67 Kaggledew Valley 🏆 113146625 m 1167.0 us 113201.0 el 112034.0 wall 7.3 err []
68 Kaggledew Valley 🏆 113160477 m -9247.0 us 119432.0 el 128679.0 wall 7.1 err []
69 Kaggledew Valley 🏆 113180524 m -17915.0 us 92856.0 el 110771.0 wall 6.7 err []
70 Kaggledew Valley 🏆 113197807 m -12532.0 us 82397.0 el 94929.0 wall 6.1 err []
71 Kaggledew Valley 🏆 113217709 m 1527.0 us 81651.0 el 80124.0 wall 6.3 err []
72 Kaggledew Valley 🏆 113228378 m -15602.0 us 120096.0 el 135698.0 wall 5.8 err []
73 Kaggledew Valley 🏆 113252616 m -25664.0 us 131681.0 el 157345.0 wall 6.8 err []
74 Kaggledew Valley 🏆 113276016 m -5744.0 us 147832.0 el 153576.0 wall 6.8 err []
75 Kaggledew Valley 🏆 113352081 m -9717.0 us 115250.0 el 124967.0 wall 7.0 err []
76 Kaggledew Valley 🏆 113390589 m -22710.0 us 127849.0 el 150559.0 wall 6.4 err []
77 Kaggledew Valley 🏆 113428049 m -27900.0 us 147714.0 el 175614.0 wall 5.9 err []
78 Kaggledew Valley 🏆 113428053 m -12647.0 us 115631.0 el 128278.0 wall 7.1 err []
79 Kaggledew Valley 🏆 113430817 m -14604.0 us 76744.0 el 91348.0 wall 7.0 err []
80 Kaggledew Valley 🏆 113439537 m -20164.0 us 120263.0 el 140427.0 wall 6.8 err []
81 TheEggman 113118870 m -8400.0 us 107120.0 el 115520.0 wall 8.1 err []
82 TheEggman 113142011 m 1730.0 us 111929.0 el 110199.0 wall 8.6 err []
83 TheEggman 113216186 m 1316.0 us 98932.0 el 97616.0 wall 8.6 err []
84 TheEggman 113333423 m -12177.0 us 102118.0 el 114295.0 wall 8.7 err []
85 TheEggman 113380121 m -15372.0 us 86316.0 el 101688.0 wall 10.3 err []
86 TheEggman 113389473 m -6526.0 us 80351.0 el 86877.0 wall 11.4 err []
87 TheEggman 113390437 m -8314.0 us 85735.0 el 94049.0 wall 10.5 err []
88 TheEggman 113395632 m -6085.0 us 112872.0 el 118957.0 wall 9.9 err []
89 TheEggman 113492530 m -5165.0 us 98244.0 el 103409.0 wall 10.6 err []
90 TheEggman 113537111 m -17925.0 us 68884.0 el 86809.0 wall 10.8 err []
91 TheEggman 113548978 m -23298.0 us 103863.0 el 127161.0 wall 10.5 err []
92 TheEggman 113573160 m -18081.0 us 74159.0 el 92240.0 wall 11.4 err []
93 TheEggman 113579388 m -11099.0 us 98538.0 el 109637.0 wall 10.2 err []
94 TheEggman 113709674 m -27239.0 us 99506.0 el 126745.0 wall 10.7 err []
95 TheEggman 113899592 m -22358.0 us 154940.0 el 177298.0 wall 10.0 err []
96 Yizhou 113709444 m -14936.0 us 70507.0 el 85443.0 wall 10.3 err []
97 Yizhou 113740423 m -10948.0 us 90632.0 el 101580.0 wall 9.4 err []
98 Yizhou 113773025 m -22733.0 us 99099.0 el 121832.0 wall 9.2 err []
99 Yizhou 113781287 m -19793.0 us 106975.0 el 126768.0 wall 9.5 err []
100 Yizhou 113787172 m -8809.0 us 107905.0 el 116714.0 wall 9.3 err []
101 Yizhou 113788337 m -12170.0 us 83435.0 el 95605.0 wall 8.3 err []
102 Yizhou 113790698 m -19787.0 us 83695.0 el 103482.0 wall 7.3 err []
103 Yizhou 113803750 m -17774.0 us 83076.0 el 100850.0 wall 7.5 err []
104 Yizhou 113820729 m -20455.0 us 85922.0 el 106377.0 wall 8.2 err []
105 Yizhou 113830726 m -21037.0 us 117207.0 el 138244.0 wall 7.9 err []
106 Yizhou 113855986 m -9501.0 us 118831.0 el 128332.0 wall 7.3 err []
107 Yizhou 113856065 m -12590.0 us 97289.0 el 109879.0 wall 7.0 err []
108 Yizhou 113888267 m -19546.0 us 84753.0 el 104299.0 wall 7.3 err []
109 Yizhou 113889526 m -29411.0 us 113410.0 el 142821.0 wall 6.6 err []
110 Yizhou 113902053 m -21925.0 us 104936.0 el 126861.0 wall 6.6 err []
111 Yizhou 113905606 m -13036.0 us 118952.0 el 131988.0 wall 6.1 err []
Kaggledew Valley 🏆       20 W  5 m   -10858 us  109393 el  120251
THIRD FARM CLUB          20 W  5 m    -8265 us  111674 el  119939
TheEggman                15 W  2 m   -11933 us   98900 el  110833
Yizhou                   16 W  0 m   -17153 us   97914 el  115067
mtmr_s1                  20 W  2 m   -10302 us  108480 el  118782
吃白饭的大肥鱼                  20 W  8 m   +18030 us  122039 el  104008
ALLDONE c7c_goldg 111 W 22 m -6138 wall 226
