1 吃白饭的大肥鱼 113065970 m -4738.0 us 157290.0 el 162028.0 wall 7.5 err []
2 吃白饭的大肥鱼 113079212 m -26079.0 us 108039.0 el 134118.0 wall 7.3 err []
3 吃白饭的大肥鱼 113091953 m -11787.0 us 90923.0 el 102710.0 wall 7.1 err []
4 吃白饭的大肥鱼 113093088 m 9283.0 us 85021.0 el 75738.0 wall 7.8 err []
5 吃白饭的大肥鱼 113103588 m -12512.0 us 141263.0 el 153775.0 wall 6.7 err []
6 吃白饭的大肥鱼 113125645 m 80694.0 us 117970.0 el 37276.0 wall 6.1 err []
7 吃白饭的大肥鱼 113138587 m -11808.0 us 108016.0 el 119824.0 wall 6.4 err []
8 吃白饭的大肥鱼 113175616 m -20389.0 us 120581.0 el 140970.0 wall 6.5 err []
9 吃白饭的大肥鱼 113184088 m 85567.0 us 131481.0 el 45914.0 wall 6.7 err []
10 吃白饭的大肥鱼 113188236 m 6406.0 us 107897.0 el 101491.0 wall 7.1 err []
11 吃白饭的大肥鱼 113190850 m 74456.0 us 181091.0 el 106635.0 wall 7.0 err []
12 吃白饭的大肥鱼 113202318 m 74717.0 us 131808.0 el 57091.0 wall 6.6 err []
13 吃白饭的大肥鱼 113222145 m -8831.0 us 85444.0 el 94275.0 wall 7.0 err []
14 吃白饭的大肥鱼 113242018 m -10167.0 us 91103.0 el 101270.0 wall 6.8 err []
15 吃白饭的大肥鱼 113251560 m -21510.0 us 113055.0 el 134565.0 wall 7.5 err []
16 吃白饭的大肥鱼 113270086 m -11335.0 us 86327.0 el 97662.0 wall 6.7 err []
17 吃白饭的大肥鱼 113316958 m 91317.0 us 151564.0 el 60247.0 wall 7.8 err []
18 吃白饭的大肥鱼 113352054 m -13906.0 us 98271.0 el 112177.0 wall 7.4 err []
19 吃白饭的大肥鱼 113513519 m -17795.0 us 127554.0 el 145349.0 wall 7.2 err []
20 吃白饭的大肥鱼 113658239 m 68495.0 us 179720.0 el 111225.0 wall 7.3 err []
21 THIRD FARM CLUB 113079221 m 371.0 us 121921.0 el 121550.0 wall 9.0 err []
22 THIRD FARM CLUB 113097920 m -17258.0 us 81925.0 el 99183.0 wall 9.0 err []
23 THIRD FARM CLUB 113168578 m -18763.0 us 96431.0 el 115194.0 wall 9.2 err []
24 THIRD FARM CLUB 113193141 m -8646.0 us 138177.0 el 146823.0 wall 9.4 err []
25 THIRD FARM CLUB 113203809 m -7507.0 us 72697.0 el 80204.0 wall 9.0 err []
26 THIRD FARM CLUB 113215092 m 12522.0 us 138093.0 el 125571.0 wall 9.3 err []
27 THIRD FARM CLUB 113216231 m -17759.0 us 102689.0 el 120448.0 wall 9.3 err []
28 THIRD FARM CLUB 113229034 m -8402.0 us 105652.0 el 114054.0 wall 9.4 err []
29 THIRD FARM CLUB 113236533 m -18362.0 us 88765.0 el 107127.0 wall 8.2 err []
30 THIRD FARM CLUB 113252618 m -17917.0 us 122407.0 el 140324.0 wall 9.6 err []
31 THIRD FARM CLUB 113262156 m -10046.0 us 157342.0 el 167388.0 wall 9.3 err []
32 THIRD FARM CLUB 113276020 m -11052.0 us 92879.0 el 103931.0 wall 8.1 err []
33 THIRD FARM CLUB 113413677 m -26261.0 us 102542.0 el 128803.0 wall 8.8 err []
34 THIRD FARM CLUB 113503361 m 12405.0 us 149870.0 el 137465.0 wall 8.7 err []
35 THIRD FARM CLUB 113586122 m 12083.0 us 128720.0 el 116637.0 wall 8.8 err []
36 THIRD FARM CLUB 113593090 m -15724.0 us 111885.0 el 127609.0 wall 10.5 err []
37 THIRD FARM CLUB 113598248 m 2686.0 us 104746.0 el 102060.0 wall 10.4 err []
38 THIRD FARM CLUB 113621652 m -8330.0 us 132712.0 el 141042.0 wall 10.2 err []
39 THIRD FARM CLUB 113684025 m -2199.0 us 101632.0 el 103831.0 wall 10.8 err []
40 THIRD FARM CLUB 113748445 m -1755.0 us 117328.0 el 119083.0 wall 9.9 err []
41 mtmr_s1 113065954 m -21887.0 us 117342.0 el 139229.0 wall 8.2 err []
42 mtmr_s1 113073288 m -15362.0 us 121134.0 el 136496.0 wall 7.9 err []
43 mtmr_s1 113080405 m -19477.0 us 122070.0 el 141547.0 wall 7.7 err []
44 mtmr_s1 113093036 m -32217.0 us 85698.0 el 117915.0 wall 7.5 err []
45 mtmr_s1 113103617 m -6453.0 us 89534.0 el 95987.0 wall 9.4 err []
46 mtmr_s1 113112818 m -13257.0 us 127003.0 el 140260.0 wall 9.8 err []
47 mtmr_s1 113125640 m -19866.0 us 96013.0 el 115879.0 wall 8.5 err []
48 mtmr_s1 113132789 m -5614.0 us 108769.0 el 114383.0 wall 9.8 err []
49 mtmr_s1 113153647 m -31131.0 us 136761.0 el 167892.0 wall 8.7 err []
50 mtmr_s1 113175616 m -12452.0 us 123810.0 el 136262.0 wall 9.5 err []
51 mtmr_s1 113230536 m -13760.0 us 106354.0 el 120114.0 wall 9.7 err []
52 mtmr_s1 113243276 m -15588.0 us 84145.0 el 99733.0 wall 9.3 err []
53 mtmr_s1 113246496 m -22084.0 us 121377.0 el 143461.0 wall 9.2 err []
54 mtmr_s1 113292327 m -9723.0 us 80427.0 el 90150.0 wall 8.7 err []
55 mtmr_s1 113316908 m 5263.0 us 93470.0 el 88207.0 wall 9.2 err []
56 mtmr_s1 113342748 m -15155.0 us 102648.0 el 117803.0 wall 8.5 err []
57 mtmr_s1 113352049 m -8617.0 us 134387.0 el 143004.0 wall 9.3 err []
58 mtmr_s1 113422367 m -6906.0 us 87974.0 el 94880.0 wall 9.2 err []
59 mtmr_s1 113498333 m -10789.0 us 93103.0 el 103892.0 wall 8.9 err []
60 mtmr_s1 113564886 m -20345.0 us 122118.0 el 142463.0 wall 8.4 err []
61 Kaggledew Valley 🏆 113073284 m -14198.0 us 102008.0 el 116206.0 wall 8.5 err []
62 Kaggledew Valley 🏆 113074365 m 3277.0 us 113640.0 el 110363.0 wall 9.4 err []
63 Kaggledew Valley 🏆 113087145 m 9167.0 us 110854.0 el 101687.0 wall 8.9 err []
64 Kaggledew Valley 🏆 113104360 m -597.0 us 93744.0 el 94341.0 wall 9.1 err []
65 Kaggledew Valley 🏆 113135074 m -3547.0 us 100098.0 el 103645.0 wall 9.1 err []
66 Kaggledew Valley 🏆 113139777 m -8630.0 us 99961.0 el 108591.0 wall 9.5 err []
67 Kaggledew Valley 🏆 113146625 m 3674.0 us 117056.0 el 113382.0 wall 9.3 err []
68 Kaggledew Valley 🏆 113160477 m -9375.0 us 121198.0 el 130573.0 wall 8.3 err []
69 Kaggledew Valley 🏆 113180524 m -15041.0 us 93919.0 el 108960.0 wall 8.5 err []
70 Kaggledew Valley 🏆 113197807 m -7010.0 us 84965.0 el 91975.0 wall 8.4 err []
71 Kaggledew Valley 🏆 113217709 m -2480.0 us 80049.0 el 82529.0 wall 8.3 err []
72 Kaggledew Valley 🏆 113228378 m -8909.0 us 130496.0 el 139405.0 wall 8.2 err []
73 Kaggledew Valley 🏆 113252616 m -26349.0 us 132074.0 el 158423.0 wall 9.1 err []
74 Kaggledew Valley 🏆 113276016 m -4367.0 us 151284.0 el 155651.0 wall 8.9 err []
75 Kaggledew Valley 🏆 113352081 m -9481.0 us 113919.0 el 123400.0 wall 9.1 err []
76 Kaggledew Valley 🏆 113390589 m -17930.0 us 130045.0 el 147975.0 wall 9.9 err []
77 Kaggledew Valley 🏆 113428049 m -26772.0 us 149012.0 el 175784.0 wall 8.8 err []
78 Kaggledew Valley 🏆 113428053 m -11657.0 us 115263.0 el 126920.0 wall 8.1 err []
79 Kaggledew Valley 🏆 113430817 m -14141.0 us 77439.0 el 91580.0 wall 9.3 err []
80 Kaggledew Valley 🏆 113439537 m -19342.0 us 119467.0 el 138809.0 wall 9.0 err []
81 TheEggman 113118870 m -15172.0 us 104731.0 el 119903.0 wall 8.4 err []
82 TheEggman 113142011 m -5745.0 us 110725.0 el 116470.0 wall 8.2 err []
83 TheEggman 113216186 m -5258.0 us 93230.0 el 98488.0 wall 9.3 err []
84 TheEggman 113333423 m -14822.0 us 99231.0 el 114053.0 wall 8.3 err []
85 TheEggman 113380121 m -14887.0 us 85833.0 el 100720.0 wall 9.5 err []
86 TheEggman 113389473 m -9552.0 us 76336.0 el 85888.0 wall 10.3 err []
87 TheEggman 113390437 m -8242.0 us 87726.0 el 95968.0 wall 9.3 err []
88 TheEggman 113395632 m -7115.0 us 113524.0 el 120639.0 wall 8.9 err []
89 TheEggman 113492530 m -8036.0 us 97189.0 el 105225.0 wall 8.1 err []
90 TheEggman 113537111 m -27409.0 us 64354.0 el 91763.0 wall 6.8 err []
91 TheEggman 113548978 m -22994.0 us 105312.0 el 128306.0 wall 7.6 err []
92 TheEggman 113573160 m -18149.0 us 75752.0 el 93901.0 wall 7.6 err []
93 TheEggman 113579388 m -15279.0 us 97254.0 el 112533.0 wall 6.8 err []
94 TheEggman 113709674 m -27872.0 us 99316.0 el 127188.0 wall 7.6 err []
95 TheEggman 113899592 m -31854.0 us 151418.0 el 183272.0 wall 6.5 err []
96 Yizhou 113709444 m -15720.0 us 69503.0 el 85223.0 wall 7.0 err []
97 Yizhou 113740423 m -11439.0 us 93828.0 el 105267.0 wall 6.5 err []
98 Yizhou 113773025 m -24072.0 us 99646.0 el 123718.0 wall 6.2 err []
99 Yizhou 113781287 m -19649.0 us 107563.0 el 127212.0 wall 6.5 err []
100 Yizhou 113787172 m -13778.0 us 105882.0 el 119660.0 wall 5.8 err []
101 Yizhou 113788337 m -9821.0 us 83730.0 el 93551.0 wall 6.1 err []
102 Yizhou 113790698 m -23228.0 us 81024.0 el 104252.0 wall 5.9 err []
103 Yizhou 113803750 m -18503.0 us 82229.0 el 100732.0 wall 6.6 err []
104 Yizhou 113820729 m -15109.0 us 102508.0 el 117617.0 wall 6.1 err []
105 Yizhou 113830726 m -22353.0 us 119211.0 el 141564.0 wall 6.7 err []
106 Yizhou 113855986 m -17607.0 us 119346.0 el 136953.0 wall 6.2 err []
107 Yizhou 113856065 m -17659.0 us 98444.0 el 116103.0 wall 6.1 err []
108 Yizhou 113888267 m -22632.0 us 82981.0 el 105613.0 wall 7.2 err []
109 Yizhou 113889526 m -29195.0 us 113956.0 el 143151.0 wall 6.4 err []
110 Yizhou 113902053 m -24632.0 us 110922.0 el 135554.0 wall 6.5 err []
111 Yizhou 113905606 m -13935.0 us 119466.0 el 133401.0 wall 6.5 err []
Kaggledew Valley 🏆       20 W  3 m    -9185 us  111825 el  121010
THIRD FARM CLUB          20 W  5 m    -7496 us  113421 el  120916
TheEggman                15 W  0 m   -15492 us   97462 el  112954
Yizhou                   16 W  0 m   -18708 us   99390 el  118098
mtmr_s1                  20 W  1 m   -14771 us  107707 el  122478
吃白饭的大肥鱼                  20 W  8 m   +16004 us  120721 el  104717
ALLDONE c7m_goldg 111 W 17 m -7574 wall 233
