1 吃白饭的大肥鱼 113065970 m -5039.0 us 156106.0 el 161145.0 wall 8.5 err []
2 吃白饭的大肥鱼 113079212 m -23230.0 us 110148.0 el 133378.0 wall 8.4 err []
3 吃白饭的大肥鱼 113091953 m -8223.0 us 92255.0 el 100478.0 wall 8.4 err []
4 吃白饭的大肥鱼 113093088 m 9505.0 us 85284.0 el 75779.0 wall 8.8 err []
5 吃白饭的大肥鱼 113103588 m -27514.0 us 130182.0 el 157696.0 wall 9.2 err []
6 吃白饭的大肥鱼 113125645 m 85031.0 us 122995.0 el 37964.0 wall 8.6 err []
7 吃白饭的大肥鱼 113138587 m -15959.0 us 103515.0 el 119474.0 wall 9.0 err []
8 吃白饭的大肥鱼 113175616 m -23079.0 us 119749.0 el 142828.0 wall 9.0 err []
9 吃白饭的大肥鱼 113184088 m 91886.0 us 136567.0 el 44681.0 wall 8.8 err []
10 吃白饭的大肥鱼 113188236 m 297.0 us 103163.0 el 102866.0 wall 8.8 err []
11 吃白饭的大肥鱼 113190850 m 75713.0 us 182204.0 el 106491.0 wall 9.0 err []
12 吃白饭的大肥鱼 113202318 m 64501.0 us 126526.0 el 62025.0 wall 9.0 err []
13 吃白饭的大肥鱼 113222145 m -10105.0 us 83231.0 el 93336.0 wall 8.8 err []
14 吃白饭的大肥鱼 113242018 m -10075.0 us 91646.0 el 101721.0 wall 8.5 err []
15 吃白饭的大肥鱼 113251560 m -17211.0 us 118335.0 el 135546.0 wall 8.5 err []
16 吃白饭的大肥鱼 113270086 m -15379.0 us 76809.0 el 92188.0 wall 8.5 err []
17 吃白饭的大肥鱼 113316958 m 96668.0 us 157506.0 el 60838.0 wall 8.1 err []
18 吃白饭的大肥鱼 113352054 m -14354.0 us 98285.0 el 112639.0 wall 9.4 err []
19 吃白饭的大肥鱼 113513519 m -8235.0 us 129501.0 el 137736.0 wall 8.4 err []
20 吃白饭的大肥鱼 113658239 m 78649.0 us 176674.0 el 98025.0 wall 8.5 err []
21 THIRD FARM CLUB 113079221 m -3304.0 us 112837.0 el 116141.0 wall 8.5 err []
22 THIRD FARM CLUB 113097920 m -6091.0 us 80419.0 el 86510.0 wall 8.1 err []
23 THIRD FARM CLUB 113168578 m -12318.0 us 103987.0 el 116305.0 wall 8.3 err []
24 THIRD FARM CLUB 113193141 m -16252.0 us 132365.0 el 148617.0 wall 8.3 err []
25 THIRD FARM CLUB 113203809 m -9318.0 us 72380.0 el 81698.0 wall 8.3 err []
26 THIRD FARM CLUB 113215092 m 4025.0 us 132032.0 el 128007.0 wall 8.8 err []
27 THIRD FARM CLUB 113216231 m -9769.0 us 102886.0 el 112655.0 wall 8.4 err []
28 THIRD FARM CLUB 113229034 m -1055.0 us 105574.0 el 106629.0 wall 8.8 err []
29 THIRD FARM CLUB 113236533 m -9039.0 us 98429.0 el 107468.0 wall 8.9 err []
30 THIRD FARM CLUB 113252618 m -19729.0 us 115257.0 el 134986.0 wall 9.8 err []
31 THIRD FARM CLUB 113262156 m -11454.0 us 153305.0 el 164759.0 wall 8.7 err []
32 THIRD FARM CLUB 113276020 m -6540.0 us 92319.0 el 98859.0 wall 8.4 err []
33 THIRD FARM CLUB 113413677 m -10910.0 us 115518.0 el 126428.0 wall 8.4 err []
34 THIRD FARM CLUB 113503361 m 10808.0 us 141036.0 el 130228.0 wall 8.2 err []
35 THIRD FARM CLUB 113586122 m 16466.0 us 128896.0 el 112430.0 wall 8.7 err []
36 THIRD FARM CLUB 113593090 m -13988.0 us 106637.0 el 120625.0 wall 8.5 err []
37 THIRD FARM CLUB 113598248 m 3233.0 us 104469.0 el 101236.0 wall 8.4 err []
38 THIRD FARM CLUB 113621652 m -6007.0 us 136054.0 el 142061.0 wall 8.6 err []
39 THIRD FARM CLUB 113684025 m -1395.0 us 101270.0 el 102665.0 wall 9.1 err []
40 THIRD FARM CLUB 113748445 m -11641.0 us 106311.0 el 117952.0 wall 8.7 err []
41 mtmr_s1 113065954 m -19925.0 us 119531.0 el 139456.0 wall 7.8 err []
42 mtmr_s1 113073288 m -20987.0 us 119509.0 el 140496.0 wall 7.8 err []
43 mtmr_s1 113080405 m -20545.0 us 124711.0 el 145256.0 wall 7.7 err []
44 mtmr_s1 113093036 m -21101.0 us 94686.0 el 115787.0 wall 7.5 err []
45 mtmr_s1 113103617 m -6893.0 us 88948.0 el 95841.0 wall 8.6 err []
46 mtmr_s1 113112818 m -2969.0 us 128258.0 el 131227.0 wall 9.1 err []
47 mtmr_s1 113125640 m -8377.0 us 92850.0 el 101227.0 wall 8.6 err []
48 mtmr_s1 113132789 m -13981.0 us 98553.0 el 112534.0 wall 9.6 err []
49 mtmr_s1 113153647 m -19612.0 us 131663.0 el 151275.0 wall 9.0 err []
50 mtmr_s1 113175616 m -18529.0 us 120919.0 el 139448.0 wall 8.2 err []
51 mtmr_s1 113230536 m -8758.0 us 95026.0 el 103784.0 wall 8.3 err []
52 mtmr_s1 113243276 m -20770.0 us 79557.0 el 100327.0 wall 9.1 err []
53 mtmr_s1 113246496 m -20730.0 us 114222.0 el 134952.0 wall 9.2 err []
54 mtmr_s1 113292327 m -8213.0 us 80871.0 el 89084.0 wall 8.5 err []
55 mtmr_s1 113316908 m 707.0 us 81209.0 el 80502.0 wall 9.0 err []
56 mtmr_s1 113342748 m -9996.0 us 100333.0 el 110329.0 wall 8.6 err []
57 mtmr_s1 113352049 m 762.0 us 142658.0 el 141896.0 wall 8.6 err []
58 mtmr_s1 113422367 m -8723.0 us 86966.0 el 95689.0 wall 8.2 err []
59 mtmr_s1 113498333 m -15115.0 us 93741.0 el 108856.0 wall 8.4 err []
60 mtmr_s1 113564886 m -25815.0 us 117934.0 el 143749.0 wall 8.3 err []
61 Kaggledew Valley 🏆 113073284 m -18022.0 us 97883.0 el 115905.0 wall 8.7 err []
62 Kaggledew Valley 🏆 113074365 m -55.0 us 108643.0 el 108698.0 wall 8.0 err []
63 Kaggledew Valley 🏆 113087145 m 1757.0 us 95884.0 el 94127.0 wall 8.5 err []
64 Kaggledew Valley 🏆 113104360 m 1343.0 us 91503.0 el 90160.0 wall 8.3 err []
65 Kaggledew Valley 🏆 113135074 m -10617.0 us 84932.0 el 95549.0 wall 9.5 err []
66 Kaggledew Valley 🏆 113139777 m -11387.0 us 94032.0 el 105419.0 wall 9.8 err []
67 Kaggledew Valley 🏆 113146625 m -4381.0 us 102164.0 el 106545.0 wall 10.5 err []
68 Kaggledew Valley 🏆 113160477 m -13408.0 us 116965.0 el 130373.0 wall 9.2 err []
69 Kaggledew Valley 🏆 113180524 m -9881.0 us 87184.0 el 97065.0 wall 9.6 err []
70 Kaggledew Valley 🏆 113197807 m -9684.0 us 82489.0 el 92173.0 wall 8.9 err []
71 Kaggledew Valley 🏆 113217709 m -8107.0 us 75039.0 el 83146.0 wall 8.8 err []
72 Kaggledew Valley 🏆 113228378 m -11934.0 us 126610.0 el 138544.0 wall 9.1 err []
73 Kaggledew Valley 🏆 113252616 m -23701.0 us 131891.0 el 155592.0 wall 9.4 err []
74 Kaggledew Valley 🏆 113276016 m 958.0 us 151306.0 el 150348.0 wall 9.0 err []
75 Kaggledew Valley 🏆 113352081 m -14624.0 us 107561.0 el 122185.0 wall 9.2 err []
76 Kaggledew Valley 🏆 113390589 m -13246.0 us 135958.0 el 149204.0 wall 9.9 err []
77 Kaggledew Valley 🏆 113428049 m -23048.0 us 152519.0 el 175567.0 wall 9.0 err []
78 Kaggledew Valley 🏆 113428053 m -14474.0 us 112322.0 el 126796.0 wall 8.6 err []
79 Kaggledew Valley 🏆 113430817 m -13972.0 us 75525.0 el 89497.0 wall 8.8 err []
80 Kaggledew Valley 🏆 113439537 m -13435.0 us 125494.0 el 138929.0 wall 8.6 err []
81 TheEggman 113118870 m -12999.0 us 104735.0 el 117734.0 wall 8.1 err []
82 TheEggman 113142011 m -5474.0 us 110227.0 el 115701.0 wall 8.1 err []
83 TheEggman 113216186 m -7184.0 us 91935.0 el 99119.0 wall 8.1 err []
84 TheEggman 113333423 m -10489.0 us 98497.0 el 108986.0 wall 7.6 err []
85 TheEggman 113380121 m -25509.0 us 81211.0 el 106720.0 wall 8.4 err []
86 TheEggman 113389473 m -2602.0 us 84972.0 el 87574.0 wall 7.9 err []
87 TheEggman 113390437 m -6773.0 us 88862.0 el 95635.0 wall 8.8 err []
88 TheEggman 113395632 m -3301.0 us 113244.0 el 116545.0 wall 8.4 err []
89 TheEggman 113492530 m -11830.0 us 93869.0 el 105699.0 wall 8.4 err []
90 TheEggman 113537111 m -23503.0 us 66105.0 el 89608.0 wall 8.6 err []
91 TheEggman 113548978 m -24664.0 us 102949.0 el 127613.0 wall 8.4 err []
92 TheEggman 113573160 m -23088.0 us 76966.0 el 100054.0 wall 8.7 err []
93 TheEggman 113579388 m -15007.0 us 84402.0 el 99409.0 wall 8.5 err []
94 TheEggman 113709674 m -17496.0 us 109422.0 el 126918.0 wall 9.0 err []
95 TheEggman 113899592 m -26788.0 us 151463.0 el 178251.0 wall 8.5 err []
96 Yizhou 113709444 m -14231.0 us 69345.0 el 83576.0 wall 8.1 err []
97 Yizhou 113740423 m -14405.0 us 90629.0 el 105034.0 wall 8.9 err []
98 Yizhou 113773025 m -13356.0 us 106477.0 el 119833.0 wall 8.8 err []
99 Yizhou 113781287 m -24712.0 us 96691.0 el 121403.0 wall 9.1 err []
100 Yizhou 113787172 m -17513.0 us 106889.0 el 124402.0 wall 8.7 err []
101 Yizhou 113788337 m -11949.0 us 82739.0 el 94688.0 wall 8.5 err []
102 Yizhou 113790698 m -14710.0 us 87479.0 el 102189.0 wall 8.2 err []
103 Yizhou 113803750 m -25712.0 us 77810.0 el 103522.0 wall 8.7 err []
104 Yizhou 113820729 m -13431.0 us 97640.0 el 111071.0 wall 9.0 err []
105 Yizhou 113830726 m -15440.0 us 127737.0 el 143177.0 wall 9.3 err []
106 Yizhou 113855986 m -19006.0 us 119024.0 el 138030.0 wall 8.4 err []
107 Yizhou 113856065 m -17429.0 us 98743.0 el 116172.0 wall 8.1 err []
108 Yizhou 113888267 m -16091.0 us 88507.0 el 104598.0 wall 7.9 err []
109 Yizhou 113889526 m -33980.0 us 108607.0 el 142587.0 wall 6.9 err []
110 Yizhou 113902053 m -30239.0 us 105776.0 el 136015.0 wall 7.1 err []
111 Yizhou 113905606 m -12722.0 us 116663.0 el 129385.0 wall 6.8 err []
Kaggledew Valley 🏆       20 W  3 m   -10496 us  107795 el  118291
THIRD FARM CLUB          20 W  4 m    -5714 us  112099 el  117813
TheEggman                15 W  0 m   -14447 us   97257 el  111704
Yizhou                   16 W  0 m   -18433 us   98797 el  117230
mtmr_s1                  20 W  2 m   -13478 us  105607 el  119086
吃白饭的大肥鱼                  20 W  8 m   +16192 us  120034 el  103842
ALLDONE c7mcs_goldg 111 W 17 m -7041 wall 245
