1 吃白饭的大肥鱼 113065970 m -10376.0 us 154235.0 el 164611.0 wall 7.3 err []
2 吃白饭的大肥鱼 113079212 m -30936.0 us 108722.0 el 139658.0 wall 7.9 err []
3 吃白饭的大肥鱼 113091953 m -6109.0 us 98912.0 el 105021.0 wall 7.5 err []
4 吃白饭的大肥鱼 113093088 m 970.0 us 84735.0 el 83765.0 wall 7.6 err []
5 吃白饭的大肥鱼 113103588 m -14829.0 us 150296.0 el 165125.0 wall 6.6 err []
6 吃白饭的大肥鱼 113125645 m 79040.0 us 117184.0 el 38144.0 wall 7.1 err []
7 吃白饭的大肥鱼 113138587 m -18282.0 us 107234.0 el 125516.0 wall 5.9 err []
8 吃白饭的大肥鱼 113175616 m -18286.0 us 123196.0 el 141482.0 wall 6.9 err []
9 吃白饭的大肥鱼 113184088 m 88398.0 us 131839.0 el 43441.0 wall 7.0 err []
10 吃白饭的大肥鱼 113188236 m 6845.0 us 110325.0 el 103480.0 wall 7.9 err []
11 吃白饭的大肥鱼 113190850 m 69887.0 us 173968.0 el 104081.0 wall 8.6 err []
12 吃白饭的大肥鱼 113202318 m 69197.0 us 129416.0 el 60219.0 wall 6.7 err []
13 吃白饭的大肥鱼 113222145 m -16551.0 us 81728.0 el 98279.0 wall 9.4 err []
14 吃白饭的大肥鱼 113242018 m -11874.0 us 92271.0 el 104145.0 wall 7.9 err []
15 吃白饭的大肥鱼 113251560 m -24603.0 us 112492.0 el 137095.0 wall 8.5 err []
16 吃白饭的大肥鱼 113270086 m -9918.0 us 90510.0 el 100428.0 wall 8.6 err []
17 吃白饭的大肥鱼 113316958 m 93589.0 us 156509.0 el 62920.0 wall 9.1 err []
18 吃白饭的大肥鱼 113352054 m -5811.0 us 106962.0 el 112773.0 wall 9.2 err []
19 吃白饭的大肥鱼 113513519 m -12778.0 us 133717.0 el 146495.0 wall 8.7 err []
20 吃白饭的大肥鱼 113658239 m 51232.0 us 168620.0 el 117388.0 wall 8.5 err []
21 THIRD FARM CLUB 113079221 m 887.0 us 125533.0 el 124646.0 wall 9.0 err []
22 THIRD FARM CLUB 113097920 m -14086.0 us 78641.0 el 92727.0 wall 9.5 err []
23 THIRD FARM CLUB 113168578 m -22608.0 us 98301.0 el 120909.0 wall 8.2 err []
24 THIRD FARM CLUB 113193141 m -4158.0 us 151838.0 el 155996.0 wall 8.7 err []
25 THIRD FARM CLUB 113203809 m -1732.0 us 78149.0 el 79881.0 wall 7.9 err []
26 THIRD FARM CLUB 113215092 m 10965.0 us 146207.0 el 135242.0 wall 8.6 err []
27 THIRD FARM CLUB 113216231 m -25749.0 us 100202.0 el 125951.0 wall 7.7 err []
28 THIRD FARM CLUB 113229034 m -2603.0 us 110482.0 el 113085.0 wall 8.6 err []
29 THIRD FARM CLUB 113236533 m -11391.0 us 93603.0 el 104994.0 wall 10.1 err []
30 THIRD FARM CLUB 113252618 m -22191.0 us 120142.0 el 142333.0 wall 9.8 err []
31 THIRD FARM CLUB 113262156 m -15479.0 us 154122.0 el 169601.0 wall 8.7 err []
32 THIRD FARM CLUB 113276020 m -7095.0 us 91574.0 el 98669.0 wall 8.6 err []
33 THIRD FARM CLUB 113413677 m -21297.0 us 105478.0 el 126775.0 wall 9.3 err []
34 THIRD FARM CLUB 113503361 m 5793.0 us 149095.0 el 143302.0 wall 7.7 err []
35 THIRD FARM CLUB 113586122 m 14337.0 us 129441.0 el 115104.0 wall 8.3 err []
36 THIRD FARM CLUB 113593090 m -10062.0 us 111276.0 el 121338.0 wall 9.5 err []
37 THIRD FARM CLUB 113598248 m 7768.0 us 108522.0 el 100754.0 wall 8.8 err []
38 THIRD FARM CLUB 113621652 m -21326.0 us 124185.0 el 145511.0 wall 7.0 err []
39 THIRD FARM CLUB 113684025 m -1187.0 us 102689.0 el 103876.0 wall 8.5 err []
40 THIRD FARM CLUB 113748445 m 2434.0 us 125221.0 el 122787.0 wall 8.2 err []
41 mtmr_s1 113065954 m -28833.0 us 113964.0 el 142797.0 wall 7.6 err []
42 mtmr_s1 113073288 m -1143.0 us 129345.0 el 130488.0 wall 9.1 err []
43 mtmr_s1 113080405 m -18176.0 us 122188.0 el 140364.0 wall 8.7 err []
44 mtmr_s1 113093036 m -26851.0 us 94567.0 el 121418.0 wall 7.8 err []
45 mtmr_s1 113103617 m -6727.0 us 91896.0 el 98623.0 wall 9.1 err []
46 mtmr_s1 113112818 m -4950.0 us 132059.0 el 137009.0 wall 10.3 err []
47 mtmr_s1 113125640 m -11338.0 us 97471.0 el 108809.0 wall 9.4 err []
48 mtmr_s1 113132789 m -13507.0 us 117169.0 el 130676.0 wall 9.2 err []
49 mtmr_s1 113153647 m -28799.0 us 136237.0 el 165036.0 wall 7.7 err []
50 mtmr_s1 113175616 m -15694.0 us 124173.0 el 139867.0 wall 7.6 err []
51 mtmr_s1 113230536 m -12523.0 us 110838.0 el 123361.0 wall 7.5 err []
52 mtmr_s1 113243276 m -7090.0 us 93477.0 el 100567.0 wall 7.3 err []
53 mtmr_s1 113246496 m -21297.0 us 123294.0 el 144591.0 wall 7.4 err []
54 mtmr_s1 113292327 m -7885.0 us 83519.0 el 91404.0 wall 6.4 err []
55 mtmr_s1 113316908 m 13785.0 us 104071.0 el 90286.0 wall 7.4 err []
56 mtmr_s1 113342748 m -12134.0 us 103576.0 el 115710.0 wall 6.5 err []
57 mtmr_s1 113352049 m -9392.0 us 136312.0 el 145704.0 wall 8.2 err []
58 mtmr_s1 113422367 m -4872.0 us 91039.0 el 95911.0 wall 8.8 err []
59 mtmr_s1 113498333 m -11786.0 us 99339.0 el 111125.0 wall 8.4 err []
60 mtmr_s1 113564886 m -20227.0 us 123941.0 el 144168.0 wall 10.0 err []
61 Kaggledew Valley 🏆 113073284 m -5212.0 us 105847.0 el 111059.0 wall 9.0 err []
62 Kaggledew Valley 🏆 113074365 m -7469.0 us 107296.0 el 114765.0 wall 8.1 err []
63 Kaggledew Valley 🏆 113087145 m 4891.0 us 110280.0 el 105389.0 wall 9.0 err []
64 Kaggledew Valley 🏆 113104360 m 2807.0 us 95501.0 el 92694.0 wall 9.3 err []
65 Kaggledew Valley 🏆 113135074 m -7247.0 us 100428.0 el 107675.0 wall 9.3 err []
66 Kaggledew Valley 🏆 113139777 m -15103.0 us 98724.0 el 113827.0 wall 7.7 err []
67 Kaggledew Valley 🏆 113146625 m -493.0 us 119241.0 el 119734.0 wall 9.6 err []
68 Kaggledew Valley 🏆 113160477 m -14067.0 us 121381.0 el 135448.0 wall 9.2 err []
69 Kaggledew Valley 🏆 113180524 m -12593.0 us 91772.0 el 104365.0 wall 9.9 err []
70 Kaggledew Valley 🏆 113197807 m -6483.0 us 85348.0 el 91831.0 wall 8.7 err []
71 Kaggledew Valley 🏆 113217709 m -4930.0 us 79177.0 el 84107.0 wall 7.7 err []
72 Kaggledew Valley 🏆 113228378 m -1257.0 us 137077.0 el 138334.0 wall 9.0 err []
73 Kaggledew Valley 🏆 113252616 m -30840.0 us 131029.0 el 161869.0 wall 9.1 err []
74 Kaggledew Valley 🏆 113276016 m -6039.0 us 149426.0 el 155465.0 wall 10.1 err []
75 Kaggledew Valley 🏆 113352081 m -5436.0 us 127926.0 el 133362.0 wall 8.9 err []
76 Kaggledew Valley 🏆 113390589 m -28481.0 us 126148.0 el 154629.0 wall 9.7 err []
77 Kaggledew Valley 🏆 113428049 m -21324.0 us 154665.0 el 175989.0 wall 8.9 err []
78 Kaggledew Valley 🏆 113428053 m -16041.0 us 116452.0 el 132493.0 wall 7.8 err []
79 Kaggledew Valley 🏆 113430817 m -14582.0 us 78840.0 el 93422.0 wall 9.3 err []
80 Kaggledew Valley 🏆 113439537 m -23816.0 us 119402.0 el 143218.0 wall 9.8 err []
81 TheEggman 113118870 m -7030.0 us 106072.0 el 113102.0 wall 9.3 err []
82 TheEggman 113142011 m 2865.0 us 112098.0 el 109233.0 wall 9.0 err []
83 TheEggman 113216186 m -7979.0 us 90313.0 el 98292.0 wall 7.9 err []
84 TheEggman 113333423 m -14271.0 us 102013.0 el 116284.0 wall 10.4 err []
85 TheEggman 113380121 m -14234.0 us 97977.0 el 112211.0 wall 9.4 err []
86 TheEggman 113389473 m -7992.0 us 77825.0 el 85817.0 wall 10.2 err []
87 TheEggman 113390437 m -10741.0 us 92557.0 el 103298.0 wall 8.1 err []
88 TheEggman 113395632 m -7488.0 us 114319.0 el 121807.0 wall 9.6 err []
89 TheEggman 113492530 m -5683.0 us 101788.0 el 107471.0 wall 8.7 err []
90 TheEggman 113537111 m -16931.0 us 71681.0 el 88612.0 wall 8.7 err []
91 TheEggman 113548978 m -20462.0 us 108794.0 el 129256.0 wall 9.1 err []
92 TheEggman 113573160 m -19224.0 us 77508.0 el 96732.0 wall 9.1 err []
93 TheEggman 113579388 m -14650.0 us 99306.0 el 113956.0 wall 8.7 err []
94 TheEggman 113709674 m -25079.0 us 100566.0 el 125645.0 wall 9.7 err []
95 TheEggman 113899592 m -32248.0 us 152620.0 el 184868.0 wall 8.2 err []
96 Yizhou 113709444 m -18468.0 us 70260.0 el 88728.0 wall 9.9 err []
97 Yizhou 113740423 m -8591.0 us 92446.0 el 101037.0 wall 9.5 err []
98 Yizhou 113773025 m -25323.0 us 99613.0 el 124936.0 wall 8.7 err []
99 Yizhou 113781287 m -17546.0 us 117887.0 el 135433.0 wall 8.9 err []
100 Yizhou 113787172 m -12773.0 us 112601.0 el 125374.0 wall 8.4 err []
101 Yizhou 113788337 m -8633.0 us 86448.0 el 95081.0 wall 8.8 err []
102 Yizhou 113790698 m -17943.0 us 89118.0 el 107061.0 wall 7.8 err []
103 Yizhou 113803750 m -17277.0 us 84326.0 el 101603.0 wall 9.0 err []
104 Yizhou 113820729 m -22762.0 us 97145.0 el 119907.0 wall 9.8 err []
105 Yizhou 113830726 m -24125.0 us 121663.0 el 145788.0 wall 8.4 err []
106 Yizhou 113855986 m -12905.0 us 124044.0 el 136949.0 wall 8.5 err []
107 Yizhou 113856065 m -17193.0 us 100383.0 el 117576.0 wall 8.3 err []
108 Yizhou 113888267 m -23090.0 us 80519.0 el 103609.0 wall 7.8 err []
109 Yizhou 113889526 m -28179.0 us 114898.0 el 143077.0 wall 6.9 err []
110 Yizhou 113902053 m -20846.0 us 108448.0 el 129294.0 wall 7.1 err []
111 Yizhou 113905606 m -13788.0 us 122719.0 el 136507.0 wall 6.6 err []
Kaggledew Valley 🏆       20 W  2 m   -10686 us  112798 el  123484
THIRD FARM CLUB          20 W  6 m    -6939 us  115235 el  122174
TheEggman                15 W  1 m   -13410 us  100362 el  113772
Yizhou                   16 W  0 m   -18090 us  101407 el  119498
mtmr_s1                  20 W  1 m   -12472 us  111424 el  123896
吃白饭的大肥鱼                  20 W  8 m   +13940 us  121644 el  107703
ALLDONE c7t_goldg 111 W 18 m -7331 wall 240
