1 吃白饭的大肥鱼 113065970 m -24302.0 us 141509.0 el 165811.0 wall 7.7 err []
2 吃白饭的大肥鱼 113079212 m -47930.0 us 93555.0 el 141485.0 wall 7.2 err []
3 吃白饭的大肥鱼 113091953 m -4638.0 us 96475.0 el 101113.0 wall 9.3 err []
4 吃白饭的大肥鱼 113093088 m 14699.0 us 89191.0 el 74492.0 wall 9.3 err []
5 吃白饭的大肥鱼 113103588 m -21150.0 us 131522.0 el 152672.0 wall 7.4 err []
6 吃白饭的大肥鱼 113125645 m 73185.0 us 115376.0 el 42191.0 wall 7.2 err []
7 吃白饭的大肥鱼 113138587 m -25966.0 us 98439.0 el 124405.0 wall 6.7 err []
8 吃白饭的大肥鱼 113175616 m -30296.0 us 110780.0 el 141076.0 wall 7.0 err []
9 吃白饭的大肥鱼 113184088 m 72673.0 us 118494.0 el 45821.0 wall 6.3 err []
10 吃白饭的大肥鱼 113188236 m -15288.0 us 90626.0 el 105914.0 wall 6.9 err []
11 吃白饭的大肥鱼 113190850 m 61403.0 us 169704.0 el 108301.0 wall 7.7 err []
12 吃白饭的大肥鱼 113202318 m 54017.0 us 119203.0 el 65186.0 wall 6.9 err []
13 吃白饭的大肥鱼 113222145 m -4982.0 us 88168.0 el 93150.0 wall 8.8 err []
14 吃白饭的大肥鱼 113242018 m -18273.0 us 83751.0 el 102024.0 wall 7.4 err []
15 吃白饭的大肥鱼 113251560 m -27200.0 us 105969.0 el 133169.0 wall 9.6 err []
16 吃白饭的大肥鱼 113270086 m -22497.0 us 80738.0 el 103235.0 wall 7.4 err []
17 吃白饭的大肥鱼 113316958 m 91440.0 us 152694.0 el 61254.0 wall 7.0 err []
18 吃白饭的大肥鱼 113352054 m -4972.0 us 105383.0 el 110355.0 wall 8.2 err []
19 吃白饭的大肥鱼 113513519 m -39453.0 us 109244.0 el 148697.0 wall 6.5 err []
20 吃白饭的大肥鱼 113658239 m 51971.0 us 165712.0 el 113741.0 wall 7.3 err []
21 THIRD FARM CLUB 113079221 m -4569.0 us 117473.0 el 122042.0 wall 7.3 err []
22 THIRD FARM CLUB 113097920 m -34196.0 us 70430.0 el 104626.0 wall 7.0 err []
23 THIRD FARM CLUB 113168578 m -23070.0 us 97332.0 el 120402.0 wall 7.1 err []
24 THIRD FARM CLUB 113193141 m -12642.0 us 138434.0 el 151076.0 wall 8.7 err []
25 THIRD FARM CLUB 113203809 m -10922.0 us 71332.0 el 82254.0 wall 8.2 err []
26 THIRD FARM CLUB 113215092 m 6063.0 us 137745.0 el 131682.0 wall 7.3 err []
27 THIRD FARM CLUB 113216231 m -38129.0 us 89105.0 el 127234.0 wall 6.7 err []
28 THIRD FARM CLUB 113229034 m -652.0 us 110519.0 el 111171.0 wall 8.3 err []
29 THIRD FARM CLUB 113236533 m -15437.0 us 95444.0 el 110881.0 wall 7.5 err []
30 THIRD FARM CLUB 113252618 m -20475.0 us 122791.0 el 143266.0 wall 8.1 err []
31 THIRD FARM CLUB 113262156 m -21280.0 us 143723.0 el 165003.0 wall 7.5 err []
32 THIRD FARM CLUB 113276020 m -14882.0 us 89461.0 el 104343.0 wall 8.2 err []
33 THIRD FARM CLUB 113413677 m -20007.0 us 108424.0 el 128431.0 wall 8.5 err []
34 THIRD FARM CLUB 113503361 m -1166.0 us 137563.0 el 138729.0 wall 7.1 err []
35 THIRD FARM CLUB 113586122 m 1944.0 us 119974.0 el 118030.0 wall 8.5 err []
36 THIRD FARM CLUB 113593090 m -23540.0 us 105856.0 el 129396.0 wall 7.1 err []
37 THIRD FARM CLUB 113598248 m 1230.0 us 99895.0 el 98665.0 wall 8.7 err []
38 THIRD FARM CLUB 113621652 m -29269.0 us 114857.0 el 144126.0 wall 6.5 err []
39 THIRD FARM CLUB 113684025 m -1349.0 us 105092.0 el 106441.0 wall 8.3 err []
40 THIRD FARM CLUB 113748445 m -5889.0 us 113631.0 el 119520.0 wall 6.8 err []
41 mtmr_s1 113065954 m -37217.0 us 107528.0 el 144745.0 wall 7.1 err []
42 mtmr_s1 113073288 m -9383.0 us 120404.0 el 129787.0 wall 8.6 err []
43 mtmr_s1 113080405 m -27402.0 us 111527.0 el 138929.0 wall 8.5 err []
44 mtmr_s1 113093036 m -25961.0 us 87578.0 el 113539.0 wall 9.3 err []
45 mtmr_s1 113103617 m -20583.0 us 83887.0 el 104470.0 wall 7.2 err []
46 mtmr_s1 113112818 m -17273.0 us 127437.0 el 144710.0 wall 8.4 err []
47 mtmr_s1 113125640 m -20913.0 us 93326.0 el 114239.0 wall 7.1 err []
48 mtmr_s1 113132789 m -16870.0 us 103126.0 el 119996.0 wall 7.6 err []
49 mtmr_s1 113153647 m -35084.0 us 126910.0 el 161994.0 wall 7.1 err []
50 mtmr_s1 113175616 m -18068.0 us 119383.0 el 137451.0 wall 7.9 err []
51 mtmr_s1 113230536 m -13264.0 us 102873.0 el 116137.0 wall 8.0 err []
52 mtmr_s1 113243276 m -19806.0 us 81159.0 el 100965.0 wall 8.4 err []
53 mtmr_s1 113246496 m -28870.0 us 114185.0 el 143055.0 wall 9.6 err []
54 mtmr_s1 113292327 m -21337.0 us 73000.0 el 94337.0 wall 7.9 err []
55 mtmr_s1 113316908 m -875.0 us 87914.0 el 88789.0 wall 8.0 err []
56 mtmr_s1 113342748 m -17960.0 us 95518.0 el 113478.0 wall 8.9 err []
57 mtmr_s1 113352049 m -13405.0 us 130158.0 el 143563.0 wall 7.5 err []
58 mtmr_s1 113422367 m -9922.0 us 87013.0 el 96935.0 wall 8.5 err []
59 mtmr_s1 113498333 m -16179.0 us 89571.0 el 105750.0 wall 7.4 err []
60 mtmr_s1 113564886 m -26089.0 us 114589.0 el 140678.0 wall 8.8 err []
61 Kaggledew Valley 🏆 113073284 m -29141.0 us 87238.0 el 116379.0 wall 7.0 err []
62 Kaggledew Valley 🏆 113074365 m -4900.0 us 106638.0 el 111538.0 wall 6.7 err []
63 Kaggledew Valley 🏆 113087145 m 8388.0 us 109290.0 el 100902.0 wall 7.1 err []
64 Kaggledew Valley 🏆 113104360 m -584.0 us 91812.0 el 92396.0 wall 6.5 err []
65 Kaggledew Valley 🏆 113135074 m -13137.0 us 94760.0 el 107897.0 wall 5.8 err []
66 Kaggledew Valley 🏆 113139777 m -17374.0 us 91678.0 el 109052.0 wall 5.7 err []
67 Kaggledew Valley 🏆 113146625 m 2539.0 us 121963.0 el 119424.0 wall 7.4 err []
68 Kaggledew Valley 🏆 113160477 m -32665.0 us 100242.0 el 132907.0 wall 6.3 err []
69 Kaggledew Valley 🏆 113180524 m -18903.0 us 92477.0 el 111380.0 wall 7.5 err []
70 Kaggledew Valley 🏆 113197807 m -19375.0 us 76137.0 el 95512.0 wall 6.9 err []
71 Kaggledew Valley 🏆 113217709 m 6670.0 us 88660.0 el 81990.0 wall 7.8 err []
72 Kaggledew Valley 🏆 113228378 m -24373.0 us 115620.0 el 139993.0 wall 6.4 err []
73 Kaggledew Valley 🏆 113252616 m -36975.0 us 124380.0 el 161355.0 wall 6.1 err []
74 Kaggledew Valley 🏆 113276016 m -14560.0 us 140449.0 el 155009.0 wall 6.0 err []
75 Kaggledew Valley 🏆 113352081 m -14215.0 us 111335.0 el 125550.0 wall 6.0 err []
76 Kaggledew Valley 🏆 113390589 m -27561.0 us 124284.0 el 151845.0 wall 5.8 err []
77 Kaggledew Valley 🏆 113428049 m -38476.0 us 140537.0 el 179013.0 wall 5.7 err []
78 Kaggledew Valley 🏆 113428053 m -23538.0 us 104454.0 el 127992.0 wall 5.2 err []
79 Kaggledew Valley 🏆 113430817 m -26831.0 us 68176.0 el 95007.0 wall 6.3 err []
80 Kaggledew Valley 🏆 113439537 m -22209.0 us 114581.0 el 136790.0 wall 7.3 err []
81 TheEggman 113118870 m -19931.0 us 98173.0 el 118104.0 wall 6.4 err []
82 TheEggman 113142011 m -6153.0 us 101154.0 el 107307.0 wall 7.6 err []
83 TheEggman 113216186 m -20712.0 us 79834.0 el 100546.0 wall 5.6 err []
84 TheEggman 113333423 m -14908.0 us 100499.0 el 115407.0 wall 6.7 err []
85 TheEggman 113380121 m -25687.0 us 85892.0 el 111579.0 wall 6.4 err []
86 TheEggman 113389473 m -8841.0 us 78195.0 el 87036.0 wall 9.0 err []
87 TheEggman 113390437 m -9593.0 us 85980.0 el 95573.0 wall 8.7 err []
88 TheEggman 113395632 m -11252.0 us 109555.0 el 120807.0 wall 7.3 err []
89 TheEggman 113492530 m -8601.0 us 96106.0 el 104707.0 wall 8.5 err []
90 TheEggman 113537111 m -25946.0 us 66258.0 el 92204.0 wall 7.3 err []
91 TheEggman 113548978 m -20454.0 us 104889.0 el 125343.0 wall 8.6 err []
92 TheEggman 113573160 m -16098.0 us 77457.0 el 93555.0 wall 9.0 err []
93 TheEggman 113579388 m -23722.0 us 94646.0 el 118368.0 wall 7.2 err []
94 TheEggman 113709674 m -25974.0 us 104899.0 el 130873.0 wall 7.3 err []
95 TheEggman 113899592 m -31657.0 us 147292.0 el 178949.0 wall 8.8 err []
96 Yizhou 113709444 m -12629.0 us 74443.0 el 87072.0 wall 9.1 err []
97 Yizhou 113740423 m -18943.0 us 89471.0 el 108414.0 wall 7.7 err []
98 Yizhou 113773025 m -25145.0 us 97288.0 el 122433.0 wall 7.7 err []
99 Yizhou 113781287 m -23670.0 us 106877.0 el 130547.0 wall 7.7 err []
100 Yizhou 113787172 m -13049.0 us 108533.0 el 121582.0 wall 9.0 err []
101 Yizhou 113788337 m -12755.0 us 82824.0 el 95579.0 wall 8.8 err []
102 Yizhou 113790698 m -20375.0 us 85955.0 el 106330.0 wall 8.0 err []
103 Yizhou 113803750 m -27891.0 us 75767.0 el 103658.0 wall 7.5 err []
104 Yizhou 113820729 m -26521.0 us 79769.0 el 106290.0 wall 9.4 err []
105 Yizhou 113830726 m -23363.0 us 116275.0 el 139638.0 wall 9.3 err []
106 Yizhou 113855986 m -16852.0 us 117331.0 el 134183.0 wall 8.5 err []
107 Yizhou 113856065 m -17478.0 us 97252.0 el 114730.0 wall 8.3 err []
108 Yizhou 113888267 m -19504.0 us 84593.0 el 104097.0 wall 9.8 err []
109 Yizhou 113889526 m -29533.0 us 112341.0 el 141874.0 wall 8.7 err []
110 Yizhou 113902053 m -25730.0 us 104211.0 el 129941.0 wall 8.8 err []
111 Yizhou 113905606 m -18428.0 us 115752.0 el 134180.0 wall 7.7 err []
Kaggledew Valley 🏆       20 W  3 m   -17361 us  105236 el  122597
THIRD FARM CLUB          20 W  3 m   -13412 us  109454 el  122866
TheEggman                15 W  0 m   -17969 us   95389 el  113357
Yizhou                   16 W  0 m   -20742 us   96793 el  117534
mtmr_s1                  20 W  0 m   -19823 us  102854 el  122677
吃白饭的大肥鱼                  20 W  7 m    +6622 us  113327 el  106705
ALLDONE c7u12_goldg 111 W 13 m -13341 wall 218
