S1 panel: [('lad', 115336805, 0), ('lad', 115338309, 1), ('lad', 115335380, 1), ('lad', 115333932, 1), ('lad', 115332494, 0), ('lad', 115345249, 1), ('lad', 115383896, 1), ('lad', 115470840, 0), ('lad', 115509682, 0), ('lad', 115361263, 0)]
s1: 151 genomes x 10 games = 1510 tasks to run
  0/1510
  100/1510
  200/1510
  300/1510
  400/1510
  500/1510
  600/1510
  700/1510
  800/1510
  900/1510
  1000/1510
  1100/1510
  1200/1510
  1300/1510
  1400/1510
  1500/1510
s1 ranking (wins, clipped margin sum, n, genome); baseline NMp44 = genome 0: (1, -61449.0, 10, 0)
  genome   8: wins  3  clipped   -38860  n 10
  genome   1: wins  3  clipped   -43817  n 10
  genome  71: wins  3  clipped  -109926  n 10
  genome  19: wins  2  clipped   -51880  n 10
  genome  61: wins  2  clipped  -111443  n 10
  genome  29: wins  2  clipped  -136456  n 10
  genome   0: wins  1  clipped   -61449  n 10
  genome  17: wins  1  clipped   -67455  n 10
  genome   9: wins  1  clipped   -80950  n 10
  genome  70: wins  1  clipped   -95822  n 10
  genome   7: wins  1  clipped  -105197  n 10
  genome  67: wins  1  clipped  -106013  n 10
  genome 128: wins  1  clipped  -109759  n 10
  genome  20: wins  1  clipped  -110922  n 10
  genome  14: wins  1  clipped  -116619  n 10
