1 113065970 吃白饭的大肥鱼 -12182.0 27.8
2 113079212 吃白饭的大肥鱼 7105.0 26.7
3 113091953 吃白饭的大肥鱼 -7718.0 21.2
4 113093088 吃白饭的大肥鱼 4428.0 29.5
5 113103588 吃白饭的大肥鱼 -17449.0 13.7
6 113125645 吃白饭的大肥鱼 1379.0 12.0
7 113138587 吃白饭的大肥鱼 -12235.0 14.9
8 113175616 吃白饭的大肥鱼 -25384.0 25.7
9 113184088 吃白饭的大肥鱼 -416.0 12.2
10 113188236 吃白饭的大肥鱼 2019.0 20.4
11 113190850 吃白饭的大肥鱼 -3501.0 19.6
12 113202318 吃白饭的大肥鱼 -17089.0 15.5
13 113222145 吃白饭的大肥鱼 -15582.0 31.1
14 113242018 吃白饭的大肥鱼 -7030.0 19.9
15 113251560 吃白饭的大肥鱼 -4120.0 20.9
16 113270086 吃白饭的大肥鱼 -1396.0 26.8
17 113316958 吃白饭的大肥鱼 4383.0 22.6
18 113352054 吃白饭的大肥鱼 -9151.0 22.1
19 113513519 吃白饭的大肥鱼 4578.0 19.1
20 113658239 吃白饭的大肥鱼 9830.0 32.2
21 113079221 THIRD FARM CLUB -1977.0 13.7
22 113097920 THIRD FARM CLUB 1731.0 47.8
23 113168578 THIRD FARM CLUB 458.0 38.5
24 113193141 THIRD FARM CLUB -8268.0 43.0
25 113203809 THIRD FARM CLUB -6870.0 29.0
26 113215092 THIRD FARM CLUB 17496.0 15.9
27 113216231 THIRD FARM CLUB -10566.0 37.6
28 113229034 THIRD FARM CLUB 3942.0 53.6
29 113236533 THIRD FARM CLUB -7011.0 27.1
30 113252618 THIRD FARM CLUB -9596.0 26.4
31 113262156 THIRD FARM CLUB -3941.0 29.3
32 113276020 THIRD FARM CLUB 2385.0 36.7
33 113413677 THIRD FARM CLUB -17576.0 21.8
34 113503361 THIRD FARM CLUB 16051.0 26.7
35 113586122 THIRD FARM CLUB 10071.0 16.2
36 113593090 THIRD FARM CLUB -5086.0 21.1
37 113598248 THIRD FARM CLUB -2030.0 19.4
38 113621652 THIRD FARM CLUB -6105.0 25.1
39 113684025 THIRD FARM CLUB -7568.0 18.9
40 113748445 THIRD FARM CLUB -3518.0 16.1
41 113065954 mtmr_s1 -13625.0 18.8
42 113073288 mtmr_s1 -16067.0 19.1
43 113080405 mtmr_s1 90.0 27.1
44 113093036 mtmr_s1 -9532.0 33.2
45 113103617 mtmr_s1 -8393.0 23.2
46 113112818 mtmr_s1 17610.0 38.7
47 113125640 mtmr_s1 8710.0 17.7
48 113132789 mtmr_s1 -5366.0 20.7
49 113153647 mtmr_s1 -6272.0 18.8
50 113175616 mtmr_s1 -11502.0 14.8
51 113230536 mtmr_s1 1812.0 22.8
52 113243276 mtmr_s1 -1808.0 13.1
53 113246496 mtmr_s1 -11549.0 18.3
54 113292327 mtmr_s1 -6881.0 17.3
55 113316908 mtmr_s1 15361.0 15.8
56 113342748 mtmr_s1 625.0 16.4
57 113352049 mtmr_s1 12667.0 14.3
58 113422367 mtmr_s1 -7444.0 14.5
59 113498333 mtmr_s1 -7165.0 15.7
60 113564886 mtmr_s1 -13643.0 16.8
61 113073284 Kaggledew Valley 🏆 -5947.0 18.7
62 113074365 Kaggledew Valley 🏆 3909.0 14.9
63 113087145 Kaggledew Valley 🏆 5504.0 19.3
64 113104360 Kaggledew Valley 🏆 3498.0 19.2
65 113135074 Kaggledew Valley 🏆 -1635.0 18.6
66 113139777 Kaggledew Valley 🏆 -5389.0 19.3
67 113146625 Kaggledew Valley 🏆 5464.0 16.3
68 113160477 Kaggledew Valley 🏆 -7479.0 13.7
69 113180524 Kaggledew Valley 🏆 -6067.0 16.2
70 113197807 Kaggledew Valley 🏆 -3913.0 16.6
71 113217709 Kaggledew Valley 🏆 -4414.0 11.8
72 113228378 Kaggledew Valley 🏆 -9079.0 15.0
73 113252616 Kaggledew Valley 🏆 -8858.0 17.7
74 113276016 Kaggledew Valley 🏆 7909.0 11.9
75 113352081 Kaggledew Valley 🏆 -4659.0 13.8
76 113390589 Kaggledew Valley 🏆 -6448.0 14.2
77 113428049 Kaggledew Valley 🏆 -21210.0 19.7
78 113428053 Kaggledew Valley 🏆 -2135.0 15.1
79 113430817 Kaggledew Valley 🏆 -10564.0 17.2
80 113439537 Kaggledew Valley 🏆 -4129.0 14.2
81 113118870 TheEggman 23120.0 13.3
82 113142011 TheEggman 642.0 14.7
83 113216186 TheEggman -2065.0 27.1
84 113333423 TheEggman 1582.0 21.7
85 113380121 TheEggman 12627.0 20.6
86 113389473 TheEggman 1799.0 33.0
87 113390437 TheEggman 3773.0 23.6
88 113395632 TheEggman 10717.0 19.6
89 113492530 TheEggman 2250.0 21.2
90 113537111 TheEggman -5834.0 17.3
91 113548978 TheEggman 19084.0 12.6
92 113573160 TheEggman -20423.0 18.9
93 113579388 TheEggman 24608.0 18.5
94 113709674 TheEggman -11420.0 26.2
95 113899592 TheEggman -7820.0 20.3
96 113709444 Yizhou -878.0 17.8
97 113740423 Yizhou -5604.0 17.7
98 113773025 Yizhou -3057.0 24.8
99 113781287 Yizhou 22731.0 27.6
100 113787172 Yizhou 1855.0 15.9
101 113788337 Yizhou 19955.0 23.1
102 113790698 Yizhou -8587.0 26.6
103 113803750 Yizhou -7548.0 17.0
104 113820729 Yizhou -7000.0 24.6
105 113830726 Yizhou -13955.0 16.0
106 113855986 Yizhou -5802.0 22.3
107 113856065 Yizhou -7902.0 24.1
108 113888267 Yizhou -7839.0 21.9
109 113889526 Yizhou 7015.0 21.9
110 113902053 Yizhou -15877.0 17.3
111 113905606 Yizhou 3338.0 27.3
done 111 1207 s
