1 113067521 DSM 16812.0 15.2
2 113097911 DSM -16568.0 25.7
3 113125644 DSM -14729.0 17.1
4 113224254 DSM -3783.0 20.6
5 113236034 DSM 37674.0 14.1
6 113247647 DSM -6823.0 16.9
7 113273596 DSM -12227.0 20.0
8 113333418 DSM -14691.0 25.5
9 113395629 DSM -22332.0 21.0
10 113445183 DSM -18330.0 18.0
11 113461103 DSM -1289.0 21.7
12 113469214 DSM -20707.0 13.0
13 113065954 Boey -2261.0 21.5
14 113087145 Boey -20782.0 23.1
15 113112822 Boey -29759.0 20.4
16 113132794 Boey -15717.0 16.2
17 113153433 Boey -15817.0 18.6
18 113179000 Boey -16322.0 17.3
19 113207353 Boey -14055.0 20.1
20 113236034 Boey -19014.0 15.6
21 113254907 Boey 1017.0 24.3
22 113292331 Boey -13765.0 16.0
23 113325067 Boey -15176.0 12.4
24 113352052 Boey -21520.0 14.7
25 113461103 Boey 3175.0 14.8
26 113067522 Vadim Vasilenko 4375.0 19.1
27 113096241 Vadim Vasilenko -11040.0 17.1
28 113109182 Vadim Vasilenko -9299.0 20.2
29 113132795 Vadim Vasilenko 836.0 18.3
30 113159429 Vadim Vasilenko -12871.0 16.6
31 113180209 Vadim Vasilenko 39687.0 16.3
32 113207284 Vadim Vasilenko 4466.0 14.3
33 113233703 Vadim Vasilenko -9325.0 13.8
34 113259814 Vadim Vasilenko 16387.0 11.8
35 113300601 Vadim Vasilenko -15235.0 13.3
36 113361268 Vadim Vasilenko -10911.0 13.1
37 113439858 Vadim Vasilenko 5240.0 11.5
38 113624027 Vadim Vasilenko 22414.0 12.5
39 113067524 M & M & P & Q 3372.0 12.3
40 113109182 M & M & P & Q -1731.0 14.2
41 113153431 M & M & P & Q -15123.0 12.1
42 113195165 M & M & P & Q -5450.0 13.7
43 113229596 M & M & P & Q -14707.0 13.9
44 113284191 M & M & P & Q -1804.0 13.3
45 113308626 M & M & P & Q -7394.0 13.4
46 113342744 M & M & P & Q 7109.0 10.3
47 113409195 M & M & P & Q -10713.0 10.8
48 113422375 M & M & P & Q -13229.0 10.6
49 113445185 M & M & P & Q -14903.0 10.7
50 113465093 M & M & P & Q -23504.0 13.7
51 113067522 Majkel1337 -11195.0 12.4
52 113092068 Majkel1337 -9095.0 10.2
53 113097421 Majkel1337 -10720.0 12.3
54 113183530 Majkel1337 -630.0 9.7
55 113189343 Majkel1337 281.0 9.1
56 113196323 Majkel1337 -11229.0 9.1
57 113202318 Majkel1337 -15071.0 8.8
58 113214242 Majkel1337 11374.0 8.6
59 113236533 Majkel1337 -15175.0 8.7
60 113262156 Majkel1337 -5012.0 10.5
61 113284198 Majkel1337 -12835.0 10.5
62 113316943 Majkel1337 -17696.0 8.5
63 113067521 DECEM -11816.0 9.7
64 113083668 DECEM 5784.0 10.9
65 113097923 DECEM 7819.0 8.8
66 113118870 DECEM -3269.0 10.0
67 113145342 DECEM 31241.0 10.9
68 113168728 DECEM -5715.0 9.6
69 113221279 DECEM -11518.0 9.7
70 113246820 DECEM -4240.0 9.2
71 113273596 DECEM -12828.0 8.8
72 113300589 DECEM -9464.0 8.0
73 113325072 DECEM -15996.0 9.1
74 113370862 DECEM -19162.0 7.6
75 113445183 DECEM -6211.0 7.6
76 113066303 Unknown Mother-Goose -12157.0 7.8
77 113083668 Unknown Mother-Goose -19374.0 8.3
78 113104649 Unknown Mother-Goose -15254.0 6.5
79 113118872 Unknown Mother-Goose 2454.0 6.7
80 113146627 Unknown Mother-Goose 13581.0 6.7
81 113181583 Unknown Mother-Goose 4244.0 5.2
82 113215092 Unknown Mother-Goose 2804.0 6.1
83 113237239 Unknown Mother-Goose 996.0 6.4
84 113252618 Unknown Mother-Goose -30318.0 7.8
85 113288902 Unknown Mother-Goose -6574.0 7.7
86 113316942 Unknown Mother-Goose -8736.0 7.0
87 113325069 Unknown Mother-Goose 1350.0 7.7
88 113095439 Fourth Quadrant -14010.0 7.5
89 113124487 Fourth Quadrant -24104.0 8.6
90 113153445 Fourth Quadrant -11156.0 7.0
91 113180379 Fourth Quadrant -11991.0 6.9
92 113214242 Fourth Quadrant -4134.0 6.7
93 113237685 Fourth Quadrant -9326.0 7.3
94 113257456 Fourth Quadrant -10608.0 6.9
95 113276019 Fourth Quadrant -11723.0 7.5
96 113316908 Fourth Quadrant -6815.0 7.6
97 113329732 Fourth Quadrant -8274.0 7.3
98 113352049 Fourth Quadrant -10595.0 6.9
99 113507960 Fourth Quadrant -20572.0 7.7
100 113532009 Azat Akhtyamov 121.0 8.0
101 113537115 Azat Akhtyamov -8951.0 7.2
102 113543206 Azat Akhtyamov -4298.0 7.6
103 113543803 Azat Akhtyamov -17920.0 7.3
104 113547380 Azat Akhtyamov -5358.0 8.1
105 113549871 Azat Akhtyamov -5817.0 7.3
106 113563715 Azat Akhtyamov -5610.0 7.7
107 113577176 Azat Akhtyamov -2491.0 7.2
108 113609850 Azat Akhtyamov -3992.0 7.2
109 113623209 Azat Akhtyamov 2934.0 8.2
110 113624027 Azat Akhtyamov 2664.0 7.0
111 113629111 Azat Akhtyamov -14307.0 6.7
done 111 691 s
