1 113065970 吃白饭的大肥鱼 -4978.0 26.4
2 113079212 吃白饭的大肥鱼 9840.0 21.8
3 113091953 吃白饭的大肥鱼 -6791.0 16.3
4 113093088 吃白饭的大肥鱼 4238.0 16.7
5 113103588 吃白饭的大肥鱼 -13618.0 14.8
6 113125645 吃白饭的大肥鱼 3777.0 19.4
7 113138587 吃白饭的大肥鱼 -7152.0 14.7
8 113175616 吃白饭的大肥鱼 -24578.0 17.6
9 113184088 吃白饭的大肥鱼 3636.0 22.3
10 113188236 吃白饭的大肥鱼 4648.0 33.1
11 113190850 吃白饭的大肥鱼 -1189.0 22.5
12 113202318 吃白饭的大肥鱼 -14519.0 18.6
13 113222145 吃白饭的大肥鱼 -14259.0 18.3
14 113242018 吃白饭的大肥鱼 -4346.0 18.8
15 113251560 吃白饭的大肥鱼 136.0 27.0
16 113270086 吃白饭的大肥鱼 -222.0 22.5
17 113316958 吃白饭的大肥鱼 4139.0 21.6
18 113352054 吃白饭的大肥鱼 -8088.0 19.1
19 113513519 吃白饭的大肥鱼 10044.0 22.8
20 113658239 吃白饭的大肥鱼 6611.0 23.5
21 113079221 THIRD FARM CLUB 1980.0 17.5
22 113097920 THIRD FARM CLUB 5332.0 17.0
23 113168578 THIRD FARM CLUB 282.0 14.6
24 113193141 THIRD FARM CLUB -4237.0 16.4
25 113203809 THIRD FARM CLUB -3770.0 19.3
26 113215092 THIRD FARM CLUB 21658.0 19.2
27 113216231 THIRD FARM CLUB -5383.0 19.2
28 113229034 THIRD FARM CLUB 7542.0 17.7
29 113236533 THIRD FARM CLUB -2920.0 18.9
30 113252618 THIRD FARM CLUB -4006.0 21.8
31 113262156 THIRD FARM CLUB 6247.0 23.8
32 113276020 THIRD FARM CLUB 3047.0 25.1
33 113413677 THIRD FARM CLUB -16385.0 19.6
34 113503361 THIRD FARM CLUB 18651.0 23.6
35 113586122 THIRD FARM CLUB 17721.0 19.0
36 113593090 THIRD FARM CLUB -1591.0 21.6
37 113598248 THIRD FARM CLUB -638.0 21.7
38 113621652 THIRD FARM CLUB -4345.0 26.8
39 113684025 THIRD FARM CLUB -3633.0 37.0
40 113748445 THIRD FARM CLUB 2835.0 35.2
done 40 462 s
